07:33:08.131 [TestNG-PoolService-2] INFO  Hooks - ### SCENARIO START: Full booking lifecycle - create, read, update, delete using "booking-no-additional-needs.json"
07:33:08.132 [TestNG-PoolService-2] INFO  Hooks - Obtaining auth token for an @auth scenario
07:33:08.139 [TestNG-PoolService-2] INFO  RestClient - --> POST /auth
07:33:08.411 [TestNG-PoolService-2] INFO  RestClient - <-- POST /auth responded 200 in 272 ms
07:33:08.419 [TestNG-PoolService-2] INFO  JsonDataReader - Loaded test data 'booking-no-additional-needs.json' with dynamic values resolved
07:33:08.436 [TestNG-PoolService-2] DEBUG BookingSteps - Payload from test data file booking-no-additional-needs.json: Booking(firstname=Marcos, lastname=Harris, totalprice=136, depositpaid=false, bookingdates=BookingDates(checkin=2026-09-21, checkout=2026-09-23), additionalneeds=null)
07:33:08.438 [TestNG-PoolService-2] INFO  RestClient - --> POST /booking
07:33:08.705 [TestNG-PoolService-2] INFO  RestClient - <-- POST /booking responded 200 in 267 ms
07:33:08.711 [TestNG-PoolService-2] INFO  ApiAssertions - Asserting status code is 200
07:33:08.711 [TestNG-PoolService-2] INFO  ApiAssertions - Asserting content type is JSON
07:33:08.712 [TestNG-PoolService-2] INFO  ApiAssertions - Asserting body is not empty
07:33:08.728 [TestNG-PoolService-2] INFO  ApiAssertions - Asserting field 'bookingid' is present
07:33:08.729 [TestNG-PoolService-2] INFO  ApiAssertions - Asserting response time 233ms is below 30000ms
07:33:08.735 [TestNG-PoolService-2] INFO  BookingSteps - Created booking id 1160
07:33:08.739 [TestNG-PoolService-2] INFO  RestClient - --> GET /booking/{id}
07:33:09.079 [TestNG-PoolService-2] INFO  RestClient - <-- GET /booking/{id} responded 200 in 340 ms
07:33:09.080 [TestNG-PoolService-2] INFO  ApiAssertions - Asserting status code is 200
07:33:09.080 [TestNG-PoolService-2] INFO  ApiAssertions - Asserting content type is JSON
07:33:09.080 [TestNG-PoolService-2] INFO  ApiAssertions - Asserting body is not empty
07:33:09.093 [TestNG-PoolService-2] INFO  JsonDataReader - Loaded test data 'booking-long-stay.json' with dynamic values resolved
07:33:09.094 [TestNG-PoolService-2] DEBUG BookingSteps - Payload from test data file booking-long-stay.json: Booking(firstname=Monroe, lastname=Gerlach, totalprice=5387, depositpaid=true, bookingdates=BookingDates(checkin=2026-11-19, checkout=2027-01-18), additionalneeds=Airport transfer)
07:33:09.095 [TestNG-PoolService-2] INFO  RestClient - --> PUT /booking/{id}
07:33:09.372 [TestNG-PoolService-2] INFO  RestClient - <-- PUT /booking/{id} responded 200 in 277 ms
07:33:09.375 [TestNG-PoolService-2] INFO  BookingSteps - Updated booking 1160 from booking-long-stay.json
07:33:09.376 [TestNG-PoolService-2] INFO  ApiAssertions - Asserting status code is 200
07:33:09.376 [TestNG-PoolService-2] INFO  ApiAssertions - Asserting response time 258ms is below 30000ms
07:33:09.380 [TestNG-PoolService-2] INFO  RestClient - --> GET /booking/{id}
07:33:09.656 [TestNG-PoolService-2] INFO  RestClient - <-- GET /booking/{id} responded 200 in 276 ms
07:33:09.656 [TestNG-PoolService-2] INFO  ApiAssertions - Asserting status code is 200
07:33:09.657 [TestNG-PoolService-2] INFO  ApiAssertions - Asserting content type is JSON
07:33:09.657 [TestNG-PoolService-2] INFO  ApiAssertions - Asserting body is not empty
07:33:09.660 [TestNG-PoolService-2] INFO  RestClient - --> DELETE /booking/{id}
07:33:09.927 [TestNG-PoolService-2] INFO  RestClient - <-- DELETE /booking/{id} responded 201 in 266 ms
07:33:09.928 [TestNG-PoolService-2] INFO  ApiAssertions - Asserting status code is 201
07:33:09.928 [TestNG-PoolService-2] INFO  ApiAssertions - Asserting response time 257ms is below 30000ms
07:33:09.929 [TestNG-PoolService-2] INFO  RestClient - --> GET /booking/{id}
07:33:10.188 [TestNG-PoolService-2] INFO  RestClient - <-- GET /booking/{id} responded 404 in 259 ms
07:33:10.188 [TestNG-PoolService-2] INFO  ApiAssertions - Asserting status code is 404
07:33:10.189 [TestNG-PoolService-2] INFO  BookingSteps - Confirmed booking 1160 is gone
07:33:10.190 [TestNG-PoolService-2] INFO  Hooks - ### SCENARIO END: Full booking lifecycle - create, read, update, delete using "booking-no-additional-needs.json" -> PASSED
