03:00:56.261 [TestNG-PoolService-3] INFO  Hooks - ### SCENARIO START: Partially update booking name to "Jean-Luc O'Connor"
03:00:56.265 [TestNG-PoolService-3] INFO  Hooks - Obtaining auth token for an @auth scenario
03:00:56.267 [TestNG-PoolService-3] INFO  RestClient - --> POST /auth
03:00:56.623 [TestNG-PoolService-3] INFO  RestClient - <-- POST /auth responded 200 in 356 ms
03:00:56.625 [TestNG-PoolService-3] DEBUG BookingSteps - Payload from generated data: Booking(firstname=Brook, lastname=Kassulke, totalprice=1300, depositpaid=false, bookingdates=BookingDates(checkin=2026-09-08, checkout=2026-09-12), additionalneeds=Pappardelle alla Bolognese)
03:00:56.626 [TestNG-PoolService-3] INFO  RestClient - --> POST /booking
03:00:56.987 [TestNG-PoolService-3] INFO  RestClient - <-- POST /booking responded 200 in 360 ms
03:00:56.988 [TestNG-PoolService-3] INFO  ApiAssertions - Asserting status code is 200
03:00:56.988 [TestNG-PoolService-3] INFO  ApiAssertions - Asserting content type is JSON
03:00:56.988 [TestNG-PoolService-3] INFO  ApiAssertions - Asserting body is not empty
03:00:56.999 [TestNG-PoolService-3] INFO  ApiAssertions - Asserting field 'bookingid' is present
03:00:56.999 [TestNG-PoolService-3] INFO  ApiAssertions - Asserting response time 350ms is below 30000ms
03:00:57.002 [TestNG-PoolService-3] INFO  BookingSteps - Created booking id 8041
03:00:57.004 [TestNG-PoolService-3] INFO  RestClient - --> PATCH /booking/{id}
03:00:57.383 [TestNG-PoolService-3] INFO  RestClient - <-- PATCH /booking/{id} responded 200 in 379 ms
03:00:57.384 [TestNG-PoolService-3] INFO  ApiAssertions - Asserting status code is 200
03:00:57.384 [TestNG-PoolService-3] INFO  ApiAssertions - Asserting response time 367ms is below 30000ms
03:00:57.386 [TestNG-PoolService-3] INFO  RestClient - --> GET /booking/{id}
03:00:57.760 [TestNG-PoolService-3] INFO  RestClient - <-- GET /booking/{id} responded 200 in 374 ms
03:00:57.761 [TestNG-PoolService-3] INFO  ApiAssertions - Asserting status code is 200
03:00:57.761 [TestNG-PoolService-3] INFO  ApiAssertions - Asserting content type is JSON
03:00:57.761 [TestNG-PoolService-3] INFO  ApiAssertions - Asserting body is not empty
03:00:57.765 [TestNG-PoolService-3] INFO  Hooks - Cleaning up booking 8041
03:00:57.766 [TestNG-PoolService-3] INFO  RestClient - --> DELETE /booking/{id}
03:00:58.119 [TestNG-PoolService-3] INFO  RestClient - <-- DELETE /booking/{id} responded 201 in 353 ms
03:00:58.120 [TestNG-PoolService-3] INFO  Hooks - ### SCENARIO END: Partially update booking name to "Jean-Luc O'Connor" -> PASSED
