05:24:01.342 [TestNG-PoolService-1] INFO  Hooks - ### SCENARIO START: Full booking lifecycle - create, read, update, delete using "booking-no-additional-needs.json"
05:24:01.343 [TestNG-PoolService-1] INFO  Hooks - Obtaining auth token for an @auth scenario
05:24:01.347 [TestNG-PoolService-1] INFO  RestClient - --> POST /auth
05:24:01.724 [TestNG-PoolService-1] INFO  RestClient - <-- POST /auth responded 200 in 377 ms
05:24:01.729 [TestNG-PoolService-1] INFO  JsonDataReader - Loaded test data 'booking-no-additional-needs.json' with dynamic values resolved
05:24:01.730 [TestNG-PoolService-1] DEBUG BookingSteps - Payload from test data file booking-no-additional-needs.json: Booking(firstname=Cora, lastname=Hagenes, totalprice=146, depositpaid=false, bookingdates=BookingDates(checkin=2026-08-15, checkout=2026-08-17), additionalneeds=null)
05:24:01.732 [TestNG-PoolService-1] INFO  RestClient - --> POST /booking
05:24:02.118 [TestNG-PoolService-1] INFO  RestClient - <-- POST /booking responded 200 in 386 ms
05:24:02.119 [TestNG-PoolService-1] INFO  ApiAssertions - Asserting status code is 200
05:24:02.119 [TestNG-PoolService-1] INFO  ApiAssertions - Asserting content type is JSON
05:24:02.119 [TestNG-PoolService-1] INFO  ApiAssertions - Asserting body is not empty
05:24:02.140 [TestNG-PoolService-1] INFO  ApiAssertions - Asserting field 'bookingid' is present
05:24:02.141 [TestNG-PoolService-1] INFO  ApiAssertions - Asserting response time 365ms is below 30000ms
05:24:02.146 [TestNG-PoolService-1] INFO  BookingSteps - Created booking id 1596
05:24:02.152 [TestNG-PoolService-1] INFO  RestClient - --> GET /booking/{id}
05:24:02.588 [TestNG-PoolService-1] INFO  RestClient - <-- GET /booking/{id} responded 200 in 436 ms
05:24:02.589 [TestNG-PoolService-1] INFO  ApiAssertions - Asserting status code is 200
05:24:02.589 [TestNG-PoolService-1] INFO  ApiAssertions - Asserting content type is JSON
05:24:02.590 [TestNG-PoolService-1] INFO  ApiAssertions - Asserting body is not empty
05:24:02.594 [TestNG-PoolService-1] INFO  JsonDataReader - Loaded test data 'booking-long-stay.json' with dynamic values resolved
05:24:02.595 [TestNG-PoolService-1] DEBUG BookingSteps - Payload from test data file booking-long-stay.json: Booking(firstname=Wilhelmina, lastname=Lehner, totalprice=7771, depositpaid=true, bookingdates=BookingDates(checkin=2026-10-13, checkout=2026-12-12), additionalneeds=Airport transfer)
05:24:02.613 [TestNG-PoolService-1] INFO  RestClient - --> PUT /booking/{id}
05:24:03.007 [TestNG-PoolService-1] INFO  RestClient - <-- PUT /booking/{id} responded 200 in 394 ms
05:24:03.007 [TestNG-PoolService-1] INFO  BookingSteps - Updated booking 1596 from booking-long-stay.json
05:24:03.008 [TestNG-PoolService-1] INFO  ApiAssertions - Asserting status code is 200
05:24:03.008 [TestNG-PoolService-1] INFO  ApiAssertions - Asserting response time 367ms is below 30000ms
05:24:03.009 [TestNG-PoolService-1] INFO  RestClient - --> GET /booking/{id}
05:24:03.400 [TestNG-PoolService-1] INFO  RestClient - <-- GET /booking/{id} responded 200 in 390 ms
05:24:03.403 [TestNG-PoolService-1] INFO  ApiAssertions - Asserting status code is 200
05:24:03.403 [TestNG-PoolService-1] INFO  ApiAssertions - Asserting content type is JSON
05:24:03.403 [TestNG-PoolService-1] INFO  ApiAssertions - Asserting body is not empty
05:24:03.409 [TestNG-PoolService-1] INFO  RestClient - --> DELETE /booking/{id}
05:24:03.760 [TestNG-PoolService-1] INFO  RestClient - <-- DELETE /booking/{id} responded 201 in 351 ms
05:24:03.761 [TestNG-PoolService-1] INFO  ApiAssertions - Asserting status code is 201
05:24:03.761 [TestNG-PoolService-1] INFO  ApiAssertions - Asserting response time 340ms is below 30000ms
05:24:03.763 [TestNG-PoolService-1] INFO  RestClient - --> GET /booking/{id}
05:24:04.139 [TestNG-PoolService-1] INFO  RestClient - <-- GET /booking/{id} responded 404 in 375 ms
05:24:04.139 [TestNG-PoolService-1] INFO  ApiAssertions - Asserting status code is 404
05:24:04.139 [TestNG-PoolService-1] INFO  BookingSteps - Confirmed booking 1596 is gone
05:24:04.140 [TestNG-PoolService-1] INFO  Hooks - ### SCENARIO END: Full booking lifecycle - create, read, update, delete using "booking-no-additional-needs.json" -> PASSED
