07:26:42.057 [TestNG-PoolService-3] INFO  Hooks - ### SCENARIO START: Partially update booking name to "Mohamed AbdElghany"
07:26:42.058 [TestNG-PoolService-3] INFO  Hooks - Obtaining auth token for an @auth scenario
07:26:42.060 [TestNG-PoolService-3] INFO  RestClient - --> POST /auth
07:26:42.106 [TestNG-PoolService-3] INFO  RestClient - <-- POST /auth responded 200 in 46 ms
07:26:42.115 [TestNG-PoolService-3] DEBUG BookingSteps - Payload from generated data: Booking(firstname=Tyler, lastname=Medhurst, totalprice=391, depositpaid=true, bookingdates=BookingDates(checkin=2026-09-08, checkout=2026-09-20), additionalneeds=Poutine)
07:26:42.118 [TestNG-PoolService-3] INFO  RestClient - --> POST /booking
07:26:42.191 [TestNG-PoolService-3] INFO  RestClient - <-- POST /booking responded 200 in 67 ms
07:26:42.191 [TestNG-PoolService-3] INFO  ApiAssertions - Asserting status code is 200
07:26:42.192 [TestNG-PoolService-3] INFO  ApiAssertions - Asserting content type is JSON
07:26:42.192 [TestNG-PoolService-3] INFO  ApiAssertions - Asserting body is not empty
07:26:42.215 [TestNG-PoolService-3] INFO  ApiAssertions - Asserting field 'bookingid' is present
07:26:42.215 [TestNG-PoolService-3] INFO  ApiAssertions - Asserting response time 35ms is below 30000ms
07:26:42.221 [TestNG-PoolService-3] INFO  BookingSteps - Created booking id 3197
07:26:42.224 [TestNG-PoolService-3] INFO  RestClient - --> PATCH /booking/{id}
07:26:42.267 [TestNG-PoolService-3] INFO  RestClient - <-- PATCH /booking/{id} responded 200 in 42 ms
07:26:42.269 [TestNG-PoolService-3] INFO  ApiAssertions - Asserting status code is 200
07:26:42.269 [TestNG-PoolService-3] INFO  ApiAssertions - Asserting response time 27ms is below 30000ms
07:26:42.271 [TestNG-PoolService-3] INFO  RestClient - --> GET /booking/{id}
07:26:42.323 [TestNG-PoolService-3] INFO  RestClient - <-- GET /booking/{id} responded 200 in 52 ms
07:26:42.327 [TestNG-PoolService-3] INFO  ApiAssertions - Asserting status code is 200
07:26:42.327 [TestNG-PoolService-3] INFO  ApiAssertions - Asserting content type is JSON
07:26:42.327 [TestNG-PoolService-3] INFO  ApiAssertions - Asserting body is not empty
07:26:42.331 [TestNG-PoolService-3] INFO  Hooks - Cleaning up booking 3197
07:26:42.336 [TestNG-PoolService-3] INFO  RestClient - --> DELETE /booking/{id}
07:26:42.389 [TestNG-PoolService-3] INFO  RestClient - <-- DELETE /booking/{id} responded 201 in 53 ms
07:26:42.393 [TestNG-PoolService-3] INFO  Hooks - ### SCENARIO END: Partially update booking name to "Mohamed AbdElghany" -> PASSED
