06:58:35.887 [TestNG-PoolService-2] INFO  Hooks - ### SCENARIO START: Full booking lifecycle - create, read, update, delete using "create-booking.json"
06:58:35.892 [TestNG-PoolService-2] INFO  Hooks - Obtaining auth token for an @auth scenario
06:58:35.893 [TestNG-PoolService-2] INFO  RestClient - --> POST /auth
06:58:36.514 [TestNG-PoolService-2] INFO  RestClient - <-- POST /auth responded 200 in 621 ms
06:58:36.519 [TestNG-PoolService-2] INFO  JsonDataReader - Loaded test data 'create-booking.json' with dynamic values resolved
06:58:36.520 [TestNG-PoolService-2] DEBUG BookingSteps - Payload from test data file create-booking.json: Booking(firstname=Delilah, lastname=Lind, totalprice=270, depositpaid=true, bookingdates=BookingDates(checkin=2026-09-10, checkout=2026-09-17), additionalneeds=Chicken Fajitas)
06:58:36.523 [TestNG-PoolService-2] INFO  RestClient - --> POST /booking
06:58:37.138 [TestNG-PoolService-2] INFO  RestClient - <-- POST /booking responded 200 in 615 ms
06:58:37.139 [TestNG-PoolService-2] INFO  ApiAssertions - Asserting status code is 200
06:58:37.139 [TestNG-PoolService-2] INFO  ApiAssertions - Asserting content type is JSON
06:58:37.139 [TestNG-PoolService-2] INFO  ApiAssertions - Asserting body is not empty
06:58:37.150 [TestNG-PoolService-2] INFO  ApiAssertions - Asserting field 'bookingid' is present
06:58:37.150 [TestNG-PoolService-2] INFO  ApiAssertions - Asserting response time 598ms is below 30000ms
06:58:37.153 [TestNG-PoolService-2] INFO  BookingSteps - Created booking id 4630
06:58:37.155 [TestNG-PoolService-2] INFO  RestClient - --> GET /booking/{id}
06:58:37.809 [TestNG-PoolService-2] INFO  RestClient - <-- GET /booking/{id} responded 200 in 654 ms
06:58:37.810 [TestNG-PoolService-2] INFO  ApiAssertions - Asserting status code is 200
06:58:37.812 [TestNG-PoolService-2] INFO  ApiAssertions - Asserting content type is JSON
06:58:37.812 [TestNG-PoolService-2] INFO  ApiAssertions - Asserting body is not empty
06:58:37.823 [TestNG-PoolService-2] INFO  JsonDataReader - Loaded test data 'update-booking.json' with dynamic values resolved
06:58:37.824 [TestNG-PoolService-2] DEBUG BookingSteps - Payload from test data file update-booking.json: Booking(firstname=Walker, lastname=Funk, totalprice=3897, depositpaid=true, bookingdates=BookingDates(checkin=2026-10-03, checkout=2026-10-18), additionalneeds=Late checkout)
06:58:37.825 [TestNG-PoolService-2] INFO  RestClient - --> PUT /booking/{id}
06:58:38.426 [TestNG-PoolService-2] INFO  RestClient - <-- PUT /booking/{id} responded 200 in 601 ms
06:58:38.427 [TestNG-PoolService-2] INFO  BookingSteps - Updated booking 4630 from update-booking.json
06:58:38.427 [TestNG-PoolService-2] INFO  ApiAssertions - Asserting status code is 200
06:58:38.427 [TestNG-PoolService-2] INFO  ApiAssertions - Asserting response time 587ms is below 30000ms
06:58:38.429 [TestNG-PoolService-2] INFO  RestClient - --> GET /booking/{id}
06:58:39.030 [TestNG-PoolService-2] INFO  RestClient - <-- GET /booking/{id} responded 200 in 601 ms
06:58:39.030 [TestNG-PoolService-2] INFO  ApiAssertions - Asserting status code is 200
06:58:39.030 [TestNG-PoolService-2] INFO  ApiAssertions - Asserting content type is JSON
06:58:39.030 [TestNG-PoolService-2] INFO  ApiAssertions - Asserting body is not empty
06:58:39.042 [TestNG-PoolService-2] INFO  RestClient - --> DELETE /booking/{id}
06:58:39.644 [TestNG-PoolService-2] INFO  RestClient - <-- DELETE /booking/{id} responded 201 in 602 ms
06:58:39.647 [TestNG-PoolService-2] INFO  ApiAssertions - Asserting status code is 201
06:58:39.648 [TestNG-PoolService-2] INFO  ApiAssertions - Asserting response time 587ms is below 30000ms
06:58:39.649 [TestNG-PoolService-2] INFO  RestClient - --> GET /booking/{id}
06:58:40.251 [TestNG-PoolService-2] INFO  RestClient - <-- GET /booking/{id} responded 404 in 602 ms
06:58:40.251 [TestNG-PoolService-2] INFO  ApiAssertions - Asserting status code is 404
06:58:40.251 [TestNG-PoolService-2] INFO  BookingSteps - Confirmed booking 4630 is gone
06:58:40.252 [TestNG-PoolService-2] INFO  Hooks - ### SCENARIO END: Full booking lifecycle - create, read, update, delete using "create-booking.json" -> PASSED
