08:30:13.254 [TestNG-PoolService-1] INFO  Hooks - ### SCENARIO START: Full booking lifecycle - create, read, update, delete using "create-booking.json"
08:30:13.254 [TestNG-PoolService-1] INFO  Hooks - Obtaining auth token for an @auth scenario
08:30:13.263 [TestNG-PoolService-1] INFO  RestClient - --> POST /auth
08:30:13.440 [TestNG-PoolService-1] INFO  RestClient - <-- POST /auth responded 200 in 177 ms
08:30:13.477 [TestNG-PoolService-1] INFO  JsonDataReader - Loaded test data 'create-booking.json' with dynamic values resolved
08:30:13.494 [TestNG-PoolService-1] DEBUG BookingSteps - Payload from test data file create-booking.json: Booking(firstname=Len, lastname=Hirthe, totalprice=636, depositpaid=false, bookingdates=BookingDates(checkin=2026-10-08, checkout=2026-10-15), additionalneeds=Chilli con Carne)
08:30:13.499 [TestNG-PoolService-1] INFO  RestClient - --> POST /booking
08:30:13.677 [TestNG-PoolService-1] INFO  RestClient - <-- POST /booking responded 200 in 178 ms
08:30:13.680 [TestNG-PoolService-1] INFO  ApiAssertions - Asserting status code is 200
08:30:13.680 [TestNG-PoolService-1] INFO  ApiAssertions - Asserting content type is JSON
08:30:13.681 [TestNG-PoolService-1] INFO  ApiAssertions - Asserting body is not empty
08:30:13.693 [TestNG-PoolService-1] INFO  ApiAssertions - Asserting field 'bookingid' is present
08:30:13.696 [TestNG-PoolService-1] INFO  ApiAssertions - Asserting response time 157ms is below 30000ms
08:30:13.699 [TestNG-PoolService-1] INFO  BookingSteps - Created booking id 4855
08:30:13.704 [TestNG-PoolService-1] INFO  RestClient - --> GET /booking/{id}
08:30:13.903 [TestNG-PoolService-1] INFO  RestClient - <-- GET /booking/{id} responded 200 in 199 ms
08:30:13.904 [TestNG-PoolService-1] INFO  ApiAssertions - Asserting status code is 200
08:30:13.904 [TestNG-PoolService-1] INFO  ApiAssertions - Asserting content type is JSON
08:30:13.905 [TestNG-PoolService-1] INFO  ApiAssertions - Asserting body is not empty
08:30:13.912 [TestNG-PoolService-1] INFO  JsonDataReader - Loaded test data 'update-booking.json' with dynamic values resolved
08:30:13.912 [TestNG-PoolService-1] DEBUG BookingSteps - Payload from test data file update-booking.json: Booking(firstname=Micah, lastname=Davis, totalprice=3533, depositpaid=true, bookingdates=BookingDates(checkin=2026-10-31, checkout=2026-11-15), additionalneeds=Late checkout)
08:30:13.921 [TestNG-PoolService-1] INFO  RestClient - --> PUT /booking/{id}
08:30:14.103 [TestNG-PoolService-1] INFO  RestClient - <-- PUT /booking/{id} responded 200 in 182 ms
08:30:14.103 [TestNG-PoolService-1] INFO  BookingSteps - Updated booking 4855 from update-booking.json
08:30:14.104 [TestNG-PoolService-1] INFO  ApiAssertions - Asserting status code is 200
08:30:14.104 [TestNG-PoolService-1] INFO  ApiAssertions - Asserting response time 166ms is below 30000ms
08:30:14.105 [TestNG-PoolService-1] INFO  RestClient - --> GET /booking/{id}
08:30:14.255 [TestNG-PoolService-1] INFO  RestClient - <-- GET /booking/{id} responded 200 in 150 ms
08:30:14.256 [TestNG-PoolService-1] INFO  ApiAssertions - Asserting status code is 200
08:30:14.256 [TestNG-PoolService-1] INFO  ApiAssertions - Asserting content type is JSON
08:30:14.257 [TestNG-PoolService-1] INFO  ApiAssertions - Asserting body is not empty
08:30:14.261 [TestNG-PoolService-1] INFO  RestClient - --> DELETE /booking/{id}
08:30:14.416 [TestNG-PoolService-1] INFO  RestClient - <-- DELETE /booking/{id} responded 201 in 155 ms
08:30:14.417 [TestNG-PoolService-1] INFO  ApiAssertions - Asserting status code is 201
08:30:14.418 [TestNG-PoolService-1] INFO  ApiAssertions - Asserting response time 144ms is below 30000ms
08:30:14.420 [TestNG-PoolService-1] INFO  RestClient - --> GET /booking/{id}
08:30:14.650 [TestNG-PoolService-1] INFO  RestClient - <-- GET /booking/{id} responded 404 in 230 ms
08:30:14.650 [TestNG-PoolService-1] INFO  ApiAssertions - Asserting status code is 404
08:30:14.650 [TestNG-PoolService-1] INFO  BookingSteps - Confirmed booking 4855 is gone
08:30:14.653 [TestNG-PoolService-1] INFO  Hooks - ### SCENARIO END: Full booking lifecycle - create, read, update, delete using "create-booking.json" -> PASSED
