02:59:21.371 [TestNG-PoolService-1] INFO  Hooks - ### SCENARIO START: Partially update booking name to "Jean-Luc O'Connor"
02:59:21.372 [TestNG-PoolService-1] INFO  Hooks - Obtaining auth token for an @auth scenario
02:59:21.376 [TestNG-PoolService-1] INFO  RestClient - --> POST /auth
02:59:21.487 [TestNG-PoolService-1] INFO  RestClient - <-- POST /auth responded 200 in 111 ms
02:59:21.489 [TestNG-PoolService-1] DEBUG BookingSteps - Payload from generated data: Booking(firstname=Cleora, lastname=Rutherford, totalprice=1579, depositpaid=true, bookingdates=BookingDates(checkin=2026-08-28, checkout=2026-09-01), additionalneeds=Lasagne)
02:59:21.490 [TestNG-PoolService-1] INFO  RestClient - --> POST /booking
02:59:21.600 [TestNG-PoolService-1] INFO  RestClient - <-- POST /booking responded 200 in 109 ms
02:59:21.602 [TestNG-PoolService-1] INFO  ApiAssertions - Asserting status code is 200
02:59:21.602 [TestNG-PoolService-1] INFO  ApiAssertions - Asserting content type is JSON
02:59:21.603 [TestNG-PoolService-1] INFO  ApiAssertions - Asserting body is not empty
02:59:21.617 [TestNG-PoolService-1] INFO  ApiAssertions - Asserting field 'bookingid' is present
02:59:21.617 [TestNG-PoolService-1] INFO  ApiAssertions - Asserting response time 97ms is below 30000ms
02:59:21.620 [TestNG-PoolService-1] INFO  BookingSteps - Created booking id 6980
02:59:21.621 [TestNG-PoolService-1] INFO  RestClient - --> PATCH /booking/{id}
02:59:21.730 [TestNG-PoolService-1] INFO  RestClient - <-- PATCH /booking/{id} responded 200 in 109 ms
02:59:21.731 [TestNG-PoolService-1] INFO  ApiAssertions - Asserting status code is 200
02:59:21.731 [TestNG-PoolService-1] INFO  ApiAssertions - Asserting response time 97ms is below 30000ms
02:59:21.732 [TestNG-PoolService-1] INFO  RestClient - --> GET /booking/{id}
02:59:21.846 [TestNG-PoolService-1] INFO  RestClient - <-- GET /booking/{id} responded 200 in 114 ms
02:59:21.846 [TestNG-PoolService-1] INFO  ApiAssertions - Asserting status code is 200
02:59:21.846 [TestNG-PoolService-1] INFO  ApiAssertions - Asserting content type is JSON
02:59:21.847 [TestNG-PoolService-1] INFO  ApiAssertions - Asserting body is not empty
02:59:21.849 [TestNG-PoolService-1] INFO  Hooks - Cleaning up booking 6980
02:59:21.850 [TestNG-PoolService-1] INFO  RestClient - --> DELETE /booking/{id}
02:59:21.954 [TestNG-PoolService-1] INFO  RestClient - <-- DELETE /booking/{id} responded 201 in 104 ms
02:59:21.955 [TestNG-PoolService-1] INFO  Hooks - ### SCENARIO END: Partially update booking name to "Jean-Luc O'Connor" -> PASSED
