03:04:53.150 [TestNG-PoolService-4] INFO  Hooks - ### SCENARIO START: Full booking lifecycle - create, read, update, delete using "booking-no-additional-needs.json"
03:04:53.154 [TestNG-PoolService-4] INFO  Hooks - Obtaining auth token for an @auth scenario
03:04:53.155 [TestNG-PoolService-4] INFO  RestClient - --> POST /auth
03:04:53.561 [TestNG-PoolService-4] INFO  RestClient - <-- POST /auth responded 200 in 406 ms
03:04:53.573 [TestNG-PoolService-4] INFO  JsonDataReader - Loaded test data 'booking-no-additional-needs.json' with dynamic values resolved
03:04:53.573 [TestNG-PoolService-4] DEBUG BookingSteps - Payload from test data file booking-no-additional-needs.json: Booking(firstname=Cornell, lastname=Kuhic, totalprice=73, depositpaid=false, bookingdates=BookingDates(checkin=2026-08-22, checkout=2026-08-24), additionalneeds=null)
03:04:53.574 [TestNG-PoolService-4] INFO  RestClient - --> POST /booking
03:04:53.974 [TestNG-PoolService-4] INFO  RestClient - <-- POST /booking responded 200 in 399 ms
03:04:53.975 [TestNG-PoolService-4] INFO  ApiAssertions - Asserting status code is 200
03:04:53.975 [TestNG-PoolService-4] INFO  ApiAssertions - Asserting content type is JSON
03:04:53.977 [TestNG-PoolService-4] INFO  ApiAssertions - Asserting body is not empty
03:04:54.008 [TestNG-PoolService-4] INFO  ApiAssertions - Asserting field 'bookingid' is present
03:04:54.009 [TestNG-PoolService-4] INFO  ApiAssertions - Asserting response time 372ms is below 30000ms
03:04:54.017 [TestNG-PoolService-4] INFO  BookingSteps - Created booking id 2219
03:04:54.024 [TestNG-PoolService-4] INFO  RestClient - --> GET /booking/{id}
03:04:54.413 [TestNG-PoolService-4] INFO  RestClient - <-- GET /booking/{id} responded 200 in 389 ms
03:04:54.414 [TestNG-PoolService-4] INFO  ApiAssertions - Asserting status code is 200
03:04:54.414 [TestNG-PoolService-4] INFO  ApiAssertions - Asserting content type is JSON
03:04:54.414 [TestNG-PoolService-4] INFO  ApiAssertions - Asserting body is not empty
03:04:54.418 [TestNG-PoolService-4] INFO  JsonDataReader - Loaded test data 'booking-long-stay.json' with dynamic values resolved
03:04:54.418 [TestNG-PoolService-4] DEBUG BookingSteps - Payload from test data file booking-long-stay.json: Booking(firstname=Neil, lastname=Lowe, totalprice=7189, depositpaid=true, bookingdates=BookingDates(checkin=2026-10-20, checkout=2026-12-19), additionalneeds=Airport transfer)
03:04:54.427 [TestNG-PoolService-4] INFO  RestClient - --> PUT /booking/{id}
03:04:54.806 [TestNG-PoolService-4] INFO  RestClient - <-- PUT /booking/{id} responded 200 in 379 ms
03:04:54.806 [TestNG-PoolService-4] INFO  BookingSteps - Updated booking 2219 from booking-long-stay.json
03:04:54.807 [TestNG-PoolService-4] INFO  ApiAssertions - Asserting status code is 200
03:04:54.807 [TestNG-PoolService-4] INFO  ApiAssertions - Asserting response time 365ms is below 30000ms
03:04:54.809 [TestNG-PoolService-4] INFO  RestClient - --> GET /booking/{id}
03:04:55.167 [TestNG-PoolService-4] INFO  RestClient - <-- GET /booking/{id} responded 200 in 355 ms
03:04:55.168 [TestNG-PoolService-4] INFO  ApiAssertions - Asserting status code is 200
03:04:55.168 [TestNG-PoolService-4] INFO  ApiAssertions - Asserting content type is JSON
03:04:55.168 [TestNG-PoolService-4] INFO  ApiAssertions - Asserting body is not empty
03:04:55.173 [TestNG-PoolService-4] INFO  RestClient - --> DELETE /booking/{id}
03:04:55.543 [TestNG-PoolService-4] INFO  RestClient - <-- DELETE /booking/{id} responded 201 in 370 ms
03:04:55.544 [TestNG-PoolService-4] INFO  ApiAssertions - Asserting status code is 201
03:04:55.544 [TestNG-PoolService-4] INFO  ApiAssertions - Asserting response time 361ms is below 30000ms
03:04:55.545 [TestNG-PoolService-4] INFO  RestClient - --> GET /booking/{id}
03:04:55.915 [TestNG-PoolService-4] INFO  RestClient - <-- GET /booking/{id} responded 404 in 370 ms
03:04:55.915 [TestNG-PoolService-4] INFO  ApiAssertions - Asserting status code is 404
03:04:55.915 [TestNG-PoolService-4] INFO  BookingSteps - Confirmed booking 2219 is gone
03:04:55.917 [TestNG-PoolService-4] INFO  Hooks - ### SCENARIO END: Full booking lifecycle - create, read, update, delete using "booking-no-additional-needs.json" -> PASSED
