03:05:24.667 [TestNG-PoolService-1] INFO  Hooks - ### SCENARIO START: Partially update booking name to "Sara Ali"
03:05:24.668 [TestNG-PoolService-1] INFO  Hooks - Obtaining auth token for an @auth scenario
03:05:24.670 [TestNG-PoolService-1] INFO  RestClient - --> POST /auth
03:05:24.965 [TestNG-PoolService-1] INFO  RestClient - <-- POST /auth responded 200 in 295 ms
03:05:24.968 [TestNG-PoolService-1] DEBUG BookingSteps - Payload from generated data: Booking(firstname=Merissa, lastname=Hettinger, totalprice=1569, depositpaid=true, bookingdates=BookingDates(checkin=2026-08-25, checkout=2026-08-29), additionalneeds=Mushroom Risotto)
03:05:24.969 [TestNG-PoolService-1] INFO  RestClient - --> POST /booking
03:05:25.260 [TestNG-PoolService-1] INFO  RestClient - <-- POST /booking responded 200 in 291 ms
03:05:25.261 [TestNG-PoolService-1] INFO  ApiAssertions - Asserting status code is 200
03:05:25.261 [TestNG-PoolService-1] INFO  ApiAssertions - Asserting content type is JSON
03:05:25.261 [TestNG-PoolService-1] INFO  ApiAssertions - Asserting body is not empty
03:05:25.281 [TestNG-PoolService-1] INFO  ApiAssertions - Asserting field 'bookingid' is present
03:05:25.281 [TestNG-PoolService-1] INFO  ApiAssertions - Asserting response time 282ms is below 30000ms
03:05:25.283 [TestNG-PoolService-1] INFO  BookingSteps - Created booking id 3012
03:05:25.284 [TestNG-PoolService-1] INFO  RestClient - --> PATCH /booking/{id}
03:05:25.564 [TestNG-PoolService-1] INFO  RestClient - <-- PATCH /booking/{id} responded 200 in 279 ms
03:05:25.565 [TestNG-PoolService-1] INFO  ApiAssertions - Asserting status code is 200
03:05:25.565 [TestNG-PoolService-1] INFO  ApiAssertions - Asserting response time 272ms is below 30000ms
03:05:25.566 [TestNG-PoolService-1] INFO  RestClient - --> GET /booking/{id}
03:05:25.844 [TestNG-PoolService-1] INFO  RestClient - <-- GET /booking/{id} responded 200 in 278 ms
03:05:25.844 [TestNG-PoolService-1] INFO  ApiAssertions - Asserting status code is 200
03:05:25.844 [TestNG-PoolService-1] INFO  ApiAssertions - Asserting content type is JSON
03:05:25.844 [TestNG-PoolService-1] INFO  ApiAssertions - Asserting body is not empty
03:05:25.846 [TestNG-PoolService-1] INFO  Hooks - Cleaning up booking 3012
03:05:25.847 [TestNG-PoolService-1] INFO  RestClient - --> DELETE /booking/{id}
03:05:26.121 [TestNG-PoolService-1] INFO  RestClient - <-- DELETE /booking/{id} responded 201 in 274 ms
03:05:26.122 [TestNG-PoolService-1] INFO  Hooks - ### SCENARIO END: Partially update booking name to "Sara Ali" -> PASSED
