03:02:16.743 [TestNG-PoolService-2] INFO  Hooks - ### SCENARIO START: Full booking lifecycle - create, read, update, delete using "create-booking.json"
03:02:16.744 [TestNG-PoolService-2] INFO  Hooks - Obtaining auth token for an @auth scenario
03:02:16.749 [TestNG-PoolService-2] INFO  RestClient - --> POST /auth
03:02:17.170 [TestNG-PoolService-2] INFO  RestClient - <-- POST /auth responded 200 in 421 ms
03:02:17.179 [TestNG-PoolService-2] INFO  JsonDataReader - Loaded test data 'create-booking.json' with dynamic values resolved
03:02:17.179 [TestNG-PoolService-2] DEBUG BookingSteps - Payload from test data file create-booking.json: Booking(firstname=Bee, lastname=Schowalter, totalprice=884, depositpaid=false, bookingdates=BookingDates(checkin=2026-08-24, checkout=2026-08-31), additionalneeds=Barbecue Ribs)
03:02:17.184 [TestNG-PoolService-2] INFO  RestClient - --> POST /booking
03:02:17.552 [TestNG-PoolService-2] INFO  RestClient - <-- POST /booking responded 200 in 367 ms
03:02:17.552 [TestNG-PoolService-2] INFO  ApiAssertions - Asserting status code is 200
03:02:17.553 [TestNG-PoolService-2] INFO  ApiAssertions - Asserting content type is JSON
03:02:17.554 [TestNG-PoolService-2] INFO  ApiAssertions - Asserting body is not empty
03:02:17.577 [TestNG-PoolService-2] INFO  ApiAssertions - Asserting field 'bookingid' is present
03:02:17.577 [TestNG-PoolService-2] INFO  ApiAssertions - Asserting response time 346ms is below 30000ms
03:02:17.584 [TestNG-PoolService-2] INFO  BookingSteps - Created booking id 134
03:02:17.589 [TestNG-PoolService-2] INFO  RestClient - --> GET /booking/{id}
03:02:18.068 [TestNG-PoolService-2] INFO  RestClient - <-- GET /booking/{id} responded 200 in 479 ms
03:02:18.069 [TestNG-PoolService-2] INFO  ApiAssertions - Asserting status code is 200
03:02:18.069 [TestNG-PoolService-2] INFO  ApiAssertions - Asserting content type is JSON
03:02:18.070 [TestNG-PoolService-2] INFO  ApiAssertions - Asserting body is not empty
03:02:18.077 [TestNG-PoolService-2] INFO  JsonDataReader - Loaded test data 'update-booking.json' with dynamic values resolved
03:02:18.080 [TestNG-PoolService-2] DEBUG BookingSteps - Payload from test data file update-booking.json: Booking(firstname=Kenisha, lastname=Feest, totalprice=1494, depositpaid=false, bookingdates=BookingDates(checkin=2026-09-16, checkout=2026-10-01), additionalneeds=Late checkout)
03:02:18.081 [TestNG-PoolService-2] INFO  RestClient - --> PUT /booking/{id}
03:02:18.469 [TestNG-PoolService-2] INFO  RestClient - <-- PUT /booking/{id} responded 200 in 388 ms
03:02:18.469 [TestNG-PoolService-2] INFO  BookingSteps - Updated booking 134 from update-booking.json
03:02:18.470 [TestNG-PoolService-2] INFO  ApiAssertions - Asserting status code is 200
03:02:18.470 [TestNG-PoolService-2] INFO  ApiAssertions - Asserting response time 357ms is below 30000ms
03:02:18.473 [TestNG-PoolService-2] INFO  RestClient - --> GET /booking/{id}
03:02:18.857 [TestNG-PoolService-2] INFO  RestClient - <-- GET /booking/{id} responded 200 in 384 ms
03:02:18.858 [TestNG-PoolService-2] INFO  ApiAssertions - Asserting status code is 200
03:02:18.859 [TestNG-PoolService-2] INFO  ApiAssertions - Asserting content type is JSON
03:02:18.859 [TestNG-PoolService-2] INFO  ApiAssertions - Asserting body is not empty
03:02:18.864 [TestNG-PoolService-2] INFO  RestClient - --> DELETE /booking/{id}
03:02:19.231 [TestNG-PoolService-2] INFO  RestClient - <-- DELETE /booking/{id} responded 201 in 367 ms
03:02:19.232 [TestNG-PoolService-2] INFO  ApiAssertions - Asserting status code is 201
03:02:19.233 [TestNG-PoolService-2] INFO  ApiAssertions - Asserting response time 357ms is below 30000ms
03:02:19.234 [TestNG-PoolService-2] INFO  RestClient - --> GET /booking/{id}
03:02:19.608 [TestNG-PoolService-2] INFO  RestClient - <-- GET /booking/{id} responded 404 in 373 ms
03:02:19.608 [TestNG-PoolService-2] INFO  ApiAssertions - Asserting status code is 404
03:02:19.608 [TestNG-PoolService-2] INFO  BookingSteps - Confirmed booking 134 is gone
03:02:19.609 [TestNG-PoolService-2] INFO  Hooks - ### SCENARIO END: Full booking lifecycle - create, read, update, delete using "create-booking.json" -> PASSED
