08:33:09.726 [TestNG-PoolService-1] INFO  Hooks - ### SCENARIO START: Partially update booking name to "Sara Ali"
08:33:09.726 [TestNG-PoolService-1] INFO  Hooks - Obtaining auth token for an @auth scenario
08:33:09.730 [TestNG-PoolService-1] INFO  RestClient - --> POST /auth
08:33:09.916 [TestNG-PoolService-1] INFO  RestClient - <-- POST /auth responded 200 in 185 ms
08:33:09.917 [TestNG-PoolService-1] DEBUG BookingSteps - Payload from generated data: Booking(firstname=Moises, lastname=Schaefer, totalprice=786, depositpaid=false, bookingdates=BookingDates(checkin=2026-10-11, checkout=2026-10-18), additionalneeds=Pho)
08:33:09.918 [TestNG-PoolService-1] INFO  RestClient - --> POST /booking
08:33:10.101 [TestNG-PoolService-1] INFO  RestClient - <-- POST /booking responded 200 in 183 ms
08:33:10.102 [TestNG-PoolService-1] INFO  ApiAssertions - Asserting status code is 200
08:33:10.102 [TestNG-PoolService-1] INFO  ApiAssertions - Asserting content type is JSON
08:33:10.102 [TestNG-PoolService-1] INFO  ApiAssertions - Asserting body is not empty
08:33:10.110 [TestNG-PoolService-1] INFO  ApiAssertions - Asserting field 'bookingid' is present
08:33:10.110 [TestNG-PoolService-1] INFO  ApiAssertions - Asserting response time 175ms is below 30000ms
08:33:10.113 [TestNG-PoolService-1] INFO  BookingSteps - Created booking id 1174
08:33:10.115 [TestNG-PoolService-1] INFO  RestClient - --> PATCH /booking/{id}
08:33:10.300 [TestNG-PoolService-1] INFO  RestClient - <-- PATCH /booking/{id} responded 200 in 185 ms
08:33:10.300 [TestNG-PoolService-1] INFO  ApiAssertions - Asserting status code is 200
08:33:10.301 [TestNG-PoolService-1] INFO  ApiAssertions - Asserting response time 177ms is below 30000ms
08:33:10.302 [TestNG-PoolService-1] INFO  RestClient - --> GET /booking/{id}
08:33:10.498 [TestNG-PoolService-1] INFO  RestClient - <-- GET /booking/{id} responded 200 in 196 ms
08:33:10.499 [TestNG-PoolService-1] INFO  ApiAssertions - Asserting status code is 200
08:33:10.499 [TestNG-PoolService-1] INFO  ApiAssertions - Asserting content type is JSON
08:33:10.499 [TestNG-PoolService-1] INFO  ApiAssertions - Asserting body is not empty
08:33:10.503 [TestNG-PoolService-1] INFO  Hooks - Cleaning up booking 1174
08:33:10.504 [TestNG-PoolService-1] INFO  RestClient - --> DELETE /booking/{id}
08:33:10.697 [TestNG-PoolService-1] INFO  RestClient - <-- DELETE /booking/{id} responded 201 in 193 ms
08:33:10.698 [TestNG-PoolService-1] INFO  Hooks - ### SCENARIO END: Partially update booking name to "Sara Ali" -> PASSED
