05:24:04.167 [TestNG-PoolService-4] INFO  Hooks - ### SCENARIO START: Partially update booking name to "Sara Ali"
05:24:04.167 [TestNG-PoolService-4] INFO  Hooks - Obtaining auth token for an @auth scenario
05:24:04.168 [TestNG-PoolService-4] INFO  RestClient - --> POST /auth
05:24:04.532 [TestNG-PoolService-4] INFO  RestClient - <-- POST /auth responded 200 in 364 ms
05:24:04.534 [TestNG-PoolService-4] DEBUG BookingSteps - Payload from generated data: Booking(firstname=Stanford, lastname=Weimann, totalprice=1782, depositpaid=false, bookingdates=BookingDates(checkin=2026-08-20, checkout=2026-08-21), additionalneeds=Stinky Tofu)
05:24:04.535 [TestNG-PoolService-4] INFO  RestClient - --> POST /booking
05:24:04.906 [TestNG-PoolService-4] INFO  RestClient - <-- POST /booking responded 200 in 371 ms
05:24:04.907 [TestNG-PoolService-4] INFO  ApiAssertions - Asserting status code is 200
05:24:04.907 [TestNG-PoolService-4] INFO  ApiAssertions - Asserting content type is JSON
05:24:04.907 [TestNG-PoolService-4] INFO  ApiAssertions - Asserting body is not empty
05:24:04.919 [TestNG-PoolService-4] INFO  ApiAssertions - Asserting field 'bookingid' is present
05:24:04.920 [TestNG-PoolService-4] INFO  ApiAssertions - Asserting response time 362ms is below 30000ms
05:24:04.922 [TestNG-PoolService-4] INFO  BookingSteps - Created booking id 1630
05:24:04.924 [TestNG-PoolService-4] INFO  RestClient - --> PATCH /booking/{id}
05:24:05.278 [TestNG-PoolService-4] INFO  RestClient - <-- PATCH /booking/{id} responded 200 in 354 ms
05:24:05.278 [TestNG-PoolService-4] INFO  ApiAssertions - Asserting status code is 200
05:24:05.279 [TestNG-PoolService-4] INFO  ApiAssertions - Asserting response time 338ms is below 30000ms
05:24:05.280 [TestNG-PoolService-4] INFO  RestClient - --> GET /booking/{id}
05:24:05.643 [TestNG-PoolService-4] INFO  RestClient - <-- GET /booking/{id} responded 200 in 363 ms
05:24:05.643 [TestNG-PoolService-4] INFO  ApiAssertions - Asserting status code is 200
05:24:05.643 [TestNG-PoolService-4] INFO  ApiAssertions - Asserting content type is JSON
05:24:05.643 [TestNG-PoolService-4] INFO  ApiAssertions - Asserting body is not empty
05:24:05.646 [TestNG-PoolService-4] INFO  Hooks - Cleaning up booking 1630
05:24:05.647 [TestNG-PoolService-4] INFO  RestClient - --> DELETE /booking/{id}
05:24:06.001 [TestNG-PoolService-4] INFO  RestClient - <-- DELETE /booking/{id} responded 201 in 354 ms
05:24:06.001 [TestNG-PoolService-4] INFO  Hooks - ### SCENARIO END: Partially update booking name to "Sara Ali" -> PASSED
