03:04:18.952 [TestNG-PoolService-4] INFO  Hooks - ### SCENARIO START: Full booking lifecycle - create, read, update, delete using "booking-no-additional-needs.json"
03:04:18.960 [TestNG-PoolService-4] INFO  Hooks - Obtaining auth token for an @auth scenario
03:04:18.961 [TestNG-PoolService-4] INFO  RestClient - --> POST /auth
03:04:19.353 [TestNG-PoolService-4] INFO  RestClient - <-- POST /auth responded 200 in 392 ms
03:04:19.356 [TestNG-PoolService-4] INFO  JsonDataReader - Loaded test data 'booking-no-additional-needs.json' with dynamic values resolved
03:04:19.357 [TestNG-PoolService-4] DEBUG BookingSteps - Payload from test data file booking-no-additional-needs.json: Booking(firstname=Else, lastname=Leffler, totalprice=113, depositpaid=false, bookingdates=BookingDates(checkin=2026-08-24, checkout=2026-08-26), additionalneeds=null)
03:04:19.358 [TestNG-PoolService-4] INFO  RestClient - --> POST /booking
03:04:19.725 [TestNG-PoolService-4] INFO  RestClient - <-- POST /booking responded 200 in 367 ms
03:04:19.728 [TestNG-PoolService-4] INFO  ApiAssertions - Asserting status code is 200
03:04:19.728 [TestNG-PoolService-4] INFO  ApiAssertions - Asserting content type is JSON
03:04:19.729 [TestNG-PoolService-4] INFO  ApiAssertions - Asserting body is not empty
03:04:19.743 [TestNG-PoolService-4] INFO  ApiAssertions - Asserting field 'bookingid' is present
03:04:19.744 [TestNG-PoolService-4] INFO  ApiAssertions - Asserting response time 345ms is below 30000ms
03:04:19.747 [TestNG-PoolService-4] INFO  BookingSteps - Created booking id 2057
03:04:19.749 [TestNG-PoolService-4] INFO  RestClient - --> GET /booking/{id}
03:04:20.175 [TestNG-PoolService-4] INFO  RestClient - <-- GET /booking/{id} responded 200 in 426 ms
03:04:20.176 [TestNG-PoolService-4] INFO  ApiAssertions - Asserting status code is 200
03:04:20.176 [TestNG-PoolService-4] INFO  ApiAssertions - Asserting content type is JSON
03:04:20.176 [TestNG-PoolService-4] INFO  ApiAssertions - Asserting body is not empty
03:04:20.182 [TestNG-PoolService-4] INFO  JsonDataReader - Loaded test data 'booking-long-stay.json' with dynamic values resolved
03:04:20.185 [TestNG-PoolService-4] DEBUG BookingSteps - Payload from test data file booking-long-stay.json: Booking(firstname=Leland, lastname=Berge, totalprice=6200, depositpaid=true, bookingdates=BookingDates(checkin=2026-10-22, checkout=2026-12-21), additionalneeds=Airport transfer)
03:04:20.192 [TestNG-PoolService-4] INFO  RestClient - --> PUT /booking/{id}
03:04:20.554 [TestNG-PoolService-4] INFO  RestClient - <-- PUT /booking/{id} responded 200 in 362 ms
03:04:20.555 [TestNG-PoolService-4] INFO  BookingSteps - Updated booking 2057 from booking-long-stay.json
03:04:20.557 [TestNG-PoolService-4] INFO  ApiAssertions - Asserting status code is 200
03:04:20.557 [TestNG-PoolService-4] INFO  ApiAssertions - Asserting response time 344ms is below 30000ms
03:04:20.559 [TestNG-PoolService-4] INFO  RestClient - --> GET /booking/{id}
03:04:20.922 [TestNG-PoolService-4] INFO  RestClient - <-- GET /booking/{id} responded 200 in 363 ms
03:04:20.922 [TestNG-PoolService-4] INFO  ApiAssertions - Asserting status code is 200
03:04:20.923 [TestNG-PoolService-4] INFO  ApiAssertions - Asserting content type is JSON
03:04:20.923 [TestNG-PoolService-4] INFO  ApiAssertions - Asserting body is not empty
03:04:20.927 [TestNG-PoolService-4] INFO  RestClient - --> DELETE /booking/{id}
03:04:21.291 [TestNG-PoolService-4] INFO  RestClient - <-- DELETE /booking/{id} responded 201 in 364 ms
03:04:21.293 [TestNG-PoolService-4] INFO  ApiAssertions - Asserting status code is 201
03:04:21.293 [TestNG-PoolService-4] INFO  ApiAssertions - Asserting response time 350ms is below 30000ms
03:04:21.295 [TestNG-PoolService-4] INFO  RestClient - --> GET /booking/{id}
03:04:21.655 [TestNG-PoolService-4] INFO  RestClient - <-- GET /booking/{id} responded 404 in 360 ms
03:04:21.656 [TestNG-PoolService-4] INFO  ApiAssertions - Asserting status code is 404
03:04:21.656 [TestNG-PoolService-4] INFO  BookingSteps - Confirmed booking 2057 is gone
03:04:21.657 [TestNG-PoolService-4] INFO  Hooks - ### SCENARIO END: Full booking lifecycle - create, read, update, delete using "booking-no-additional-needs.json" -> PASSED
