07:01:03.412 [TestNG-PoolService-2] INFO  Hooks - ### SCENARIO START: Full booking lifecycle - create, read, update, delete using "booking-no-additional-needs.json"
07:01:03.414 [TestNG-PoolService-2] INFO  Hooks - Obtaining auth token for an @auth scenario
07:01:03.415 [TestNG-PoolService-2] INFO  RestClient - --> POST /auth
07:01:03.477 [TestNG-PoolService-2] INFO  RestClient - <-- POST /auth responded 200 in 62 ms
07:01:03.665 [TestNG-PoolService-2] INFO  JsonDataReader - Loaded test data 'booking-no-additional-needs.json' with dynamic values resolved
07:01:03.689 [TestNG-PoolService-2] DEBUG BookingSteps - Payload from test data file booking-no-additional-needs.json: Booking(firstname=Nichelle, lastname=Nikolaus, totalprice=61, depositpaid=false, bookingdates=BookingDates(checkin=2026-09-09, checkout=2026-09-11), additionalneeds=null)
07:01:03.692 [TestNG-PoolService-2] INFO  RestClient - --> POST /booking
07:01:03.770 [TestNG-PoolService-2] INFO  RestClient - <-- POST /booking responded 200 in 78 ms
07:01:03.771 [TestNG-PoolService-2] INFO  ApiAssertions - Asserting status code is 200
07:01:03.771 [TestNG-PoolService-2] INFO  ApiAssertions - Asserting content type is JSON
07:01:03.771 [TestNG-PoolService-2] INFO  ApiAssertions - Asserting body is not empty
07:01:03.799 [TestNG-PoolService-2] INFO  ApiAssertions - Asserting field 'bookingid' is present
07:01:03.800 [TestNG-PoolService-2] INFO  ApiAssertions - Asserting response time 41ms is below 30000ms
07:01:03.806 [TestNG-PoolService-2] INFO  BookingSteps - Created booking id 6164
07:01:03.810 [TestNG-PoolService-2] INFO  RestClient - --> GET /booking/{id}
07:01:03.882 [TestNG-PoolService-2] INFO  RestClient - <-- GET /booking/{id} responded 200 in 71 ms
07:01:03.883 [TestNG-PoolService-2] INFO  ApiAssertions - Asserting status code is 200
07:01:03.900 [TestNG-PoolService-2] INFO  ApiAssertions - Asserting content type is JSON
07:01:03.900 [TestNG-PoolService-2] INFO  ApiAssertions - Asserting body is not empty
07:01:03.907 [TestNG-PoolService-2] INFO  JsonDataReader - Loaded test data 'booking-long-stay.json' with dynamic values resolved
07:01:03.908 [TestNG-PoolService-2] DEBUG BookingSteps - Payload from test data file booking-long-stay.json: Booking(firstname=Ilse, lastname=Reichel, totalprice=8536, depositpaid=true, bookingdates=BookingDates(checkin=2026-11-07, checkout=2027-01-06), additionalneeds=Airport transfer)
07:01:03.913 [TestNG-PoolService-2] INFO  RestClient - --> PUT /booking/{id}
07:01:03.962 [TestNG-PoolService-2] INFO  RestClient - <-- PUT /booking/{id} responded 200 in 49 ms
07:01:03.963 [TestNG-PoolService-2] INFO  BookingSteps - Updated booking 6164 from booking-long-stay.json
07:01:03.963 [TestNG-PoolService-2] INFO  ApiAssertions - Asserting status code is 200
07:01:03.963 [TestNG-PoolService-2] INFO  ApiAssertions - Asserting response time 30ms is below 30000ms
07:01:03.965 [TestNG-PoolService-2] INFO  RestClient - --> GET /booking/{id}
07:01:04.004 [TestNG-PoolService-2] INFO  RestClient - <-- GET /booking/{id} responded 200 in 39 ms
07:01:04.005 [TestNG-PoolService-2] INFO  ApiAssertions - Asserting status code is 200
07:01:04.005 [TestNG-PoolService-2] INFO  ApiAssertions - Asserting content type is JSON
07:01:04.005 [TestNG-PoolService-2] INFO  ApiAssertions - Asserting body is not empty
07:01:04.009 [TestNG-PoolService-2] INFO  RestClient - --> DELETE /booking/{id}
07:01:04.062 [TestNG-PoolService-2] INFO  RestClient - <-- DELETE /booking/{id} responded 201 in 52 ms
07:01:04.063 [TestNG-PoolService-2] INFO  ApiAssertions - Asserting status code is 201
07:01:04.063 [TestNG-PoolService-2] INFO  ApiAssertions - Asserting response time 39ms is below 30000ms
07:01:04.068 [TestNG-PoolService-2] INFO  RestClient - --> GET /booking/{id}
07:01:04.132 [TestNG-PoolService-2] INFO  RestClient - <-- GET /booking/{id} responded 404 in 60 ms
07:01:04.132 [TestNG-PoolService-2] INFO  ApiAssertions - Asserting status code is 404
07:01:04.133 [TestNG-PoolService-2] INFO  BookingSteps - Confirmed booking 6164 is gone
07:01:04.134 [TestNG-PoolService-2] INFO  Hooks - ### SCENARIO END: Full booking lifecycle - create, read, update, delete using "booking-no-additional-needs.json" -> PASSED
