07:40:51.627 [TestNG-PoolService-3] INFO  Hooks - ### SCENARIO START: Full booking lifecycle - create, read, update, delete using "create-booking.json"
07:40:51.629 [TestNG-PoolService-3] INFO  Hooks - Obtaining auth token for an @auth scenario
07:40:51.640 [TestNG-PoolService-3] INFO  RestClient - --> POST /auth
07:40:51.718 [TestNG-PoolService-3] INFO  RestClient - <-- POST /auth responded 200 in 78 ms
07:40:51.941 [TestNG-PoolService-3] INFO  JsonDataReader - Loaded test data 'create-booking.json' with dynamic values resolved
07:40:51.957 [TestNG-PoolService-3] DEBUG BookingSteps - Payload from test data file create-booking.json: Booking(firstname=Tanner, lastname=Jast, totalprice=416, depositpaid=false, bookingdates=BookingDates(checkin=2026-09-21, checkout=2026-09-28), additionalneeds=Salmon Nigiri)
07:40:51.958 [TestNG-PoolService-3] INFO  RestClient - --> POST /booking
07:40:52.035 [TestNG-PoolService-3] INFO  RestClient - <-- POST /booking responded 200 in 76 ms
07:40:52.042 [TestNG-PoolService-3] INFO  ApiAssertions - Asserting status code is 200
07:40:52.042 [TestNG-PoolService-3] INFO  ApiAssertions - Asserting content type is JSON
07:40:52.042 [TestNG-PoolService-3] INFO  ApiAssertions - Asserting body is not empty
07:40:52.065 [TestNG-PoolService-3] INFO  ApiAssertions - Asserting field 'bookingid' is present
07:40:52.065 [TestNG-PoolService-3] INFO  ApiAssertions - Asserting response time 37ms is below 30000ms
07:40:52.071 [TestNG-PoolService-3] INFO  BookingSteps - Created booking id 32
07:40:52.075 [TestNG-PoolService-3] INFO  RestClient - --> GET /booking/{id}
07:40:52.190 [TestNG-PoolService-3] INFO  RestClient - <-- GET /booking/{id} responded 200 in 115 ms
07:40:52.192 [TestNG-PoolService-3] INFO  ApiAssertions - Asserting status code is 200
07:40:52.192 [TestNG-PoolService-3] INFO  ApiAssertions - Asserting content type is JSON
07:40:52.193 [TestNG-PoolService-3] INFO  ApiAssertions - Asserting body is not empty
07:40:52.201 [TestNG-PoolService-3] INFO  JsonDataReader - Loaded test data 'update-booking.json' with dynamic values resolved
07:40:52.202 [TestNG-PoolService-3] DEBUG BookingSteps - Payload from test data file update-booking.json: Booking(firstname=Rowena, lastname=Pollich, totalprice=4540, depositpaid=false, bookingdates=BookingDates(checkin=2026-10-14, checkout=2026-10-29), additionalneeds=Late checkout)
07:40:52.206 [TestNG-PoolService-3] INFO  RestClient - --> PUT /booking/{id}
07:40:52.282 [TestNG-PoolService-3] INFO  RestClient - <-- PUT /booking/{id} responded 200 in 75 ms
07:40:52.282 [TestNG-PoolService-3] INFO  BookingSteps - Updated booking 32 from update-booking.json
07:40:52.283 [TestNG-PoolService-3] INFO  ApiAssertions - Asserting status code is 200
07:40:52.285 [TestNG-PoolService-3] INFO  ApiAssertions - Asserting response time 43ms is below 30000ms
07:40:52.302 [TestNG-PoolService-3] INFO  RestClient - --> GET /booking/{id}
07:40:52.388 [TestNG-PoolService-3] INFO  RestClient - <-- GET /booking/{id} responded 200 in 86 ms
07:40:52.389 [TestNG-PoolService-3] INFO  ApiAssertions - Asserting status code is 200
07:40:52.392 [TestNG-PoolService-3] INFO  ApiAssertions - Asserting content type is JSON
07:40:52.392 [TestNG-PoolService-3] INFO  ApiAssertions - Asserting body is not empty
07:40:52.400 [TestNG-PoolService-3] INFO  RestClient - --> DELETE /booking/{id}
07:40:52.477 [TestNG-PoolService-3] INFO  RestClient - <-- DELETE /booking/{id} responded 201 in 77 ms
07:40:52.477 [TestNG-PoolService-3] INFO  ApiAssertions - Asserting status code is 201
07:40:52.478 [TestNG-PoolService-3] INFO  ApiAssertions - Asserting response time 44ms is below 30000ms
07:40:52.482 [TestNG-PoolService-3] INFO  RestClient - --> GET /booking/{id}
07:40:52.568 [TestNG-PoolService-3] INFO  RestClient - <-- GET /booking/{id} responded 404 in 83 ms
07:40:52.568 [TestNG-PoolService-3] INFO  ApiAssertions - Asserting status code is 404
07:40:52.569 [TestNG-PoolService-3] INFO  BookingSteps - Confirmed booking 32 is gone
07:40:52.571 [TestNG-PoolService-3] INFO  Hooks - ### SCENARIO END: Full booking lifecycle - create, read, update, delete using "create-booking.json" -> PASSED
