07:08:05.046 [TestNG-PoolService-4] INFO  Hooks - ### SCENARIO START: Full booking lifecycle - create, read, update, delete using "create-booking.json"
07:08:05.047 [TestNG-PoolService-4] INFO  Hooks - Obtaining auth token for an @auth scenario
07:08:05.053 [TestNG-PoolService-4] INFO  RestClient - --> POST /auth
07:08:05.132 [TestNG-PoolService-4] INFO  RestClient - <-- POST /auth responded 200 in 79 ms
07:08:05.334 [TestNG-PoolService-4] INFO  JsonDataReader - Loaded test data 'create-booking.json' with dynamic values resolved
07:08:05.345 [TestNG-PoolService-4] DEBUG BookingSteps - Payload from test data file create-booking.json: Booking(firstname=Jaimee, lastname=Paucek, totalprice=695, depositpaid=false, bookingdates=BookingDates(checkin=2026-09-26, checkout=2026-10-03), additionalneeds=Sushi)
07:08:05.346 [TestNG-PoolService-4] INFO  RestClient - --> POST /booking
07:08:05.450 [TestNG-PoolService-4] INFO  RestClient - <-- POST /booking responded 200 in 104 ms
07:08:05.450 [TestNG-PoolService-4] INFO  ApiAssertions - Asserting status code is 200
07:08:05.451 [TestNG-PoolService-4] INFO  ApiAssertions - Asserting content type is JSON
07:08:05.451 [TestNG-PoolService-4] INFO  ApiAssertions - Asserting body is not empty
07:08:05.473 [TestNG-PoolService-4] INFO  ApiAssertions - Asserting field 'bookingid' is present
07:08:05.474 [TestNG-PoolService-4] INFO  ApiAssertions - Asserting response time 47ms is below 30000ms
07:08:05.483 [TestNG-PoolService-4] INFO  BookingSteps - Created booking id 3702
07:08:05.487 [TestNG-PoolService-4] INFO  RestClient - --> GET /booking/{id}
07:08:05.592 [TestNG-PoolService-4] INFO  RestClient - <-- GET /booking/{id} responded 200 in 105 ms
07:08:05.593 [TestNG-PoolService-4] INFO  ApiAssertions - Asserting status code is 200
07:08:05.593 [TestNG-PoolService-4] INFO  ApiAssertions - Asserting content type is JSON
07:08:05.594 [TestNG-PoolService-4] INFO  ApiAssertions - Asserting body is not empty
07:08:05.603 [TestNG-PoolService-4] INFO  JsonDataReader - Loaded test data 'update-booking.json' with dynamic values resolved
07:08:05.603 [TestNG-PoolService-4] DEBUG BookingSteps - Payload from test data file update-booking.json: Booking(firstname=Randy, lastname=Rodriguez, totalprice=2556, depositpaid=true, bookingdates=BookingDates(checkin=2026-10-19, checkout=2026-11-03), additionalneeds=Late checkout)
07:08:05.616 [TestNG-PoolService-4] INFO  RestClient - --> PUT /booking/{id}
07:08:05.700 [TestNG-PoolService-4] INFO  RestClient - <-- PUT /booking/{id} responded 200 in 83 ms
07:08:05.701 [TestNG-PoolService-4] INFO  BookingSteps - Updated booking 3702 from update-booking.json
07:08:05.701 [TestNG-PoolService-4] INFO  ApiAssertions - Asserting status code is 200
07:08:05.701 [TestNG-PoolService-4] INFO  ApiAssertions - Asserting response time 56ms is below 30000ms
07:08:05.703 [TestNG-PoolService-4] INFO  RestClient - --> GET /booking/{id}
07:08:05.780 [TestNG-PoolService-4] INFO  RestClient - <-- GET /booking/{id} responded 200 in 77 ms
07:08:05.781 [TestNG-PoolService-4] INFO  ApiAssertions - Asserting status code is 200
07:08:05.781 [TestNG-PoolService-4] INFO  ApiAssertions - Asserting content type is JSON
07:08:05.781 [TestNG-PoolService-4] INFO  ApiAssertions - Asserting body is not empty
07:08:05.786 [TestNG-PoolService-4] INFO  RestClient - --> DELETE /booking/{id}
07:08:05.866 [TestNG-PoolService-4] INFO  RestClient - <-- DELETE /booking/{id} responded 201 in 80 ms
07:08:05.867 [TestNG-PoolService-4] INFO  ApiAssertions - Asserting status code is 201
07:08:05.873 [TestNG-PoolService-4] INFO  ApiAssertions - Asserting response time 60ms is below 30000ms
07:08:05.875 [TestNG-PoolService-4] INFO  RestClient - --> GET /booking/{id}
07:08:05.943 [TestNG-PoolService-4] INFO  RestClient - <-- GET /booking/{id} responded 404 in 68 ms
07:08:05.943 [TestNG-PoolService-4] INFO  ApiAssertions - Asserting status code is 404
07:08:05.943 [TestNG-PoolService-4] INFO  BookingSteps - Confirmed booking 3702 is gone
07:08:05.951 [TestNG-PoolService-4] INFO  Hooks - ### SCENARIO END: Full booking lifecycle - create, read, update, delete using "create-booking.json" -> PASSED
