07:40:52.840 [TestNG-PoolService-4] INFO  Hooks - ### SCENARIO START: Partially update booking name to "Sara Ali"
07:40:52.849 [TestNG-PoolService-4] INFO  Hooks - Obtaining auth token for an @auth scenario
07:40:52.851 [TestNG-PoolService-4] INFO  RestClient - --> POST /auth
07:40:52.931 [TestNG-PoolService-4] INFO  RestClient - <-- POST /auth responded 200 in 80 ms
07:40:52.936 [TestNG-PoolService-4] DEBUG BookingSteps - Payload from generated data: Booking(firstname=Rosia, lastname=Brekke, totalprice=1601, depositpaid=true, bookingdates=BookingDates(checkin=2026-10-03, checkout=2026-10-09), additionalneeds=Peking Duck)
07:40:52.937 [TestNG-PoolService-4] INFO  RestClient - --> POST /booking
07:40:52.997 [TestNG-PoolService-4] INFO  RestClient - <-- POST /booking responded 200 in 60 ms
07:40:53.000 [TestNG-PoolService-4] INFO  ApiAssertions - Asserting status code is 200
07:40:53.000 [TestNG-PoolService-4] INFO  ApiAssertions - Asserting content type is JSON
07:40:53.001 [TestNG-PoolService-4] INFO  ApiAssertions - Asserting body is not empty
07:40:53.022 [TestNG-PoolService-4] INFO  ApiAssertions - Asserting field 'bookingid' is present
07:40:53.029 [TestNG-PoolService-4] INFO  ApiAssertions - Asserting response time 34ms is below 30000ms
07:40:53.035 [TestNG-PoolService-4] INFO  BookingSteps - Created booking id 45
07:40:53.037 [TestNG-PoolService-4] INFO  RestClient - --> PATCH /booking/{id}
07:40:53.113 [TestNG-PoolService-4] INFO  RestClient - <-- PATCH /booking/{id} responded 200 in 74 ms
07:40:53.121 [TestNG-PoolService-4] INFO  ApiAssertions - Asserting status code is 200
07:40:53.124 [TestNG-PoolService-4] INFO  ApiAssertions - Asserting response time 45ms is below 30000ms
07:40:53.125 [TestNG-PoolService-4] INFO  RestClient - --> GET /booking/{id}
07:40:53.181 [TestNG-PoolService-4] INFO  RestClient - <-- GET /booking/{id} responded 200 in 55 ms
07:40:53.185 [TestNG-PoolService-4] INFO  ApiAssertions - Asserting status code is 200
07:40:53.188 [TestNG-PoolService-4] INFO  ApiAssertions - Asserting content type is JSON
07:40:53.188 [TestNG-PoolService-4] INFO  ApiAssertions - Asserting body is not empty
07:40:53.200 [TestNG-PoolService-4] INFO  Hooks - Cleaning up booking 45
07:40:53.201 [TestNG-PoolService-4] INFO  RestClient - --> DELETE /booking/{id}
07:40:53.245 [TestNG-PoolService-4] INFO  RestClient - <-- DELETE /booking/{id} responded 201 in 43 ms
07:40:53.249 [TestNG-PoolService-4] INFO  Hooks - ### SCENARIO END: Partially update booking name to "Sara Ali" -> PASSED
