07:22:47.292 [TestNG-PoolService-4] INFO  Hooks - ### SCENARIO START: Full booking lifecycle - create, read, update, delete using "booking-no-additional-needs.json"
07:22:47.293 [TestNG-PoolService-4] INFO  Hooks - Obtaining auth token for an @auth scenario
07:22:47.294 [TestNG-PoolService-4] INFO  RestClient - --> POST /auth
07:22:47.575 [TestNG-PoolService-4] INFO  RestClient - <-- POST /auth responded 200 in 281 ms
07:22:47.671 [TestNG-PoolService-4] INFO  JsonDataReader - Loaded test data 'booking-no-additional-needs.json' with dynamic values resolved
07:22:47.699 [TestNG-PoolService-4] DEBUG BookingSteps - Payload from test data file booking-no-additional-needs.json: Booking(firstname=Loreen, lastname=King, totalprice=82, depositpaid=false, bookingdates=BookingDates(checkin=2026-09-25, checkout=2026-09-27), additionalneeds=null)
07:22:47.700 [TestNG-PoolService-4] INFO  RestClient - --> POST /booking
07:22:47.983 [TestNG-PoolService-4] INFO  RestClient - <-- POST /booking responded 200 in 283 ms
07:22:47.983 [TestNG-PoolService-4] INFO  ApiAssertions - Asserting status code is 200
07:22:47.983 [TestNG-PoolService-4] INFO  ApiAssertions - Asserting content type is JSON
07:22:47.984 [TestNG-PoolService-4] INFO  ApiAssertions - Asserting body is not empty
07:22:48.002 [TestNG-PoolService-4] INFO  ApiAssertions - Asserting field 'bookingid' is present
07:22:48.003 [TestNG-PoolService-4] INFO  ApiAssertions - Asserting response time 248ms is below 30000ms
07:22:48.008 [TestNG-PoolService-4] INFO  BookingSteps - Created booking id 1077
07:22:48.010 [TestNG-PoolService-4] INFO  RestClient - --> GET /booking/{id}
07:22:48.318 [TestNG-PoolService-4] INFO  RestClient - <-- GET /booking/{id} responded 200 in 308 ms
07:22:48.321 [TestNG-PoolService-4] INFO  ApiAssertions - Asserting status code is 200
07:22:48.321 [TestNG-PoolService-4] INFO  ApiAssertions - Asserting content type is JSON
07:22:48.322 [TestNG-PoolService-4] INFO  ApiAssertions - Asserting body is not empty
07:22:48.335 [TestNG-PoolService-4] INFO  JsonDataReader - Loaded test data 'booking-long-stay.json' with dynamic values resolved
07:22:48.339 [TestNG-PoolService-4] DEBUG BookingSteps - Payload from test data file booking-long-stay.json: Booking(firstname=Christopher, lastname=Maggio, totalprice=7149, depositpaid=true, bookingdates=BookingDates(checkin=2026-11-23, checkout=2027-01-22), additionalneeds=Airport transfer)
07:22:48.340 [TestNG-PoolService-4] INFO  RestClient - --> PUT /booking/{id}
07:22:48.606 [TestNG-PoolService-4] INFO  RestClient - <-- PUT /booking/{id} responded 200 in 266 ms
07:22:48.606 [TestNG-PoolService-4] INFO  BookingSteps - Updated booking 1077 from booking-long-stay.json
07:22:48.607 [TestNG-PoolService-4] INFO  ApiAssertions - Asserting status code is 200
07:22:48.607 [TestNG-PoolService-4] INFO  ApiAssertions - Asserting response time 227ms is below 30000ms
07:22:48.610 [TestNG-PoolService-4] INFO  RestClient - --> GET /booking/{id}
07:22:48.886 [TestNG-PoolService-4] INFO  RestClient - <-- GET /booking/{id} responded 200 in 276 ms
07:22:48.886 [TestNG-PoolService-4] INFO  ApiAssertions - Asserting status code is 200
07:22:48.887 [TestNG-PoolService-4] INFO  ApiAssertions - Asserting content type is JSON
07:22:48.887 [TestNG-PoolService-4] INFO  ApiAssertions - Asserting body is not empty
07:22:48.895 [TestNG-PoolService-4] INFO  RestClient - --> DELETE /booking/{id}
07:22:49.141 [TestNG-PoolService-4] INFO  RestClient - <-- DELETE /booking/{id} responded 201 in 245 ms
07:22:49.142 [TestNG-PoolService-4] INFO  ApiAssertions - Asserting status code is 201
07:22:49.142 [TestNG-PoolService-4] INFO  ApiAssertions - Asserting response time 227ms is below 30000ms
07:22:49.144 [TestNG-PoolService-4] INFO  RestClient - --> GET /booking/{id}
07:22:49.382 [TestNG-PoolService-4] INFO  RestClient - <-- GET /booking/{id} responded 404 in 238 ms
07:22:49.383 [TestNG-PoolService-4] INFO  ApiAssertions - Asserting status code is 404
07:22:49.383 [TestNG-PoolService-4] INFO  BookingSteps - Confirmed booking 1077 is gone
07:22:49.384 [TestNG-PoolService-4] INFO  Hooks - ### SCENARIO END: Full booking lifecycle - create, read, update, delete using "booking-no-additional-needs.json" -> PASSED
