02:56:20.379 [TestNG-PoolService-1] INFO  Hooks - ### SCENARIO START: Partially update booking name to "Jean-Luc O'Connor"
02:56:20.380 [TestNG-PoolService-1] INFO  Hooks - Obtaining auth token for an @auth scenario
02:56:20.381 [TestNG-PoolService-1] INFO  RestClient - --> POST /auth
02:56:20.741 [TestNG-PoolService-1] INFO  RestClient - <-- POST /auth responded 200 in 360 ms
02:56:20.745 [TestNG-PoolService-1] DEBUG BookingSteps - Payload from generated data: Booking(firstname=Mitch, lastname=Murphy, totalprice=1956, depositpaid=true, bookingdates=BookingDates(checkin=2026-08-26, checkout=2026-09-03), additionalneeds=Chicken Milanese)
02:56:20.746 [TestNG-PoolService-1] INFO  RestClient - --> POST /booking
02:56:21.097 [TestNG-PoolService-1] INFO  RestClient - <-- POST /booking responded 200 in 350 ms
02:56:21.098 [TestNG-PoolService-1] INFO  ApiAssertions - Asserting status code is 200
02:56:21.098 [TestNG-PoolService-1] INFO  ApiAssertions - Asserting content type is JSON
02:56:21.098 [TestNG-PoolService-1] INFO  ApiAssertions - Asserting body is not empty
02:56:21.110 [TestNG-PoolService-1] INFO  ApiAssertions - Asserting field 'bookingid' is present
02:56:21.110 [TestNG-PoolService-1] INFO  ApiAssertions - Asserting response time 340ms is below 30000ms
02:56:21.113 [TestNG-PoolService-1] INFO  BookingSteps - Created booking id 4641
02:56:21.114 [TestNG-PoolService-1] INFO  RestClient - --> PATCH /booking/{id}
02:56:21.463 [TestNG-PoolService-1] INFO  RestClient - <-- PATCH /booking/{id} responded 200 in 349 ms
02:56:21.464 [TestNG-PoolService-1] INFO  ApiAssertions - Asserting status code is 200
02:56:21.464 [TestNG-PoolService-1] INFO  ApiAssertions - Asserting response time 339ms is below 30000ms
02:56:21.465 [TestNG-PoolService-1] INFO  RestClient - --> GET /booking/{id}
02:56:21.810 [TestNG-PoolService-1] INFO  RestClient - <-- GET /booking/{id} responded 200 in 345 ms
02:56:21.811 [TestNG-PoolService-1] INFO  ApiAssertions - Asserting status code is 200
02:56:21.811 [TestNG-PoolService-1] INFO  ApiAssertions - Asserting content type is JSON
02:56:21.811 [TestNG-PoolService-1] INFO  ApiAssertions - Asserting body is not empty
02:56:21.818 [TestNG-PoolService-1] INFO  Hooks - Cleaning up booking 4641
02:56:21.819 [TestNG-PoolService-1] INFO  RestClient - --> DELETE /booking/{id}
02:56:22.190 [TestNG-PoolService-1] INFO  RestClient - <-- DELETE /booking/{id} responded 201 in 371 ms
02:56:22.191 [TestNG-PoolService-1] INFO  Hooks - ### SCENARIO END: Partially update booking name to "Jean-Luc O'Connor" -> PASSED
