07:23:06.686 [TestNG-PoolService-1] INFO  Hooks - ### SCENARIO START: Full booking lifecycle - create, read, update, delete using "create-booking.json"
07:23:06.691 [TestNG-PoolService-1] INFO  Hooks - Obtaining auth token for an @auth scenario
07:23:06.693 [TestNG-PoolService-1] INFO  RestClient - --> POST /auth
07:23:06.769 [TestNG-PoolService-1] INFO  RestClient - <-- POST /auth responded 200 in 76 ms
07:23:07.004 [TestNG-PoolService-1] INFO  JsonDataReader - Loaded test data 'create-booking.json' with dynamic values resolved
07:23:07.025 [TestNG-PoolService-1] DEBUG BookingSteps - Payload from test data file create-booking.json: Booking(firstname=Lessie, lastname=Koelpin, totalprice=350, depositpaid=true, bookingdates=BookingDates(checkin=2026-09-22, checkout=2026-09-29), additionalneeds=Kebab)
07:23:07.026 [TestNG-PoolService-1] INFO  RestClient - --> POST /booking
07:23:07.105 [TestNG-PoolService-1] INFO  RestClient - <-- POST /booking responded 200 in 79 ms
07:23:07.106 [TestNG-PoolService-1] INFO  ApiAssertions - Asserting status code is 200
07:23:07.106 [TestNG-PoolService-1] INFO  ApiAssertions - Asserting content type is JSON
07:23:07.107 [TestNG-PoolService-1] INFO  ApiAssertions - Asserting body is not empty
07:23:07.125 [TestNG-PoolService-1] INFO  ApiAssertions - Asserting field 'bookingid' is present
07:23:07.125 [TestNG-PoolService-1] INFO  ApiAssertions - Asserting response time 42ms is below 30000ms
07:23:07.134 [TestNG-PoolService-1] INFO  BookingSteps - Created booking id 1271
07:23:07.138 [TestNG-PoolService-1] INFO  RestClient - --> GET /booking/{id}
07:23:07.244 [TestNG-PoolService-1] INFO  RestClient - <-- GET /booking/{id} responded 200 in 106 ms
07:23:07.245 [TestNG-PoolService-1] INFO  ApiAssertions - Asserting status code is 200
07:23:07.245 [TestNG-PoolService-1] INFO  ApiAssertions - Asserting content type is JSON
07:23:07.248 [TestNG-PoolService-1] INFO  ApiAssertions - Asserting body is not empty
07:23:07.254 [TestNG-PoolService-1] INFO  JsonDataReader - Loaded test data 'update-booking.json' with dynamic values resolved
07:23:07.254 [TestNG-PoolService-1] DEBUG BookingSteps - Payload from test data file update-booking.json: Booking(firstname=Herminia, lastname=O'Conner, totalprice=1345, depositpaid=false, bookingdates=BookingDates(checkin=2026-10-15, checkout=2026-10-30), additionalneeds=Late checkout)
07:23:07.267 [TestNG-PoolService-1] INFO  RestClient - --> PUT /booking/{id}
07:23:07.348 [TestNG-PoolService-1] INFO  RestClient - <-- PUT /booking/{id} responded 200 in 81 ms
07:23:07.348 [TestNG-PoolService-1] INFO  BookingSteps - Updated booking 1271 from update-booking.json
07:23:07.349 [TestNG-PoolService-1] INFO  ApiAssertions - Asserting status code is 200
07:23:07.353 [TestNG-PoolService-1] INFO  ApiAssertions - Asserting response time 45ms is below 30000ms
07:23:07.354 [TestNG-PoolService-1] INFO  RestClient - --> GET /booking/{id}
07:23:07.426 [TestNG-PoolService-1] INFO  RestClient - <-- GET /booking/{id} responded 200 in 72 ms
07:23:07.427 [TestNG-PoolService-1] INFO  ApiAssertions - Asserting status code is 200
07:23:07.427 [TestNG-PoolService-1] INFO  ApiAssertions - Asserting content type is JSON
07:23:07.427 [TestNG-PoolService-1] INFO  ApiAssertions - Asserting body is not empty
07:23:07.442 [TestNG-PoolService-1] INFO  RestClient - --> DELETE /booking/{id}
07:23:07.518 [TestNG-PoolService-1] INFO  RestClient - <-- DELETE /booking/{id} responded 201 in 75 ms
07:23:07.519 [TestNG-PoolService-1] INFO  ApiAssertions - Asserting status code is 201
07:23:07.519 [TestNG-PoolService-1] INFO  ApiAssertions - Asserting response time 35ms is below 30000ms
07:23:07.520 [TestNG-PoolService-1] INFO  RestClient - --> GET /booking/{id}
07:23:07.568 [TestNG-PoolService-1] INFO  RestClient - <-- GET /booking/{id} responded 404 in 47 ms
07:23:07.569 [TestNG-PoolService-1] INFO  ApiAssertions - Asserting status code is 404
07:23:07.569 [TestNG-PoolService-1] INFO  BookingSteps - Confirmed booking 1271 is gone
07:23:07.570 [TestNG-PoolService-1] INFO  Hooks - ### SCENARIO END: Full booking lifecycle - create, read, update, delete using "create-booking.json" -> PASSED
