07:44:41.182 [TestNG-PoolService-3] INFO  Hooks - ### SCENARIO START: Partially update booking name to "Jean-Luc O'Connor"
07:44:41.190 [TestNG-PoolService-3] INFO  Hooks - Obtaining auth token for an @auth scenario
07:44:41.191 [TestNG-PoolService-3] INFO  RestClient - --> POST /auth
07:44:41.256 [TestNG-PoolService-3] INFO  RestClient - <-- POST /auth responded 200 in 65 ms
07:44:41.259 [TestNG-PoolService-3] DEBUG BookingSteps - Payload from generated data: Booking(firstname=Raleigh, lastname=Legros, totalprice=1384, depositpaid=true, bookingdates=BookingDates(checkin=2026-10-04, checkout=2026-10-10), additionalneeds=Pasta and Beans)
07:44:41.260 [TestNG-PoolService-3] INFO  RestClient - --> POST /booking
07:44:41.315 [TestNG-PoolService-3] INFO  RestClient - <-- POST /booking responded 200 in 54 ms
07:44:41.316 [TestNG-PoolService-3] INFO  ApiAssertions - Asserting status code is 200
07:44:41.316 [TestNG-PoolService-3] INFO  ApiAssertions - Asserting content type is JSON
07:44:41.317 [TestNG-PoolService-3] INFO  ApiAssertions - Asserting body is not empty
07:44:41.332 [TestNG-PoolService-3] INFO  ApiAssertions - Asserting field 'bookingid' is present
07:44:41.333 [TestNG-PoolService-3] INFO  ApiAssertions - Asserting response time 43ms is below 30000ms
07:44:41.336 [TestNG-PoolService-3] INFO  BookingSteps - Created booking id 2182
07:44:41.338 [TestNG-PoolService-3] INFO  RestClient - --> PATCH /booking/{id}
07:44:41.403 [TestNG-PoolService-3] INFO  RestClient - <-- PATCH /booking/{id} responded 200 in 65 ms
07:44:41.404 [TestNG-PoolService-3] INFO  ApiAssertions - Asserting status code is 200
07:44:41.404 [TestNG-PoolService-3] INFO  ApiAssertions - Asserting response time 52ms is below 30000ms
07:44:41.408 [TestNG-PoolService-3] INFO  RestClient - --> GET /booking/{id}
07:44:41.479 [TestNG-PoolService-3] INFO  RestClient - <-- GET /booking/{id} responded 200 in 71 ms
07:44:41.480 [TestNG-PoolService-3] INFO  ApiAssertions - Asserting status code is 200
07:44:41.480 [TestNG-PoolService-3] INFO  ApiAssertions - Asserting content type is JSON
07:44:41.480 [TestNG-PoolService-3] INFO  ApiAssertions - Asserting body is not empty
07:44:41.485 [TestNG-PoolService-3] INFO  Hooks - Cleaning up booking 2182
07:44:41.488 [TestNG-PoolService-3] INFO  RestClient - --> DELETE /booking/{id}
07:44:41.548 [TestNG-PoolService-3] INFO  RestClient - <-- DELETE /booking/{id} responded 201 in 60 ms
07:44:41.549 [TestNG-PoolService-3] INFO  Hooks - ### SCENARIO END: Partially update booking name to "Jean-Luc O'Connor" -> PASSED
