08:12:48.867 [TestNG-PoolService-2] INFO  Hooks - ### SCENARIO START: Partially update booking name to "Sara Ali"
08:12:48.869 [TestNG-PoolService-2] INFO  Hooks - Obtaining auth token for an @auth scenario
08:12:48.870 [TestNG-PoolService-2] INFO  RestClient - --> POST /auth
08:12:48.983 [TestNG-PoolService-2] INFO  RestClient - <-- POST /auth responded 200 in 113 ms
08:12:48.993 [TestNG-PoolService-2] DEBUG BookingSteps - Payload from generated data: Booking(firstname=Thea, lastname=West, totalprice=1102, depositpaid=false, bookingdates=BookingDates(checkin=2026-10-12, checkout=2026-10-18), additionalneeds=Salmon Nigiri)
08:12:48.994 [TestNG-PoolService-2] INFO  RestClient - --> POST /booking
08:12:49.123 [TestNG-PoolService-2] INFO  RestClient - <-- POST /booking responded 200 in 129 ms
08:12:49.123 [TestNG-PoolService-2] INFO  ApiAssertions - Asserting status code is 200
08:12:49.123 [TestNG-PoolService-2] INFO  ApiAssertions - Asserting content type is JSON
08:12:49.124 [TestNG-PoolService-2] INFO  ApiAssertions - Asserting body is not empty
08:12:49.141 [TestNG-PoolService-2] INFO  ApiAssertions - Asserting field 'bookingid' is present
08:12:49.141 [TestNG-PoolService-2] INFO  ApiAssertions - Asserting response time 111ms is below 30000ms
08:12:49.144 [TestNG-PoolService-2] INFO  BookingSteps - Created booking id 1091
08:12:49.150 [TestNG-PoolService-2] INFO  RestClient - --> PATCH /booking/{id}
08:12:49.278 [TestNG-PoolService-2] INFO  RestClient - <-- PATCH /booking/{id} responded 200 in 128 ms
08:12:49.278 [TestNG-PoolService-2] INFO  ApiAssertions - Asserting status code is 200
08:12:49.278 [TestNG-PoolService-2] INFO  ApiAssertions - Asserting response time 108ms is below 30000ms
08:12:49.280 [TestNG-PoolService-2] INFO  RestClient - --> GET /booking/{id}
08:12:49.389 [TestNG-PoolService-2] INFO  RestClient - <-- GET /booking/{id} responded 200 in 109 ms
08:12:49.390 [TestNG-PoolService-2] INFO  ApiAssertions - Asserting status code is 200
08:12:49.393 [TestNG-PoolService-2] INFO  ApiAssertions - Asserting content type is JSON
08:12:49.394 [TestNG-PoolService-2] INFO  ApiAssertions - Asserting body is not empty
08:12:49.398 [TestNG-PoolService-2] INFO  Hooks - Cleaning up booking 1091
08:12:49.399 [TestNG-PoolService-2] INFO  RestClient - --> DELETE /booking/{id}
08:12:49.506 [TestNG-PoolService-2] INFO  RestClient - <-- DELETE /booking/{id} responded 201 in 107 ms
08:12:49.508 [TestNG-PoolService-2] INFO  Hooks - ### SCENARIO END: Partially update booking name to "Sara Ali" -> PASSED
