08:30:13.250 [TestNG-PoolService-3] INFO  Hooks - ### SCENARIO START: Full booking lifecycle - create, read, update, delete using "booking-no-additional-needs.json"
08:30:13.250 [TestNG-PoolService-3] INFO  Hooks - Obtaining auth token for an @auth scenario
08:30:13.254 [TestNG-PoolService-3] INFO  RestClient - --> POST /auth
08:30:13.479 [TestNG-PoolService-3] INFO  RestClient - <-- POST /auth responded 200 in 225 ms
08:30:13.482 [TestNG-PoolService-3] INFO  JsonDataReader - Loaded test data 'booking-no-additional-needs.json' with dynamic values resolved
08:30:13.496 [TestNG-PoolService-3] DEBUG BookingSteps - Payload from test data file booking-no-additional-needs.json: Booking(firstname=Rodrick, lastname=Balistreri, totalprice=119, depositpaid=false, bookingdates=BookingDates(checkin=2026-10-02, checkout=2026-10-04), additionalneeds=null)
08:30:13.497 [TestNG-PoolService-3] INFO  RestClient - --> POST /booking
08:30:13.678 [TestNG-PoolService-3] INFO  RestClient - <-- POST /booking responded 200 in 179 ms
08:30:13.679 [TestNG-PoolService-3] INFO  ApiAssertions - Asserting status code is 200
08:30:13.679 [TestNG-PoolService-3] INFO  ApiAssertions - Asserting content type is JSON
08:30:13.679 [TestNG-PoolService-3] INFO  ApiAssertions - Asserting body is not empty
08:30:13.687 [TestNG-PoolService-3] INFO  ApiAssertions - Asserting field 'bookingid' is present
08:30:13.688 [TestNG-PoolService-3] INFO  ApiAssertions - Asserting response time 157ms is below 30000ms
08:30:13.690 [TestNG-PoolService-3] INFO  BookingSteps - Created booking id 4856
08:30:13.691 [TestNG-PoolService-3] INFO  RestClient - --> GET /booking/{id}
08:30:13.906 [TestNG-PoolService-3] INFO  RestClient - <-- GET /booking/{id} responded 200 in 214 ms
08:30:13.906 [TestNG-PoolService-3] INFO  ApiAssertions - Asserting status code is 200
08:30:13.907 [TestNG-PoolService-3] INFO  ApiAssertions - Asserting content type is JSON
08:30:13.907 [TestNG-PoolService-3] INFO  ApiAssertions - Asserting body is not empty
08:30:13.910 [TestNG-PoolService-3] INFO  JsonDataReader - Loaded test data 'booking-long-stay.json' with dynamic values resolved
08:30:13.911 [TestNG-PoolService-3] DEBUG BookingSteps - Payload from test data file booking-long-stay.json: Booking(firstname=Kurtis, lastname=Rodriguez, totalprice=4059, depositpaid=true, bookingdates=BookingDates(checkin=2026-11-30, checkout=2027-01-29), additionalneeds=Airport transfer)
08:30:13.922 [TestNG-PoolService-3] INFO  RestClient - --> PUT /booking/{id}
08:30:14.097 [TestNG-PoolService-3] INFO  RestClient - <-- PUT /booking/{id} responded 200 in 175 ms
08:30:14.098 [TestNG-PoolService-3] INFO  BookingSteps - Updated booking 4856 from booking-long-stay.json
08:30:14.098 [TestNG-PoolService-3] INFO  ApiAssertions - Asserting status code is 200
08:30:14.099 [TestNG-PoolService-3] INFO  ApiAssertions - Asserting response time 159ms is below 30000ms
08:30:14.101 [TestNG-PoolService-3] INFO  RestClient - --> GET /booking/{id}
08:30:14.261 [TestNG-PoolService-3] INFO  RestClient - <-- GET /booking/{id} responded 200 in 160 ms
08:30:14.262 [TestNG-PoolService-3] INFO  ApiAssertions - Asserting status code is 200
08:30:14.262 [TestNG-PoolService-3] INFO  ApiAssertions - Asserting content type is JSON
08:30:14.262 [TestNG-PoolService-3] INFO  ApiAssertions - Asserting body is not empty
08:30:14.265 [TestNG-PoolService-3] INFO  RestClient - --> DELETE /booking/{id}
08:30:14.428 [TestNG-PoolService-3] INFO  RestClient - <-- DELETE /booking/{id} responded 201 in 163 ms
08:30:14.428 [TestNG-PoolService-3] INFO  ApiAssertions - Asserting status code is 201
08:30:14.428 [TestNG-PoolService-3] INFO  ApiAssertions - Asserting response time 155ms is below 30000ms
08:30:14.430 [TestNG-PoolService-3] INFO  RestClient - --> GET /booking/{id}
08:30:14.646 [TestNG-PoolService-3] INFO  RestClient - <-- GET /booking/{id} responded 404 in 215 ms
08:30:14.646 [TestNG-PoolService-3] INFO  ApiAssertions - Asserting status code is 404
08:30:14.646 [TestNG-PoolService-3] INFO  BookingSteps - Confirmed booking 4856 is gone
08:30:14.649 [TestNG-PoolService-3] INFO  Hooks - ### SCENARIO END: Full booking lifecycle - create, read, update, delete using "booking-no-additional-needs.json" -> PASSED
