07:30:12.044 [TestNG-PoolService-1] INFO  Hooks - ### SCENARIO START: Partially update booking name to "Sara Ali"
07:30:12.045 [TestNG-PoolService-1] INFO  Hooks - Obtaining auth token for an @auth scenario
07:30:12.046 [TestNG-PoolService-1] INFO  RestClient - --> POST /auth
07:30:12.175 [TestNG-PoolService-1] INFO  RestClient - <-- POST /auth responded 200 in 129 ms
07:30:12.179 [TestNG-PoolService-1] DEBUG BookingSteps - Payload from generated data: Booking(firstname=Buddy, lastname=Emard, totalprice=769, depositpaid=false, bookingdates=BookingDates(checkin=2026-10-08, checkout=2026-10-15), additionalneeds=Philadelphia Maki)
07:30:12.180 [TestNG-PoolService-1] INFO  RestClient - --> POST /booking
07:30:12.336 [TestNG-PoolService-1] INFO  RestClient - <-- POST /booking responded 200 in 156 ms
07:30:12.336 [TestNG-PoolService-1] INFO  ApiAssertions - Asserting status code is 200
07:30:12.337 [TestNG-PoolService-1] INFO  ApiAssertions - Asserting content type is JSON
07:30:12.337 [TestNG-PoolService-1] INFO  ApiAssertions - Asserting body is not empty
07:30:12.354 [TestNG-PoolService-1] INFO  ApiAssertions - Asserting field 'bookingid' is present
07:30:12.354 [TestNG-PoolService-1] INFO  ApiAssertions - Asserting response time 130ms is below 30000ms
07:30:12.357 [TestNG-PoolService-1] INFO  BookingSteps - Created booking id 5087
07:30:12.359 [TestNG-PoolService-1] INFO  RestClient - --> PATCH /booking/{id}
07:30:12.501 [TestNG-PoolService-1] INFO  RestClient - <-- PATCH /booking/{id} responded 200 in 142 ms
07:30:12.501 [TestNG-PoolService-1] INFO  ApiAssertions - Asserting status code is 200
07:30:12.502 [TestNG-PoolService-1] INFO  ApiAssertions - Asserting response time 124ms is below 30000ms
07:30:12.503 [TestNG-PoolService-1] INFO  RestClient - --> GET /booking/{id}
07:30:12.628 [TestNG-PoolService-1] INFO  RestClient - <-- GET /booking/{id} responded 200 in 123 ms
07:30:12.629 [TestNG-PoolService-1] INFO  ApiAssertions - Asserting status code is 200
07:30:12.629 [TestNG-PoolService-1] INFO  ApiAssertions - Asserting content type is JSON
07:30:12.629 [TestNG-PoolService-1] INFO  ApiAssertions - Asserting body is not empty
07:30:12.632 [TestNG-PoolService-1] INFO  Hooks - Cleaning up booking 5087
07:30:12.633 [TestNG-PoolService-1] INFO  RestClient - --> DELETE /booking/{id}
07:30:12.742 [TestNG-PoolService-1] INFO  RestClient - <-- DELETE /booking/{id} responded 201 in 109 ms
07:30:12.743 [TestNG-PoolService-1] INFO  Hooks - ### SCENARIO END: Partially update booking name to "Sara Ali" -> PASSED
