03:02:24.123 [TestNG-PoolService-3] INFO  Hooks - ### SCENARIO START: Partially update booking name to "Sara Ali"
03:02:24.135 [TestNG-PoolService-3] INFO  Hooks - Obtaining auth token for an @auth scenario
03:02:24.137 [TestNG-PoolService-3] INFO  RestClient - --> POST /auth
03:02:24.339 [TestNG-PoolService-3] INFO  RestClient - <-- POST /auth responded 200 in 202 ms
03:02:24.346 [TestNG-PoolService-3] DEBUG BookingSteps - Payload from generated data: Booking(firstname=Jerry, lastname=Runolfsdottir, totalprice=193, depositpaid=true, bookingdates=BookingDates(checkin=2026-09-01, checkout=2026-09-11), additionalneeds=Caesar Salad)
03:02:24.347 [TestNG-PoolService-3] INFO  RestClient - --> POST /booking
03:02:24.486 [TestNG-PoolService-3] INFO  RestClient - <-- POST /booking responded 200 in 138 ms
03:02:24.486 [TestNG-PoolService-3] INFO  ApiAssertions - Asserting status code is 200
03:02:24.486 [TestNG-PoolService-3] INFO  ApiAssertions - Asserting content type is JSON
03:02:24.487 [TestNG-PoolService-3] INFO  ApiAssertions - Asserting body is not empty
03:02:24.512 [TestNG-PoolService-3] INFO  ApiAssertions - Asserting field 'bookingid' is present
03:02:24.513 [TestNG-PoolService-3] INFO  ApiAssertions - Asserting response time 113ms is below 30000ms
03:02:24.519 [TestNG-PoolService-3] INFO  BookingSteps - Created booking id 367
03:02:24.522 [TestNG-PoolService-3] INFO  RestClient - --> PATCH /booking/{id}
03:02:24.639 [TestNG-PoolService-3] INFO  RestClient - <-- PATCH /booking/{id} responded 200 in 117 ms
03:02:24.642 [TestNG-PoolService-3] INFO  ApiAssertions - Asserting status code is 200
03:02:24.643 [TestNG-PoolService-3] INFO  ApiAssertions - Asserting response time 108ms is below 30000ms
03:02:24.644 [TestNG-PoolService-3] INFO  RestClient - --> GET /booking/{id}
03:02:24.755 [TestNG-PoolService-3] INFO  RestClient - <-- GET /booking/{id} responded 200 in 111 ms
03:02:24.756 [TestNG-PoolService-3] INFO  ApiAssertions - Asserting status code is 200
03:02:24.756 [TestNG-PoolService-3] INFO  ApiAssertions - Asserting content type is JSON
03:02:24.756 [TestNG-PoolService-3] INFO  ApiAssertions - Asserting body is not empty
03:02:24.762 [TestNG-PoolService-3] INFO  Hooks - Cleaning up booking 367
03:02:24.763 [TestNG-PoolService-3] INFO  RestClient - --> DELETE /booking/{id}
03:02:24.875 [TestNG-PoolService-3] INFO  RestClient - <-- DELETE /booking/{id} responded 201 in 112 ms
03:02:24.876 [TestNG-PoolService-3] INFO  Hooks - ### SCENARIO END: Partially update booking name to "Sara Ali" -> PASSED
