07:40:51.634 [TestNG-PoolService-2] INFO  Hooks - ### SCENARIO START: Full booking lifecycle - create, read, update, delete using "booking-no-additional-needs.json"
07:40:51.635 [TestNG-PoolService-2] INFO  Hooks - Obtaining auth token for an @auth scenario
07:40:51.644 [TestNG-PoolService-2] INFO  RestClient - --> POST /auth
07:40:51.712 [TestNG-PoolService-2] INFO  RestClient - <-- POST /auth responded 200 in 68 ms
07:40:51.927 [TestNG-PoolService-2] INFO  JsonDataReader - Loaded test data 'booking-no-additional-needs.json' with dynamic values resolved
07:40:51.958 [TestNG-PoolService-2] DEBUG BookingSteps - Payload from test data file booking-no-additional-needs.json: Booking(firstname=Sona, lastname=Hammes, totalprice=70, depositpaid=false, bookingdates=BookingDates(checkin=2026-09-15, checkout=2026-09-17), additionalneeds=null)
07:40:51.959 [TestNG-PoolService-2] INFO  RestClient - --> POST /booking
07:40:52.036 [TestNG-PoolService-2] INFO  RestClient - <-- POST /booking responded 200 in 77 ms
07:40:52.040 [TestNG-PoolService-2] INFO  ApiAssertions - Asserting status code is 200
07:40:52.041 [TestNG-PoolService-2] INFO  ApiAssertions - Asserting content type is JSON
07:40:52.041 [TestNG-PoolService-2] INFO  ApiAssertions - Asserting body is not empty
07:40:52.061 [TestNG-PoolService-2] INFO  ApiAssertions - Asserting field 'bookingid' is present
07:40:52.062 [TestNG-PoolService-2] INFO  ApiAssertions - Asserting response time 42ms is below 30000ms
07:40:52.071 [TestNG-PoolService-2] INFO  BookingSteps - Created booking id 33
07:40:52.074 [TestNG-PoolService-2] INFO  RestClient - --> GET /booking/{id}
07:40:52.185 [TestNG-PoolService-2] INFO  RestClient - <-- GET /booking/{id} responded 200 in 111 ms
07:40:52.186 [TestNG-PoolService-2] INFO  ApiAssertions - Asserting status code is 200
07:40:52.187 [TestNG-PoolService-2] INFO  ApiAssertions - Asserting content type is JSON
07:40:52.187 [TestNG-PoolService-2] INFO  ApiAssertions - Asserting body is not empty
07:40:52.191 [TestNG-PoolService-2] INFO  JsonDataReader - Loaded test data 'booking-long-stay.json' with dynamic values resolved
07:40:52.192 [TestNG-PoolService-2] DEBUG BookingSteps - Payload from test data file booking-long-stay.json: Booking(firstname=Bebe, lastname=Durgan, totalprice=4017, depositpaid=true, bookingdates=BookingDates(checkin=2026-11-13, checkout=2027-01-12), additionalneeds=Airport transfer)
07:40:52.209 [TestNG-PoolService-2] INFO  RestClient - --> PUT /booking/{id}
07:40:52.296 [TestNG-PoolService-2] INFO  RestClient - <-- PUT /booking/{id} responded 200 in 87 ms
07:40:52.296 [TestNG-PoolService-2] INFO  BookingSteps - Updated booking 33 from booking-long-stay.json
07:40:52.301 [TestNG-PoolService-2] INFO  ApiAssertions - Asserting status code is 200
07:40:52.302 [TestNG-PoolService-2] INFO  ApiAssertions - Asserting response time 43ms is below 30000ms
07:40:52.307 [TestNG-PoolService-2] INFO  RestClient - --> GET /booking/{id}
07:40:52.374 [TestNG-PoolService-2] INFO  RestClient - <-- GET /booking/{id} responded 200 in 67 ms
07:40:52.378 [TestNG-PoolService-2] INFO  ApiAssertions - Asserting status code is 200
07:40:52.378 [TestNG-PoolService-2] INFO  ApiAssertions - Asserting content type is JSON
07:40:52.378 [TestNG-PoolService-2] INFO  ApiAssertions - Asserting body is not empty
07:40:52.394 [TestNG-PoolService-2] INFO  RestClient - --> DELETE /booking/{id}
07:40:52.473 [TestNG-PoolService-2] INFO  RestClient - <-- DELETE /booking/{id} responded 201 in 78 ms
07:40:52.474 [TestNG-PoolService-2] INFO  ApiAssertions - Asserting status code is 201
07:40:52.474 [TestNG-PoolService-2] INFO  ApiAssertions - Asserting response time 40ms is below 30000ms
07:40:52.481 [TestNG-PoolService-2] INFO  RestClient - --> GET /booking/{id}
07:40:52.560 [TestNG-PoolService-2] INFO  RestClient - <-- GET /booking/{id} responded 404 in 79 ms
07:40:52.561 [TestNG-PoolService-2] INFO  ApiAssertions - Asserting status code is 404
07:40:52.565 [TestNG-PoolService-2] INFO  BookingSteps - Confirmed booking 33 is gone
07:40:52.567 [TestNG-PoolService-2] INFO  Hooks - ### SCENARIO END: Full booking lifecycle - create, read, update, delete using "booking-no-additional-needs.json" -> PASSED
