07:03:00.600 [TestNG-PoolService-2] INFO  Hooks - ### SCENARIO START: Full booking lifecycle - create, read, update, delete using "booking-no-additional-needs.json"
07:03:00.600 [TestNG-PoolService-2] INFO  Hooks - Obtaining auth token for an @auth scenario
07:03:00.601 [TestNG-PoolService-2] INFO  RestClient - --> POST /auth
07:03:00.853 [TestNG-PoolService-2] INFO  RestClient - <-- POST /auth responded 200 in 251 ms
07:03:00.927 [TestNG-PoolService-2] INFO  JsonDataReader - Loaded test data 'booking-no-additional-needs.json' with dynamic values resolved
07:03:00.947 [TestNG-PoolService-2] DEBUG BookingSteps - Payload from test data file booking-no-additional-needs.json: Booking(firstname=Dylan, lastname=Murphy, totalprice=65, depositpaid=false, bookingdates=BookingDates(checkin=2026-09-05, checkout=2026-09-07), additionalneeds=null)
07:03:00.954 [TestNG-PoolService-2] INFO  RestClient - --> POST /booking
07:03:01.158 [TestNG-PoolService-2] INFO  RestClient - <-- POST /booking responded 200 in 203 ms
07:03:01.161 [TestNG-PoolService-2] INFO  ApiAssertions - Asserting status code is 200
07:03:01.161 [TestNG-PoolService-2] INFO  ApiAssertions - Asserting content type is JSON
07:03:01.161 [TestNG-PoolService-2] INFO  ApiAssertions - Asserting body is not empty
07:03:01.170 [TestNG-PoolService-2] INFO  ApiAssertions - Asserting field 'bookingid' is present
07:03:01.170 [TestNG-PoolService-2] INFO  ApiAssertions - Asserting response time 182ms is below 30000ms
07:03:01.174 [TestNG-PoolService-2] INFO  BookingSteps - Created booking id 876
07:03:01.175 [TestNG-PoolService-2] INFO  RestClient - --> GET /booking/{id}
07:03:01.388 [TestNG-PoolService-2] INFO  RestClient - <-- GET /booking/{id} responded 200 in 213 ms
07:03:01.389 [TestNG-PoolService-2] INFO  ApiAssertions - Asserting status code is 200
07:03:01.389 [TestNG-PoolService-2] INFO  ApiAssertions - Asserting content type is JSON
07:03:01.389 [TestNG-PoolService-2] INFO  ApiAssertions - Asserting body is not empty
07:03:01.393 [TestNG-PoolService-2] INFO  JsonDataReader - Loaded test data 'booking-long-stay.json' with dynamic values resolved
07:03:01.393 [TestNG-PoolService-2] DEBUG BookingSteps - Payload from test data file booking-long-stay.json: Booking(firstname=Mertie, lastname=Cummerata, totalprice=5556, depositpaid=true, bookingdates=BookingDates(checkin=2026-11-03, checkout=2027-01-02), additionalneeds=Airport transfer)
07:03:01.431 [TestNG-PoolService-2] INFO  RestClient - --> PUT /booking/{id}
07:03:01.644 [TestNG-PoolService-2] INFO  RestClient - <-- PUT /booking/{id} responded 200 in 213 ms
07:03:01.645 [TestNG-PoolService-2] INFO  BookingSteps - Updated booking 876 from booking-long-stay.json
07:03:01.645 [TestNG-PoolService-2] INFO  ApiAssertions - Asserting status code is 200
07:03:01.645 [TestNG-PoolService-2] INFO  ApiAssertions - Asserting response time 193ms is below 30000ms
07:03:01.646 [TestNG-PoolService-2] INFO  RestClient - --> GET /booking/{id}
07:03:01.836 [TestNG-PoolService-2] INFO  RestClient - <-- GET /booking/{id} responded 200 in 190 ms
07:03:01.836 [TestNG-PoolService-2] INFO  ApiAssertions - Asserting status code is 200
07:03:01.837 [TestNG-PoolService-2] INFO  ApiAssertions - Asserting content type is JSON
07:03:01.837 [TestNG-PoolService-2] INFO  ApiAssertions - Asserting body is not empty
07:03:01.839 [TestNG-PoolService-2] INFO  RestClient - --> DELETE /booking/{id}
07:03:02.058 [TestNG-PoolService-2] INFO  RestClient - <-- DELETE /booking/{id} responded 201 in 218 ms
07:03:02.059 [TestNG-PoolService-2] INFO  ApiAssertions - Asserting status code is 201
07:03:02.059 [TestNG-PoolService-2] INFO  ApiAssertions - Asserting response time 213ms is below 30000ms
07:03:02.060 [TestNG-PoolService-2] INFO  RestClient - --> GET /booking/{id}
07:03:02.216 [TestNG-PoolService-2] INFO  RestClient - <-- GET /booking/{id} responded 404 in 156 ms
07:03:02.216 [TestNG-PoolService-2] INFO  ApiAssertions - Asserting status code is 404
07:03:02.216 [TestNG-PoolService-2] INFO  BookingSteps - Confirmed booking 876 is gone
07:03:02.217 [TestNG-PoolService-2] INFO  Hooks - ### SCENARIO END: Full booking lifecycle - create, read, update, delete using "booking-no-additional-needs.json" -> PASSED
