07:10:38.480 [TestNG-PoolService-3] INFO  Hooks - ### SCENARIO START: Full booking lifecycle - create, read, update, delete using "create-booking.json"
07:10:38.480 [TestNG-PoolService-3] INFO  Hooks - Obtaining auth token for an @auth scenario
07:10:38.482 [TestNG-PoolService-3] INFO  RestClient - --> POST /auth
07:10:38.796 [TestNG-PoolService-3] INFO  RestClient - <-- POST /auth responded 200 in 314 ms
07:10:38.806 [TestNG-PoolService-3] INFO  JsonDataReader - Loaded test data 'create-booking.json' with dynamic values resolved
07:10:38.809 [TestNG-PoolService-3] DEBUG BookingSteps - Payload from test data file create-booking.json: Booking(firstname=Peter, lastname=Greenfelder, totalprice=327, depositpaid=true, bookingdates=BookingDates(checkin=2026-09-25, checkout=2026-10-02), additionalneeds=Hummus)
07:10:38.813 [TestNG-PoolService-3] INFO  RestClient - --> POST /booking
07:10:39.131 [TestNG-PoolService-3] INFO  RestClient - <-- POST /booking responded 200 in 318 ms
07:10:39.131 [TestNG-PoolService-3] INFO  ApiAssertions - Asserting status code is 200
07:10:39.131 [TestNG-PoolService-3] INFO  ApiAssertions - Asserting content type is JSON
07:10:39.132 [TestNG-PoolService-3] INFO  ApiAssertions - Asserting body is not empty
07:10:39.151 [TestNG-PoolService-3] INFO  ApiAssertions - Asserting field 'bookingid' is present
07:10:39.151 [TestNG-PoolService-3] INFO  ApiAssertions - Asserting response time 289ms is below 30000ms
07:10:39.157 [TestNG-PoolService-3] INFO  BookingSteps - Created booking id 5261
07:10:39.163 [TestNG-PoolService-3] INFO  RestClient - --> GET /booking/{id}
07:10:39.520 [TestNG-PoolService-3] INFO  RestClient - <-- GET /booking/{id} responded 200 in 355 ms
07:10:39.524 [TestNG-PoolService-3] INFO  ApiAssertions - Asserting status code is 200
07:10:39.524 [TestNG-PoolService-3] INFO  ApiAssertions - Asserting content type is JSON
07:10:39.524 [TestNG-PoolService-3] INFO  ApiAssertions - Asserting body is not empty
07:10:39.530 [TestNG-PoolService-3] INFO  JsonDataReader - Loaded test data 'update-booking.json' with dynamic values resolved
07:10:39.530 [TestNG-PoolService-3] DEBUG BookingSteps - Payload from test data file update-booking.json: Booking(firstname=Cayla, lastname=Reichert, totalprice=4614, depositpaid=true, bookingdates=BookingDates(checkin=2026-10-18, checkout=2026-11-02), additionalneeds=Late checkout)
07:10:39.534 [TestNG-PoolService-3] INFO  RestClient - --> PUT /booking/{id}
07:10:39.841 [TestNG-PoolService-3] INFO  RestClient - <-- PUT /booking/{id} responded 200 in 307 ms
07:10:39.841 [TestNG-PoolService-3] INFO  BookingSteps - Updated booking 5261 from update-booking.json
07:10:39.841 [TestNG-PoolService-3] INFO  ApiAssertions - Asserting status code is 200
07:10:39.842 [TestNG-PoolService-3] INFO  ApiAssertions - Asserting response time 281ms is below 30000ms
07:10:39.843 [TestNG-PoolService-3] INFO  RestClient - --> GET /booking/{id}
07:10:40.138 [TestNG-PoolService-3] INFO  RestClient - <-- GET /booking/{id} responded 200 in 295 ms
07:10:40.138 [TestNG-PoolService-3] INFO  ApiAssertions - Asserting status code is 200
07:10:40.138 [TestNG-PoolService-3] INFO  ApiAssertions - Asserting content type is JSON
07:10:40.139 [TestNG-PoolService-3] INFO  ApiAssertions - Asserting body is not empty
07:10:40.142 [TestNG-PoolService-3] INFO  RestClient - --> DELETE /booking/{id}
07:10:40.439 [TestNG-PoolService-3] INFO  RestClient - <-- DELETE /booking/{id} responded 201 in 297 ms
07:10:40.440 [TestNG-PoolService-3] INFO  ApiAssertions - Asserting status code is 201
07:10:40.440 [TestNG-PoolService-3] INFO  ApiAssertions - Asserting response time 288ms is below 30000ms
07:10:40.442 [TestNG-PoolService-3] INFO  RestClient - --> GET /booking/{id}
07:10:40.736 [TestNG-PoolService-3] INFO  RestClient - <-- GET /booking/{id} responded 404 in 294 ms
07:10:40.736 [TestNG-PoolService-3] INFO  ApiAssertions - Asserting status code is 404
07:10:40.737 [TestNG-PoolService-3] INFO  BookingSteps - Confirmed booking 5261 is gone
07:10:40.738 [TestNG-PoolService-3] INFO  Hooks - ### SCENARIO END: Full booking lifecycle - create, read, update, delete using "create-booking.json" -> PASSED
