08:33:08.137 [TestNG-PoolService-1] INFO  Hooks - ### SCENARIO START: Full booking lifecycle - create, read, update, delete using "booking-no-additional-needs.json"
08:33:08.138 [TestNG-PoolService-1] INFO  Hooks - Obtaining auth token for an @auth scenario
08:33:08.139 [TestNG-PoolService-1] INFO  RestClient - --> POST /auth
08:33:08.362 [TestNG-PoolService-1] INFO  RestClient - <-- POST /auth responded 200 in 222 ms
08:33:08.373 [TestNG-PoolService-1] INFO  JsonDataReader - Loaded test data 'booking-no-additional-needs.json' with dynamic values resolved
08:33:08.377 [TestNG-PoolService-1] DEBUG BookingSteps - Payload from test data file booking-no-additional-needs.json: Booking(firstname=Marcell, lastname=Borer, totalprice=64, depositpaid=false, bookingdates=BookingDates(checkin=2026-10-09, checkout=2026-10-11), additionalneeds=null)
08:33:08.378 [TestNG-PoolService-1] INFO  RestClient - --> POST /booking
08:33:08.608 [TestNG-PoolService-1] INFO  RestClient - <-- POST /booking responded 200 in 225 ms
08:33:08.611 [TestNG-PoolService-1] INFO  ApiAssertions - Asserting status code is 200
08:33:08.611 [TestNG-PoolService-1] INFO  ApiAssertions - Asserting content type is JSON
08:33:08.611 [TestNG-PoolService-1] INFO  ApiAssertions - Asserting body is not empty
08:33:08.636 [TestNG-PoolService-1] INFO  ApiAssertions - Asserting field 'bookingid' is present
08:33:08.636 [TestNG-PoolService-1] INFO  ApiAssertions - Asserting response time 186ms is below 30000ms
08:33:08.643 [TestNG-PoolService-1] INFO  BookingSteps - Created booking id 1156
08:33:08.644 [TestNG-PoolService-1] INFO  RestClient - --> GET /booking/{id}
08:33:08.867 [TestNG-PoolService-1] INFO  RestClient - <-- GET /booking/{id} responded 200 in 222 ms
08:33:08.867 [TestNG-PoolService-1] INFO  ApiAssertions - Asserting status code is 200
08:33:08.868 [TestNG-PoolService-1] INFO  ApiAssertions - Asserting content type is JSON
08:33:08.868 [TestNG-PoolService-1] INFO  ApiAssertions - Asserting body is not empty
08:33:08.873 [TestNG-PoolService-1] INFO  JsonDataReader - Loaded test data 'booking-long-stay.json' with dynamic values resolved
08:33:08.874 [TestNG-PoolService-1] DEBUG BookingSteps - Payload from test data file booking-long-stay.json: Booking(firstname=Rupert, lastname=Kiehn, totalprice=5042, depositpaid=true, bookingdates=BookingDates(checkin=2026-12-07, checkout=2027-02-05), additionalneeds=Airport transfer)
08:33:08.883 [TestNG-PoolService-1] INFO  RestClient - --> PUT /booking/{id}
08:33:09.098 [TestNG-PoolService-1] INFO  RestClient - <-- PUT /booking/{id} responded 200 in 214 ms
08:33:09.098 [TestNG-PoolService-1] INFO  BookingSteps - Updated booking 1156 from booking-long-stay.json
08:33:09.098 [TestNG-PoolService-1] INFO  ApiAssertions - Asserting status code is 200
08:33:09.099 [TestNG-PoolService-1] INFO  ApiAssertions - Asserting response time 187ms is below 30000ms
08:33:09.100 [TestNG-PoolService-1] INFO  RestClient - --> GET /booking/{id}
08:33:09.326 [TestNG-PoolService-1] INFO  RestClient - <-- GET /booking/{id} responded 200 in 226 ms
08:33:09.329 [TestNG-PoolService-1] INFO  ApiAssertions - Asserting status code is 200
08:33:09.329 [TestNG-PoolService-1] INFO  ApiAssertions - Asserting content type is JSON
08:33:09.329 [TestNG-PoolService-1] INFO  ApiAssertions - Asserting body is not empty
08:33:09.333 [TestNG-PoolService-1] INFO  RestClient - --> DELETE /booking/{id}
08:33:09.521 [TestNG-PoolService-1] INFO  RestClient - <-- DELETE /booking/{id} responded 201 in 187 ms
08:33:09.522 [TestNG-PoolService-1] INFO  ApiAssertions - Asserting status code is 201
08:33:09.522 [TestNG-PoolService-1] INFO  ApiAssertions - Asserting response time 180ms is below 30000ms
08:33:09.523 [TestNG-PoolService-1] INFO  RestClient - --> GET /booking/{id}
08:33:09.714 [TestNG-PoolService-1] INFO  RestClient - <-- GET /booking/{id} responded 404 in 191 ms
08:33:09.715 [TestNG-PoolService-1] INFO  ApiAssertions - Asserting status code is 404
08:33:09.715 [TestNG-PoolService-1] INFO  BookingSteps - Confirmed booking 1156 is gone
08:33:09.715 [TestNG-PoolService-1] INFO  Hooks - ### SCENARIO END: Full booking lifecycle - create, read, update, delete using "booking-no-additional-needs.json" -> PASSED
