07:45:23.923 [TestNG-PoolService-1] INFO  Hooks - ### SCENARIO START: Partially update booking name to "Jean-Luc O'Connor"
07:45:23.924 [TestNG-PoolService-1] INFO  Hooks - Obtaining auth token for an @auth scenario
07:45:23.925 [TestNG-PoolService-1] INFO  RestClient - --> POST /auth
07:45:24.126 [TestNG-PoolService-1] INFO  RestClient - <-- POST /auth responded 200 in 201 ms
07:45:24.129 [TestNG-PoolService-1] DEBUG BookingSteps - Payload from generated data: Booking(firstname=Shad, lastname=Casper, totalprice=1419, depositpaid=true, bookingdates=BookingDates(checkin=2026-10-22, checkout=2026-10-28), additionalneeds=Poutine)
07:45:24.130 [TestNG-PoolService-1] INFO  RestClient - --> POST /booking
07:45:24.329 [TestNG-PoolService-1] INFO  RestClient - <-- POST /booking responded 200 in 199 ms
07:45:24.329 [TestNG-PoolService-1] INFO  ApiAssertions - Asserting status code is 200
07:45:24.330 [TestNG-PoolService-1] INFO  ApiAssertions - Asserting content type is JSON
07:45:24.330 [TestNG-PoolService-1] INFO  ApiAssertions - Asserting body is not empty
07:45:24.340 [TestNG-PoolService-1] INFO  ApiAssertions - Asserting field 'bookingid' is present
07:45:24.340 [TestNG-PoolService-1] INFO  ApiAssertions - Asserting response time 190ms is below 30000ms
07:45:24.343 [TestNG-PoolService-1] INFO  BookingSteps - Created booking id 2442
07:45:24.344 [TestNG-PoolService-1] INFO  RestClient - --> PATCH /booking/{id}
07:45:24.546 [TestNG-PoolService-1] INFO  RestClient - <-- PATCH /booking/{id} responded 200 in 202 ms
07:45:24.546 [TestNG-PoolService-1] INFO  ApiAssertions - Asserting status code is 200
07:45:24.547 [TestNG-PoolService-1] INFO  ApiAssertions - Asserting response time 191ms is below 30000ms
07:45:24.548 [TestNG-PoolService-1] INFO  RestClient - --> GET /booking/{id}
07:45:24.745 [TestNG-PoolService-1] INFO  RestClient - <-- GET /booking/{id} responded 200 in 197 ms
07:45:24.746 [TestNG-PoolService-1] INFO  ApiAssertions - Asserting status code is 200
07:45:24.746 [TestNG-PoolService-1] INFO  ApiAssertions - Asserting content type is JSON
07:45:24.746 [TestNG-PoolService-1] INFO  ApiAssertions - Asserting body is not empty
07:45:24.749 [TestNG-PoolService-1] INFO  Hooks - Cleaning up booking 2442
07:45:24.750 [TestNG-PoolService-1] INFO  RestClient - --> DELETE /booking/{id}
07:45:24.944 [TestNG-PoolService-1] INFO  RestClient - <-- DELETE /booking/{id} responded 201 in 194 ms
07:45:24.944 [TestNG-PoolService-1] INFO  Hooks - ### SCENARIO END: Partially update booking name to "Jean-Luc O'Connor" -> PASSED
