07:23:07.810 [TestNG-PoolService-1] INFO  Hooks - ### SCENARIO START: Partially update booking name to "Jean-Luc O'Connor"
07:23:07.811 [TestNG-PoolService-1] INFO  Hooks - Obtaining auth token for an @auth scenario
07:23:07.814 [TestNG-PoolService-1] INFO  RestClient - --> POST /auth
07:23:07.868 [TestNG-PoolService-1] INFO  RestClient - <-- POST /auth responded 200 in 53 ms
07:23:07.876 [TestNG-PoolService-1] DEBUG BookingSteps - Payload from generated data: Booking(firstname=Maximo, lastname=Towne, totalprice=263, depositpaid=true, bookingdates=BookingDates(checkin=2026-10-06, checkout=2026-10-09), additionalneeds=Pasta with Tomato and Basil)
07:23:07.880 [TestNG-PoolService-1] INFO  RestClient - --> POST /booking
07:23:07.932 [TestNG-PoolService-1] INFO  RestClient - <-- POST /booking responded 200 in 52 ms
07:23:07.932 [TestNG-PoolService-1] INFO  ApiAssertions - Asserting status code is 200
07:23:07.933 [TestNG-PoolService-1] INFO  ApiAssertions - Asserting content type is JSON
07:23:07.937 [TestNG-PoolService-1] INFO  ApiAssertions - Asserting body is not empty
07:23:07.949 [TestNG-PoolService-1] INFO  ApiAssertions - Asserting field 'bookingid' is present
07:23:07.950 [TestNG-PoolService-1] INFO  ApiAssertions - Asserting response time 31ms is below 30000ms
07:23:07.952 [TestNG-PoolService-1] INFO  BookingSteps - Created booking id 1287
07:23:07.953 [TestNG-PoolService-1] INFO  RestClient - --> PATCH /booking/{id}
07:23:08.003 [TestNG-PoolService-1] INFO  RestClient - <-- PATCH /booking/{id} responded 200 in 50 ms
07:23:08.004 [TestNG-PoolService-1] INFO  ApiAssertions - Asserting status code is 200
07:23:08.004 [TestNG-PoolService-1] INFO  ApiAssertions - Asserting response time 37ms is below 30000ms
07:23:08.007 [TestNG-PoolService-1] INFO  RestClient - --> GET /booking/{id}
07:23:08.052 [TestNG-PoolService-1] INFO  RestClient - <-- GET /booking/{id} responded 200 in 44 ms
07:23:08.056 [TestNG-PoolService-1] INFO  ApiAssertions - Asserting status code is 200
07:23:08.056 [TestNG-PoolService-1] INFO  ApiAssertions - Asserting content type is JSON
07:23:08.056 [TestNG-PoolService-1] INFO  ApiAssertions - Asserting body is not empty
07:23:08.061 [TestNG-PoolService-1] INFO  Hooks - Cleaning up booking 1287
07:23:08.062 [TestNG-PoolService-1] INFO  RestClient - --> DELETE /booking/{id}
07:23:08.098 [TestNG-PoolService-1] INFO  RestClient - <-- DELETE /booking/{id} responded 201 in 35 ms
07:23:08.099 [TestNG-PoolService-1] INFO  Hooks - ### SCENARIO END: Partially update booking name to "Jean-Luc O'Connor" -> PASSED
