05:24:04.370 [TestNG-PoolService-3] INFO  Hooks - ### SCENARIO START: Partially update booking name to "Jean-Luc O'Connor"
05:24:04.371 [TestNG-PoolService-3] INFO  Hooks - Obtaining auth token for an @auth scenario
05:24:04.372 [TestNG-PoolService-3] INFO  RestClient - --> POST /auth
05:24:04.753 [TestNG-PoolService-3] INFO  RestClient - <-- POST /auth responded 200 in 381 ms
05:24:04.756 [TestNG-PoolService-3] DEBUG BookingSteps - Payload from generated data: Booking(firstname=Ernesto, lastname=Feest, totalprice=1857, depositpaid=false, bookingdates=BookingDates(checkin=2026-08-25, checkout=2026-08-27), additionalneeds=Arepas)
05:24:04.757 [TestNG-PoolService-3] INFO  RestClient - --> POST /booking
05:24:05.131 [TestNG-PoolService-3] INFO  RestClient - <-- POST /booking responded 200 in 373 ms
05:24:05.132 [TestNG-PoolService-3] INFO  ApiAssertions - Asserting status code is 200
05:24:05.132 [TestNG-PoolService-3] INFO  ApiAssertions - Asserting content type is JSON
05:24:05.132 [TestNG-PoolService-3] INFO  ApiAssertions - Asserting body is not empty
05:24:05.142 [TestNG-PoolService-3] INFO  ApiAssertions - Asserting field 'bookingid' is present
05:24:05.143 [TestNG-PoolService-3] INFO  ApiAssertions - Asserting response time 364ms is below 30000ms
05:24:05.145 [TestNG-PoolService-3] INFO  BookingSteps - Created booking id 1633
05:24:05.147 [TestNG-PoolService-3] INFO  RestClient - --> PATCH /booking/{id}
05:24:05.519 [TestNG-PoolService-3] INFO  RestClient - <-- PATCH /booking/{id} responded 200 in 372 ms
05:24:05.520 [TestNG-PoolService-3] INFO  ApiAssertions - Asserting status code is 200
05:24:05.520 [TestNG-PoolService-3] INFO  ApiAssertions - Asserting response time 363ms is below 30000ms
05:24:05.521 [TestNG-PoolService-3] INFO  RestClient - --> GET /booking/{id}
05:24:05.868 [TestNG-PoolService-3] INFO  RestClient - <-- GET /booking/{id} responded 200 in 347 ms
05:24:05.868 [TestNG-PoolService-3] INFO  ApiAssertions - Asserting status code is 200
05:24:05.868 [TestNG-PoolService-3] INFO  ApiAssertions - Asserting content type is JSON
05:24:05.868 [TestNG-PoolService-3] INFO  ApiAssertions - Asserting body is not empty
05:24:05.871 [TestNG-PoolService-3] INFO  Hooks - Cleaning up booking 1633
05:24:05.872 [TestNG-PoolService-3] INFO  RestClient - --> DELETE /booking/{id}
05:24:06.250 [TestNG-PoolService-3] INFO  RestClient - <-- DELETE /booking/{id} responded 201 in 378 ms
05:24:06.251 [TestNG-PoolService-3] INFO  Hooks - ### SCENARIO END: Partially update booking name to "Jean-Luc O'Connor" -> PASSED
