07:10:40.712 [TestNG-PoolService-4] INFO  Hooks - ### SCENARIO START: Partially update booking name to "Mohamed AbdElghany"
07:10:40.713 [TestNG-PoolService-4] INFO  Hooks - Obtaining auth token for an @auth scenario
07:10:40.714 [TestNG-PoolService-4] INFO  RestClient - --> POST /auth
07:10:41.008 [TestNG-PoolService-4] INFO  RestClient - <-- POST /auth responded 200 in 294 ms
07:10:41.014 [TestNG-PoolService-4] DEBUG BookingSteps - Payload from generated data: Booking(firstname=Kory, lastname=Grady, totalprice=305, depositpaid=false, bookingdates=BookingDates(checkin=2026-10-14, checkout=2026-10-17), additionalneeds=Massaman Curry)
07:10:41.014 [TestNG-PoolService-4] INFO  RestClient - --> POST /booking
07:10:41.310 [TestNG-PoolService-4] INFO  RestClient - <-- POST /booking responded 200 in 296 ms
07:10:41.310 [TestNG-PoolService-4] INFO  ApiAssertions - Asserting status code is 200
07:10:41.310 [TestNG-PoolService-4] INFO  ApiAssertions - Asserting content type is JSON
07:10:41.311 [TestNG-PoolService-4] INFO  ApiAssertions - Asserting body is not empty
07:10:41.328 [TestNG-PoolService-4] INFO  ApiAssertions - Asserting field 'bookingid' is present
07:10:41.328 [TestNG-PoolService-4] INFO  ApiAssertions - Asserting response time 283ms is below 30000ms
07:10:41.331 [TestNG-PoolService-4] INFO  BookingSteps - Created booking id 5280
07:10:41.337 [TestNG-PoolService-4] INFO  RestClient - --> PATCH /booking/{id}
07:10:41.621 [TestNG-PoolService-4] INFO  RestClient - <-- PATCH /booking/{id} responded 200 in 284 ms
07:10:41.623 [TestNG-PoolService-4] INFO  ApiAssertions - Asserting status code is 200
07:10:41.623 [TestNG-PoolService-4] INFO  ApiAssertions - Asserting response time 271ms is below 30000ms
07:10:41.624 [TestNG-PoolService-4] INFO  RestClient - --> GET /booking/{id}
07:10:41.918 [TestNG-PoolService-4] INFO  RestClient - <-- GET /booking/{id} responded 200 in 294 ms
07:10:41.919 [TestNG-PoolService-4] INFO  ApiAssertions - Asserting status code is 200
07:10:41.919 [TestNG-PoolService-4] INFO  ApiAssertions - Asserting content type is JSON
07:10:41.919 [TestNG-PoolService-4] INFO  ApiAssertions - Asserting body is not empty
07:10:41.922 [TestNG-PoolService-4] INFO  Hooks - Cleaning up booking 5280
07:10:41.923 [TestNG-PoolService-4] INFO  RestClient - --> DELETE /booking/{id}
07:10:42.212 [TestNG-PoolService-4] INFO  RestClient - <-- DELETE /booking/{id} responded 201 in 289 ms
07:10:42.213 [TestNG-PoolService-4] INFO  Hooks - ### SCENARIO END: Partially update booking name to "Mohamed AbdElghany" -> PASSED
