07:23:22.776 [TestNG-PoolService-2] INFO  Hooks - ### SCENARIO START: Full booking lifecycle - create, read, update, delete using "create-booking.json"
07:23:22.780 [TestNG-PoolService-2] INFO  Hooks - Obtaining auth token for an @auth scenario
07:23:22.781 [TestNG-PoolService-2] INFO  RestClient - --> POST /auth
07:23:23.009 [TestNG-PoolService-2] INFO  RestClient - <-- POST /auth responded 200 in 227 ms
07:23:23.017 [TestNG-PoolService-2] INFO  JsonDataReader - Loaded test data 'create-booking.json' with dynamic values resolved
07:23:23.032 [TestNG-PoolService-2] DEBUG BookingSteps - Payload from test data file create-booking.json: Booking(firstname=Johnathon, lastname=Kulas, totalprice=269, depositpaid=false, bookingdates=BookingDates(checkin=2026-09-23, checkout=2026-09-30), additionalneeds=Vegetable Soup)
07:23:23.035 [TestNG-PoolService-2] INFO  RestClient - --> POST /booking
07:23:23.220 [TestNG-PoolService-2] INFO  RestClient - <-- POST /booking responded 200 in 184 ms
07:23:23.221 [TestNG-PoolService-2] INFO  ApiAssertions - Asserting status code is 200
07:23:23.221 [TestNG-PoolService-2] INFO  ApiAssertions - Asserting content type is JSON
07:23:23.221 [TestNG-PoolService-2] INFO  ApiAssertions - Asserting body is not empty
07:23:23.232 [TestNG-PoolService-2] INFO  ApiAssertions - Asserting field 'bookingid' is present
07:23:23.233 [TestNG-PoolService-2] INFO  ApiAssertions - Asserting response time 154ms is below 30000ms
07:23:23.244 [TestNG-PoolService-2] INFO  BookingSteps - Created booking id 1385
07:23:23.248 [TestNG-PoolService-2] INFO  RestClient - --> GET /booking/{id}
07:23:23.463 [TestNG-PoolService-2] INFO  RestClient - <-- GET /booking/{id} responded 200 in 215 ms
07:23:23.464 [TestNG-PoolService-2] INFO  ApiAssertions - Asserting status code is 200
07:23:23.464 [TestNG-PoolService-2] INFO  ApiAssertions - Asserting content type is JSON
07:23:23.465 [TestNG-PoolService-2] INFO  ApiAssertions - Asserting body is not empty
07:23:23.471 [TestNG-PoolService-2] INFO  JsonDataReader - Loaded test data 'update-booking.json' with dynamic values resolved
07:23:23.472 [TestNG-PoolService-2] DEBUG BookingSteps - Payload from test data file update-booking.json: Booking(firstname=Shirley, lastname=Ruecker, totalprice=4860, depositpaid=false, bookingdates=BookingDates(checkin=2026-10-16, checkout=2026-10-31), additionalneeds=Late checkout)
07:23:23.485 [TestNG-PoolService-2] INFO  RestClient - --> PUT /booking/{id}
07:23:23.724 [TestNG-PoolService-2] INFO  RestClient - <-- PUT /booking/{id} responded 200 in 239 ms
07:23:23.725 [TestNG-PoolService-2] INFO  BookingSteps - Updated booking 1385 from update-booking.json
07:23:23.725 [TestNG-PoolService-2] INFO  ApiAssertions - Asserting status code is 200
07:23:23.726 [TestNG-PoolService-2] INFO  ApiAssertions - Asserting response time 214ms is below 30000ms
07:23:23.731 [TestNG-PoolService-2] INFO  RestClient - --> GET /booking/{id}
07:23:23.905 [TestNG-PoolService-2] INFO  RestClient - <-- GET /booking/{id} responded 200 in 174 ms
07:23:23.907 [TestNG-PoolService-2] INFO  ApiAssertions - Asserting status code is 200
07:23:23.907 [TestNG-PoolService-2] INFO  ApiAssertions - Asserting content type is JSON
07:23:23.907 [TestNG-PoolService-2] INFO  ApiAssertions - Asserting body is not empty
07:23:23.911 [TestNG-PoolService-2] INFO  RestClient - --> DELETE /booking/{id}
07:23:24.071 [TestNG-PoolService-2] INFO  RestClient - <-- DELETE /booking/{id} responded 201 in 160 ms
07:23:24.072 [TestNG-PoolService-2] INFO  ApiAssertions - Asserting status code is 201
07:23:24.072 [TestNG-PoolService-2] INFO  ApiAssertions - Asserting response time 152ms is below 30000ms
07:23:24.074 [TestNG-PoolService-2] INFO  RestClient - --> GET /booking/{id}
07:23:24.278 [TestNG-PoolService-2] INFO  RestClient - <-- GET /booking/{id} responded 404 in 204 ms
07:23:24.278 [TestNG-PoolService-2] INFO  ApiAssertions - Asserting status code is 404
07:23:24.278 [TestNG-PoolService-2] INFO  BookingSteps - Confirmed booking 1385 is gone
07:23:24.279 [TestNG-PoolService-2] INFO  Hooks - ### SCENARIO END: Full booking lifecycle - create, read, update, delete using "create-booking.json" -> PASSED
