07:10:38.480 [TestNG-PoolService-4] INFO  Hooks - ### SCENARIO START: Full booking lifecycle - create, read, update, delete using "booking-no-additional-needs.json"
07:10:38.483 [TestNG-PoolService-4] INFO  Hooks - Obtaining auth token for an @auth scenario
07:10:38.485 [TestNG-PoolService-4] INFO  RestClient - --> POST /auth
07:10:38.806 [TestNG-PoolService-4] INFO  RestClient - <-- POST /auth responded 200 in 320 ms
07:10:38.808 [TestNG-PoolService-4] INFO  JsonDataReader - Loaded test data 'booking-no-additional-needs.json' with dynamic values resolved
07:10:38.809 [TestNG-PoolService-4] DEBUG BookingSteps - Payload from test data file booking-no-additional-needs.json: Booking(firstname=Daryl, lastname=Weimann, totalprice=98, depositpaid=false, bookingdates=BookingDates(checkin=2026-09-19, checkout=2026-09-21), additionalneeds=null)
07:10:38.810 [TestNG-PoolService-4] INFO  RestClient - --> POST /booking
07:10:39.129 [TestNG-PoolService-4] INFO  RestClient - <-- POST /booking responded 200 in 319 ms
07:10:39.130 [TestNG-PoolService-4] INFO  ApiAssertions - Asserting status code is 200
07:10:39.130 [TestNG-PoolService-4] INFO  ApiAssertions - Asserting content type is JSON
07:10:39.133 [TestNG-PoolService-4] INFO  ApiAssertions - Asserting body is not empty
07:10:39.157 [TestNG-PoolService-4] INFO  ApiAssertions - Asserting field 'bookingid' is present
07:10:39.157 [TestNG-PoolService-4] INFO  ApiAssertions - Asserting response time 291ms is below 30000ms
07:10:39.164 [TestNG-PoolService-4] INFO  BookingSteps - Created booking id 5262
07:10:39.165 [TestNG-PoolService-4] INFO  RestClient - --> GET /booking/{id}
07:10:39.507 [TestNG-PoolService-4] INFO  RestClient - <-- GET /booking/{id} responded 200 in 342 ms
07:10:39.508 [TestNG-PoolService-4] INFO  ApiAssertions - Asserting status code is 200
07:10:39.508 [TestNG-PoolService-4] INFO  ApiAssertions - Asserting content type is JSON
07:10:39.509 [TestNG-PoolService-4] INFO  ApiAssertions - Asserting body is not empty
07:10:39.513 [TestNG-PoolService-4] INFO  JsonDataReader - Loaded test data 'booking-long-stay.json' with dynamic values resolved
07:10:39.513 [TestNG-PoolService-4] DEBUG BookingSteps - Payload from test data file booking-long-stay.json: Booking(firstname=Francie, lastname=Nicolas, totalprice=7596, depositpaid=true, bookingdates=BookingDates(checkin=2026-11-17, checkout=2027-01-16), additionalneeds=Airport transfer)
07:10:39.528 [TestNG-PoolService-4] INFO  RestClient - --> PUT /booking/{id}
07:10:39.824 [TestNG-PoolService-4] INFO  RestClient - <-- PUT /booking/{id} responded 200 in 295 ms
07:10:39.824 [TestNG-PoolService-4] INFO  BookingSteps - Updated booking 5262 from booking-long-stay.json
07:10:39.825 [TestNG-PoolService-4] INFO  ApiAssertions - Asserting status code is 200
07:10:39.826 [TestNG-PoolService-4] INFO  ApiAssertions - Asserting response time 278ms is below 30000ms
07:10:39.827 [TestNG-PoolService-4] INFO  RestClient - --> GET /booking/{id}
07:10:40.110 [TestNG-PoolService-4] INFO  RestClient - <-- GET /booking/{id} responded 200 in 283 ms
07:10:40.111 [TestNG-PoolService-4] INFO  ApiAssertions - Asserting status code is 200
07:10:40.111 [TestNG-PoolService-4] INFO  ApiAssertions - Asserting content type is JSON
07:10:40.111 [TestNG-PoolService-4] INFO  ApiAssertions - Asserting body is not empty
07:10:40.115 [TestNG-PoolService-4] INFO  RestClient - --> DELETE /booking/{id}
07:10:40.409 [TestNG-PoolService-4] INFO  RestClient - <-- DELETE /booking/{id} responded 201 in 294 ms
07:10:40.417 [TestNG-PoolService-4] INFO  ApiAssertions - Asserting status code is 201
07:10:40.417 [TestNG-PoolService-4] INFO  ApiAssertions - Asserting response time 286ms is below 30000ms
07:10:40.418 [TestNG-PoolService-4] INFO  RestClient - --> GET /booking/{id}
07:10:40.704 [TestNG-PoolService-4] INFO  RestClient - <-- GET /booking/{id} responded 404 in 285 ms
07:10:40.704 [TestNG-PoolService-4] INFO  ApiAssertions - Asserting status code is 404
07:10:40.704 [TestNG-PoolService-4] INFO  BookingSteps - Confirmed booking 5262 is gone
07:10:40.705 [TestNG-PoolService-4] INFO  Hooks - ### SCENARIO END: Full booking lifecycle - create, read, update, delete using "booking-no-additional-needs.json" -> PASSED
