07:45:21.818 [TestNG-PoolService-3] INFO  Hooks - ### SCENARIO START: Full booking lifecycle - create, read, update, delete using "booking-no-additional-needs.json"
07:45:21.818 [TestNG-PoolService-3] INFO  Hooks - Obtaining auth token for an @auth scenario
07:45:21.823 [TestNG-PoolService-3] INFO  RestClient - --> POST /auth
07:45:22.050 [TestNG-PoolService-3] INFO  RestClient - <-- POST /auth responded 200 in 227 ms
07:45:22.118 [TestNG-PoolService-3] INFO  JsonDataReader - Loaded test data 'booking-no-additional-needs.json' with dynamic values resolved
07:45:22.141 [TestNG-PoolService-3] DEBUG BookingSteps - Payload from test data file booking-no-additional-needs.json: Booking(firstname=Ruby, lastname=Kunde, totalprice=124, depositpaid=false, bookingdates=BookingDates(checkin=2026-10-04, checkout=2026-10-06), additionalneeds=null)
07:45:22.142 [TestNG-PoolService-3] INFO  RestClient - --> POST /booking
07:45:22.377 [TestNG-PoolService-3] INFO  RestClient - <-- POST /booking responded 200 in 231 ms
07:45:22.378 [TestNG-PoolService-3] INFO  ApiAssertions - Asserting status code is 200
07:45:22.378 [TestNG-PoolService-3] INFO  ApiAssertions - Asserting content type is JSON
07:45:22.378 [TestNG-PoolService-3] INFO  ApiAssertions - Asserting body is not empty
07:45:22.398 [TestNG-PoolService-3] INFO  ApiAssertions - Asserting field 'bookingid' is present
07:45:22.398 [TestNG-PoolService-3] INFO  ApiAssertions - Asserting response time 202ms is below 30000ms
07:45:22.403 [TestNG-PoolService-3] INFO  BookingSteps - Created booking id 2421
07:45:22.404 [TestNG-PoolService-3] INFO  RestClient - --> GET /booking/{id}
07:45:22.672 [TestNG-PoolService-3] INFO  RestClient - <-- GET /booking/{id} responded 200 in 267 ms
07:45:22.673 [TestNG-PoolService-3] INFO  ApiAssertions - Asserting status code is 200
07:45:22.673 [TestNG-PoolService-3] INFO  ApiAssertions - Asserting content type is JSON
07:45:22.673 [TestNG-PoolService-3] INFO  ApiAssertions - Asserting body is not empty
07:45:22.679 [TestNG-PoolService-3] INFO  JsonDataReader - Loaded test data 'booking-long-stay.json' with dynamic values resolved
07:45:22.680 [TestNG-PoolService-3] DEBUG BookingSteps - Payload from test data file booking-long-stay.json: Booking(firstname=Fred, lastname=Blanda, totalprice=4073, depositpaid=true, bookingdates=BookingDates(checkin=2026-12-02, checkout=2027-01-31), additionalneeds=Airport transfer)
07:45:22.692 [TestNG-PoolService-3] INFO  RestClient - --> PUT /booking/{id}
07:45:22.923 [TestNG-PoolService-3] INFO  RestClient - <-- PUT /booking/{id} responded 200 in 230 ms
07:45:22.924 [TestNG-PoolService-3] INFO  BookingSteps - Updated booking 2421 from booking-long-stay.json
07:45:22.924 [TestNG-PoolService-3] INFO  ApiAssertions - Asserting status code is 200
07:45:22.924 [TestNG-PoolService-3] INFO  ApiAssertions - Asserting response time 196ms is below 30000ms
07:45:22.929 [TestNG-PoolService-3] INFO  RestClient - --> GET /booking/{id}
07:45:23.137 [TestNG-PoolService-3] INFO  RestClient - <-- GET /booking/{id} responded 200 in 208 ms
07:45:23.137 [TestNG-PoolService-3] INFO  ApiAssertions - Asserting status code is 200
07:45:23.137 [TestNG-PoolService-3] INFO  ApiAssertions - Asserting content type is JSON
07:45:23.138 [TestNG-PoolService-3] INFO  ApiAssertions - Asserting body is not empty
07:45:23.141 [TestNG-PoolService-3] INFO  RestClient - --> DELETE /booking/{id}
07:45:23.339 [TestNG-PoolService-3] INFO  RestClient - <-- DELETE /booking/{id} responded 201 in 198 ms
07:45:23.340 [TestNG-PoolService-3] INFO  ApiAssertions - Asserting status code is 201
07:45:23.340 [TestNG-PoolService-3] INFO  ApiAssertions - Asserting response time 189ms is below 30000ms
07:45:23.341 [TestNG-PoolService-3] INFO  RestClient - --> GET /booking/{id}
07:45:23.557 [TestNG-PoolService-3] INFO  RestClient - <-- GET /booking/{id} responded 404 in 215 ms
07:45:23.558 [TestNG-PoolService-3] INFO  ApiAssertions - Asserting status code is 404
07:45:23.558 [TestNG-PoolService-3] INFO  BookingSteps - Confirmed booking 2421 is gone
07:45:23.563 [TestNG-PoolService-3] INFO  Hooks - ### SCENARIO END: Full booking lifecycle - create, read, update, delete using "booking-no-additional-needs.json" -> PASSED
