03:07:14.252 [TestNG-PoolService-3] INFO  Hooks - ### SCENARIO START: Full booking lifecycle - create, read, update, delete using "create-booking.json"
03:07:14.253 [TestNG-PoolService-3] INFO  Hooks - Obtaining auth token for an @auth scenario
03:07:14.256 [TestNG-PoolService-3] INFO  RestClient - --> POST /auth
03:07:14.574 [TestNG-PoolService-3] INFO  RestClient - <-- POST /auth responded 200 in 318 ms
03:07:14.583 [TestNG-PoolService-3] INFO  JsonDataReader - Loaded test data 'create-booking.json' with dynamic values resolved
03:07:14.583 [TestNG-PoolService-3] DEBUG BookingSteps - Payload from test data file create-booking.json: Booking(firstname=Stacey, lastname=Green, totalprice=605, depositpaid=false, bookingdates=BookingDates(checkin=2026-09-02, checkout=2026-09-09), additionalneeds=Tuna Sashimi)
03:07:14.584 [TestNG-PoolService-3] INFO  RestClient - --> POST /booking
03:07:14.902 [TestNG-PoolService-3] INFO  RestClient - <-- POST /booking responded 200 in 318 ms
03:07:14.902 [TestNG-PoolService-3] INFO  ApiAssertions - Asserting status code is 200
03:07:14.903 [TestNG-PoolService-3] INFO  ApiAssertions - Asserting content type is JSON
03:07:14.903 [TestNG-PoolService-3] INFO  ApiAssertions - Asserting body is not empty
03:07:14.924 [TestNG-PoolService-3] INFO  ApiAssertions - Asserting field 'bookingid' is present
03:07:14.924 [TestNG-PoolService-3] INFO  ApiAssertions - Asserting response time 292ms is below 30000ms
03:07:14.929 [TestNG-PoolService-3] INFO  BookingSteps - Created booking id 3465
03:07:14.931 [TestNG-PoolService-3] INFO  RestClient - --> GET /booking/{id}
03:07:15.244 [TestNG-PoolService-3] INFO  RestClient - <-- GET /booking/{id} responded 200 in 313 ms
03:07:15.245 [TestNG-PoolService-3] INFO  ApiAssertions - Asserting status code is 200
03:07:15.245 [TestNG-PoolService-3] INFO  ApiAssertions - Asserting content type is JSON
03:07:15.245 [TestNG-PoolService-3] INFO  ApiAssertions - Asserting body is not empty
03:07:15.249 [TestNG-PoolService-3] INFO  JsonDataReader - Loaded test data 'update-booking.json' with dynamic values resolved
03:07:15.249 [TestNG-PoolService-3] DEBUG BookingSteps - Payload from test data file update-booking.json: Booking(firstname=Dennis, lastname=Volkman, totalprice=3521, depositpaid=true, bookingdates=BookingDates(checkin=2026-09-25, checkout=2026-10-10), additionalneeds=Late checkout)
03:07:15.259 [TestNG-PoolService-3] INFO  RestClient - --> PUT /booking/{id}
03:07:15.573 [TestNG-PoolService-3] INFO  RestClient - <-- PUT /booking/{id} responded 200 in 313 ms
03:07:15.573 [TestNG-PoolService-3] INFO  BookingSteps - Updated booking 3465 from update-booking.json
03:07:15.574 [TestNG-PoolService-3] INFO  ApiAssertions - Asserting status code is 200
03:07:15.574 [TestNG-PoolService-3] INFO  ApiAssertions - Asserting response time 287ms is below 30000ms
03:07:15.579 [TestNG-PoolService-3] INFO  RestClient - --> GET /booking/{id}
03:07:15.858 [TestNG-PoolService-3] INFO  RestClient - <-- GET /booking/{id} responded 200 in 279 ms
03:07:15.859 [TestNG-PoolService-3] INFO  ApiAssertions - Asserting status code is 200
03:07:15.859 [TestNG-PoolService-3] INFO  ApiAssertions - Asserting content type is JSON
03:07:15.859 [TestNG-PoolService-3] INFO  ApiAssertions - Asserting body is not empty
03:07:15.865 [TestNG-PoolService-3] INFO  RestClient - --> DELETE /booking/{id}
03:07:16.163 [TestNG-PoolService-3] INFO  RestClient - <-- DELETE /booking/{id} responded 201 in 298 ms
03:07:16.163 [TestNG-PoolService-3] INFO  ApiAssertions - Asserting status code is 201
03:07:16.164 [TestNG-PoolService-3] INFO  ApiAssertions - Asserting response time 281ms is below 30000ms
03:07:16.165 [TestNG-PoolService-3] INFO  RestClient - --> GET /booking/{id}
03:07:16.442 [TestNG-PoolService-3] INFO  RestClient - <-- GET /booking/{id} responded 404 in 277 ms
03:07:16.443 [TestNG-PoolService-3] INFO  ApiAssertions - Asserting status code is 404
03:07:16.443 [TestNG-PoolService-3] INFO  BookingSteps - Confirmed booking 3465 is gone
03:07:16.444 [TestNG-PoolService-3] INFO  Hooks - ### SCENARIO END: Full booking lifecycle - create, read, update, delete using "create-booking.json" -> PASSED
