08:37:06.022 [TestNG-PoolService-1] INFO  Hooks - ### SCENARIO START: Full booking lifecycle - create, read, update, delete using "booking-no-additional-needs.json"
08:37:06.025 [TestNG-PoolService-1] INFO  Hooks - Obtaining auth token for an @auth scenario
08:37:06.026 [TestNG-PoolService-1] INFO  RestClient - --> POST /auth
08:37:06.194 [TestNG-PoolService-1] INFO  RestClient - <-- POST /auth responded 200 in 168 ms
08:37:06.249 [TestNG-PoolService-1] INFO  JsonDataReader - Loaded test data 'booking-no-additional-needs.json' with dynamic values resolved
08:37:06.272 [TestNG-PoolService-1] DEBUG BookingSteps - Payload from test data file booking-no-additional-needs.json: Booking(firstname=Manuela, lastname=Rice, totalprice=85, depositpaid=false, bookingdates=BookingDates(checkin=2026-10-10, checkout=2026-10-12), additionalneeds=null)
08:37:06.273 [TestNG-PoolService-1] INFO  RestClient - --> POST /booking
08:37:06.424 [TestNG-PoolService-1] INFO  RestClient - <-- POST /booking responded 200 in 151 ms
08:37:06.427 [TestNG-PoolService-1] INFO  ApiAssertions - Asserting status code is 200
08:37:06.427 [TestNG-PoolService-1] INFO  ApiAssertions - Asserting content type is JSON
08:37:06.430 [TestNG-PoolService-1] INFO  ApiAssertions - Asserting body is not empty
08:37:06.435 [TestNG-PoolService-1] INFO  ApiAssertions - Asserting field 'bookingid' is present
08:37:06.436 [TestNG-PoolService-1] INFO  ApiAssertions - Asserting response time 135ms is below 30000ms
08:37:06.442 [TestNG-PoolService-1] INFO  BookingSteps - Created booking id 3195
08:37:06.445 [TestNG-PoolService-1] INFO  RestClient - --> GET /booking/{id}
08:37:06.628 [TestNG-PoolService-1] INFO  RestClient - <-- GET /booking/{id} responded 200 in 183 ms
08:37:06.630 [TestNG-PoolService-1] INFO  ApiAssertions - Asserting status code is 200
08:37:06.630 [TestNG-PoolService-1] INFO  ApiAssertions - Asserting content type is JSON
08:37:06.631 [TestNG-PoolService-1] INFO  ApiAssertions - Asserting body is not empty
08:37:06.640 [TestNG-PoolService-1] INFO  JsonDataReader - Loaded test data 'booking-long-stay.json' with dynamic values resolved
08:37:06.641 [TestNG-PoolService-1] DEBUG BookingSteps - Payload from test data file booking-long-stay.json: Booking(firstname=Arlen, lastname=Ortiz, totalprice=6521, depositpaid=true, bookingdates=BookingDates(checkin=2026-12-08, checkout=2027-02-06), additionalneeds=Airport transfer)
08:37:06.671 [TestNG-PoolService-1] INFO  RestClient - --> PUT /booking/{id}
08:37:06.841 [TestNG-PoolService-1] INFO  RestClient - <-- PUT /booking/{id} responded 200 in 170 ms
08:37:06.842 [TestNG-PoolService-1] INFO  BookingSteps - Updated booking 3195 from booking-long-stay.json
08:37:06.842 [TestNG-PoolService-1] INFO  ApiAssertions - Asserting status code is 200
08:37:06.843 [TestNG-PoolService-1] INFO  ApiAssertions - Asserting response time 132ms is below 30000ms
08:37:06.844 [TestNG-PoolService-1] INFO  RestClient - --> GET /booking/{id}
08:37:06.981 [TestNG-PoolService-1] INFO  RestClient - <-- GET /booking/{id} responded 200 in 136 ms
08:37:06.983 [TestNG-PoolService-1] INFO  ApiAssertions - Asserting status code is 200
08:37:06.983 [TestNG-PoolService-1] INFO  ApiAssertions - Asserting content type is JSON
08:37:06.983 [TestNG-PoolService-1] INFO  ApiAssertions - Asserting body is not empty
08:37:06.986 [TestNG-PoolService-1] INFO  RestClient - --> DELETE /booking/{id}
08:37:07.124 [TestNG-PoolService-1] INFO  RestClient - <-- DELETE /booking/{id} responded 201 in 138 ms
08:37:07.125 [TestNG-PoolService-1] INFO  ApiAssertions - Asserting status code is 201
08:37:07.125 [TestNG-PoolService-1] INFO  ApiAssertions - Asserting response time 129ms is below 30000ms
08:37:07.126 [TestNG-PoolService-1] INFO  RestClient - --> GET /booking/{id}
08:37:07.257 [TestNG-PoolService-1] INFO  RestClient - <-- GET /booking/{id} responded 404 in 131 ms
08:37:07.258 [TestNG-PoolService-1] INFO  ApiAssertions - Asserting status code is 404
08:37:07.258 [TestNG-PoolService-1] INFO  BookingSteps - Confirmed booking 3195 is gone
08:37:07.259 [TestNG-PoolService-1] INFO  Hooks - ### SCENARIO END: Full booking lifecycle - create, read, update, delete using "booking-no-additional-needs.json" -> PASSED
