08:09:37.942 [TestNG-PoolService-4] INFO  Hooks - ### SCENARIO START: Partially update booking name to "Sara Ali"
08:09:37.950 [TestNG-PoolService-4] INFO  Hooks - Obtaining auth token for an @auth scenario
08:09:37.951 [TestNG-PoolService-4] INFO  RestClient - --> POST /auth
08:09:38.013 [TestNG-PoolService-4] INFO  RestClient - <-- POST /auth responded 200 in 62 ms
08:09:38.015 [TestNG-PoolService-4] DEBUG BookingSteps - Payload from generated data: Booking(firstname=Bob, lastname=Lockman, totalprice=682, depositpaid=false, bookingdates=BookingDates(checkin=2026-10-20, checkout=2026-10-27), additionalneeds=Chilli con Carne)
08:09:38.020 [TestNG-PoolService-4] INFO  RestClient - --> POST /booking
08:09:38.079 [TestNG-PoolService-4] INFO  RestClient - <-- POST /booking responded 200 in 59 ms
08:09:38.080 [TestNG-PoolService-4] INFO  ApiAssertions - Asserting status code is 200
08:09:38.080 [TestNG-PoolService-4] INFO  ApiAssertions - Asserting content type is JSON
08:09:38.080 [TestNG-PoolService-4] INFO  ApiAssertions - Asserting body is not empty
08:09:38.110 [TestNG-PoolService-4] INFO  ApiAssertions - Asserting field 'bookingid' is present
08:09:38.110 [TestNG-PoolService-4] INFO  ApiAssertions - Asserting response time 41ms is below 30000ms
08:09:38.116 [TestNG-PoolService-4] INFO  BookingSteps - Created booking id 4443
08:09:38.117 [TestNG-PoolService-4] INFO  RestClient - --> PATCH /booking/{id}
08:09:38.168 [TestNG-PoolService-4] INFO  RestClient - <-- PATCH /booking/{id} responded 200 in 51 ms
08:09:38.170 [TestNG-PoolService-4] INFO  ApiAssertions - Asserting status code is 200
08:09:38.171 [TestNG-PoolService-4] INFO  ApiAssertions - Asserting response time 29ms is below 30000ms
08:09:38.172 [TestNG-PoolService-4] INFO  RestClient - --> GET /booking/{id}
08:09:38.216 [TestNG-PoolService-4] INFO  RestClient - <-- GET /booking/{id} responded 200 in 44 ms
08:09:38.217 [TestNG-PoolService-4] INFO  ApiAssertions - Asserting status code is 200
08:09:38.223 [TestNG-PoolService-4] INFO  ApiAssertions - Asserting content type is JSON
08:09:38.223 [TestNG-PoolService-4] INFO  ApiAssertions - Asserting body is not empty
08:09:38.226 [TestNG-PoolService-4] INFO  Hooks - Cleaning up booking 4443
08:09:38.227 [TestNG-PoolService-4] INFO  RestClient - --> DELETE /booking/{id}
08:09:38.285 [TestNG-PoolService-4] INFO  RestClient - <-- DELETE /booking/{id} responded 201 in 48 ms
08:09:38.289 [TestNG-PoolService-4] INFO  Hooks - ### SCENARIO END: Partially update booking name to "Sara Ali" -> PASSED
