07:23:24.286 [TestNG-PoolService-2] INFO  Hooks - ### SCENARIO START: Partially update booking name to "Mohamed AbdElghany"
07:23:24.287 [TestNG-PoolService-2] INFO  Hooks - Obtaining auth token for an @auth scenario
07:23:24.288 [TestNG-PoolService-2] INFO  RestClient - --> POST /auth
07:23:24.425 [TestNG-PoolService-2] INFO  RestClient - <-- POST /auth responded 200 in 137 ms
07:23:24.428 [TestNG-PoolService-2] DEBUG BookingSteps - Payload from generated data: Booking(firstname=Earle, lastname=Wintheiser, totalprice=296, depositpaid=false, bookingdates=BookingDates(checkin=2026-10-05, checkout=2026-10-07), additionalneeds=Kebab)
07:23:24.429 [TestNG-PoolService-2] INFO  RestClient - --> POST /booking
07:23:24.581 [TestNG-PoolService-2] INFO  RestClient - <-- POST /booking responded 200 in 152 ms
07:23:24.582 [TestNG-PoolService-2] INFO  ApiAssertions - Asserting status code is 200
07:23:24.582 [TestNG-PoolService-2] INFO  ApiAssertions - Asserting content type is JSON
07:23:24.582 [TestNG-PoolService-2] INFO  ApiAssertions - Asserting body is not empty
07:23:24.591 [TestNG-PoolService-2] INFO  ApiAssertions - Asserting field 'bookingid' is present
07:23:24.591 [TestNG-PoolService-2] INFO  ApiAssertions - Asserting response time 146ms is below 30000ms
07:23:24.593 [TestNG-PoolService-2] INFO  BookingSteps - Created booking id 1407
07:23:24.595 [TestNG-PoolService-2] INFO  RestClient - --> PATCH /booking/{id}
07:23:24.782 [TestNG-PoolService-2] INFO  RestClient - <-- PATCH /booking/{id} responded 200 in 187 ms
07:23:24.783 [TestNG-PoolService-2] INFO  ApiAssertions - Asserting status code is 200
07:23:24.783 [TestNG-PoolService-2] INFO  ApiAssertions - Asserting response time 180ms is below 30000ms
07:23:24.784 [TestNG-PoolService-2] INFO  RestClient - --> GET /booking/{id}
07:23:24.935 [TestNG-PoolService-2] INFO  RestClient - <-- GET /booking/{id} responded 200 in 151 ms
07:23:24.936 [TestNG-PoolService-2] INFO  ApiAssertions - Asserting status code is 200
07:23:24.936 [TestNG-PoolService-2] INFO  ApiAssertions - Asserting content type is JSON
07:23:24.936 [TestNG-PoolService-2] INFO  ApiAssertions - Asserting body is not empty
07:23:24.938 [TestNG-PoolService-2] INFO  Hooks - Cleaning up booking 1407
07:23:24.938 [TestNG-PoolService-2] INFO  RestClient - --> DELETE /booking/{id}
07:23:25.096 [TestNG-PoolService-2] INFO  RestClient - <-- DELETE /booking/{id} responded 201 in 158 ms
07:23:25.097 [TestNG-PoolService-2] INFO  Hooks - ### SCENARIO END: Partially update booking name to "Mohamed AbdElghany" -> PASSED
