08:23:23.942 [TestNG-PoolService-1] INFO  Hooks - ### SCENARIO START: Partially update booking name to "Mohamed AbdElghany"
08:23:23.944 [TestNG-PoolService-1] INFO  Hooks - Obtaining auth token for an @auth scenario
08:23:23.948 [TestNG-PoolService-1] INFO  RestClient - --> POST /auth
08:23:24.012 [TestNG-PoolService-1] INFO  RestClient - <-- POST /auth responded 200 in 63 ms
08:23:24.018 [TestNG-PoolService-1] DEBUG BookingSteps - Payload from generated data: Booking(firstname=Shanell, lastname=Marks, totalprice=1807, depositpaid=true, bookingdates=BookingDates(checkin=2026-09-29, checkout=2026-10-06), additionalneeds=Sushi)
08:23:24.021 [TestNG-PoolService-1] INFO  RestClient - --> POST /booking
08:23:24.072 [TestNG-PoolService-1] INFO  RestClient - <-- POST /booking responded 200 in 51 ms
08:23:24.073 [TestNG-PoolService-1] INFO  ApiAssertions - Asserting status code is 200
08:23:24.073 [TestNG-PoolService-1] INFO  ApiAssertions - Asserting content type is JSON
08:23:24.073 [TestNG-PoolService-1] INFO  ApiAssertions - Asserting body is not empty
08:23:24.084 [TestNG-PoolService-1] INFO  ApiAssertions - Asserting field 'bookingid' is present
08:23:24.085 [TestNG-PoolService-1] INFO  ApiAssertions - Asserting response time 37ms is below 30000ms
08:23:24.088 [TestNG-PoolService-1] INFO  BookingSteps - Created booking id 1271
08:23:24.090 [TestNG-PoolService-1] INFO  RestClient - --> PATCH /booking/{id}
08:23:24.139 [TestNG-PoolService-1] INFO  RestClient - <-- PATCH /booking/{id} responded 200 in 49 ms
08:23:24.143 [TestNG-PoolService-1] INFO  ApiAssertions - Asserting status code is 200
08:23:24.144 [TestNG-PoolService-1] INFO  ApiAssertions - Asserting response time 33ms is below 30000ms
08:23:24.145 [TestNG-PoolService-1] INFO  RestClient - --> GET /booking/{id}
08:23:24.195 [TestNG-PoolService-1] INFO  RestClient - <-- GET /booking/{id} responded 200 in 50 ms
08:23:24.200 [TestNG-PoolService-1] INFO  ApiAssertions - Asserting status code is 200
08:23:24.201 [TestNG-PoolService-1] INFO  ApiAssertions - Asserting content type is JSON
08:23:24.201 [TestNG-PoolService-1] INFO  ApiAssertions - Asserting body is not empty
08:23:24.210 [TestNG-PoolService-1] INFO  Hooks - Cleaning up booking 1271
08:23:24.211 [TestNG-PoolService-1] INFO  RestClient - --> DELETE /booking/{id}
08:23:24.257 [TestNG-PoolService-1] INFO  RestClient - <-- DELETE /booking/{id} responded 201 in 46 ms
08:23:24.258 [TestNG-PoolService-1] INFO  Hooks - ### SCENARIO END: Partially update booking name to "Mohamed AbdElghany" -> PASSED
