02:56:17.403 [TestNG-PoolService-2] INFO  Hooks - ### SCENARIO START: Full booking lifecycle - create, read, update, delete using "booking-no-additional-needs.json"
02:56:17.415 [TestNG-PoolService-2] INFO  Hooks - Obtaining auth token for an @auth scenario
02:56:17.419 [TestNG-PoolService-2] INFO  RestClient - --> POST /auth
02:56:17.805 [TestNG-PoolService-2] INFO  RestClient - <-- POST /auth responded 200 in 386 ms
02:56:17.818 [TestNG-PoolService-2] INFO  JsonDataReader - Loaded test data 'booking-no-additional-needs.json' with dynamic values resolved
02:56:17.822 [TestNG-PoolService-2] DEBUG BookingSteps - Payload from test data file booking-no-additional-needs.json: Booking(firstname=Chet, lastname=Mertz, totalprice=148, depositpaid=false, bookingdates=BookingDates(checkin=2026-08-23, checkout=2026-08-25), additionalneeds=null)
02:56:17.824 [TestNG-PoolService-2] INFO  RestClient - --> POST /booking
02:56:18.199 [TestNG-PoolService-2] INFO  RestClient - <-- POST /booking responded 200 in 375 ms
02:56:18.200 [TestNG-PoolService-2] INFO  ApiAssertions - Asserting status code is 200
02:56:18.200 [TestNG-PoolService-2] INFO  ApiAssertions - Asserting content type is JSON
02:56:18.203 [TestNG-PoolService-2] INFO  ApiAssertions - Asserting body is not empty
02:56:18.226 [TestNG-PoolService-2] INFO  ApiAssertions - Asserting field 'bookingid' is present
02:56:18.230 [TestNG-PoolService-2] INFO  ApiAssertions - Asserting response time 345ms is below 30000ms
02:56:18.233 [TestNG-PoolService-2] INFO  BookingSteps - Created booking id 4597
02:56:18.235 [TestNG-PoolService-2] INFO  RestClient - --> GET /booking/{id}
02:56:18.646 [TestNG-PoolService-2] INFO  RestClient - <-- GET /booking/{id} responded 200 in 411 ms
02:56:18.647 [TestNG-PoolService-2] INFO  ApiAssertions - Asserting status code is 200
02:56:18.647 [TestNG-PoolService-2] INFO  ApiAssertions - Asserting content type is JSON
02:56:18.647 [TestNG-PoolService-2] INFO  ApiAssertions - Asserting body is not empty
02:56:18.651 [TestNG-PoolService-2] INFO  JsonDataReader - Loaded test data 'booking-long-stay.json' with dynamic values resolved
02:56:18.652 [TestNG-PoolService-2] DEBUG BookingSteps - Payload from test data file booking-long-stay.json: Booking(firstname=Caleb, lastname=Haley, totalprice=7357, depositpaid=true, bookingdates=BookingDates(checkin=2026-10-21, checkout=2026-12-20), additionalneeds=Airport transfer)
02:56:18.681 [TestNG-PoolService-2] INFO  RestClient - --> PUT /booking/{id}
02:56:19.062 [TestNG-PoolService-2] INFO  RestClient - <-- PUT /booking/{id} responded 200 in 381 ms
02:56:19.062 [TestNG-PoolService-2] INFO  BookingSteps - Updated booking 4597 from booking-long-stay.json
02:56:19.064 [TestNG-PoolService-2] INFO  ApiAssertions - Asserting status code is 200
02:56:19.064 [TestNG-PoolService-2] INFO  ApiAssertions - Asserting response time 353ms is below 30000ms
02:56:19.066 [TestNG-PoolService-2] INFO  RestClient - --> GET /booking/{id}
02:56:19.420 [TestNG-PoolService-2] INFO  RestClient - <-- GET /booking/{id} responded 200 in 354 ms
02:56:19.421 [TestNG-PoolService-2] INFO  ApiAssertions - Asserting status code is 200
02:56:19.421 [TestNG-PoolService-2] INFO  ApiAssertions - Asserting content type is JSON
02:56:19.421 [TestNG-PoolService-2] INFO  ApiAssertions - Asserting body is not empty
02:56:19.425 [TestNG-PoolService-2] INFO  RestClient - --> DELETE /booking/{id}
02:56:19.775 [TestNG-PoolService-2] INFO  RestClient - <-- DELETE /booking/{id} responded 201 in 350 ms
02:56:19.776 [TestNG-PoolService-2] INFO  ApiAssertions - Asserting status code is 201
02:56:19.776 [TestNG-PoolService-2] INFO  ApiAssertions - Asserting response time 341ms is below 30000ms
02:56:19.778 [TestNG-PoolService-2] INFO  RestClient - --> GET /booking/{id}
02:56:20.124 [TestNG-PoolService-2] INFO  RestClient - <-- GET /booking/{id} responded 404 in 346 ms
02:56:20.124 [TestNG-PoolService-2] INFO  ApiAssertions - Asserting status code is 404
02:56:20.125 [TestNG-PoolService-2] INFO  BookingSteps - Confirmed booking 4597 is gone
02:56:20.126 [TestNG-PoolService-2] INFO  Hooks - ### SCENARIO END: Full booking lifecycle - create, read, update, delete using "booking-no-additional-needs.json" -> PASSED
