05:24:01.334 [TestNG-PoolService-4] INFO  Hooks - ### SCENARIO START: Full booking lifecycle - create, read, update, delete using "create-booking.json"
05:24:01.346 [TestNG-PoolService-4] INFO  Hooks - Obtaining auth token for an @auth scenario
05:24:01.347 [TestNG-PoolService-4] INFO  RestClient - --> POST /auth
05:24:01.741 [TestNG-PoolService-4] INFO  RestClient - <-- POST /auth responded 200 in 394 ms
05:24:01.756 [TestNG-PoolService-4] INFO  JsonDataReader - Loaded test data 'create-booking.json' with dynamic values resolved
05:24:01.757 [TestNG-PoolService-4] DEBUG BookingSteps - Payload from test data file create-booking.json: Booking(firstname=Hugo, lastname=Champlin, totalprice=526, depositpaid=true, bookingdates=BookingDates(checkin=2026-08-21, checkout=2026-08-28), additionalneeds=Tacos)
05:24:01.760 [TestNG-PoolService-4] INFO  RestClient - --> POST /booking
05:24:02.153 [TestNG-PoolService-4] INFO  RestClient - <-- POST /booking responded 200 in 393 ms
05:24:02.153 [TestNG-PoolService-4] INFO  ApiAssertions - Asserting status code is 200
05:24:02.161 [TestNG-PoolService-4] INFO  ApiAssertions - Asserting content type is JSON
05:24:02.161 [TestNG-PoolService-4] INFO  ApiAssertions - Asserting body is not empty
05:24:02.184 [TestNG-PoolService-4] INFO  ApiAssertions - Asserting field 'bookingid' is present
05:24:02.184 [TestNG-PoolService-4] INFO  ApiAssertions - Asserting response time 359ms is below 30000ms
05:24:02.188 [TestNG-PoolService-4] INFO  BookingSteps - Created booking id 1597
05:24:02.193 [TestNG-PoolService-4] INFO  RestClient - --> GET /booking/{id}
05:24:02.602 [TestNG-PoolService-4] INFO  RestClient - <-- GET /booking/{id} responded 200 in 409 ms
05:24:02.607 [TestNG-PoolService-4] INFO  ApiAssertions - Asserting status code is 200
05:24:02.607 [TestNG-PoolService-4] INFO  ApiAssertions - Asserting content type is JSON
05:24:02.608 [TestNG-PoolService-4] INFO  ApiAssertions - Asserting body is not empty
05:24:02.612 [TestNG-PoolService-4] INFO  JsonDataReader - Loaded test data 'update-booking.json' with dynamic values resolved
05:24:02.612 [TestNG-PoolService-4] DEBUG BookingSteps - Payload from test data file update-booking.json: Booking(firstname=Joey, lastname=Mertz, totalprice=1550, depositpaid=true, bookingdates=BookingDates(checkin=2026-09-13, checkout=2026-09-28), additionalneeds=Late checkout)
05:24:02.613 [TestNG-PoolService-4] INFO  RestClient - --> PUT /booking/{id}
05:24:03.006 [TestNG-PoolService-4] INFO  RestClient - <-- PUT /booking/{id} responded 200 in 392 ms
05:24:03.007 [TestNG-PoolService-4] INFO  BookingSteps - Updated booking 1597 from update-booking.json
05:24:03.007 [TestNG-PoolService-4] INFO  ApiAssertions - Asserting status code is 200
05:24:03.008 [TestNG-PoolService-4] INFO  ApiAssertions - Asserting response time 374ms is below 30000ms
05:24:03.009 [TestNG-PoolService-4] INFO  RestClient - --> GET /booking/{id}
05:24:03.391 [TestNG-PoolService-4] INFO  RestClient - <-- GET /booking/{id} responded 200 in 382 ms
05:24:03.392 [TestNG-PoolService-4] INFO  ApiAssertions - Asserting status code is 200
05:24:03.393 [TestNG-PoolService-4] INFO  ApiAssertions - Asserting content type is JSON
05:24:03.393 [TestNG-PoolService-4] INFO  ApiAssertions - Asserting body is not empty
05:24:03.397 [TestNG-PoolService-4] INFO  RestClient - --> DELETE /booking/{id}
05:24:03.760 [TestNG-PoolService-4] INFO  RestClient - <-- DELETE /booking/{id} responded 201 in 363 ms
05:24:03.761 [TestNG-PoolService-4] INFO  ApiAssertions - Asserting status code is 201
05:24:03.761 [TestNG-PoolService-4] INFO  ApiAssertions - Asserting response time 353ms is below 30000ms
05:24:03.763 [TestNG-PoolService-4] INFO  RestClient - --> GET /booking/{id}
05:24:04.152 [TestNG-PoolService-4] INFO  RestClient - <-- GET /booking/{id} responded 404 in 389 ms
05:24:04.152 [TestNG-PoolService-4] INFO  ApiAssertions - Asserting status code is 404
05:24:04.152 [TestNG-PoolService-4] INFO  BookingSteps - Confirmed booking 1597 is gone
05:24:04.153 [TestNG-PoolService-4] INFO  Hooks - ### SCENARIO END: Full booking lifecycle - create, read, update, delete using "create-booking.json" -> PASSED
