07:16:46.693 [TestNG-PoolService-1] INFO  Hooks - ### SCENARIO START: Partially update booking name to "Sara Ali"
07:16:46.694 [TestNG-PoolService-1] INFO  Hooks - Obtaining auth token for an @auth scenario
07:16:46.695 [TestNG-PoolService-1] INFO  RestClient - --> POST /auth
07:16:46.758 [TestNG-PoolService-1] INFO  RestClient - <-- POST /auth responded 200 in 63 ms
07:16:46.763 [TestNG-PoolService-1] DEBUG BookingSteps - Payload from generated data: Booking(firstname=Kari, lastname=Ernser, totalprice=1823, depositpaid=false, bookingdates=BookingDates(checkin=2026-10-09, checkout=2026-10-14), additionalneeds=Ricotta Stuffed Ravioli)
07:16:46.764 [TestNG-PoolService-1] INFO  RestClient - --> POST /booking
07:16:46.827 [TestNG-PoolService-1] INFO  RestClient - <-- POST /booking responded 200 in 63 ms
07:16:46.828 [TestNG-PoolService-1] INFO  ApiAssertions - Asserting status code is 200
07:16:46.828 [TestNG-PoolService-1] INFO  ApiAssertions - Asserting content type is JSON
07:16:46.828 [TestNG-PoolService-1] INFO  ApiAssertions - Asserting body is not empty
07:16:46.836 [TestNG-PoolService-1] INFO  ApiAssertions - Asserting field 'bookingid' is present
07:16:46.839 [TestNG-PoolService-1] INFO  ApiAssertions - Asserting response time 44ms is below 30000ms
07:16:46.843 [TestNG-PoolService-1] INFO  BookingSteps - Created booking id 3325
07:16:46.853 [TestNG-PoolService-1] INFO  RestClient - --> PATCH /booking/{id}
07:16:46.922 [TestNG-PoolService-1] INFO  RestClient - <-- PATCH /booking/{id} responded 200 in 69 ms
07:16:46.923 [TestNG-PoolService-1] INFO  ApiAssertions - Asserting status code is 200
07:16:46.924 [TestNG-PoolService-1] INFO  ApiAssertions - Asserting response time 47ms is below 30000ms
07:16:46.925 [TestNG-PoolService-1] INFO  RestClient - --> GET /booking/{id}
07:16:46.993 [TestNG-PoolService-1] INFO  RestClient - <-- GET /booking/{id} responded 200 in 68 ms
07:16:46.994 [TestNG-PoolService-1] INFO  ApiAssertions - Asserting status code is 200
07:16:46.994 [TestNG-PoolService-1] INFO  ApiAssertions - Asserting content type is JSON
07:16:46.994 [TestNG-PoolService-1] INFO  ApiAssertions - Asserting body is not empty
07:16:46.997 [TestNG-PoolService-1] INFO  Hooks - Cleaning up booking 3325
07:16:46.999 [TestNG-PoolService-1] INFO  RestClient - --> DELETE /booking/{id}
07:16:47.057 [TestNG-PoolService-1] INFO  RestClient - <-- DELETE /booking/{id} responded 201 in 58 ms
07:16:47.061 [TestNG-PoolService-1] INFO  Hooks - ### SCENARIO END: Partially update booking name to "Sara Ali" -> PASSED
