07:16:45.594 [TestNG-PoolService-3] INFO  Hooks - ### SCENARIO START: Full booking lifecycle - create, read, update, delete using "create-booking.json"
07:16:45.595 [TestNG-PoolService-3] INFO  Hooks - Obtaining auth token for an @auth scenario
07:16:45.600 [TestNG-PoolService-3] INFO  RestClient - --> POST /auth
07:16:45.711 [TestNG-PoolService-3] INFO  RestClient - <-- POST /auth responded 200 in 110 ms
07:16:45.977 [TestNG-PoolService-3] INFO  JsonDataReader - Loaded test data 'create-booking.json' with dynamic values resolved
07:16:45.987 [TestNG-PoolService-3] DEBUG BookingSteps - Payload from test data file create-booking.json: Booking(firstname=Austin, lastname=Leannon, totalprice=710, depositpaid=false, bookingdates=BookingDates(checkin=2026-09-20, checkout=2026-09-27), additionalneeds=Pho)
07:16:45.988 [TestNG-PoolService-3] INFO  RestClient - --> POST /booking
07:16:46.078 [TestNG-PoolService-3] INFO  RestClient - <-- POST /booking responded 200 in 89 ms
07:16:46.079 [TestNG-PoolService-3] INFO  ApiAssertions - Asserting status code is 200
07:16:46.079 [TestNG-PoolService-3] INFO  ApiAssertions - Asserting content type is JSON
07:16:46.080 [TestNG-PoolService-3] INFO  ApiAssertions - Asserting body is not empty
07:16:46.109 [TestNG-PoolService-3] INFO  ApiAssertions - Asserting field 'bookingid' is present
07:16:46.109 [TestNG-PoolService-3] INFO  ApiAssertions - Asserting response time 59ms is below 30000ms
07:16:46.114 [TestNG-PoolService-3] INFO  BookingSteps - Created booking id 3313
07:16:46.116 [TestNG-PoolService-3] INFO  RestClient - --> GET /booking/{id}
07:16:46.220 [TestNG-PoolService-3] INFO  RestClient - <-- GET /booking/{id} responded 200 in 103 ms
07:16:46.221 [TestNG-PoolService-3] INFO  ApiAssertions - Asserting status code is 200
07:16:46.221 [TestNG-PoolService-3] INFO  ApiAssertions - Asserting content type is JSON
07:16:46.221 [TestNG-PoolService-3] INFO  ApiAssertions - Asserting body is not empty
07:16:46.227 [TestNG-PoolService-3] INFO  JsonDataReader - Loaded test data 'update-booking.json' with dynamic values resolved
07:16:46.228 [TestNG-PoolService-3] DEBUG BookingSteps - Payload from test data file update-booking.json: Booking(firstname=Dorathy, lastname=Borer, totalprice=4576, depositpaid=true, bookingdates=BookingDates(checkin=2026-10-13, checkout=2026-10-28), additionalneeds=Late checkout)
07:16:46.239 [TestNG-PoolService-3] INFO  RestClient - --> PUT /booking/{id}
07:16:46.325 [TestNG-PoolService-3] INFO  RestClient - <-- PUT /booking/{id} responded 200 in 83 ms
07:16:46.326 [TestNG-PoolService-3] INFO  BookingSteps - Updated booking 3313 from update-booking.json
07:16:46.326 [TestNG-PoolService-3] INFO  ApiAssertions - Asserting status code is 200
07:16:46.326 [TestNG-PoolService-3] INFO  ApiAssertions - Asserting response time 49ms is below 30000ms
07:16:46.328 [TestNG-PoolService-3] INFO  RestClient - --> GET /booking/{id}
07:16:46.396 [TestNG-PoolService-3] INFO  RestClient - <-- GET /booking/{id} responded 200 in 68 ms
07:16:46.397 [TestNG-PoolService-3] INFO  ApiAssertions - Asserting status code is 200
07:16:46.397 [TestNG-PoolService-3] INFO  ApiAssertions - Asserting content type is JSON
07:16:46.397 [TestNG-PoolService-3] INFO  ApiAssertions - Asserting body is not empty
07:16:46.410 [TestNG-PoolService-3] INFO  RestClient - --> DELETE /booking/{id}
07:16:46.488 [TestNG-PoolService-3] INFO  RestClient - <-- DELETE /booking/{id} responded 201 in 78 ms
07:16:46.489 [TestNG-PoolService-3] INFO  ApiAssertions - Asserting status code is 201
07:16:46.489 [TestNG-PoolService-3] INFO  ApiAssertions - Asserting response time 53ms is below 30000ms
07:16:46.493 [TestNG-PoolService-3] INFO  RestClient - --> GET /booking/{id}
07:16:46.568 [TestNG-PoolService-3] INFO  RestClient - <-- GET /booking/{id} responded 404 in 75 ms
07:16:46.569 [TestNG-PoolService-3] INFO  ApiAssertions - Asserting status code is 404
07:16:46.569 [TestNG-PoolService-3] INFO  BookingSteps - Confirmed booking 3313 is gone
07:16:46.572 [TestNG-PoolService-3] INFO  Hooks - ### SCENARIO END: Full booking lifecycle - create, read, update, delete using "create-booking.json" -> PASSED
