07:06:51.826 [TestNG-PoolService-1] INFO  Hooks - ### SCENARIO START: Partially update booking name to "Mohamed AbdElghany"
07:06:51.827 [TestNG-PoolService-1] INFO  Hooks - Obtaining auth token for an @auth scenario
07:06:51.828 [TestNG-PoolService-1] INFO  RestClient - --> POST /auth
07:06:52.182 [TestNG-PoolService-1] INFO  RestClient - <-- POST /auth responded 200 in 354 ms
07:06:52.185 [TestNG-PoolService-1] DEBUG BookingSteps - Payload from generated data: Booking(firstname=Tamar, lastname=Gibson, totalprice=1055, depositpaid=false, bookingdates=BookingDates(checkin=2026-10-08, checkout=2026-10-11), additionalneeds=Stinky Tofu)
07:06:52.186 [TestNG-PoolService-1] INFO  RestClient - --> POST /booking
07:06:52.542 [TestNG-PoolService-1] INFO  RestClient - <-- POST /booking responded 200 in 356 ms
07:06:52.543 [TestNG-PoolService-1] INFO  ApiAssertions - Asserting status code is 200
07:06:52.543 [TestNG-PoolService-1] INFO  ApiAssertions - Asserting content type is JSON
07:06:52.544 [TestNG-PoolService-1] INFO  ApiAssertions - Asserting body is not empty
07:06:52.555 [TestNG-PoolService-1] INFO  ApiAssertions - Asserting field 'bookingid' is present
07:06:52.555 [TestNG-PoolService-1] INFO  ApiAssertions - Asserting response time 345ms is below 30000ms
07:06:52.558 [TestNG-PoolService-1] INFO  BookingSteps - Created booking id 2987
07:06:52.560 [TestNG-PoolService-1] INFO  RestClient - --> PATCH /booking/{id}
07:06:52.914 [TestNG-PoolService-1] INFO  RestClient - <-- PATCH /booking/{id} responded 200 in 353 ms
07:06:52.915 [TestNG-PoolService-1] INFO  ApiAssertions - Asserting status code is 200
07:06:52.915 [TestNG-PoolService-1] INFO  ApiAssertions - Asserting response time 344ms is below 30000ms
07:06:52.916 [TestNG-PoolService-1] INFO  RestClient - --> GET /booking/{id}
07:06:53.282 [TestNG-PoolService-1] INFO  RestClient - <-- GET /booking/{id} responded 200 in 366 ms
07:06:53.283 [TestNG-PoolService-1] INFO  ApiAssertions - Asserting status code is 200
07:06:53.283 [TestNG-PoolService-1] INFO  ApiAssertions - Asserting content type is JSON
07:06:53.284 [TestNG-PoolService-1] INFO  ApiAssertions - Asserting body is not empty
07:06:53.287 [TestNG-PoolService-1] INFO  Hooks - Cleaning up booking 2987
07:06:53.288 [TestNG-PoolService-1] INFO  RestClient - --> DELETE /booking/{id}
07:06:53.648 [TestNG-PoolService-1] INFO  RestClient - <-- DELETE /booking/{id} responded 201 in 360 ms
07:06:53.649 [TestNG-PoolService-1] INFO  Hooks - ### SCENARIO END: Partially update booking name to "Mohamed AbdElghany" -> PASSED
