06:58:40.166 [TestNG-PoolService-3] INFO  Hooks - ### SCENARIO START: Full booking lifecycle - create, read, update, delete using "create-booking.json"
06:58:40.172 [TestNG-PoolService-3] INFO  Hooks - Obtaining auth token for an @auth scenario
06:58:40.174 [TestNG-PoolService-3] INFO  RestClient - --> POST /auth
06:58:40.556 [TestNG-PoolService-3] INFO  RestClient - <-- POST /auth responded 200 in 382 ms
06:58:40.558 [TestNG-PoolService-3] INFO  JsonDataReader - Loaded test data 'create-booking.json' with dynamic values resolved
06:58:40.559 [TestNG-PoolService-3] DEBUG BookingSteps - Payload from test data file create-booking.json: Booking(firstname=Bobbie, lastname=White, totalprice=198, depositpaid=true, bookingdates=BookingDates(checkin=2026-09-19, checkout=2026-09-26), additionalneeds=Chicken Milanese)
06:58:40.560 [TestNG-PoolService-3] INFO  RestClient - --> POST /booking
06:58:40.960 [TestNG-PoolService-3] INFO  RestClient - <-- POST /booking responded 200 in 400 ms
06:58:40.961 [TestNG-PoolService-3] INFO  ApiAssertions - Asserting status code is 200
06:58:40.961 [TestNG-PoolService-3] INFO  ApiAssertions - Asserting content type is JSON
06:58:40.964 [TestNG-PoolService-3] INFO  ApiAssertions - Asserting body is not empty
06:58:40.984 [TestNG-PoolService-3] INFO  ApiAssertions - Asserting field 'bookingid' is present
06:58:40.984 [TestNG-PoolService-3] INFO  ApiAssertions - Asserting response time 383ms is below 30000ms
06:58:40.989 [TestNG-PoolService-3] INFO  BookingSteps - Created booking id 4431
06:58:40.994 [TestNG-PoolService-3] INFO  RestClient - --> GET /booking/{id}
06:58:41.450 [TestNG-PoolService-3] INFO  RestClient - <-- GET /booking/{id} responded 200 in 455 ms
06:58:41.450 [TestNG-PoolService-3] INFO  ApiAssertions - Asserting status code is 200
06:58:41.450 [TestNG-PoolService-3] INFO  ApiAssertions - Asserting content type is JSON
06:58:41.451 [TestNG-PoolService-3] INFO  ApiAssertions - Asserting body is not empty
06:58:41.454 [TestNG-PoolService-3] INFO  JsonDataReader - Loaded test data 'update-booking.json' with dynamic values resolved
06:58:41.454 [TestNG-PoolService-3] DEBUG BookingSteps - Payload from test data file update-booking.json: Booking(firstname=Caroline, lastname=Hirthe, totalprice=2897, depositpaid=false, bookingdates=BookingDates(checkin=2026-10-12, checkout=2026-10-27), additionalneeds=Late checkout)
06:58:41.456 [TestNG-PoolService-3] INFO  RestClient - --> PUT /booking/{id}
06:58:41.826 [TestNG-PoolService-3] INFO  RestClient - <-- PUT /booking/{id} responded 200 in 370 ms
06:58:41.827 [TestNG-PoolService-3] INFO  BookingSteps - Updated booking 4431 from update-booking.json
06:58:41.828 [TestNG-PoolService-3] INFO  ApiAssertions - Asserting status code is 200
06:58:41.828 [TestNG-PoolService-3] INFO  ApiAssertions - Asserting response time 356ms is below 30000ms
06:58:41.830 [TestNG-PoolService-3] INFO  RestClient - --> GET /booking/{id}
06:58:42.182 [TestNG-PoolService-3] INFO  RestClient - <-- GET /booking/{id} responded 200 in 352 ms
06:58:42.183 [TestNG-PoolService-3] INFO  ApiAssertions - Asserting status code is 200
06:58:42.183 [TestNG-PoolService-3] INFO  ApiAssertions - Asserting content type is JSON
06:58:42.183 [TestNG-PoolService-3] INFO  ApiAssertions - Asserting body is not empty
06:58:42.187 [TestNG-PoolService-3] INFO  RestClient - --> DELETE /booking/{id}
06:58:42.536 [TestNG-PoolService-3] INFO  RestClient - <-- DELETE /booking/{id} responded 201 in 349 ms
06:58:42.537 [TestNG-PoolService-3] INFO  ApiAssertions - Asserting status code is 201
06:58:42.537 [TestNG-PoolService-3] INFO  ApiAssertions - Asserting response time 339ms is below 30000ms
06:58:42.539 [TestNG-PoolService-3] INFO  RestClient - --> GET /booking/{id}
06:58:42.894 [TestNG-PoolService-3] INFO  RestClient - <-- GET /booking/{id} responded 404 in 355 ms
06:58:42.895 [TestNG-PoolService-3] INFO  ApiAssertions - Asserting status code is 404
06:58:42.895 [TestNG-PoolService-3] INFO  BookingSteps - Confirmed booking 4431 is gone
06:58:42.897 [TestNG-PoolService-3] INFO  Hooks - ### SCENARIO END: Full booking lifecycle - create, read, update, delete using "create-booking.json" -> PASSED
