07:16:46.863 [TestNG-PoolService-3] INFO  Hooks - ### SCENARIO START: Partially update booking name to "Jean-Luc O'Connor"
07:16:46.864 [TestNG-PoolService-3] INFO  Hooks - Obtaining auth token for an @auth scenario
07:16:46.865 [TestNG-PoolService-3] INFO  RestClient - --> POST /auth
07:16:46.930 [TestNG-PoolService-3] INFO  RestClient - <-- POST /auth responded 200 in 65 ms
07:16:46.937 [TestNG-PoolService-3] DEBUG BookingSteps - Payload from generated data: Booking(firstname=Eveline, lastname=Johnston, totalprice=745, depositpaid=false, bookingdates=BookingDates(checkin=2026-09-27, checkout=2026-10-10), additionalneeds=Fish and Chips)
07:16:46.938 [TestNG-PoolService-3] INFO  RestClient - --> POST /booking
07:16:47.006 [TestNG-PoolService-3] INFO  RestClient - <-- POST /booking responded 200 in 68 ms
07:16:47.006 [TestNG-PoolService-3] INFO  ApiAssertions - Asserting status code is 200
07:16:47.006 [TestNG-PoolService-3] INFO  ApiAssertions - Asserting content type is JSON
07:16:47.007 [TestNG-PoolService-3] INFO  ApiAssertions - Asserting body is not empty
07:16:47.030 [TestNG-PoolService-3] INFO  ApiAssertions - Asserting field 'bookingid' is present
07:16:47.030 [TestNG-PoolService-3] INFO  ApiAssertions - Asserting response time 46ms is below 30000ms
07:16:47.036 [TestNG-PoolService-3] INFO  BookingSteps - Created booking id 3328
07:16:47.041 [TestNG-PoolService-3] INFO  RestClient - --> PATCH /booking/{id}
07:16:47.115 [TestNG-PoolService-3] INFO  RestClient - <-- PATCH /booking/{id} responded 200 in 74 ms
07:16:47.116 [TestNG-PoolService-3] INFO  ApiAssertions - Asserting status code is 200
07:16:47.116 [TestNG-PoolService-3] INFO  ApiAssertions - Asserting response time 46ms is below 30000ms
07:16:47.118 [TestNG-PoolService-3] INFO  RestClient - --> GET /booking/{id}
07:16:47.169 [TestNG-PoolService-3] INFO  RestClient - <-- GET /booking/{id} responded 200 in 51 ms
07:16:47.170 [TestNG-PoolService-3] INFO  ApiAssertions - Asserting status code is 200
07:16:47.170 [TestNG-PoolService-3] INFO  ApiAssertions - Asserting content type is JSON
07:16:47.170 [TestNG-PoolService-3] INFO  ApiAssertions - Asserting body is not empty
07:16:47.173 [TestNG-PoolService-3] INFO  Hooks - Cleaning up booking 3328
07:16:47.174 [TestNG-PoolService-3] INFO  RestClient - --> DELETE /booking/{id}
07:16:47.224 [TestNG-PoolService-3] INFO  RestClient - <-- DELETE /booking/{id} responded 201 in 50 ms
07:16:47.225 [TestNG-PoolService-3] INFO  Hooks - ### SCENARIO END: Partially update booking name to "Jean-Luc O'Connor" -> PASSED
