07:16:46.686 [TestNG-PoolService-2] INFO  Hooks - ### SCENARIO START: Partially update booking name to "Mohamed AbdElghany"
07:16:46.688 [TestNG-PoolService-2] INFO  Hooks - Obtaining auth token for an @auth scenario
07:16:46.689 [TestNG-PoolService-2] INFO  RestClient - --> POST /auth
07:16:46.756 [TestNG-PoolService-2] INFO  RestClient - <-- POST /auth responded 200 in 64 ms
07:16:46.758 [TestNG-PoolService-2] DEBUG BookingSteps - Payload from generated data: Booking(firstname=Mallory, lastname=Douglas, totalprice=1316, depositpaid=true, bookingdates=BookingDates(checkin=2026-09-30, checkout=2026-10-12), additionalneeds=Massaman Curry)
07:16:46.760 [TestNG-PoolService-2] INFO  RestClient - --> POST /booking
07:16:46.817 [TestNG-PoolService-2] INFO  RestClient - <-- POST /booking responded 200 in 57 ms
07:16:46.818 [TestNG-PoolService-2] INFO  ApiAssertions - Asserting status code is 200
07:16:46.818 [TestNG-PoolService-2] INFO  ApiAssertions - Asserting content type is JSON
07:16:46.818 [TestNG-PoolService-2] INFO  ApiAssertions - Asserting body is not empty
07:16:46.836 [TestNG-PoolService-2] INFO  ApiAssertions - Asserting field 'bookingid' is present
07:16:46.838 [TestNG-PoolService-2] INFO  ApiAssertions - Asserting response time 45ms is below 30000ms
07:16:46.843 [TestNG-PoolService-2] INFO  BookingSteps - Created booking id 3324
07:16:46.847 [TestNG-PoolService-2] INFO  RestClient - --> PATCH /booking/{id}
07:16:46.932 [TestNG-PoolService-2] INFO  RestClient - <-- PATCH /booking/{id} responded 200 in 85 ms
07:16:46.933 [TestNG-PoolService-2] INFO  ApiAssertions - Asserting status code is 200
07:16:46.933 [TestNG-PoolService-2] INFO  ApiAssertions - Asserting response time 53ms is below 30000ms
07:16:46.934 [TestNG-PoolService-2] INFO  RestClient - --> GET /booking/{id}
07:16:46.995 [TestNG-PoolService-2] INFO  RestClient - <-- GET /booking/{id} responded 200 in 61 ms
07:16:47.002 [TestNG-PoolService-2] INFO  ApiAssertions - Asserting status code is 200
07:16:47.002 [TestNG-PoolService-2] INFO  ApiAssertions - Asserting content type is JSON
07:16:47.002 [TestNG-PoolService-2] INFO  ApiAssertions - Asserting body is not empty
07:16:47.014 [TestNG-PoolService-2] INFO  Hooks - Cleaning up booking 3324
07:16:47.015 [TestNG-PoolService-2] INFO  RestClient - --> DELETE /booking/{id}
07:16:47.082 [TestNG-PoolService-2] INFO  RestClient - <-- DELETE /booking/{id} responded 201 in 67 ms
07:16:47.083 [TestNG-PoolService-2] INFO  Hooks - ### SCENARIO END: Partially update booking name to "Mohamed AbdElghany" -> PASSED
