03:00:55.902 [TestNG-PoolService-1] INFO  Hooks - ### SCENARIO START: Partially update booking name to "Mohamed AbdElghany"
03:00:55.903 [TestNG-PoolService-1] INFO  Hooks - Obtaining auth token for an @auth scenario
03:00:55.905 [TestNG-PoolService-1] INFO  RestClient - --> POST /auth
03:00:56.277 [TestNG-PoolService-1] INFO  RestClient - <-- POST /auth responded 200 in 372 ms
03:00:56.283 [TestNG-PoolService-1] DEBUG BookingSteps - Payload from generated data: Booking(firstname=Williams, lastname=McKenzie, totalprice=177, depositpaid=true, bookingdates=BookingDates(checkin=2026-09-12, checkout=2026-09-24), additionalneeds=Kebab)
03:00:56.284 [TestNG-PoolService-1] INFO  RestClient - --> POST /booking
03:00:56.651 [TestNG-PoolService-1] INFO  RestClient - <-- POST /booking responded 200 in 366 ms
03:00:56.652 [TestNG-PoolService-1] INFO  ApiAssertions - Asserting status code is 200
03:00:56.652 [TestNG-PoolService-1] INFO  ApiAssertions - Asserting content type is JSON
03:00:56.652 [TestNG-PoolService-1] INFO  ApiAssertions - Asserting body is not empty
03:00:56.664 [TestNG-PoolService-1] INFO  ApiAssertions - Asserting field 'bookingid' is present
03:00:56.664 [TestNG-PoolService-1] INFO  ApiAssertions - Asserting response time 354ms is below 30000ms
03:00:56.669 [TestNG-PoolService-1] INFO  BookingSteps - Created booking id 8036
03:00:56.675 [TestNG-PoolService-1] INFO  RestClient - --> PATCH /booking/{id}
03:00:57.068 [TestNG-PoolService-1] INFO  RestClient - <-- PATCH /booking/{id} responded 200 in 393 ms
03:00:57.069 [TestNG-PoolService-1] INFO  ApiAssertions - Asserting status code is 200
03:00:57.069 [TestNG-PoolService-1] INFO  ApiAssertions - Asserting response time 359ms is below 30000ms
03:00:57.070 [TestNG-PoolService-1] INFO  RestClient - --> GET /booking/{id}
03:00:57.426 [TestNG-PoolService-1] INFO  RestClient - <-- GET /booking/{id} responded 200 in 355 ms
03:00:57.426 [TestNG-PoolService-1] INFO  ApiAssertions - Asserting status code is 200
03:00:57.426 [TestNG-PoolService-1] INFO  ApiAssertions - Asserting content type is JSON
03:00:57.426 [TestNG-PoolService-1] INFO  ApiAssertions - Asserting body is not empty
03:00:57.429 [TestNG-PoolService-1] INFO  Hooks - Cleaning up booking 8036
03:00:57.430 [TestNG-PoolService-1] INFO  RestClient - --> DELETE /booking/{id}
03:00:57.801 [TestNG-PoolService-1] INFO  RestClient - <-- DELETE /booking/{id} responded 201 in 371 ms
03:00:57.801 [TestNG-PoolService-1] INFO  Hooks - ### SCENARIO END: Partially update booking name to "Mohamed AbdElghany" -> PASSED
