08:09:37.931 [TestNG-PoolService-1] INFO  Hooks - ### SCENARIO START: Partially update booking name to "Mohamed AbdElghany"
08:09:37.931 [TestNG-PoolService-1] INFO  Hooks - Obtaining auth token for an @auth scenario
08:09:37.934 [TestNG-PoolService-1] INFO  RestClient - --> POST /auth
08:09:37.988 [TestNG-PoolService-1] INFO  RestClient - <-- POST /auth responded 200 in 54 ms
08:09:37.994 [TestNG-PoolService-1] DEBUG BookingSteps - Payload from generated data: Booking(firstname=Norman, lastname=Dietrich, totalprice=514, depositpaid=false, bookingdates=BookingDates(checkin=2026-10-25, checkout=2026-10-31), additionalneeds=Meatballs with Sauce)
08:09:37.996 [TestNG-PoolService-1] INFO  RestClient - --> POST /booking
08:09:38.046 [TestNG-PoolService-1] INFO  RestClient - <-- POST /booking responded 200 in 50 ms
08:09:38.047 [TestNG-PoolService-1] INFO  ApiAssertions - Asserting status code is 200
08:09:38.047 [TestNG-PoolService-1] INFO  ApiAssertions - Asserting content type is JSON
08:09:38.047 [TestNG-PoolService-1] INFO  ApiAssertions - Asserting body is not empty
08:09:38.076 [TestNG-PoolService-1] INFO  ApiAssertions - Asserting field 'bookingid' is present
08:09:38.077 [TestNG-PoolService-1] INFO  ApiAssertions - Asserting response time 28ms is below 30000ms
08:09:38.095 [TestNG-PoolService-1] INFO  BookingSteps - Created booking id 4442
08:09:38.104 [TestNG-PoolService-1] INFO  RestClient - --> PATCH /booking/{id}
08:09:38.155 [TestNG-PoolService-1] INFO  RestClient - <-- PATCH /booking/{id} responded 200 in 51 ms
08:09:38.155 [TestNG-PoolService-1] INFO  ApiAssertions - Asserting status code is 200
08:09:38.156 [TestNG-PoolService-1] INFO  ApiAssertions - Asserting response time 32ms is below 30000ms
08:09:38.157 [TestNG-PoolService-1] INFO  RestClient - --> GET /booking/{id}
08:09:38.204 [TestNG-PoolService-1] INFO  RestClient - <-- GET /booking/{id} responded 200 in 47 ms
08:09:38.206 [TestNG-PoolService-1] INFO  ApiAssertions - Asserting status code is 200
08:09:38.207 [TestNG-PoolService-1] INFO  ApiAssertions - Asserting content type is JSON
08:09:38.207 [TestNG-PoolService-1] INFO  ApiAssertions - Asserting body is not empty
08:09:38.210 [TestNG-PoolService-1] INFO  Hooks - Cleaning up booking 4442
08:09:38.212 [TestNG-PoolService-1] INFO  RestClient - --> DELETE /booking/{id}
08:09:38.277 [TestNG-PoolService-1] INFO  RestClient - <-- DELETE /booking/{id} responded 201 in 64 ms
08:09:38.278 [TestNG-PoolService-1] INFO  Hooks - ### SCENARIO END: Partially update booking name to "Mohamed AbdElghany" -> PASSED
