08:35:03.365 [TestNG-PoolService-3] INFO  Hooks - ### SCENARIO START: Full booking lifecycle - create, read, update, delete using "create-booking.json"
08:35:03.370 [TestNG-PoolService-3] INFO  Hooks - Obtaining auth token for an @auth scenario
08:35:03.372 [TestNG-PoolService-3] INFO  RestClient - --> POST /auth
08:35:03.454 [TestNG-PoolService-3] INFO  RestClient - <-- POST /auth responded 200 in 82 ms
08:35:03.659 [TestNG-PoolService-3] INFO  JsonDataReader - Loaded test data 'create-booking.json' with dynamic values resolved
08:35:03.669 [TestNG-PoolService-3] DEBUG BookingSteps - Payload from test data file create-booking.json: Booking(firstname=Tatum, lastname=Zieme, totalprice=880, depositpaid=true, bookingdates=BookingDates(checkin=2026-10-12, checkout=2026-10-19), additionalneeds=Tuna Sashimi)
08:35:03.671 [TestNG-PoolService-3] INFO  RestClient - --> POST /booking
08:35:03.752 [TestNG-PoolService-3] INFO  RestClient - <-- POST /booking responded 200 in 81 ms
08:35:03.753 [TestNG-PoolService-3] INFO  ApiAssertions - Asserting status code is 200
08:35:03.754 [TestNG-PoolService-3] INFO  ApiAssertions - Asserting content type is JSON
08:35:03.754 [TestNG-PoolService-3] INFO  ApiAssertions - Asserting body is not empty
08:35:03.777 [TestNG-PoolService-3] INFO  ApiAssertions - Asserting field 'bookingid' is present
08:35:03.777 [TestNG-PoolService-3] INFO  ApiAssertions - Asserting response time 47ms is below 30000ms
08:35:03.786 [TestNG-PoolService-3] INFO  BookingSteps - Created booking id 2279
08:35:03.788 [TestNG-PoolService-3] INFO  RestClient - --> GET /booking/{id}
08:35:03.916 [TestNG-PoolService-3] INFO  RestClient - <-- GET /booking/{id} responded 200 in 127 ms
08:35:03.917 [TestNG-PoolService-3] INFO  ApiAssertions - Asserting status code is 200
08:35:03.917 [TestNG-PoolService-3] INFO  ApiAssertions - Asserting content type is JSON
08:35:03.918 [TestNG-PoolService-3] INFO  ApiAssertions - Asserting body is not empty
08:35:03.923 [TestNG-PoolService-3] INFO  JsonDataReader - Loaded test data 'update-booking.json' with dynamic values resolved
08:35:03.927 [TestNG-PoolService-3] DEBUG BookingSteps - Payload from test data file update-booking.json: Booking(firstname=Eulah, lastname=Pfannerstill, totalprice=4280, depositpaid=false, bookingdates=BookingDates(checkin=2026-11-04, checkout=2026-11-19), additionalneeds=Late checkout)
08:35:03.928 [TestNG-PoolService-3] INFO  RestClient - --> PUT /booking/{id}
08:35:04.009 [TestNG-PoolService-3] INFO  RestClient - <-- PUT /booking/{id} responded 200 in 81 ms
08:35:04.012 [TestNG-PoolService-3] INFO  BookingSteps - Updated booking 2279 from update-booking.json
08:35:04.015 [TestNG-PoolService-3] INFO  ApiAssertions - Asserting status code is 200
08:35:04.015 [TestNG-PoolService-3] INFO  ApiAssertions - Asserting response time 47ms is below 30000ms
08:35:04.017 [TestNG-PoolService-3] INFO  RestClient - --> GET /booking/{id}
08:35:04.091 [TestNG-PoolService-3] INFO  RestClient - <-- GET /booking/{id} responded 200 in 74 ms
08:35:04.096 [TestNG-PoolService-3] INFO  ApiAssertions - Asserting status code is 200
08:35:04.096 [TestNG-PoolService-3] INFO  ApiAssertions - Asserting content type is JSON
08:35:04.096 [TestNG-PoolService-3] INFO  ApiAssertions - Asserting body is not empty
08:35:04.107 [TestNG-PoolService-3] INFO  RestClient - --> DELETE /booking/{id}
08:35:04.172 [TestNG-PoolService-3] INFO  RestClient - <-- DELETE /booking/{id} responded 201 in 65 ms
08:35:04.173 [TestNG-PoolService-3] INFO  ApiAssertions - Asserting status code is 201
08:35:04.173 [TestNG-PoolService-3] INFO  ApiAssertions - Asserting response time 43ms is below 30000ms
08:35:04.182 [TestNG-PoolService-3] INFO  RestClient - --> GET /booking/{id}
08:35:04.251 [TestNG-PoolService-3] INFO  RestClient - <-- GET /booking/{id} responded 404 in 69 ms
08:35:04.252 [TestNG-PoolService-3] INFO  ApiAssertions - Asserting status code is 404
08:35:04.252 [TestNG-PoolService-3] INFO  BookingSteps - Confirmed booking 2279 is gone
08:35:04.256 [TestNG-PoolService-3] INFO  Hooks - ### SCENARIO END: Full booking lifecycle - create, read, update, delete using "create-booking.json" -> PASSED
