07:54:37.536 [TestNG-PoolService-4] INFO  Hooks - ### SCENARIO START: Full booking lifecycle - create, read, update, delete using "booking-no-additional-needs.json"
07:54:37.538 [TestNG-PoolService-4] INFO  Hooks - Obtaining auth token for an @auth scenario
07:54:37.541 [TestNG-PoolService-4] INFO  RestClient - --> POST /auth
07:54:37.624 [TestNG-PoolService-4] INFO  RestClient - <-- POST /auth responded 200 in 83 ms
07:54:37.799 [TestNG-PoolService-4] INFO  JsonDataReader - Loaded test data 'booking-no-additional-needs.json' with dynamic values resolved
07:54:37.823 [TestNG-PoolService-4] DEBUG BookingSteps - Payload from test data file booking-no-additional-needs.json: Booking(firstname=Kelley, lastname=Lehner, totalprice=82, depositpaid=false, bookingdates=BookingDates(checkin=2026-10-05, checkout=2026-10-07), additionalneeds=null)
07:54:37.829 [TestNG-PoolService-4] INFO  RestClient - --> POST /booking
07:54:37.905 [TestNG-PoolService-4] INFO  RestClient - <-- POST /booking responded 200 in 76 ms
07:54:37.910 [TestNG-PoolService-4] INFO  ApiAssertions - Asserting status code is 200
07:54:37.910 [TestNG-PoolService-4] INFO  ApiAssertions - Asserting content type is JSON
07:54:37.911 [TestNG-PoolService-4] INFO  ApiAssertions - Asserting body is not empty
07:54:37.928 [TestNG-PoolService-4] INFO  ApiAssertions - Asserting field 'bookingid' is present
07:54:37.928 [TestNG-PoolService-4] INFO  ApiAssertions - Asserting response time 35ms is below 30000ms
07:54:37.946 [TestNG-PoolService-4] INFO  BookingSteps - Created booking id 2085
07:54:37.950 [TestNG-PoolService-4] INFO  RestClient - --> GET /booking/{id}
07:54:38.032 [TestNG-PoolService-4] INFO  RestClient - <-- GET /booking/{id} responded 200 in 81 ms
07:54:38.038 [TestNG-PoolService-4] INFO  ApiAssertions - Asserting status code is 200
07:54:38.038 [TestNG-PoolService-4] INFO  ApiAssertions - Asserting content type is JSON
07:54:38.038 [TestNG-PoolService-4] INFO  ApiAssertions - Asserting body is not empty
07:54:38.044 [TestNG-PoolService-4] INFO  JsonDataReader - Loaded test data 'booking-long-stay.json' with dynamic values resolved
07:54:38.044 [TestNG-PoolService-4] DEBUG BookingSteps - Payload from test data file booking-long-stay.json: Booking(firstname=Jan, lastname=Connelly, totalprice=4185, depositpaid=true, bookingdates=BookingDates(checkin=2026-12-03, checkout=2027-02-01), additionalneeds=Airport transfer)
07:54:38.055 [TestNG-PoolService-4] INFO  RestClient - --> PUT /booking/{id}
07:54:38.132 [TestNG-PoolService-4] INFO  RestClient - <-- PUT /booking/{id} responded 200 in 77 ms
07:54:38.132 [TestNG-PoolService-4] INFO  BookingSteps - Updated booking 2085 from booking-long-stay.json
07:54:38.136 [TestNG-PoolService-4] INFO  ApiAssertions - Asserting status code is 200
07:54:38.136 [TestNG-PoolService-4] INFO  ApiAssertions - Asserting response time 45ms is below 30000ms
07:54:38.139 [TestNG-PoolService-4] INFO  RestClient - --> GET /booking/{id}
07:54:38.193 [TestNG-PoolService-4] INFO  RestClient - <-- GET /booking/{id} responded 200 in 53 ms
07:54:38.194 [TestNG-PoolService-4] INFO  ApiAssertions - Asserting status code is 200
07:54:38.194 [TestNG-PoolService-4] INFO  ApiAssertions - Asserting content type is JSON
07:54:38.195 [TestNG-PoolService-4] INFO  ApiAssertions - Asserting body is not empty
07:54:38.202 [TestNG-PoolService-4] INFO  RestClient - --> DELETE /booking/{id}
07:54:38.249 [TestNG-PoolService-4] INFO  RestClient - <-- DELETE /booking/{id} responded 201 in 46 ms
07:54:38.250 [TestNG-PoolService-4] INFO  ApiAssertions - Asserting status code is 201
07:54:38.250 [TestNG-PoolService-4] INFO  ApiAssertions - Asserting response time 24ms is below 30000ms
07:54:38.251 [TestNG-PoolService-4] INFO  RestClient - --> GET /booking/{id}
07:54:38.303 [TestNG-PoolService-4] INFO  RestClient - <-- GET /booking/{id} responded 404 in 48 ms
07:54:38.304 [TestNG-PoolService-4] INFO  ApiAssertions - Asserting status code is 404
07:54:38.304 [TestNG-PoolService-4] INFO  BookingSteps - Confirmed booking 2085 is gone
07:54:38.306 [TestNG-PoolService-4] INFO  Hooks - ### SCENARIO END: Full booking lifecycle - create, read, update, delete using "booking-no-additional-needs.json" -> PASSED
