13:57:17.997 [TestNG-PoolService-1] INFO  Hooks - ### SCENARIO START: Partially update booking name to "Jean-Luc O'Connor"
13:57:17.997 [TestNG-PoolService-1] INFO  Hooks - Obtaining auth token for an @auth scenario
13:57:18.000 [TestNG-PoolService-1] INFO  RestClient - --> POST /auth
13:57:18.366 [TestNG-PoolService-1] INFO  RestClient - <-- POST /auth responded 200 in 366 ms
13:57:18.369 [TestNG-PoolService-1] DEBUG BookingSteps - Payload from generated data: Booking(firstname=Jesusita, lastname=Roberts, totalprice=504, depositpaid=false, bookingdates=BookingDates(checkin=2026-09-25, checkout=2026-10-03), additionalneeds=Pho)
13:57:18.370 [TestNG-PoolService-1] INFO  RestClient - --> POST /booking
13:57:18.723 [TestNG-PoolService-1] INFO  RestClient - <-- POST /booking responded 200 in 353 ms
13:57:18.723 [TestNG-PoolService-1] INFO  ApiAssertions - Asserting status code is 200
13:57:18.723 [TestNG-PoolService-1] INFO  ApiAssertions - Asserting content type is JSON
13:57:18.723 [TestNG-PoolService-1] INFO  ApiAssertions - Asserting body is not empty
13:57:18.733 [TestNG-PoolService-1] INFO  ApiAssertions - Asserting field 'bookingid' is present
13:57:18.734 [TestNG-PoolService-1] INFO  ApiAssertions - Asserting response time 341ms is below 30000ms
13:57:18.736 [TestNG-PoolService-1] INFO  BookingSteps - Created booking id 3694
13:57:18.737 [TestNG-PoolService-1] INFO  RestClient - --> PATCH /booking/{id}
13:57:19.088 [TestNG-PoolService-1] INFO  RestClient - <-- PATCH /booking/{id} responded 200 in 350 ms
13:57:19.088 [TestNG-PoolService-1] INFO  ApiAssertions - Asserting status code is 200
13:57:19.088 [TestNG-PoolService-1] INFO  ApiAssertions - Asserting response time 341ms is below 30000ms
13:57:19.089 [TestNG-PoolService-1] INFO  RestClient - --> GET /booking/{id}
13:57:19.437 [TestNG-PoolService-1] INFO  RestClient - <-- GET /booking/{id} responded 200 in 348 ms
13:57:19.439 [TestNG-PoolService-1] INFO  ApiAssertions - Asserting status code is 200
13:57:19.440 [TestNG-PoolService-1] INFO  ApiAssertions - Asserting content type is JSON
13:57:19.440 [TestNG-PoolService-1] INFO  ApiAssertions - Asserting body is not empty
13:57:19.443 [TestNG-PoolService-1] INFO  Hooks - Cleaning up booking 3694
13:57:19.444 [TestNG-PoolService-1] INFO  RestClient - --> DELETE /booking/{id}
13:57:19.792 [TestNG-PoolService-1] INFO  RestClient - <-- DELETE /booking/{id} responded 201 in 348 ms
13:57:19.793 [TestNG-PoolService-1] INFO  Hooks - ### SCENARIO END: Partially update booking name to "Jean-Luc O'Connor" -> PASSED
