08:43:54.816 [TestNG-PoolService-2] INFO  Hooks - ### SCENARIO START: Partially update booking name to "Jean-Luc O'Connor"
08:43:54.820 [TestNG-PoolService-2] INFO  Hooks - Obtaining auth token for an @auth scenario
08:43:54.821 [TestNG-PoolService-2] INFO  RestClient - --> POST /auth
08:43:55.081 [TestNG-PoolService-2] INFO  RestClient - <-- POST /auth responded 200 in 259 ms
08:43:55.088 [TestNG-PoolService-2] DEBUG BookingSteps - Payload from generated data: Booking(firstname=Roy, lastname=Hudson, totalprice=648, depositpaid=true, bookingdates=BookingDates(checkin=2026-08-30, checkout=2026-09-02), additionalneeds=Chilli con Carne)
08:43:55.089 [TestNG-PoolService-2] INFO  RestClient - --> POST /booking
08:43:55.353 [TestNG-PoolService-2] INFO  RestClient - <-- POST /booking responded 200 in 264 ms
08:43:55.354 [TestNG-PoolService-2] INFO  ApiAssertions - Asserting status code is 200
08:43:55.354 [TestNG-PoolService-2] INFO  ApiAssertions - Asserting content type is JSON
08:43:55.354 [TestNG-PoolService-2] INFO  ApiAssertions - Asserting body is not empty
08:43:55.374 [TestNG-PoolService-2] INFO  ApiAssertions - Asserting field 'bookingid' is present
08:43:55.374 [TestNG-PoolService-2] INFO  ApiAssertions - Asserting response time 240ms is below 30000ms
08:43:55.382 [TestNG-PoolService-2] INFO  BookingSteps - Created booking id 1657
08:43:55.383 [TestNG-PoolService-2] INFO  RestClient - --> PATCH /booking/{id}
08:43:55.646 [TestNG-PoolService-2] INFO  RestClient - <-- PATCH /booking/{id} responded 200 in 262 ms
08:43:55.646 [TestNG-PoolService-2] INFO  ApiAssertions - Asserting status code is 200
08:43:55.649 [TestNG-PoolService-2] INFO  ApiAssertions - Asserting response time 241ms is below 30000ms
08:43:55.650 [TestNG-PoolService-2] INFO  RestClient - --> GET /booking/{id}
08:43:55.912 [TestNG-PoolService-2] INFO  RestClient - <-- GET /booking/{id} responded 200 in 262 ms
08:43:55.912 [TestNG-PoolService-2] INFO  ApiAssertions - Asserting status code is 200
08:43:55.912 [TestNG-PoolService-2] INFO  ApiAssertions - Asserting content type is JSON
08:43:55.912 [TestNG-PoolService-2] INFO  ApiAssertions - Asserting body is not empty
08:43:55.915 [TestNG-PoolService-2] INFO  Hooks - Cleaning up booking 1657
08:43:55.916 [TestNG-PoolService-2] INFO  RestClient - --> DELETE /booking/{id}
08:43:56.157 [TestNG-PoolService-2] INFO  RestClient - <-- DELETE /booking/{id} responded 201 in 241 ms
08:43:56.158 [TestNG-PoolService-2] INFO  Hooks - ### SCENARIO END: Partially update booking name to "Jean-Luc O'Connor" -> PASSED
