07:01:04.348 [TestNG-PoolService-1] INFO  Hooks - ### SCENARIO START: Partially update booking name to "Mohamed AbdElghany"
07:01:04.348 [TestNG-PoolService-1] INFO  Hooks - Obtaining auth token for an @auth scenario
07:01:04.349 [TestNG-PoolService-1] INFO  RestClient - --> POST /auth
07:01:04.405 [TestNG-PoolService-1] INFO  RestClient - <-- POST /auth responded 200 in 53 ms
07:01:04.411 [TestNG-PoolService-1] DEBUG BookingSteps - Payload from generated data: Booking(firstname=Ulysses, lastname=Corkery, totalprice=1451, depositpaid=true, bookingdates=BookingDates(checkin=2026-09-11, checkout=2026-09-15), additionalneeds=Souvlaki)
07:01:04.411 [TestNG-PoolService-1] INFO  RestClient - --> POST /booking
07:01:04.471 [TestNG-PoolService-1] INFO  RestClient - <-- POST /booking responded 200 in 59 ms
07:01:04.472 [TestNG-PoolService-1] INFO  ApiAssertions - Asserting status code is 200
07:01:04.472 [TestNG-PoolService-1] INFO  ApiAssertions - Asserting content type is JSON
07:01:04.472 [TestNG-PoolService-1] INFO  ApiAssertions - Asserting body is not empty
07:01:04.490 [TestNG-PoolService-1] INFO  ApiAssertions - Asserting field 'bookingid' is present
07:01:04.490 [TestNG-PoolService-1] INFO  ApiAssertions - Asserting response time 32ms is below 30000ms
07:01:04.494 [TestNG-PoolService-1] INFO  BookingSteps - Created booking id 6173
07:01:04.495 [TestNG-PoolService-1] INFO  RestClient - --> PATCH /booking/{id}
07:01:04.555 [TestNG-PoolService-1] INFO  RestClient - <-- PATCH /booking/{id} responded 200 in 59 ms
07:01:04.557 [TestNG-PoolService-1] INFO  ApiAssertions - Asserting status code is 200
07:01:04.557 [TestNG-PoolService-1] INFO  ApiAssertions - Asserting response time 30ms is below 30000ms
07:01:04.563 [TestNG-PoolService-1] INFO  RestClient - --> GET /booking/{id}
07:01:04.617 [TestNG-PoolService-1] INFO  RestClient - <-- GET /booking/{id} responded 200 in 54 ms
07:01:04.618 [TestNG-PoolService-1] INFO  ApiAssertions - Asserting status code is 200
07:01:04.618 [TestNG-PoolService-1] INFO  ApiAssertions - Asserting content type is JSON
07:01:04.618 [TestNG-PoolService-1] INFO  ApiAssertions - Asserting body is not empty
07:01:04.624 [TestNG-PoolService-1] INFO  Hooks - Cleaning up booking 6173
07:01:04.625 [TestNG-PoolService-1] INFO  RestClient - --> DELETE /booking/{id}
07:01:04.678 [TestNG-PoolService-1] INFO  RestClient - <-- DELETE /booking/{id} responded 201 in 53 ms
07:01:04.679 [TestNG-PoolService-1] INFO  Hooks - ### SCENARIO END: Partially update booking name to "Mohamed AbdElghany" -> PASSED
