06:58:42.977 [TestNG-PoolService-4] INFO  Hooks - ### SCENARIO START: Partially update booking name to "Sara Ali"
06:58:42.978 [TestNG-PoolService-4] INFO  Hooks - Obtaining auth token for an @auth scenario
06:58:42.979 [TestNG-PoolService-4] INFO  RestClient - --> POST /auth
06:58:43.343 [TestNG-PoolService-4] INFO  RestClient - <-- POST /auth responded 200 in 363 ms
06:58:43.345 [TestNG-PoolService-4] DEBUG BookingSteps - Payload from generated data: Booking(firstname=Nakesha, lastname=Ryan, totalprice=1163, depositpaid=false, bookingdates=BookingDates(checkin=2026-10-09, checkout=2026-10-14), additionalneeds=Katsu Curry)
06:58:43.346 [TestNG-PoolService-4] INFO  RestClient - --> POST /booking
06:58:43.693 [TestNG-PoolService-4] INFO  RestClient - <-- POST /booking responded 200 in 347 ms
06:58:43.694 [TestNG-PoolService-4] INFO  ApiAssertions - Asserting status code is 200
06:58:43.694 [TestNG-PoolService-4] INFO  ApiAssertions - Asserting content type is JSON
06:58:43.694 [TestNG-PoolService-4] INFO  ApiAssertions - Asserting body is not empty
06:58:43.712 [TestNG-PoolService-4] INFO  ApiAssertions - Asserting field 'bookingid' is present
06:58:43.712 [TestNG-PoolService-4] INFO  ApiAssertions - Asserting response time 336ms is below 30000ms
06:58:43.717 [TestNG-PoolService-4] INFO  BookingSteps - Created booking id 4455
06:58:43.721 [TestNG-PoolService-4] INFO  RestClient - --> PATCH /booking/{id}
06:58:44.112 [TestNG-PoolService-4] INFO  RestClient - <-- PATCH /booking/{id} responded 200 in 390 ms
06:58:44.112 [TestNG-PoolService-4] INFO  ApiAssertions - Asserting status code is 200
06:58:44.112 [TestNG-PoolService-4] INFO  ApiAssertions - Asserting response time 364ms is below 30000ms
06:58:44.113 [TestNG-PoolService-4] INFO  RestClient - --> GET /booking/{id}
06:58:44.486 [TestNG-PoolService-4] INFO  RestClient - <-- GET /booking/{id} responded 200 in 372 ms
06:58:44.486 [TestNG-PoolService-4] INFO  ApiAssertions - Asserting status code is 200
06:58:44.487 [TestNG-PoolService-4] INFO  ApiAssertions - Asserting content type is JSON
06:58:44.487 [TestNG-PoolService-4] INFO  ApiAssertions - Asserting body is not empty
06:58:44.489 [TestNG-PoolService-4] INFO  Hooks - Cleaning up booking 4455
06:58:44.490 [TestNG-PoolService-4] INFO  RestClient - --> DELETE /booking/{id}
06:58:44.851 [TestNG-PoolService-4] INFO  RestClient - <-- DELETE /booking/{id} responded 201 in 361 ms
06:58:44.852 [TestNG-PoolService-4] INFO  Hooks - ### SCENARIO END: Partially update booking name to "Sara Ali" -> PASSED
