03:00:55.923 [TestNG-PoolService-4] INFO  Hooks - ### SCENARIO START: Partially update booking name to "Sara Ali"
03:00:55.924 [TestNG-PoolService-4] INFO  Hooks - Obtaining auth token for an @auth scenario
03:00:55.925 [TestNG-PoolService-4] INFO  RestClient - --> POST /auth
03:00:56.296 [TestNG-PoolService-4] INFO  RestClient - <-- POST /auth responded 200 in 370 ms
03:00:56.299 [TestNG-PoolService-4] DEBUG BookingSteps - Payload from generated data: Booking(firstname=Mavis, lastname=Haag, totalprice=982, depositpaid=false, bookingdates=BookingDates(checkin=2026-09-12, checkout=2026-09-22), additionalneeds=Bunny Chow)
03:00:56.300 [TestNG-PoolService-4] INFO  RestClient - --> POST /booking
03:00:56.657 [TestNG-PoolService-4] INFO  RestClient - <-- POST /booking responded 200 in 357 ms
03:00:56.658 [TestNG-PoolService-4] INFO  ApiAssertions - Asserting status code is 200
03:00:56.658 [TestNG-PoolService-4] INFO  ApiAssertions - Asserting content type is JSON
03:00:56.658 [TestNG-PoolService-4] INFO  ApiAssertions - Asserting body is not empty
03:00:56.668 [TestNG-PoolService-4] INFO  ApiAssertions - Asserting field 'bookingid' is present
03:00:56.668 [TestNG-PoolService-4] INFO  ApiAssertions - Asserting response time 347ms is below 30000ms
03:00:56.670 [TestNG-PoolService-4] INFO  BookingSteps - Created booking id 8037
03:00:56.674 [TestNG-PoolService-4] INFO  RestClient - --> PATCH /booking/{id}
03:00:57.057 [TestNG-PoolService-4] INFO  RestClient - <-- PATCH /booking/{id} responded 200 in 383 ms
03:00:57.058 [TestNG-PoolService-4] INFO  ApiAssertions - Asserting status code is 200
03:00:57.059 [TestNG-PoolService-4] INFO  ApiAssertions - Asserting response time 358ms is below 30000ms
03:00:57.060 [TestNG-PoolService-4] INFO  RestClient - --> GET /booking/{id}
03:00:57.414 [TestNG-PoolService-4] INFO  RestClient - <-- GET /booking/{id} responded 200 in 354 ms
03:00:57.414 [TestNG-PoolService-4] INFO  ApiAssertions - Asserting status code is 200
03:00:57.415 [TestNG-PoolService-4] INFO  ApiAssertions - Asserting content type is JSON
03:00:57.415 [TestNG-PoolService-4] INFO  ApiAssertions - Asserting body is not empty
03:00:57.417 [TestNG-PoolService-4] INFO  Hooks - Cleaning up booking 8037
03:00:57.419 [TestNG-PoolService-4] INFO  RestClient - --> DELETE /booking/{id}
03:00:57.773 [TestNG-PoolService-4] INFO  RestClient - <-- DELETE /booking/{id} responded 201 in 354 ms
03:00:57.774 [TestNG-PoolService-4] INFO  Hooks - ### SCENARIO END: Partially update booking name to "Sara Ali" -> PASSED
