02:59:01.477 [TestNG-PoolService-3] INFO  Hooks - ### SCENARIO START: Partially update booking name to "Mohamed AbdElghany"
02:59:01.478 [TestNG-PoolService-3] INFO  Hooks - Obtaining auth token for an @auth scenario
02:59:01.479 [TestNG-PoolService-3] INFO  RestClient - --> POST /auth
02:59:01.520 [TestNG-PoolService-3] INFO  RestClient - <-- POST /auth responded 200 in 41 ms
02:59:01.525 [TestNG-PoolService-3] DEBUG BookingSteps - Payload from generated data: Booking(firstname=Marlin, lastname=Zboncak, totalprice=556, depositpaid=false, bookingdates=BookingDates(checkin=2026-09-04, checkout=2026-09-09), additionalneeds=French Fries with Sausages)
02:59:01.526 [TestNG-PoolService-3] INFO  RestClient - --> POST /booking
02:59:01.583 [TestNG-PoolService-3] INFO  RestClient - <-- POST /booking responded 200 in 57 ms
02:59:01.583 [TestNG-PoolService-3] INFO  ApiAssertions - Asserting status code is 200
02:59:01.584 [TestNG-PoolService-3] INFO  ApiAssertions - Asserting content type is JSON
02:59:01.584 [TestNG-PoolService-3] INFO  ApiAssertions - Asserting body is not empty
02:59:01.600 [TestNG-PoolService-3] INFO  ApiAssertions - Asserting field 'bookingid' is present
02:59:01.601 [TestNG-PoolService-3] INFO  ApiAssertions - Asserting response time 36ms is below 30000ms
02:59:01.603 [TestNG-PoolService-3] INFO  BookingSteps - Created booking id 6776
02:59:01.605 [TestNG-PoolService-3] INFO  RestClient - --> PATCH /booking/{id}
02:59:01.650 [TestNG-PoolService-3] INFO  RestClient - <-- PATCH /booking/{id} responded 200 in 45 ms
02:59:01.651 [TestNG-PoolService-3] INFO  ApiAssertions - Asserting status code is 200
02:59:01.651 [TestNG-PoolService-3] INFO  ApiAssertions - Asserting response time 32ms is below 30000ms
02:59:01.659 [TestNG-PoolService-3] INFO  RestClient - --> GET /booking/{id}
02:59:01.708 [TestNG-PoolService-3] INFO  RestClient - <-- GET /booking/{id} responded 200 in 49 ms
02:59:01.710 [TestNG-PoolService-3] INFO  ApiAssertions - Asserting status code is 200
02:59:01.711 [TestNG-PoolService-3] INFO  ApiAssertions - Asserting content type is JSON
02:59:01.711 [TestNG-PoolService-3] INFO  ApiAssertions - Asserting body is not empty
02:59:01.720 [TestNG-PoolService-3] INFO  Hooks - Cleaning up booking 6776
02:59:01.720 [TestNG-PoolService-3] INFO  RestClient - --> DELETE /booking/{id}
02:59:01.782 [TestNG-PoolService-3] INFO  RestClient - <-- DELETE /booking/{id} responded 201 in 62 ms
02:59:01.785 [TestNG-PoolService-3] INFO  Hooks - ### SCENARIO END: Partially update booking name to "Mohamed AbdElghany" -> PASSED
