06:56:58.422 [TestNG-PoolService-1] INFO  Hooks - ### SCENARIO START: Partially update booking name to "Mohamed AbdElghany"
06:56:58.425 [TestNG-PoolService-1] INFO  Hooks - Obtaining auth token for an @auth scenario
06:56:58.426 [TestNG-PoolService-1] INFO  RestClient - --> POST /auth
06:56:58.480 [TestNG-PoolService-1] INFO  RestClient - <-- POST /auth responded 200 in 54 ms
06:56:58.483 [TestNG-PoolService-1] DEBUG BookingSteps - Payload from generated data: Booking(firstname=Claudine, lastname=Hane, totalprice=675, depositpaid=false, bookingdates=BookingDates(checkin=2026-10-04, checkout=2026-10-06), additionalneeds=Bunny Chow)
06:56:58.484 [TestNG-PoolService-1] INFO  RestClient - --> POST /booking
06:56:58.542 [TestNG-PoolService-1] INFO  RestClient - <-- POST /booking responded 200 in 58 ms
06:56:58.542 [TestNG-PoolService-1] INFO  ApiAssertions - Asserting status code is 200
06:56:58.542 [TestNG-PoolService-1] INFO  ApiAssertions - Asserting content type is JSON
06:56:58.542 [TestNG-PoolService-1] INFO  ApiAssertions - Asserting body is not empty
06:56:58.560 [TestNG-PoolService-1] INFO  ApiAssertions - Asserting field 'bookingid' is present
06:56:58.560 [TestNG-PoolService-1] INFO  ApiAssertions - Asserting response time 39ms is below 30000ms
06:56:58.566 [TestNG-PoolService-1] INFO  BookingSteps - Created booking id 3510
06:56:58.567 [TestNG-PoolService-1] INFO  RestClient - --> PATCH /booking/{id}
06:56:58.613 [TestNG-PoolService-1] INFO  RestClient - <-- PATCH /booking/{id} responded 200 in 46 ms
06:56:58.616 [TestNG-PoolService-1] INFO  ApiAssertions - Asserting status code is 200
06:56:58.617 [TestNG-PoolService-1] INFO  ApiAssertions - Asserting response time 28ms is below 30000ms
06:56:58.621 [TestNG-PoolService-1] INFO  RestClient - --> GET /booking/{id}
06:56:58.677 [TestNG-PoolService-1] INFO  RestClient - <-- GET /booking/{id} responded 200 in 55 ms
06:56:58.679 [TestNG-PoolService-1] INFO  ApiAssertions - Asserting status code is 200
06:56:58.679 [TestNG-PoolService-1] INFO  ApiAssertions - Asserting content type is JSON
06:56:58.680 [TestNG-PoolService-1] INFO  ApiAssertions - Asserting body is not empty
06:56:58.685 [TestNG-PoolService-1] INFO  Hooks - Cleaning up booking 3510
06:56:58.686 [TestNG-PoolService-1] INFO  RestClient - --> DELETE /booking/{id}
06:56:58.733 [TestNG-PoolService-1] INFO  RestClient - <-- DELETE /booking/{id} responded 201 in 47 ms
06:56:58.735 [TestNG-PoolService-1] INFO  Hooks - ### SCENARIO END: Partially update booking name to "Mohamed AbdElghany" -> PASSED
