07:44:58.959 [TestNG-PoolService-4] INFO  Hooks - ### SCENARIO START: Partially update booking name to "Mohamed AbdElghany"
07:44:58.960 [TestNG-PoolService-4] INFO  Hooks - Obtaining auth token for an @auth scenario
07:44:58.961 [TestNG-PoolService-4] INFO  RestClient - --> POST /auth
07:44:59.021 [TestNG-PoolService-4] INFO  RestClient - <-- POST /auth responded 200 in 60 ms
07:44:59.023 [TestNG-PoolService-4] DEBUG BookingSteps - Payload from generated data: Booking(firstname=Clora, lastname=Corwin, totalprice=1103, depositpaid=false, bookingdates=BookingDates(checkin=2026-09-28, checkout=2026-10-02), additionalneeds=Ebiten maki)
07:44:59.024 [TestNG-PoolService-4] INFO  RestClient - --> POST /booking
07:44:59.090 [TestNG-PoolService-4] INFO  RestClient - <-- POST /booking responded 200 in 66 ms
07:44:59.091 [TestNG-PoolService-4] INFO  ApiAssertions - Asserting status code is 200
07:44:59.091 [TestNG-PoolService-4] INFO  ApiAssertions - Asserting content type is JSON
07:44:59.092 [TestNG-PoolService-4] INFO  ApiAssertions - Asserting body is not empty
07:44:59.103 [TestNG-PoolService-4] INFO  ApiAssertions - Asserting field 'bookingid' is present
07:44:59.103 [TestNG-PoolService-4] INFO  ApiAssertions - Asserting response time 31ms is below 30000ms
07:44:59.106 [TestNG-PoolService-4] INFO  BookingSteps - Created booking id 2200
07:44:59.110 [TestNG-PoolService-4] INFO  RestClient - --> PATCH /booking/{id}
07:44:59.165 [TestNG-PoolService-4] INFO  RestClient - <-- PATCH /booking/{id} responded 200 in 55 ms
07:44:59.172 [TestNG-PoolService-4] INFO  ApiAssertions - Asserting status code is 200
07:44:59.172 [TestNG-PoolService-4] INFO  ApiAssertions - Asserting response time 29ms is below 30000ms
07:44:59.173 [TestNG-PoolService-4] INFO  RestClient - --> GET /booking/{id}
07:44:59.221 [TestNG-PoolService-4] INFO  RestClient - <-- GET /booking/{id} responded 200 in 47 ms
07:44:59.222 [TestNG-PoolService-4] INFO  ApiAssertions - Asserting status code is 200
07:44:59.222 [TestNG-PoolService-4] INFO  ApiAssertions - Asserting content type is JSON
07:44:59.222 [TestNG-PoolService-4] INFO  ApiAssertions - Asserting body is not empty
07:44:59.225 [TestNG-PoolService-4] INFO  Hooks - Cleaning up booking 2200
07:44:59.226 [TestNG-PoolService-4] INFO  RestClient - --> DELETE /booking/{id}
07:44:59.268 [TestNG-PoolService-4] INFO  RestClient - <-- DELETE /booking/{id} responded 201 in 42 ms
07:44:59.269 [TestNG-PoolService-4] INFO  Hooks - ### SCENARIO END: Partially update booking name to "Mohamed AbdElghany" -> PASSED
