08:09:38.088 [TestNG-PoolService-2] INFO  Hooks - ### SCENARIO START: Partially update booking name to "Jean-Luc O'Connor"
08:09:38.089 [TestNG-PoolService-2] INFO  Hooks - Obtaining auth token for an @auth scenario
08:09:38.095 [TestNG-PoolService-2] INFO  RestClient - --> POST /auth
08:09:38.152 [TestNG-PoolService-2] INFO  RestClient - <-- POST /auth responded 200 in 57 ms
08:09:38.154 [TestNG-PoolService-2] DEBUG BookingSteps - Payload from generated data: Booking(firstname=Valeri, lastname=Brown, totalprice=1762, depositpaid=true, bookingdates=BookingDates(checkin=2026-10-10, checkout=2026-10-20), additionalneeds=Pizza)
08:09:38.155 [TestNG-PoolService-2] INFO  RestClient - --> POST /booking
08:09:38.200 [TestNG-PoolService-2] INFO  RestClient - <-- POST /booking responded 200 in 45 ms
08:09:38.206 [TestNG-PoolService-2] INFO  ApiAssertions - Asserting status code is 200
08:09:38.206 [TestNG-PoolService-2] INFO  ApiAssertions - Asserting content type is JSON
08:09:38.206 [TestNG-PoolService-2] INFO  ApiAssertions - Asserting body is not empty
08:09:38.229 [TestNG-PoolService-2] INFO  ApiAssertions - Asserting field 'bookingid' is present
08:09:38.230 [TestNG-PoolService-2] INFO  ApiAssertions - Asserting response time 30ms is below 30000ms
08:09:38.239 [TestNG-PoolService-2] INFO  BookingSteps - Created booking id 4445
08:09:38.240 [TestNG-PoolService-2] INFO  RestClient - --> PATCH /booking/{id}
08:09:38.290 [TestNG-PoolService-2] INFO  RestClient - <-- PATCH /booking/{id} responded 200 in 49 ms
08:09:38.293 [TestNG-PoolService-2] INFO  ApiAssertions - Asserting status code is 200
08:09:38.293 [TestNG-PoolService-2] INFO  ApiAssertions - Asserting response time 28ms is below 30000ms
08:09:38.295 [TestNG-PoolService-2] INFO  RestClient - --> GET /booking/{id}
08:09:38.333 [TestNG-PoolService-2] INFO  RestClient - <-- GET /booking/{id} responded 200 in 38 ms
08:09:38.337 [TestNG-PoolService-2] INFO  ApiAssertions - Asserting status code is 200
08:09:38.337 [TestNG-PoolService-2] INFO  ApiAssertions - Asserting content type is JSON
08:09:38.337 [TestNG-PoolService-2] INFO  ApiAssertions - Asserting body is not empty
08:09:38.342 [TestNG-PoolService-2] INFO  Hooks - Cleaning up booking 4445
08:09:38.343 [TestNG-PoolService-2] INFO  RestClient - --> DELETE /booking/{id}
08:09:38.386 [TestNG-PoolService-2] INFO  RestClient - <-- DELETE /booking/{id} responded 201 in 43 ms
08:09:38.387 [TestNG-PoolService-2] INFO  Hooks - ### SCENARIO END: Partially update booking name to "Jean-Luc O'Connor" -> PASSED
