07:44:58.968 [TestNG-PoolService-3] INFO  Hooks - ### SCENARIO START: Partially update booking name to "Sara Ali"
07:44:58.974 [TestNG-PoolService-3] INFO  Hooks - Obtaining auth token for an @auth scenario
07:44:58.975 [TestNG-PoolService-3] INFO  RestClient - --> POST /auth
07:44:59.028 [TestNG-PoolService-3] INFO  RestClient - <-- POST /auth responded 200 in 53 ms
07:44:59.036 [TestNG-PoolService-3] DEBUG BookingSteps - Payload from generated data: Booking(firstname=Gwenn, lastname=McClure, totalprice=1665, depositpaid=true, bookingdates=BookingDates(checkin=2026-10-14, checkout=2026-10-16), additionalneeds=Tiramisù)
07:44:59.037 [TestNG-PoolService-3] INFO  RestClient - --> POST /booking
07:44:59.096 [TestNG-PoolService-3] INFO  RestClient - <-- POST /booking responded 200 in 58 ms
07:44:59.103 [TestNG-PoolService-3] INFO  ApiAssertions - Asserting status code is 200
07:44:59.104 [TestNG-PoolService-3] INFO  ApiAssertions - Asserting content type is JSON
07:44:59.104 [TestNG-PoolService-3] INFO  ApiAssertions - Asserting body is not empty
07:44:59.124 [TestNG-PoolService-3] INFO  ApiAssertions - Asserting field 'bookingid' is present
07:44:59.128 [TestNG-PoolService-3] INFO  ApiAssertions - Asserting response time 30ms is below 30000ms
07:44:59.134 [TestNG-PoolService-3] INFO  BookingSteps - Created booking id 2201
07:44:59.135 [TestNG-PoolService-3] INFO  RestClient - --> PATCH /booking/{id}
07:44:59.190 [TestNG-PoolService-3] INFO  RestClient - <-- PATCH /booking/{id} responded 200 in 55 ms
07:44:59.194 [TestNG-PoolService-3] INFO  ApiAssertions - Asserting status code is 200
07:44:59.194 [TestNG-PoolService-3] INFO  ApiAssertions - Asserting response time 32ms is below 30000ms
07:44:59.195 [TestNG-PoolService-3] INFO  RestClient - --> GET /booking/{id}
07:44:59.252 [TestNG-PoolService-3] INFO  RestClient - <-- GET /booking/{id} responded 200 in 56 ms
07:44:59.253 [TestNG-PoolService-3] INFO  ApiAssertions - Asserting status code is 200
07:44:59.253 [TestNG-PoolService-3] INFO  ApiAssertions - Asserting content type is JSON
07:44:59.253 [TestNG-PoolService-3] INFO  ApiAssertions - Asserting body is not empty
07:44:59.256 [TestNG-PoolService-3] INFO  Hooks - Cleaning up booking 2201
07:44:59.257 [TestNG-PoolService-3] INFO  RestClient - --> DELETE /booking/{id}
07:44:59.289 [TestNG-PoolService-3] INFO  RestClient - <-- DELETE /booking/{id} responded 201 in 32 ms
07:44:59.290 [TestNG-PoolService-3] INFO  Hooks - ### SCENARIO END: Partially update booking name to "Sara Ali" -> PASSED
