07:44:40.960 [TestNG-PoolService-1] INFO  Hooks - ### SCENARIO START: Partially update booking name to "Sara Ali"
07:44:40.961 [TestNG-PoolService-1] INFO  Hooks - Obtaining auth token for an @auth scenario
07:44:40.963 [TestNG-PoolService-1] INFO  RestClient - --> POST /auth
07:44:41.035 [TestNG-PoolService-1] INFO  RestClient - <-- POST /auth responded 200 in 68 ms
07:44:41.040 [TestNG-PoolService-1] DEBUG BookingSteps - Payload from generated data: Booking(firstname=Stephine, lastname=Ondricka, totalprice=1705, depositpaid=true, bookingdates=BookingDates(checkin=2026-09-26, checkout=2026-10-02), additionalneeds=Pasta with Tomato and Basil)
07:44:41.041 [TestNG-PoolService-1] INFO  RestClient - --> POST /booking
07:44:41.098 [TestNG-PoolService-1] INFO  RestClient - <-- POST /booking responded 200 in 57 ms
07:44:41.098 [TestNG-PoolService-1] INFO  ApiAssertions - Asserting status code is 200
07:44:41.099 [TestNG-PoolService-1] INFO  ApiAssertions - Asserting content type is JSON
07:44:41.099 [TestNG-PoolService-1] INFO  ApiAssertions - Asserting body is not empty
07:44:41.121 [TestNG-PoolService-1] INFO  ApiAssertions - Asserting field 'bookingid' is present
07:44:41.122 [TestNG-PoolService-1] INFO  ApiAssertions - Asserting response time 42ms is below 30000ms
07:44:41.130 [TestNG-PoolService-1] INFO  BookingSteps - Created booking id 2178
07:44:41.138 [TestNG-PoolService-1] INFO  RestClient - --> PATCH /booking/{id}
07:44:41.232 [TestNG-PoolService-1] INFO  RestClient - <-- PATCH /booking/{id} responded 200 in 94 ms
07:44:41.233 [TestNG-PoolService-1] INFO  ApiAssertions - Asserting status code is 200
07:44:41.233 [TestNG-PoolService-1] INFO  ApiAssertions - Asserting response time 65ms is below 30000ms
07:44:41.234 [TestNG-PoolService-1] INFO  RestClient - --> GET /booking/{id}
07:44:41.297 [TestNG-PoolService-1] INFO  RestClient - <-- GET /booking/{id} responded 200 in 62 ms
07:44:41.297 [TestNG-PoolService-1] INFO  ApiAssertions - Asserting status code is 200
07:44:41.298 [TestNG-PoolService-1] INFO  ApiAssertions - Asserting content type is JSON
07:44:41.298 [TestNG-PoolService-1] INFO  ApiAssertions - Asserting body is not empty
07:44:41.303 [TestNG-PoolService-1] INFO  Hooks - Cleaning up booking 2178
07:44:41.305 [TestNG-PoolService-1] INFO  RestClient - --> DELETE /booking/{id}
07:44:41.354 [TestNG-PoolService-1] INFO  RestClient - <-- DELETE /booking/{id} responded 201 in 49 ms
07:44:41.356 [TestNG-PoolService-1] INFO  Hooks - ### SCENARIO END: Partially update booking name to "Sara Ali" -> PASSED
