07:08:05.983 [TestNG-PoolService-1] INFO  Hooks - ### SCENARIO START: Partially update booking name to "Mohamed AbdElghany"
07:08:05.989 [TestNG-PoolService-1] INFO  Hooks - Obtaining auth token for an @auth scenario
07:08:05.990 [TestNG-PoolService-1] INFO  RestClient - --> POST /auth
07:08:06.094 [TestNG-PoolService-1] INFO  RestClient - <-- POST /auth responded 200 in 104 ms
07:08:06.100 [TestNG-PoolService-1] DEBUG BookingSteps - Payload from generated data: Booking(firstname=Malena, lastname=Davis, totalprice=1211, depositpaid=true, bookingdates=BookingDates(checkin=2026-10-09, checkout=2026-10-13), additionalneeds=Chilli con Carne)
07:08:06.105 [TestNG-PoolService-1] INFO  RestClient - --> POST /booking
07:08:06.172 [TestNG-PoolService-1] INFO  RestClient - <-- POST /booking responded 200 in 67 ms
07:08:06.173 [TestNG-PoolService-1] INFO  ApiAssertions - Asserting status code is 200
07:08:06.173 [TestNG-PoolService-1] INFO  ApiAssertions - Asserting content type is JSON
07:08:06.173 [TestNG-PoolService-1] INFO  ApiAssertions - Asserting body is not empty
07:08:06.190 [TestNG-PoolService-1] INFO  ApiAssertions - Asserting field 'bookingid' is present
07:08:06.191 [TestNG-PoolService-1] INFO  ApiAssertions - Asserting response time 47ms is below 30000ms
07:08:06.196 [TestNG-PoolService-1] INFO  BookingSteps - Created booking id 3713
07:08:06.197 [TestNG-PoolService-1] INFO  RestClient - --> PATCH /booking/{id}
07:08:06.254 [TestNG-PoolService-1] INFO  RestClient - <-- PATCH /booking/{id} responded 200 in 57 ms
07:08:06.255 [TestNG-PoolService-1] INFO  ApiAssertions - Asserting status code is 200
07:08:06.255 [TestNG-PoolService-1] INFO  ApiAssertions - Asserting response time 45ms is below 30000ms
07:08:06.256 [TestNG-PoolService-1] INFO  RestClient - --> GET /booking/{id}
07:08:06.314 [TestNG-PoolService-1] INFO  RestClient - <-- GET /booking/{id} responded 200 in 58 ms
07:08:06.317 [TestNG-PoolService-1] INFO  ApiAssertions - Asserting status code is 200
07:08:06.317 [TestNG-PoolService-1] INFO  ApiAssertions - Asserting content type is JSON
07:08:06.317 [TestNG-PoolService-1] INFO  ApiAssertions - Asserting body is not empty
07:08:06.322 [TestNG-PoolService-1] INFO  Hooks - Cleaning up booking 3713
07:08:06.323 [TestNG-PoolService-1] INFO  RestClient - --> DELETE /booking/{id}
07:08:06.390 [TestNG-PoolService-1] INFO  RestClient - <-- DELETE /booking/{id} responded 201 in 67 ms
07:08:06.396 [TestNG-PoolService-1] INFO  Hooks - ### SCENARIO END: Partially update booking name to "Mohamed AbdElghany" -> PASSED
