07:13:20.036 [TestNG-PoolService-3] INFO  Hooks - ### SCENARIO START: Partially update booking name to "Mohamed AbdElghany"
07:13:20.037 [TestNG-PoolService-3] INFO  Hooks - Obtaining auth token for an @auth scenario
07:13:20.043 [TestNG-PoolService-3] INFO  RestClient - --> POST /auth
07:13:20.417 [TestNG-PoolService-3] INFO  RestClient - <-- POST /auth responded 200 in 374 ms
07:13:20.421 [TestNG-PoolService-3] DEBUG BookingSteps - Payload from generated data: Booking(firstname=Francesco, lastname=Reynolds, totalprice=717, depositpaid=false, bookingdates=BookingDates(checkin=2026-10-23, checkout=2026-11-05), additionalneeds=Mushroom Risotto)
07:13:20.422 [TestNG-PoolService-3] INFO  RestClient - --> POST /booking
07:13:20.787 [TestNG-PoolService-3] INFO  RestClient - <-- POST /booking responded 200 in 365 ms
07:13:20.788 [TestNG-PoolService-3] INFO  ApiAssertions - Asserting status code is 200
07:13:20.788 [TestNG-PoolService-3] INFO  ApiAssertions - Asserting content type is JSON
07:13:20.788 [TestNG-PoolService-3] INFO  ApiAssertions - Asserting body is not empty
07:13:20.807 [TestNG-PoolService-3] INFO  ApiAssertions - Asserting field 'bookingid' is present
07:13:20.807 [TestNG-PoolService-3] INFO  ApiAssertions - Asserting response time 353ms is below 30000ms
07:13:20.811 [TestNG-PoolService-3] INFO  BookingSteps - Created booking id 1275
07:13:20.813 [TestNG-PoolService-3] INFO  RestClient - --> PATCH /booking/{id}
07:13:21.175 [TestNG-PoolService-3] INFO  RestClient - <-- PATCH /booking/{id} responded 200 in 362 ms
07:13:21.176 [TestNG-PoolService-3] INFO  ApiAssertions - Asserting status code is 200
07:13:21.176 [TestNG-PoolService-3] INFO  ApiAssertions - Asserting response time 352ms is below 30000ms
07:13:21.177 [TestNG-PoolService-3] INFO  RestClient - --> GET /booking/{id}
07:13:21.531 [TestNG-PoolService-3] INFO  RestClient - <-- GET /booking/{id} responded 200 in 353 ms
07:13:21.533 [TestNG-PoolService-3] INFO  ApiAssertions - Asserting status code is 200
07:13:21.533 [TestNG-PoolService-3] INFO  ApiAssertions - Asserting content type is JSON
07:13:21.533 [TestNG-PoolService-3] INFO  ApiAssertions - Asserting body is not empty
07:13:21.538 [TestNG-PoolService-3] INFO  Hooks - Cleaning up booking 1275
07:13:21.538 [TestNG-PoolService-3] INFO  RestClient - --> DELETE /booking/{id}
07:13:21.890 [TestNG-PoolService-3] INFO  RestClient - <-- DELETE /booking/{id} responded 201 in 349 ms
07:13:21.890 [TestNG-PoolService-3] INFO  Hooks - ### SCENARIO END: Partially update booking name to "Mohamed AbdElghany" -> PASSED
