07:23:06.681 [TestNG-PoolService-2] INFO  Hooks - ### SCENARIO START: Full booking lifecycle - create, read, update, delete using "booking-no-additional-needs.json"
07:23:06.682 [TestNG-PoolService-2] INFO  Hooks - Obtaining auth token for an @auth scenario
07:23:06.687 [TestNG-PoolService-2] INFO  RestClient - --> POST /auth
07:23:06.765 [TestNG-PoolService-2] INFO  RestClient - <-- POST /auth responded 200 in 77 ms
07:23:06.995 [TestNG-PoolService-2] INFO  JsonDataReader - Loaded test data 'booking-no-additional-needs.json' with dynamic values resolved
07:23:07.027 [TestNG-PoolService-2] DEBUG BookingSteps - Payload from test data file booking-no-additional-needs.json: Booking(firstname=Scottie, lastname=Schmidt, totalprice=130, depositpaid=false, bookingdates=BookingDates(checkin=2026-09-16, checkout=2026-09-18), additionalneeds=null)
07:23:07.028 [TestNG-PoolService-2] INFO  RestClient - --> POST /booking
07:23:07.097 [TestNG-PoolService-2] INFO  RestClient - <-- POST /booking responded 200 in 68 ms
07:23:07.101 [TestNG-PoolService-2] INFO  ApiAssertions - Asserting status code is 200
07:23:07.101 [TestNG-PoolService-2] INFO  ApiAssertions - Asserting content type is JSON
07:23:07.101 [TestNG-PoolService-2] INFO  ApiAssertions - Asserting body is not empty
07:23:07.126 [TestNG-PoolService-2] INFO  ApiAssertions - Asserting field 'bookingid' is present
07:23:07.127 [TestNG-PoolService-2] INFO  ApiAssertions - Asserting response time 44ms is below 30000ms
07:23:07.134 [TestNG-PoolService-2] INFO  BookingSteps - Created booking id 1268
07:23:07.136 [TestNG-PoolService-2] INFO  RestClient - --> GET /booking/{id}
07:23:07.243 [TestNG-PoolService-2] INFO  RestClient - <-- GET /booking/{id} responded 200 in 107 ms
07:23:07.247 [TestNG-PoolService-2] INFO  ApiAssertions - Asserting status code is 200
07:23:07.247 [TestNG-PoolService-2] INFO  ApiAssertions - Asserting content type is JSON
07:23:07.247 [TestNG-PoolService-2] INFO  ApiAssertions - Asserting body is not empty
07:23:07.254 [TestNG-PoolService-2] INFO  JsonDataReader - Loaded test data 'booking-long-stay.json' with dynamic values resolved
07:23:07.254 [TestNG-PoolService-2] DEBUG BookingSteps - Payload from test data file booking-long-stay.json: Booking(firstname=Blair, lastname=Hegmann, totalprice=6479, depositpaid=true, bookingdates=BookingDates(checkin=2026-11-14, checkout=2027-01-13), additionalneeds=Airport transfer)
07:23:07.266 [TestNG-PoolService-2] INFO  RestClient - --> PUT /booking/{id}
07:23:07.345 [TestNG-PoolService-2] INFO  RestClient - <-- PUT /booking/{id} responded 200 in 78 ms
07:23:07.345 [TestNG-PoolService-2] INFO  BookingSteps - Updated booking 1268 from booking-long-stay.json
07:23:07.349 [TestNG-PoolService-2] INFO  ApiAssertions - Asserting status code is 200
07:23:07.351 [TestNG-PoolService-2] INFO  ApiAssertions - Asserting response time 46ms is below 30000ms
07:23:07.352 [TestNG-PoolService-2] INFO  RestClient - --> GET /booking/{id}
07:23:07.425 [TestNG-PoolService-2] INFO  RestClient - <-- GET /booking/{id} responded 200 in 72 ms
07:23:07.425 [TestNG-PoolService-2] INFO  ApiAssertions - Asserting status code is 200
07:23:07.431 [TestNG-PoolService-2] INFO  ApiAssertions - Asserting content type is JSON
07:23:07.431 [TestNG-PoolService-2] INFO  ApiAssertions - Asserting body is not empty
07:23:07.444 [TestNG-PoolService-2] INFO  RestClient - --> DELETE /booking/{id}
07:23:07.515 [TestNG-PoolService-2] INFO  RestClient - <-- DELETE /booking/{id} responded 201 in 71 ms
07:23:07.515 [TestNG-PoolService-2] INFO  ApiAssertions - Asserting status code is 201
07:23:07.516 [TestNG-PoolService-2] INFO  ApiAssertions - Asserting response time 29ms is below 30000ms
07:23:07.521 [TestNG-PoolService-2] INFO  RestClient - --> GET /booking/{id}
07:23:07.582 [TestNG-PoolService-2] INFO  RestClient - <-- GET /booking/{id} responded 404 in 55 ms
07:23:07.582 [TestNG-PoolService-2] INFO  ApiAssertions - Asserting status code is 404
07:23:07.582 [TestNG-PoolService-2] INFO  BookingSteps - Confirmed booking 1268 is gone
07:23:07.583 [TestNG-PoolService-2] INFO  Hooks - ### SCENARIO END: Full booking lifecycle - create, read, update, delete using "booking-no-additional-needs.json" -> PASSED
