08:30:14.665 [TestNG-PoolService-1] INFO  Hooks - ### SCENARIO START: Partially update booking name to "Sara Ali"
08:30:14.665 [TestNG-PoolService-1] INFO  Hooks - Obtaining auth token for an @auth scenario
08:30:14.669 [TestNG-PoolService-1] INFO  RestClient - --> POST /auth
08:30:14.836 [TestNG-PoolService-1] INFO  RestClient - <-- POST /auth responded 200 in 167 ms
08:30:14.840 [TestNG-PoolService-1] DEBUG BookingSteps - Payload from generated data: Booking(firstname=Danille, lastname=Abshire, totalprice=360, depositpaid=false, bookingdates=BookingDates(checkin=2026-10-22, checkout=2026-11-01), additionalneeds=Pappardelle alla Bolognese)
08:30:14.841 [TestNG-PoolService-1] INFO  RestClient - --> POST /booking
08:30:15.045 [TestNG-PoolService-1] INFO  RestClient - <-- POST /booking responded 200 in 203 ms
08:30:15.046 [TestNG-PoolService-1] INFO  ApiAssertions - Asserting status code is 200
08:30:15.046 [TestNG-PoolService-1] INFO  ApiAssertions - Asserting content type is JSON
08:30:15.046 [TestNG-PoolService-1] INFO  ApiAssertions - Asserting body is not empty
08:30:15.056 [TestNG-PoolService-1] INFO  ApiAssertions - Asserting field 'bookingid' is present
08:30:15.057 [TestNG-PoolService-1] INFO  ApiAssertions - Asserting response time 193ms is below 30000ms
08:30:15.059 [TestNG-PoolService-1] INFO  BookingSteps - Created booking id 4874
08:30:15.061 [TestNG-PoolService-1] INFO  RestClient - --> PATCH /booking/{id}
08:30:15.218 [TestNG-PoolService-1] INFO  RestClient - <-- PATCH /booking/{id} responded 200 in 157 ms
08:30:15.219 [TestNG-PoolService-1] INFO  ApiAssertions - Asserting status code is 200
08:30:15.219 [TestNG-PoolService-1] INFO  ApiAssertions - Asserting response time 149ms is below 30000ms
08:30:15.220 [TestNG-PoolService-1] INFO  RestClient - --> GET /booking/{id}
08:30:15.405 [TestNG-PoolService-1] INFO  RestClient - <-- GET /booking/{id} responded 200 in 185 ms
08:30:15.405 [TestNG-PoolService-1] INFO  ApiAssertions - Asserting status code is 200
08:30:15.406 [TestNG-PoolService-1] INFO  ApiAssertions - Asserting content type is JSON
08:30:15.406 [TestNG-PoolService-1] INFO  ApiAssertions - Asserting body is not empty
08:30:15.408 [TestNG-PoolService-1] INFO  Hooks - Cleaning up booking 4874
08:30:15.410 [TestNG-PoolService-1] INFO  RestClient - --> DELETE /booking/{id}
08:30:15.594 [TestNG-PoolService-1] INFO  RestClient - <-- DELETE /booking/{id} responded 201 in 184 ms
08:30:15.595 [TestNG-PoolService-1] INFO  Hooks - ### SCENARIO END: Partially update booking name to "Sara Ali" -> PASSED
