07:10:20.028 [TestNG-PoolService-3] INFO  Hooks - ### SCENARIO START: Partially update booking name to "Mohamed AbdElghany"
07:10:20.029 [TestNG-PoolService-3] INFO  Hooks - Obtaining auth token for an @auth scenario
07:10:20.033 [TestNG-PoolService-3] INFO  RestClient - --> POST /auth
07:10:20.088 [TestNG-PoolService-3] INFO  RestClient - <-- POST /auth responded 200 in 55 ms
07:10:20.095 [TestNG-PoolService-3] DEBUG BookingSteps - Payload from generated data: Booking(firstname=Colton, lastname=Marks, totalprice=1818, depositpaid=true, bookingdates=BookingDates(checkin=2026-09-23, checkout=2026-09-28), additionalneeds=Teriyaki Chicken Donburi)
07:10:20.099 [TestNG-PoolService-3] INFO  RestClient - --> POST /booking
07:10:20.180 [TestNG-PoolService-3] INFO  RestClient - <-- POST /booking responded 200 in 79 ms
07:10:20.181 [TestNG-PoolService-3] INFO  ApiAssertions - Asserting status code is 200
07:10:20.181 [TestNG-PoolService-3] INFO  ApiAssertions - Asserting content type is JSON
07:10:20.181 [TestNG-PoolService-3] INFO  ApiAssertions - Asserting body is not empty
07:10:20.204 [TestNG-PoolService-3] INFO  ApiAssertions - Asserting field 'bookingid' is present
07:10:20.204 [TestNG-PoolService-3] INFO  ApiAssertions - Asserting response time 48ms is below 30000ms
07:10:20.209 [TestNG-PoolService-3] INFO  BookingSteps - Created booking id 12675
07:10:20.213 [TestNG-PoolService-3] INFO  RestClient - --> PATCH /booking/{id}
07:10:20.273 [TestNG-PoolService-3] INFO  RestClient - <-- PATCH /booking/{id} responded 200 in 58 ms
07:10:20.279 [TestNG-PoolService-3] INFO  ApiAssertions - Asserting status code is 200
07:10:20.279 [TestNG-PoolService-3] INFO  ApiAssertions - Asserting response time 46ms is below 30000ms
07:10:20.280 [TestNG-PoolService-3] INFO  RestClient - --> GET /booking/{id}
07:10:20.357 [TestNG-PoolService-3] INFO  RestClient - <-- GET /booking/{id} responded 200 in 77 ms
07:10:20.357 [TestNG-PoolService-3] INFO  ApiAssertions - Asserting status code is 200
07:10:20.357 [TestNG-PoolService-3] INFO  ApiAssertions - Asserting content type is JSON
07:10:20.358 [TestNG-PoolService-3] INFO  ApiAssertions - Asserting body is not empty
07:10:20.360 [TestNG-PoolService-3] INFO  Hooks - Cleaning up booking 12675
07:10:20.361 [TestNG-PoolService-3] INFO  RestClient - --> DELETE /booking/{id}
07:10:20.418 [TestNG-PoolService-3] INFO  RestClient - <-- DELETE /booking/{id} responded 201 in 57 ms
07:10:20.419 [TestNG-PoolService-3] INFO  Hooks - ### SCENARIO END: Partially update booking name to "Mohamed AbdElghany" -> PASSED
