07:27:30.522 [TestNG-PoolService-1] INFO  Hooks - ### SCENARIO START: Full booking lifecycle - create, read, update, delete using "booking-no-additional-needs.json"
07:27:30.524 [TestNG-PoolService-1] INFO  Hooks - Obtaining auth token for an @auth scenario
07:27:30.532 [TestNG-PoolService-1] INFO  RestClient - --> POST /auth
07:27:30.938 [TestNG-PoolService-1] INFO  RestClient - <-- POST /auth responded 200 in 405 ms
07:27:30.947 [TestNG-PoolService-1] INFO  JsonDataReader - Loaded test data 'booking-no-additional-needs.json' with dynamic values resolved
07:27:30.948 [TestNG-PoolService-1] DEBUG BookingSteps - Payload from test data file booking-no-additional-needs.json: Booking(firstname=Danille, lastname=Kutch, totalprice=129, depositpaid=false, bookingdates=BookingDates(checkin=2026-09-23, checkout=2026-09-25), additionalneeds=null)
07:27:30.949 [TestNG-PoolService-1] INFO  RestClient - --> POST /booking
07:27:31.322 [TestNG-PoolService-1] INFO  RestClient - <-- POST /booking responded 200 in 373 ms
07:27:31.323 [TestNG-PoolService-1] INFO  ApiAssertions - Asserting status code is 200
07:27:31.323 [TestNG-PoolService-1] INFO  ApiAssertions - Asserting content type is JSON
07:27:31.323 [TestNG-PoolService-1] INFO  ApiAssertions - Asserting body is not empty
07:27:31.351 [TestNG-PoolService-1] INFO  ApiAssertions - Asserting field 'bookingid' is present
07:27:31.352 [TestNG-PoolService-1] INFO  ApiAssertions - Asserting response time 356ms is below 30000ms
07:27:31.358 [TestNG-PoolService-1] INFO  BookingSteps - Created booking id 4172
07:27:31.361 [TestNG-PoolService-1] INFO  RestClient - --> GET /booking/{id}
07:27:31.763 [TestNG-PoolService-1] INFO  RestClient - <-- GET /booking/{id} responded 200 in 402 ms
07:27:31.764 [TestNG-PoolService-1] INFO  ApiAssertions - Asserting status code is 200
07:27:31.764 [TestNG-PoolService-1] INFO  ApiAssertions - Asserting content type is JSON
07:27:31.764 [TestNG-PoolService-1] INFO  ApiAssertions - Asserting body is not empty
07:27:31.768 [TestNG-PoolService-1] INFO  JsonDataReader - Loaded test data 'booking-long-stay.json' with dynamic values resolved
07:27:31.768 [TestNG-PoolService-1] DEBUG BookingSteps - Payload from test data file booking-long-stay.json: Booking(firstname=Jody, lastname=Blanda, totalprice=4654, depositpaid=true, bookingdates=BookingDates(checkin=2026-11-21, checkout=2027-01-20), additionalneeds=Airport transfer)
07:27:31.776 [TestNG-PoolService-1] INFO  RestClient - --> PUT /booking/{id}
07:27:32.158 [TestNG-PoolService-1] INFO  RestClient - <-- PUT /booking/{id} responded 200 in 381 ms
07:27:32.159 [TestNG-PoolService-1] INFO  BookingSteps - Updated booking 4172 from booking-long-stay.json
07:27:32.159 [TestNG-PoolService-1] INFO  ApiAssertions - Asserting status code is 200
07:27:32.160 [TestNG-PoolService-1] INFO  ApiAssertions - Asserting response time 367ms is below 30000ms
07:27:32.162 [TestNG-PoolService-1] INFO  RestClient - --> GET /booking/{id}
07:27:32.514 [TestNG-PoolService-1] INFO  RestClient - <-- GET /booking/{id} responded 200 in 352 ms
07:27:32.515 [TestNG-PoolService-1] INFO  ApiAssertions - Asserting status code is 200
07:27:32.515 [TestNG-PoolService-1] INFO  ApiAssertions - Asserting content type is JSON
07:27:32.515 [TestNG-PoolService-1] INFO  ApiAssertions - Asserting body is not empty
07:27:32.519 [TestNG-PoolService-1] INFO  RestClient - --> DELETE /booking/{id}
07:27:32.876 [TestNG-PoolService-1] INFO  RestClient - <-- DELETE /booking/{id} responded 201 in 356 ms
07:27:32.877 [TestNG-PoolService-1] INFO  ApiAssertions - Asserting status code is 201
07:27:32.877 [TestNG-PoolService-1] INFO  ApiAssertions - Asserting response time 347ms is below 30000ms
07:27:32.878 [TestNG-PoolService-1] INFO  RestClient - --> GET /booking/{id}
07:27:33.236 [TestNG-PoolService-1] INFO  RestClient - <-- GET /booking/{id} responded 404 in 357 ms
07:27:33.237 [TestNG-PoolService-1] INFO  ApiAssertions - Asserting status code is 404
07:27:33.237 [TestNG-PoolService-1] INFO  BookingSteps - Confirmed booking 4172 is gone
07:27:33.238 [TestNG-PoolService-1] INFO  Hooks - ### SCENARIO END: Full booking lifecycle - create, read, update, delete using "booking-no-additional-needs.json" -> PASSED
