08:35:04.653 [TestNG-PoolService-3] INFO  Hooks - ### SCENARIO START: Partially update booking name to "Jean-Luc O'Connor"
08:35:04.664 [TestNG-PoolService-3] INFO  Hooks - Obtaining auth token for an @auth scenario
08:35:04.671 [TestNG-PoolService-3] INFO  RestClient - --> POST /auth
08:35:04.724 [TestNG-PoolService-3] INFO  RestClient - <-- POST /auth responded 200 in 53 ms
08:35:04.727 [TestNG-PoolService-3] DEBUG BookingSteps - Payload from generated data: Booking(firstname=Alonzo, lastname=Nikolaus, totalprice=1062, depositpaid=false, bookingdates=BookingDates(checkin=2026-11-03, checkout=2026-11-12), additionalneeds=Sushi)
08:35:04.729 [TestNG-PoolService-3] INFO  RestClient - --> POST /booking
08:35:04.787 [TestNG-PoolService-3] INFO  RestClient - <-- POST /booking responded 200 in 58 ms
08:35:04.788 [TestNG-PoolService-3] INFO  ApiAssertions - Asserting status code is 200
08:35:04.788 [TestNG-PoolService-3] INFO  ApiAssertions - Asserting content type is JSON
08:35:04.788 [TestNG-PoolService-3] INFO  ApiAssertions - Asserting body is not empty
08:35:04.801 [TestNG-PoolService-3] INFO  ApiAssertions - Asserting field 'bookingid' is present
08:35:04.801 [TestNG-PoolService-3] INFO  ApiAssertions - Asserting response time 45ms is below 30000ms
08:35:04.808 [TestNG-PoolService-3] INFO  BookingSteps - Created booking id 2298
08:35:04.809 [TestNG-PoolService-3] INFO  RestClient - --> PATCH /booking/{id}
08:35:04.879 [TestNG-PoolService-3] INFO  RestClient - <-- PATCH /booking/{id} responded 200 in 70 ms
08:35:04.884 [TestNG-PoolService-3] INFO  ApiAssertions - Asserting status code is 200
08:35:04.884 [TestNG-PoolService-3] INFO  ApiAssertions - Asserting response time 39ms is below 30000ms
08:35:04.885 [TestNG-PoolService-3] INFO  RestClient - --> GET /booking/{id}
08:35:04.934 [TestNG-PoolService-3] INFO  RestClient - <-- GET /booking/{id} responded 200 in 49 ms
08:35:04.935 [TestNG-PoolService-3] INFO  ApiAssertions - Asserting status code is 200
08:35:04.935 [TestNG-PoolService-3] INFO  ApiAssertions - Asserting content type is JSON
08:35:04.935 [TestNG-PoolService-3] INFO  ApiAssertions - Asserting body is not empty
08:35:04.941 [TestNG-PoolService-3] INFO  Hooks - Cleaning up booking 2298
08:35:04.943 [TestNG-PoolService-3] INFO  RestClient - --> DELETE /booking/{id}
08:35:04.987 [TestNG-PoolService-3] INFO  RestClient - <-- DELETE /booking/{id} responded 201 in 44 ms
08:35:04.988 [TestNG-PoolService-3] INFO  Hooks - ### SCENARIO END: Partially update booking name to "Jean-Luc O'Connor" -> PASSED
