02:57:16.697 [TestNG-PoolService-3] INFO  Hooks - ### SCENARIO START: Partially update booking name to "Jean-Luc O'Connor"
02:57:16.697 [TestNG-PoolService-3] INFO  Hooks - Obtaining auth token for an @auth scenario
02:57:16.698 [TestNG-PoolService-3] INFO  RestClient - --> POST /auth
02:57:16.979 [TestNG-PoolService-3] INFO  RestClient - <-- POST /auth responded 200 in 280 ms
02:57:16.981 [TestNG-PoolService-3] DEBUG BookingSteps - Payload from generated data: Booking(firstname=Dorsey, lastname=Raynor, totalprice=1687, depositpaid=true, bookingdates=BookingDates(checkin=2026-09-03, checkout=2026-09-06), additionalneeds=Barbecue Ribs)
02:57:16.982 [TestNG-PoolService-3] INFO  RestClient - --> POST /booking
02:57:17.263 [TestNG-PoolService-3] INFO  RestClient - <-- POST /booking responded 200 in 281 ms
02:57:17.263 [TestNG-PoolService-3] INFO  ApiAssertions - Asserting status code is 200
02:57:17.263 [TestNG-PoolService-3] INFO  ApiAssertions - Asserting content type is JSON
02:57:17.263 [TestNG-PoolService-3] INFO  ApiAssertions - Asserting body is not empty
02:57:17.271 [TestNG-PoolService-3] INFO  ApiAssertions - Asserting field 'bookingid' is present
02:57:17.271 [TestNG-PoolService-3] INFO  ApiAssertions - Asserting response time 274ms is below 30000ms
02:57:17.273 [TestNG-PoolService-3] INFO  BookingSteps - Created booking id 5396
02:57:17.274 [TestNG-PoolService-3] INFO  RestClient - --> PATCH /booking/{id}
02:57:17.573 [TestNG-PoolService-3] INFO  RestClient - <-- PATCH /booking/{id} responded 200 in 299 ms
02:57:17.573 [TestNG-PoolService-3] INFO  ApiAssertions - Asserting status code is 200
02:57:17.574 [TestNG-PoolService-3] INFO  ApiAssertions - Asserting response time 291ms is below 30000ms
02:57:17.574 [TestNG-PoolService-3] INFO  RestClient - --> GET /booking/{id}
02:57:17.869 [TestNG-PoolService-3] INFO  RestClient - <-- GET /booking/{id} responded 200 in 294 ms
02:57:17.870 [TestNG-PoolService-3] INFO  ApiAssertions - Asserting status code is 200
02:57:17.870 [TestNG-PoolService-3] INFO  ApiAssertions - Asserting content type is JSON
02:57:17.870 [TestNG-PoolService-3] INFO  ApiAssertions - Asserting body is not empty
02:57:17.874 [TestNG-PoolService-3] INFO  Hooks - Cleaning up booking 5396
02:57:17.876 [TestNG-PoolService-3] INFO  RestClient - --> DELETE /booking/{id}
02:57:18.152 [TestNG-PoolService-3] INFO  RestClient - <-- DELETE /booking/{id} responded 201 in 276 ms
02:57:18.153 [TestNG-PoolService-3] INFO  Hooks - ### SCENARIO END: Partially update booking name to "Jean-Luc O'Connor" -> PASSED
