08:05:48.340 [TestNG-PoolService-1] INFO  Hooks - ### SCENARIO START: Full booking lifecycle - create, read, update, delete using "create-booking.json"
08:05:48.341 [TestNG-PoolService-1] INFO  Hooks - Obtaining auth token for an @auth scenario
08:05:48.342 [TestNG-PoolService-1] INFO  RestClient - --> POST /auth
08:05:48.603 [TestNG-PoolService-1] INFO  RestClient - <-- POST /auth responded 200 in 255 ms
08:05:48.642 [TestNG-PoolService-1] INFO  JsonDataReader - Loaded test data 'create-booking.json' with dynamic values resolved
08:05:48.678 [TestNG-PoolService-1] DEBUG BookingSteps - Payload from test data file create-booking.json: Booking(firstname=Courtney, lastname=O'Conner, totalprice=677, depositpaid=false, bookingdates=BookingDates(checkin=2026-10-09, checkout=2026-10-16), additionalneeds=Bruschette with Tomato)
08:05:48.681 [TestNG-PoolService-1] INFO  RestClient - --> POST /booking
08:05:48.924 [TestNG-PoolService-1] INFO  RestClient - <-- POST /booking responded 200 in 243 ms
08:05:48.934 [TestNG-PoolService-1] INFO  ApiAssertions - Asserting status code is 200
08:05:48.935 [TestNG-PoolService-1] INFO  ApiAssertions - Asserting content type is JSON
08:05:48.935 [TestNG-PoolService-1] INFO  ApiAssertions - Asserting body is not empty
08:05:48.951 [TestNG-PoolService-1] INFO  ApiAssertions - Asserting field 'bookingid' is present
08:05:48.952 [TestNG-PoolService-1] INFO  ApiAssertions - Asserting response time 206ms is below 30000ms
08:05:48.959 [TestNG-PoolService-1] INFO  BookingSteps - Created booking id 2291
08:05:48.961 [TestNG-PoolService-1] INFO  RestClient - --> GET /booking/{id}
08:05:49.228 [TestNG-PoolService-1] INFO  RestClient - <-- GET /booking/{id} responded 200 in 267 ms
08:05:49.229 [TestNG-PoolService-1] INFO  ApiAssertions - Asserting status code is 200
08:05:49.232 [TestNG-PoolService-1] INFO  ApiAssertions - Asserting content type is JSON
08:05:49.232 [TestNG-PoolService-1] INFO  ApiAssertions - Asserting body is not empty
08:05:49.235 [TestNG-PoolService-1] INFO  JsonDataReader - Loaded test data 'update-booking.json' with dynamic values resolved
08:05:49.237 [TestNG-PoolService-1] DEBUG BookingSteps - Payload from test data file update-booking.json: Booking(firstname=Chas, lastname=Kiehn, totalprice=2459, depositpaid=true, bookingdates=BookingDates(checkin=2026-11-01, checkout=2026-11-16), additionalneeds=Late checkout)
08:05:49.247 [TestNG-PoolService-1] INFO  RestClient - --> PUT /booking/{id}
08:05:49.481 [TestNG-PoolService-1] INFO  RestClient - <-- PUT /booking/{id} responded 200 in 234 ms
08:05:49.481 [TestNG-PoolService-1] INFO  BookingSteps - Updated booking 2291 from update-booking.json
08:05:49.482 [TestNG-PoolService-1] INFO  ApiAssertions - Asserting status code is 200
08:05:49.482 [TestNG-PoolService-1] INFO  ApiAssertions - Asserting response time 208ms is below 30000ms
08:05:49.484 [TestNG-PoolService-1] INFO  RestClient - --> GET /booking/{id}
08:05:49.693 [TestNG-PoolService-1] INFO  RestClient - <-- GET /booking/{id} responded 200 in 209 ms
08:05:49.694 [TestNG-PoolService-1] INFO  ApiAssertions - Asserting status code is 200
08:05:49.694 [TestNG-PoolService-1] INFO  ApiAssertions - Asserting content type is JSON
08:05:49.695 [TestNG-PoolService-1] INFO  ApiAssertions - Asserting body is not empty
08:05:49.702 [TestNG-PoolService-1] INFO  RestClient - --> DELETE /booking/{id}
08:05:49.909 [TestNG-PoolService-1] INFO  RestClient - <-- DELETE /booking/{id} responded 201 in 207 ms
08:05:49.910 [TestNG-PoolService-1] INFO  ApiAssertions - Asserting status code is 201
08:05:49.910 [TestNG-PoolService-1] INFO  ApiAssertions - Asserting response time 194ms is below 30000ms
08:05:49.912 [TestNG-PoolService-1] INFO  RestClient - --> GET /booking/{id}
08:05:50.117 [TestNG-PoolService-1] INFO  RestClient - <-- GET /booking/{id} responded 404 in 205 ms
08:05:50.117 [TestNG-PoolService-1] INFO  ApiAssertions - Asserting status code is 404
08:05:50.117 [TestNG-PoolService-1] INFO  BookingSteps - Confirmed booking 2291 is gone
08:05:50.118 [TestNG-PoolService-1] INFO  Hooks - ### SCENARIO END: Full booking lifecycle - create, read, update, delete using "create-booking.json" -> PASSED
