07:06:46.569 [TestNG-PoolService-2] INFO  Hooks - ### SCENARIO START: Full booking lifecycle - create, read, update, delete using "booking-no-additional-needs.json"
07:06:46.570 [TestNG-PoolService-2] INFO  Hooks - Obtaining auth token for an @auth scenario
07:06:46.571 [TestNG-PoolService-2] INFO  RestClient - --> POST /auth
07:06:46.879 [TestNG-PoolService-2] INFO  RestClient - <-- POST /auth responded 200 in 308 ms
07:06:46.883 [TestNG-PoolService-2] INFO  JsonDataReader - Loaded test data 'booking-no-additional-needs.json' with dynamic values resolved
07:06:46.884 [TestNG-PoolService-2] DEBUG BookingSteps - Payload from test data file booking-no-additional-needs.json: Booking(firstname=Estell, lastname=Russel, totalprice=150, depositpaid=false, bookingdates=BookingDates(checkin=2026-09-08, checkout=2026-09-10), additionalneeds=null)
07:06:46.885 [TestNG-PoolService-2] INFO  RestClient - --> POST /booking
07:06:47.174 [TestNG-PoolService-2] INFO  RestClient - <-- POST /booking responded 200 in 289 ms
07:06:47.174 [TestNG-PoolService-2] INFO  ApiAssertions - Asserting status code is 200
07:06:47.174 [TestNG-PoolService-2] INFO  ApiAssertions - Asserting content type is JSON
07:06:47.175 [TestNG-PoolService-2] INFO  ApiAssertions - Asserting body is not empty
07:06:47.204 [TestNG-PoolService-2] INFO  ApiAssertions - Asserting field 'bookingid' is present
07:06:47.204 [TestNG-PoolService-2] INFO  ApiAssertions - Asserting response time 274ms is below 30000ms
07:06:47.210 [TestNG-PoolService-2] INFO  BookingSteps - Created booking id 2871
07:06:47.217 [TestNG-PoolService-2] INFO  RestClient - --> GET /booking/{id}
07:06:47.541 [TestNG-PoolService-2] INFO  RestClient - <-- GET /booking/{id} responded 200 in 324 ms
07:06:47.541 [TestNG-PoolService-2] INFO  ApiAssertions - Asserting status code is 200
07:06:47.542 [TestNG-PoolService-2] INFO  ApiAssertions - Asserting content type is JSON
07:06:47.542 [TestNG-PoolService-2] INFO  ApiAssertions - Asserting body is not empty
07:06:47.545 [TestNG-PoolService-2] INFO  JsonDataReader - Loaded test data 'booking-long-stay.json' with dynamic values resolved
07:06:47.545 [TestNG-PoolService-2] DEBUG BookingSteps - Payload from test data file booking-long-stay.json: Booking(firstname=Angila, lastname=Connelly, totalprice=6618, depositpaid=true, bookingdates=BookingDates(checkin=2026-11-06, checkout=2027-01-05), additionalneeds=Airport transfer)
07:06:47.555 [TestNG-PoolService-2] INFO  RestClient - --> PUT /booking/{id}
07:06:47.854 [TestNG-PoolService-2] INFO  RestClient - <-- PUT /booking/{id} responded 200 in 299 ms
07:06:47.854 [TestNG-PoolService-2] INFO  BookingSteps - Updated booking 2871 from booking-long-stay.json
07:06:47.855 [TestNG-PoolService-2] INFO  ApiAssertions - Asserting status code is 200
07:06:47.855 [TestNG-PoolService-2] INFO  ApiAssertions - Asserting response time 287ms is below 30000ms
07:06:47.856 [TestNG-PoolService-2] INFO  RestClient - --> GET /booking/{id}
07:06:48.147 [TestNG-PoolService-2] INFO  RestClient - <-- GET /booking/{id} responded 200 in 291 ms
07:06:48.147 [TestNG-PoolService-2] INFO  ApiAssertions - Asserting status code is 200
07:06:48.148 [TestNG-PoolService-2] INFO  ApiAssertions - Asserting content type is JSON
07:06:48.148 [TestNG-PoolService-2] INFO  ApiAssertions - Asserting body is not empty
07:06:48.153 [TestNG-PoolService-2] INFO  RestClient - --> DELETE /booking/{id}
07:06:48.434 [TestNG-PoolService-2] INFO  RestClient - <-- DELETE /booking/{id} responded 201 in 281 ms
07:06:48.435 [TestNG-PoolService-2] INFO  ApiAssertions - Asserting status code is 201
07:06:48.435 [TestNG-PoolService-2] INFO  ApiAssertions - Asserting response time 276ms is below 30000ms
07:06:48.437 [TestNG-PoolService-2] INFO  RestClient - --> GET /booking/{id}
07:06:48.728 [TestNG-PoolService-2] INFO  RestClient - <-- GET /booking/{id} responded 404 in 291 ms
07:06:48.728 [TestNG-PoolService-2] INFO  ApiAssertions - Asserting status code is 404
07:06:48.728 [TestNG-PoolService-2] INFO  BookingSteps - Confirmed booking 2871 is gone
07:06:48.745 [TestNG-PoolService-2] INFO  Hooks - ### SCENARIO END: Full booking lifecycle - create, read, update, delete using "booking-no-additional-needs.json" -> PASSED
