03:02:19.620 [TestNG-PoolService-2] INFO  Hooks - ### SCENARIO START: Partially update booking name to "Sara Ali"
03:02:19.621 [TestNG-PoolService-2] INFO  Hooks - Obtaining auth token for an @auth scenario
03:02:19.623 [TestNG-PoolService-2] INFO  RestClient - --> POST /auth
03:02:19.994 [TestNG-PoolService-2] INFO  RestClient - <-- POST /auth responded 200 in 371 ms
03:02:19.999 [TestNG-PoolService-2] DEBUG BookingSteps - Payload from generated data: Booking(firstname=Jacelyn, lastname=Harris, totalprice=373, depositpaid=false, bookingdates=BookingDates(checkin=2026-08-28, checkout=2026-09-10), additionalneeds=Chicken Milanese)
03:02:20.000 [TestNG-PoolService-2] INFO  RestClient - --> POST /booking
03:02:20.377 [TestNG-PoolService-2] INFO  RestClient - <-- POST /booking responded 200 in 376 ms
03:02:20.377 [TestNG-PoolService-2] INFO  ApiAssertions - Asserting status code is 200
03:02:20.378 [TestNG-PoolService-2] INFO  ApiAssertions - Asserting content type is JSON
03:02:20.378 [TestNG-PoolService-2] INFO  ApiAssertions - Asserting body is not empty
03:02:20.387 [TestNG-PoolService-2] INFO  ApiAssertions - Asserting field 'bookingid' is present
03:02:20.388 [TestNG-PoolService-2] INFO  ApiAssertions - Asserting response time 366ms is below 30000ms
03:02:20.391 [TestNG-PoolService-2] INFO  BookingSteps - Created booking id 169
03:02:20.393 [TestNG-PoolService-2] INFO  RestClient - --> PATCH /booking/{id}
03:02:20.745 [TestNG-PoolService-2] INFO  RestClient - <-- PATCH /booking/{id} responded 200 in 352 ms
03:02:20.746 [TestNG-PoolService-2] INFO  ApiAssertions - Asserting status code is 200
03:02:20.746 [TestNG-PoolService-2] INFO  ApiAssertions - Asserting response time 342ms is below 30000ms
03:02:20.748 [TestNG-PoolService-2] INFO  RestClient - --> GET /booking/{id}
03:02:21.128 [TestNG-PoolService-2] INFO  RestClient - <-- GET /booking/{id} responded 200 in 380 ms
03:02:21.129 [TestNG-PoolService-2] INFO  ApiAssertions - Asserting status code is 200
03:02:21.129 [TestNG-PoolService-2] INFO  ApiAssertions - Asserting content type is JSON
03:02:21.129 [TestNG-PoolService-2] INFO  ApiAssertions - Asserting body is not empty
03:02:21.132 [TestNG-PoolService-2] INFO  Hooks - Cleaning up booking 169
03:02:21.133 [TestNG-PoolService-2] INFO  RestClient - --> DELETE /booking/{id}
03:02:21.491 [TestNG-PoolService-2] INFO  RestClient - <-- DELETE /booking/{id} responded 201 in 358 ms
03:02:21.492 [TestNG-PoolService-2] INFO  Hooks - ### SCENARIO END: Partially update booking name to "Sara Ali" -> PASSED
