08:17:24.669 [TestNG-PoolService-4] INFO  Hooks - ### SCENARIO START: Partially update booking name to "Mohamed AbdElghany"
08:17:24.670 [TestNG-PoolService-4] INFO  Hooks - Obtaining auth token for an @auth scenario
08:17:24.671 [TestNG-PoolService-4] INFO  RestClient - --> POST /auth
08:17:24.863 [TestNG-PoolService-4] INFO  RestClient - <-- POST /auth responded 200 in 191 ms
08:17:24.865 [TestNG-PoolService-4] DEBUG BookingSteps - Payload from generated data: Booking(firstname=Marvin, lastname=Bednar, totalprice=412, depositpaid=false, bookingdates=BookingDates(checkin=2026-09-09, checkout=2026-09-19), additionalneeds=Sushi)
08:17:24.866 [TestNG-PoolService-4] INFO  RestClient - --> POST /booking
08:17:25.027 [TestNG-PoolService-4] INFO  RestClient - <-- POST /booking responded 200 in 161 ms
08:17:25.028 [TestNG-PoolService-4] INFO  ApiAssertions - Asserting status code is 200
08:17:25.028 [TestNG-PoolService-4] INFO  ApiAssertions - Asserting content type is JSON
08:17:25.028 [TestNG-PoolService-4] INFO  ApiAssertions - Asserting body is not empty
08:17:25.046 [TestNG-PoolService-4] INFO  ApiAssertions - Asserting field 'bookingid' is present
08:17:25.046 [TestNG-PoolService-4] INFO  ApiAssertions - Asserting response time 143ms is below 30000ms
08:17:25.051 [TestNG-PoolService-4] INFO  BookingSteps - Created booking id 3571
08:17:25.052 [TestNG-PoolService-4] INFO  RestClient - --> PATCH /booking/{id}
08:17:25.245 [TestNG-PoolService-4] INFO  RestClient - <-- PATCH /booking/{id} responded 200 in 192 ms
08:17:25.245 [TestNG-PoolService-4] INFO  ApiAssertions - Asserting status code is 200
08:17:25.246 [TestNG-PoolService-4] INFO  ApiAssertions - Asserting response time 178ms is below 30000ms
08:17:25.248 [TestNG-PoolService-4] INFO  RestClient - --> GET /booking/{id}
08:17:25.392 [TestNG-PoolService-4] INFO  RestClient - <-- GET /booking/{id} responded 200 in 144 ms
08:17:25.393 [TestNG-PoolService-4] INFO  ApiAssertions - Asserting status code is 200
08:17:25.393 [TestNG-PoolService-4] INFO  ApiAssertions - Asserting content type is JSON
08:17:25.393 [TestNG-PoolService-4] INFO  ApiAssertions - Asserting body is not empty
08:17:25.395 [TestNG-PoolService-4] INFO  Hooks - Cleaning up booking 3571
08:17:25.396 [TestNG-PoolService-4] INFO  RestClient - --> DELETE /booking/{id}
08:17:25.620 [TestNG-PoolService-4] INFO  RestClient - <-- DELETE /booking/{id} responded 201 in 224 ms
08:17:25.621 [TestNG-PoolService-4] INFO  Hooks - ### SCENARIO END: Partially update booking name to "Mohamed AbdElghany" -> PASSED
