07:06:05.221 [TestNG-PoolService-3] INFO  Hooks - ### SCENARIO START: Full booking lifecycle - create, read, update, delete using "create-booking.json"
07:06:05.222 [TestNG-PoolService-3] INFO  Hooks - Obtaining auth token for an @auth scenario
07:06:05.230 [TestNG-PoolService-3] INFO  RestClient - --> POST /auth
07:06:05.367 [TestNG-PoolService-3] INFO  RestClient - <-- POST /auth responded 200 in 136 ms
07:06:05.423 [TestNG-PoolService-3] INFO  JsonDataReader - Loaded test data 'create-booking.json' with dynamic values resolved
07:06:05.434 [TestNG-PoolService-3] DEBUG BookingSteps - Payload from test data file create-booking.json: Booking(firstname=Sybil, lastname=Cruickshank, totalprice=347, depositpaid=false, bookingdates=BookingDates(checkin=2026-09-18, checkout=2026-09-25), additionalneeds=Philadelphia Maki)
07:06:05.437 [TestNG-PoolService-3] INFO  RestClient - --> POST /booking
07:06:05.573 [TestNG-PoolService-3] INFO  RestClient - <-- POST /booking responded 200 in 136 ms
07:06:05.575 [TestNG-PoolService-3] INFO  ApiAssertions - Asserting status code is 200
07:06:05.578 [TestNG-PoolService-3] INFO  ApiAssertions - Asserting content type is JSON
07:06:05.578 [TestNG-PoolService-3] INFO  ApiAssertions - Asserting body is not empty
07:06:05.598 [TestNG-PoolService-3] INFO  ApiAssertions - Asserting field 'bookingid' is present
07:06:05.599 [TestNG-PoolService-3] INFO  ApiAssertions - Asserting response time 105ms is below 30000ms
07:06:05.601 [TestNG-PoolService-3] INFO  BookingSteps - Created booking id 2614
07:06:05.607 [TestNG-PoolService-3] INFO  RestClient - --> GET /booking/{id}
07:06:05.796 [TestNG-PoolService-3] INFO  RestClient - <-- GET /booking/{id} responded 200 in 189 ms
07:06:05.800 [TestNG-PoolService-3] INFO  ApiAssertions - Asserting status code is 200
07:06:05.800 [TestNG-PoolService-3] INFO  ApiAssertions - Asserting content type is JSON
07:06:05.800 [TestNG-PoolService-3] INFO  ApiAssertions - Asserting body is not empty
07:06:05.806 [TestNG-PoolService-3] INFO  JsonDataReader - Loaded test data 'update-booking.json' with dynamic values resolved
07:06:05.807 [TestNG-PoolService-3] DEBUG BookingSteps - Payload from test data file update-booking.json: Booking(firstname=Lavern, lastname=Stroman, totalprice=4314, depositpaid=false, bookingdates=BookingDates(checkin=2026-10-11, checkout=2026-10-26), additionalneeds=Late checkout)
07:06:05.845 [TestNG-PoolService-3] INFO  RestClient - --> PUT /booking/{id}
07:06:06.011 [TestNG-PoolService-3] INFO  RestClient - <-- PUT /booking/{id} responded 200 in 166 ms
07:06:06.012 [TestNG-PoolService-3] INFO  BookingSteps - Updated booking 2614 from update-booking.json
07:06:06.012 [TestNG-PoolService-3] INFO  ApiAssertions - Asserting status code is 200
07:06:06.012 [TestNG-PoolService-3] INFO  ApiAssertions - Asserting response time 137ms is below 30000ms
07:06:06.013 [TestNG-PoolService-3] INFO  RestClient - --> GET /booking/{id}
07:06:06.123 [TestNG-PoolService-3] INFO  RestClient - <-- GET /booking/{id} responded 200 in 109 ms
07:06:06.123 [TestNG-PoolService-3] INFO  ApiAssertions - Asserting status code is 200
07:06:06.123 [TestNG-PoolService-3] INFO  ApiAssertions - Asserting content type is JSON
07:06:06.123 [TestNG-PoolService-3] INFO  ApiAssertions - Asserting body is not empty
07:06:06.127 [TestNG-PoolService-3] INFO  RestClient - --> DELETE /booking/{id}
07:06:06.247 [TestNG-PoolService-3] INFO  RestClient - <-- DELETE /booking/{id} responded 201 in 120 ms
07:06:06.248 [TestNG-PoolService-3] INFO  ApiAssertions - Asserting status code is 201
07:06:06.249 [TestNG-PoolService-3] INFO  ApiAssertions - Asserting response time 111ms is below 30000ms
07:06:06.250 [TestNG-PoolService-3] INFO  RestClient - --> GET /booking/{id}
07:06:06.368 [TestNG-PoolService-3] INFO  RestClient - <-- GET /booking/{id} responded 404 in 118 ms
07:06:06.368 [TestNG-PoolService-3] INFO  ApiAssertions - Asserting status code is 404
07:06:06.370 [TestNG-PoolService-3] INFO  BookingSteps - Confirmed booking 2614 is gone
07:06:06.371 [TestNG-PoolService-3] INFO  Hooks - ### SCENARIO END: Full booking lifecycle - create, read, update, delete using "create-booking.json" -> PASSED
