07:27:30.530 [TestNG-PoolService-2] INFO  Hooks - ### SCENARIO START: Full booking lifecycle - create, read, update, delete using "create-booking.json"
07:27:30.531 [TestNG-PoolService-2] INFO  Hooks - Obtaining auth token for an @auth scenario
07:27:30.532 [TestNG-PoolService-2] INFO  RestClient - --> POST /auth
07:27:30.923 [TestNG-PoolService-2] INFO  RestClient - <-- POST /auth responded 200 in 391 ms
07:27:30.934 [TestNG-PoolService-2] INFO  JsonDataReader - Loaded test data 'create-booking.json' with dynamic values resolved
07:27:30.939 [TestNG-PoolService-2] DEBUG BookingSteps - Payload from test data file create-booking.json: Booking(firstname=Valentine, lastname=Nader, totalprice=675, depositpaid=true, bookingdates=BookingDates(checkin=2026-09-29, checkout=2026-10-06), additionalneeds=Cauliflower Penne)
07:27:30.941 [TestNG-PoolService-2] INFO  RestClient - --> POST /booking
07:27:31.302 [TestNG-PoolService-2] INFO  RestClient - <-- POST /booking responded 200 in 361 ms
07:27:31.304 [TestNG-PoolService-2] INFO  ApiAssertions - Asserting status code is 200
07:27:31.304 [TestNG-PoolService-2] INFO  ApiAssertions - Asserting content type is JSON
07:27:31.305 [TestNG-PoolService-2] INFO  ApiAssertions - Asserting body is not empty
07:27:31.327 [TestNG-PoolService-2] INFO  ApiAssertions - Asserting field 'bookingid' is present
07:27:31.327 [TestNG-PoolService-2] INFO  ApiAssertions - Asserting response time 335ms is below 30000ms
07:27:31.333 [TestNG-PoolService-2] INFO  BookingSteps - Created booking id 4171
07:27:31.335 [TestNG-PoolService-2] INFO  RestClient - --> GET /booking/{id}
07:27:31.785 [TestNG-PoolService-2] INFO  RestClient - <-- GET /booking/{id} responded 200 in 449 ms
07:27:31.789 [TestNG-PoolService-2] INFO  ApiAssertions - Asserting status code is 200
07:27:31.789 [TestNG-PoolService-2] INFO  ApiAssertions - Asserting content type is JSON
07:27:31.790 [TestNG-PoolService-2] INFO  ApiAssertions - Asserting body is not empty
07:27:31.796 [TestNG-PoolService-2] INFO  JsonDataReader - Loaded test data 'update-booking.json' with dynamic values resolved
07:27:31.797 [TestNG-PoolService-2] DEBUG BookingSteps - Payload from test data file update-booking.json: Booking(firstname=Kermit, lastname=Davis, totalprice=2741, depositpaid=false, bookingdates=BookingDates(checkin=2026-10-22, checkout=2026-11-06), additionalneeds=Late checkout)
07:27:31.798 [TestNG-PoolService-2] INFO  RestClient - --> PUT /booking/{id}
07:27:32.172 [TestNG-PoolService-2] INFO  RestClient - <-- PUT /booking/{id} responded 200 in 374 ms
07:27:32.175 [TestNG-PoolService-2] INFO  BookingSteps - Updated booking 4171 from update-booking.json
07:27:32.176 [TestNG-PoolService-2] INFO  ApiAssertions - Asserting status code is 200
07:27:32.176 [TestNG-PoolService-2] INFO  ApiAssertions - Asserting response time 359ms is below 30000ms
07:27:32.177 [TestNG-PoolService-2] INFO  RestClient - --> GET /booking/{id}
07:27:32.552 [TestNG-PoolService-2] INFO  RestClient - <-- GET /booking/{id} responded 200 in 375 ms
07:27:32.553 [TestNG-PoolService-2] INFO  ApiAssertions - Asserting status code is 200
07:27:32.553 [TestNG-PoolService-2] INFO  ApiAssertions - Asserting content type is JSON
07:27:32.553 [TestNG-PoolService-2] INFO  ApiAssertions - Asserting body is not empty
07:27:32.557 [TestNG-PoolService-2] INFO  RestClient - --> DELETE /booking/{id}
07:27:32.926 [TestNG-PoolService-2] INFO  RestClient - <-- DELETE /booking/{id} responded 201 in 369 ms
07:27:32.927 [TestNG-PoolService-2] INFO  ApiAssertions - Asserting status code is 201
07:27:32.927 [TestNG-PoolService-2] INFO  ApiAssertions - Asserting response time 360ms is below 30000ms
07:27:32.929 [TestNG-PoolService-2] INFO  RestClient - --> GET /booking/{id}
07:27:33.263 [TestNG-PoolService-2] INFO  RestClient - <-- GET /booking/{id} responded 404 in 334 ms
07:27:33.263 [TestNG-PoolService-2] INFO  ApiAssertions - Asserting status code is 404
07:27:33.263 [TestNG-PoolService-2] INFO  BookingSteps - Confirmed booking 4171 is gone
07:27:33.264 [TestNG-PoolService-2] INFO  Hooks - ### SCENARIO END: Full booking lifecycle - create, read, update, delete using "create-booking.json" -> PASSED
