07:01:03.410 [TestNG-PoolService-3] INFO  Hooks - ### SCENARIO START: Full booking lifecycle - create, read, update, delete using "create-booking.json"
07:01:03.413 [TestNG-PoolService-3] INFO  Hooks - Obtaining auth token for an @auth scenario
07:01:03.415 [TestNG-PoolService-3] INFO  RestClient - --> POST /auth
07:01:03.481 [TestNG-PoolService-3] INFO  RestClient - <-- POST /auth responded 200 in 66 ms
07:01:03.678 [TestNG-PoolService-3] INFO  JsonDataReader - Loaded test data 'create-booking.json' with dynamic values resolved
07:01:03.689 [TestNG-PoolService-3] DEBUG BookingSteps - Payload from test data file create-booking.json: Booking(firstname=Bea, lastname=Hudson, totalprice=853, depositpaid=true, bookingdates=BookingDates(checkin=2026-09-15, checkout=2026-09-22), additionalneeds=Teriyaki Chicken Donburi)
07:01:03.692 [TestNG-PoolService-3] INFO  RestClient - --> POST /booking
07:01:03.754 [TestNG-PoolService-3] INFO  RestClient - <-- POST /booking responded 200 in 62 ms
07:01:03.755 [TestNG-PoolService-3] INFO  ApiAssertions - Asserting status code is 200
07:01:03.758 [TestNG-PoolService-3] INFO  ApiAssertions - Asserting content type is JSON
07:01:03.758 [TestNG-PoolService-3] INFO  ApiAssertions - Asserting body is not empty
07:01:03.772 [TestNG-PoolService-3] INFO  ApiAssertions - Asserting field 'bookingid' is present
07:01:03.772 [TestNG-PoolService-3] INFO  ApiAssertions - Asserting response time 28ms is below 30000ms
07:01:03.777 [TestNG-PoolService-3] INFO  BookingSteps - Created booking id 6161
07:01:03.779 [TestNG-PoolService-3] INFO  RestClient - --> GET /booking/{id}
07:01:03.860 [TestNG-PoolService-3] INFO  RestClient - <-- GET /booking/{id} responded 200 in 81 ms
07:01:03.861 [TestNG-PoolService-3] INFO  ApiAssertions - Asserting status code is 200
07:01:03.862 [TestNG-PoolService-3] INFO  ApiAssertions - Asserting content type is JSON
07:01:03.862 [TestNG-PoolService-3] INFO  ApiAssertions - Asserting body is not empty
07:01:03.866 [TestNG-PoolService-3] INFO  JsonDataReader - Loaded test data 'update-booking.json' with dynamic values resolved
07:01:03.866 [TestNG-PoolService-3] DEBUG BookingSteps - Payload from test data file update-booking.json: Booking(firstname=Eleanore, lastname=Gorczany, totalprice=4440, depositpaid=false, bookingdates=BookingDates(checkin=2026-10-08, checkout=2026-10-23), additionalneeds=Late checkout)
07:01:03.878 [TestNG-PoolService-3] INFO  RestClient - --> PUT /booking/{id}
07:01:03.962 [TestNG-PoolService-3] INFO  RestClient - <-- PUT /booking/{id} responded 200 in 83 ms
07:01:03.962 [TestNG-PoolService-3] INFO  BookingSteps - Updated booking 6161 from update-booking.json
07:01:03.963 [TestNG-PoolService-3] INFO  ApiAssertions - Asserting status code is 200
07:01:03.963 [TestNG-PoolService-3] INFO  ApiAssertions - Asserting response time 43ms is below 30000ms
07:01:03.967 [TestNG-PoolService-3] INFO  RestClient - --> GET /booking/{id}
07:01:04.030 [TestNG-PoolService-3] INFO  RestClient - <-- GET /booking/{id} responded 200 in 62 ms
07:01:04.031 [TestNG-PoolService-3] INFO  ApiAssertions - Asserting status code is 200
07:01:04.031 [TestNG-PoolService-3] INFO  ApiAssertions - Asserting content type is JSON
07:01:04.032 [TestNG-PoolService-3] INFO  ApiAssertions - Asserting body is not empty
07:01:04.039 [TestNG-PoolService-3] INFO  RestClient - --> DELETE /booking/{id}
07:01:04.094 [TestNG-PoolService-3] INFO  RestClient - <-- DELETE /booking/{id} responded 201 in 55 ms
07:01:04.095 [TestNG-PoolService-3] INFO  ApiAssertions - Asserting status code is 201
07:01:04.095 [TestNG-PoolService-3] INFO  ApiAssertions - Asserting response time 37ms is below 30000ms
07:01:04.097 [TestNG-PoolService-3] INFO  RestClient - --> GET /booking/{id}
07:01:04.154 [TestNG-PoolService-3] INFO  RestClient - <-- GET /booking/{id} responded 404 in 57 ms
07:01:04.154 [TestNG-PoolService-3] INFO  ApiAssertions - Asserting status code is 404
07:01:04.155 [TestNG-PoolService-3] INFO  BookingSteps - Confirmed booking 6161 is gone
07:01:04.159 [TestNG-PoolService-3] INFO  Hooks - ### SCENARIO END: Full booking lifecycle - create, read, update, delete using "create-booking.json" -> PASSED
