03:04:21.664 [TestNG-PoolService-4] INFO  Hooks - ### SCENARIO START: Partially update booking name to "Sara Ali"
03:04:21.665 [TestNG-PoolService-4] INFO  Hooks - Obtaining auth token for an @auth scenario
03:04:21.666 [TestNG-PoolService-4] INFO  RestClient - --> POST /auth
03:04:22.030 [TestNG-PoolService-4] INFO  RestClient - <-- POST /auth responded 200 in 364 ms
03:04:22.037 [TestNG-PoolService-4] DEBUG BookingSteps - Payload from generated data: Booking(firstname=Jordon, lastname=Stiedemann, totalprice=327, depositpaid=true, bookingdates=BookingDates(checkin=2026-08-30, checkout=2026-09-07), additionalneeds=Pasta Carbonara)
03:04:22.039 [TestNG-PoolService-4] INFO  RestClient - --> POST /booking
03:04:22.406 [TestNG-PoolService-4] INFO  RestClient - <-- POST /booking responded 200 in 367 ms
03:04:22.407 [TestNG-PoolService-4] INFO  ApiAssertions - Asserting status code is 200
03:04:22.407 [TestNG-PoolService-4] INFO  ApiAssertions - Asserting content type is JSON
03:04:22.407 [TestNG-PoolService-4] INFO  ApiAssertions - Asserting body is not empty
03:04:22.425 [TestNG-PoolService-4] INFO  ApiAssertions - Asserting field 'bookingid' is present
03:04:22.425 [TestNG-PoolService-4] INFO  ApiAssertions - Asserting response time 348ms is below 30000ms
03:04:22.432 [TestNG-PoolService-4] INFO  BookingSteps - Created booking id 2088
03:04:22.436 [TestNG-PoolService-4] INFO  RestClient - --> PATCH /booking/{id}
03:04:22.791 [TestNG-PoolService-4] INFO  RestClient - <-- PATCH /booking/{id} responded 200 in 355 ms
03:04:22.792 [TestNG-PoolService-4] INFO  ApiAssertions - Asserting status code is 200
03:04:22.792 [TestNG-PoolService-4] INFO  ApiAssertions - Asserting response time 340ms is below 30000ms
03:04:22.793 [TestNG-PoolService-4] INFO  RestClient - --> GET /booking/{id}
03:04:23.148 [TestNG-PoolService-4] INFO  RestClient - <-- GET /booking/{id} responded 200 in 355 ms
03:04:23.148 [TestNG-PoolService-4] INFO  ApiAssertions - Asserting status code is 200
03:04:23.148 [TestNG-PoolService-4] INFO  ApiAssertions - Asserting content type is JSON
03:04:23.149 [TestNG-PoolService-4] INFO  ApiAssertions - Asserting body is not empty
03:04:23.151 [TestNG-PoolService-4] INFO  Hooks - Cleaning up booking 2088
03:04:23.152 [TestNG-PoolService-4] INFO  RestClient - --> DELETE /booking/{id}
03:04:23.502 [TestNG-PoolService-4] INFO  RestClient - <-- DELETE /booking/{id} responded 201 in 350 ms
03:04:23.503 [TestNG-PoolService-4] INFO  Hooks - ### SCENARIO END: Partially update booking name to "Sara Ali" -> PASSED
