06:56:57.056 [TestNG-PoolService-4] INFO  Hooks - ### SCENARIO START: Full booking lifecycle - create, read, update, delete using "create-booking.json"
06:56:57.061 [TestNG-PoolService-4] INFO  Hooks - Obtaining auth token for an @auth scenario
06:56:57.071 [TestNG-PoolService-4] INFO  RestClient - --> POST /auth
06:56:57.164 [TestNG-PoolService-4] INFO  RestClient - <-- POST /auth responded 200 in 93 ms
06:56:57.481 [TestNG-PoolService-4] INFO  JsonDataReader - Loaded test data 'create-booking.json' with dynamic values resolved
06:56:57.486 [TestNG-PoolService-4] DEBUG BookingSteps - Payload from test data file create-booking.json: Booking(firstname=Tuyet, lastname=Herman, totalprice=683, depositpaid=false, bookingdates=BookingDates(checkin=2026-09-13, checkout=2026-09-20), additionalneeds=Teriyaki Chicken Donburi)
06:56:57.491 [TestNG-PoolService-4] INFO  RestClient - --> POST /booking
06:56:57.564 [TestNG-PoolService-4] INFO  RestClient - <-- POST /booking responded 200 in 73 ms
06:56:57.566 [TestNG-PoolService-4] INFO  ApiAssertions - Asserting status code is 200
06:56:57.566 [TestNG-PoolService-4] INFO  ApiAssertions - Asserting content type is JSON
06:56:57.567 [TestNG-PoolService-4] INFO  ApiAssertions - Asserting body is not empty
06:56:57.589 [TestNG-PoolService-4] INFO  ApiAssertions - Asserting field 'bookingid' is present
06:56:57.590 [TestNG-PoolService-4] INFO  ApiAssertions - Asserting response time 38ms is below 30000ms
06:56:57.594 [TestNG-PoolService-4] INFO  BookingSteps - Created booking id 3494
06:56:57.603 [TestNG-PoolService-4] INFO  RestClient - --> GET /booking/{id}
06:56:57.720 [TestNG-PoolService-4] INFO  RestClient - <-- GET /booking/{id} responded 200 in 117 ms
06:56:57.721 [TestNG-PoolService-4] INFO  ApiAssertions - Asserting status code is 200
06:56:57.721 [TestNG-PoolService-4] INFO  ApiAssertions - Asserting content type is JSON
06:56:57.721 [TestNG-PoolService-4] INFO  ApiAssertions - Asserting body is not empty
06:56:57.727 [TestNG-PoolService-4] INFO  JsonDataReader - Loaded test data 'update-booking.json' with dynamic values resolved
06:56:57.727 [TestNG-PoolService-4] DEBUG BookingSteps - Payload from test data file update-booking.json: Booking(firstname=Wallace, lastname=Larson, totalprice=1066, depositpaid=false, bookingdates=BookingDates(checkin=2026-10-06, checkout=2026-10-21), additionalneeds=Late checkout)
06:56:57.735 [TestNG-PoolService-4] INFO  RestClient - --> PUT /booking/{id}
06:56:57.835 [TestNG-PoolService-4] INFO  RestClient - <-- PUT /booking/{id} responded 200 in 99 ms
06:56:57.835 [TestNG-PoolService-4] INFO  BookingSteps - Updated booking 3494 from update-booking.json
06:56:57.836 [TestNG-PoolService-4] INFO  ApiAssertions - Asserting status code is 200
06:56:57.836 [TestNG-PoolService-4] INFO  ApiAssertions - Asserting response time 74ms is below 30000ms
06:56:57.840 [TestNG-PoolService-4] INFO  RestClient - --> GET /booking/{id}
06:56:57.893 [TestNG-PoolService-4] INFO  RestClient - <-- GET /booking/{id} responded 200 in 52 ms
06:56:57.894 [TestNG-PoolService-4] INFO  ApiAssertions - Asserting status code is 200
06:56:57.894 [TestNG-PoolService-4] INFO  ApiAssertions - Asserting content type is JSON
06:56:57.894 [TestNG-PoolService-4] INFO  ApiAssertions - Asserting body is not empty
06:56:57.903 [TestNG-PoolService-4] INFO  RestClient - --> DELETE /booking/{id}
06:56:57.961 [TestNG-PoolService-4] INFO  RestClient - <-- DELETE /booking/{id} responded 201 in 58 ms
06:56:57.966 [TestNG-PoolService-4] INFO  ApiAssertions - Asserting status code is 201
06:56:57.966 [TestNG-PoolService-4] INFO  ApiAssertions - Asserting response time 33ms is below 30000ms
06:56:57.970 [TestNG-PoolService-4] INFO  RestClient - --> GET /booking/{id}
06:56:58.014 [TestNG-PoolService-4] INFO  RestClient - <-- GET /booking/{id} responded 404 in 43 ms
06:56:58.014 [TestNG-PoolService-4] INFO  ApiAssertions - Asserting status code is 404
06:56:58.015 [TestNG-PoolService-4] INFO  BookingSteps - Confirmed booking 3494 is gone
06:56:58.016 [TestNG-PoolService-4] INFO  Hooks - ### SCENARIO END: Full booking lifecycle - create, read, update, delete using "create-booking.json" -> PASSED
