07:23:24.325 [TestNG-PoolService-3] INFO  Hooks - ### SCENARIO START: Partially update booking name to "Sara Ali"
07:23:24.325 [TestNG-PoolService-3] INFO  Hooks - Obtaining auth token for an @auth scenario
07:23:24.326 [TestNG-PoolService-3] INFO  RestClient - --> POST /auth
07:23:24.488 [TestNG-PoolService-3] INFO  RestClient - <-- POST /auth responded 200 in 161 ms
07:23:24.491 [TestNG-PoolService-3] DEBUG BookingSteps - Payload from generated data: Booking(firstname=Deshawn, lastname=Runolfsdottir, totalprice=650, depositpaid=true, bookingdates=BookingDates(checkin=2026-09-19, checkout=2026-09-29), additionalneeds=Pasta and Beans)
07:23:24.491 [TestNG-PoolService-3] INFO  RestClient - --> POST /booking
07:23:24.646 [TestNG-PoolService-3] INFO  RestClient - <-- POST /booking responded 200 in 155 ms
07:23:24.646 [TestNG-PoolService-3] INFO  ApiAssertions - Asserting status code is 200
07:23:24.647 [TestNG-PoolService-3] INFO  ApiAssertions - Asserting content type is JSON
07:23:24.647 [TestNG-PoolService-3] INFO  ApiAssertions - Asserting body is not empty
07:23:24.655 [TestNG-PoolService-3] INFO  ApiAssertions - Asserting field 'bookingid' is present
07:23:24.655 [TestNG-PoolService-3] INFO  ApiAssertions - Asserting response time 146ms is below 30000ms
07:23:24.657 [TestNG-PoolService-3] INFO  BookingSteps - Created booking id 1408
07:23:24.658 [TestNG-PoolService-3] INFO  RestClient - --> PATCH /booking/{id}
07:23:24.812 [TestNG-PoolService-3] INFO  RestClient - <-- PATCH /booking/{id} responded 200 in 154 ms
07:23:24.813 [TestNG-PoolService-3] INFO  ApiAssertions - Asserting status code is 200
07:23:24.813 [TestNG-PoolService-3] INFO  ApiAssertions - Asserting response time 148ms is below 30000ms
07:23:24.813 [TestNG-PoolService-3] INFO  RestClient - --> GET /booking/{id}
07:23:25.032 [TestNG-PoolService-3] INFO  RestClient - <-- GET /booking/{id} responded 200 in 219 ms
07:23:25.032 [TestNG-PoolService-3] INFO  ApiAssertions - Asserting status code is 200
07:23:25.032 [TestNG-PoolService-3] INFO  ApiAssertions - Asserting content type is JSON
07:23:25.033 [TestNG-PoolService-3] INFO  ApiAssertions - Asserting body is not empty
07:23:25.035 [TestNG-PoolService-3] INFO  Hooks - Cleaning up booking 1408
07:23:25.035 [TestNG-PoolService-3] INFO  RestClient - --> DELETE /booking/{id}
07:23:25.189 [TestNG-PoolService-3] INFO  RestClient - <-- DELETE /booking/{id} responded 201 in 154 ms
07:23:25.190 [TestNG-PoolService-3] INFO  Hooks - ### SCENARIO END: Partially update booking name to "Sara Ali" -> PASSED
