06:54:59.799 [TestNG-PoolService-4] INFO  Hooks - ### SCENARIO START: Partially update booking name to "Jean-Luc O'Connor"
06:54:59.800 [TestNG-PoolService-4] INFO  Hooks - Obtaining auth token for an @auth scenario
06:54:59.805 [TestNG-PoolService-4] INFO  RestClient - --> POST /auth
06:54:59.853 [TestNG-PoolService-4] INFO  RestClient - <-- POST /auth responded 200 in 48 ms
06:54:59.856 [TestNG-PoolService-4] DEBUG BookingSteps - Payload from generated data: Booking(firstname=Sally, lastname=Bartoletti, totalprice=315, depositpaid=true, bookingdates=BookingDates(checkin=2026-09-30, checkout=2026-10-09), additionalneeds=Pork Sausage Roll)
06:54:59.857 [TestNG-PoolService-4] INFO  RestClient - --> POST /booking
06:54:59.906 [TestNG-PoolService-4] INFO  RestClient - <-- POST /booking responded 200 in 49 ms
06:54:59.912 [TestNG-PoolService-4] INFO  ApiAssertions - Asserting status code is 200
06:54:59.912 [TestNG-PoolService-4] INFO  ApiAssertions - Asserting content type is JSON
06:54:59.912 [TestNG-PoolService-4] INFO  ApiAssertions - Asserting body is not empty
06:54:59.932 [TestNG-PoolService-4] INFO  ApiAssertions - Asserting field 'bookingid' is present
06:54:59.932 [TestNG-PoolService-4] INFO  ApiAssertions - Asserting response time 33ms is below 30000ms
06:54:59.934 [TestNG-PoolService-4] INFO  BookingSteps - Created booking id 2310
06:54:59.939 [TestNG-PoolService-4] INFO  RestClient - --> PATCH /booking/{id}
06:54:59.982 [TestNG-PoolService-4] INFO  RestClient - <-- PATCH /booking/{id} responded 200 in 43 ms
06:54:59.983 [TestNG-PoolService-4] INFO  ApiAssertions - Asserting status code is 200
06:54:59.983 [TestNG-PoolService-4] INFO  ApiAssertions - Asserting response time 25ms is below 30000ms
06:54:59.986 [TestNG-PoolService-4] INFO  RestClient - --> GET /booking/{id}
06:55:00.033 [TestNG-PoolService-4] INFO  RestClient - <-- GET /booking/{id} responded 200 in 47 ms
06:55:00.034 [TestNG-PoolService-4] INFO  ApiAssertions - Asserting status code is 200
06:55:00.034 [TestNG-PoolService-4] INFO  ApiAssertions - Asserting content type is JSON
06:55:00.034 [TestNG-PoolService-4] INFO  ApiAssertions - Asserting body is not empty
06:55:00.037 [TestNG-PoolService-4] INFO  Hooks - Cleaning up booking 2310
06:55:00.038 [TestNG-PoolService-4] INFO  RestClient - --> DELETE /booking/{id}
06:55:00.070 [TestNG-PoolService-4] INFO  RestClient - <-- DELETE /booking/{id} responded 201 in 32 ms
06:55:00.071 [TestNG-PoolService-4] INFO  Hooks - ### SCENARIO END: Partially update booking name to "Jean-Luc O'Connor" -> PASSED
