08:23:23.940 [TestNG-PoolService-2] INFO  Hooks - ### SCENARIO START: Partially update booking name to "Sara Ali"
08:23:23.941 [TestNG-PoolService-2] INFO  Hooks - Obtaining auth token for an @auth scenario
08:23:23.945 [TestNG-PoolService-2] INFO  RestClient - --> POST /auth
08:23:24.016 [TestNG-PoolService-2] INFO  RestClient - <-- POST /auth responded 200 in 71 ms
08:23:24.018 [TestNG-PoolService-2] DEBUG BookingSteps - Payload from generated data: Booking(firstname=Tristan, lastname=MacGyver, totalprice=532, depositpaid=false, bookingdates=BookingDates(checkin=2026-10-07, checkout=2026-10-14), additionalneeds=Pork Belly Buns)
08:23:24.020 [TestNG-PoolService-2] INFO  RestClient - --> POST /booking
08:23:24.086 [TestNG-PoolService-2] INFO  RestClient - <-- POST /booking responded 200 in 66 ms
08:23:24.088 [TestNG-PoolService-2] INFO  ApiAssertions - Asserting status code is 200
08:23:24.088 [TestNG-PoolService-2] INFO  ApiAssertions - Asserting content type is JSON
08:23:24.088 [TestNG-PoolService-2] INFO  ApiAssertions - Asserting body is not empty
08:23:24.115 [TestNG-PoolService-2] INFO  ApiAssertions - Asserting field 'bookingid' is present
08:23:24.115 [TestNG-PoolService-2] INFO  ApiAssertions - Asserting response time 48ms is below 30000ms
08:23:24.124 [TestNG-PoolService-2] INFO  BookingSteps - Created booking id 1272
08:23:24.130 [TestNG-PoolService-2] INFO  RestClient - --> PATCH /booking/{id}
08:23:24.203 [TestNG-PoolService-2] INFO  RestClient - <-- PATCH /booking/{id} responded 200 in 73 ms
08:23:24.204 [TestNG-PoolService-2] INFO  ApiAssertions - Asserting status code is 200
08:23:24.204 [TestNG-PoolService-2] INFO  ApiAssertions - Asserting response time 37ms is below 30000ms
08:23:24.205 [TestNG-PoolService-2] INFO  RestClient - --> GET /booking/{id}
08:23:24.263 [TestNG-PoolService-2] INFO  RestClient - <-- GET /booking/{id} responded 200 in 58 ms
08:23:24.265 [TestNG-PoolService-2] INFO  ApiAssertions - Asserting status code is 200
08:23:24.265 [TestNG-PoolService-2] INFO  ApiAssertions - Asserting content type is JSON
08:23:24.265 [TestNG-PoolService-2] INFO  ApiAssertions - Asserting body is not empty
08:23:24.271 [TestNG-PoolService-2] INFO  Hooks - Cleaning up booking 1272
08:23:24.275 [TestNG-PoolService-2] INFO  RestClient - --> DELETE /booking/{id}
08:23:24.324 [TestNG-PoolService-2] INFO  RestClient - <-- DELETE /booking/{id} responded 201 in 49 ms
08:23:24.325 [TestNG-PoolService-2] INFO  Hooks - ### SCENARIO END: Partially update booking name to "Sara Ali" -> PASSED
