06:58:35.896 [TestNG-PoolService-1] INFO  Hooks - ### SCENARIO START: Full booking lifecycle - create, read, update, delete using "booking-no-additional-needs.json"
06:58:35.899 [TestNG-PoolService-1] INFO  Hooks - Obtaining auth token for an @auth scenario
06:58:35.902 [TestNG-PoolService-1] INFO  RestClient - --> POST /auth
06:58:36.528 [TestNG-PoolService-1] INFO  RestClient - <-- POST /auth responded 200 in 626 ms
06:58:36.530 [TestNG-PoolService-1] INFO  JsonDataReader - Loaded test data 'booking-no-additional-needs.json' with dynamic values resolved
06:58:36.536 [TestNG-PoolService-1] DEBUG BookingSteps - Payload from test data file booking-no-additional-needs.json: Booking(firstname=Willena, lastname=Grant, totalprice=121, depositpaid=false, bookingdates=BookingDates(checkin=2026-09-04, checkout=2026-09-06), additionalneeds=null)
06:58:36.537 [TestNG-PoolService-1] INFO  RestClient - --> POST /booking
06:58:37.164 [TestNG-PoolService-1] INFO  RestClient - <-- POST /booking responded 200 in 627 ms
06:58:37.167 [TestNG-PoolService-1] INFO  ApiAssertions - Asserting status code is 200
06:58:37.167 [TestNG-PoolService-1] INFO  ApiAssertions - Asserting content type is JSON
06:58:37.167 [TestNG-PoolService-1] INFO  ApiAssertions - Asserting body is not empty
06:58:37.187 [TestNG-PoolService-1] INFO  ApiAssertions - Asserting field 'bookingid' is present
06:58:37.187 [TestNG-PoolService-1] INFO  ApiAssertions - Asserting response time 601ms is below 30000ms
06:58:37.192 [TestNG-PoolService-1] INFO  BookingSteps - Created booking id 4631
06:58:37.194 [TestNG-PoolService-1] INFO  RestClient - --> GET /booking/{id}
06:58:37.821 [TestNG-PoolService-1] INFO  RestClient - <-- GET /booking/{id} responded 200 in 627 ms
06:58:37.822 [TestNG-PoolService-1] INFO  ApiAssertions - Asserting status code is 200
06:58:37.822 [TestNG-PoolService-1] INFO  ApiAssertions - Asserting content type is JSON
06:58:37.822 [TestNG-PoolService-1] INFO  ApiAssertions - Asserting body is not empty
06:58:37.825 [TestNG-PoolService-1] INFO  JsonDataReader - Loaded test data 'booking-long-stay.json' with dynamic values resolved
06:58:37.826 [TestNG-PoolService-1] DEBUG BookingSteps - Payload from test data file booking-long-stay.json: Booking(firstname=Dylan, lastname=Kerluke, totalprice=5349, depositpaid=true, bookingdates=BookingDates(checkin=2026-11-02, checkout=2027-01-01), additionalneeds=Airport transfer)
06:58:37.827 [TestNG-PoolService-1] INFO  RestClient - --> PUT /booking/{id}
06:58:38.439 [TestNG-PoolService-1] INFO  RestClient - <-- PUT /booking/{id} responded 200 in 611 ms
06:58:38.439 [TestNG-PoolService-1] INFO  BookingSteps - Updated booking 4631 from booking-long-stay.json
06:58:38.440 [TestNG-PoolService-1] INFO  ApiAssertions - Asserting status code is 200
06:58:38.440 [TestNG-PoolService-1] INFO  ApiAssertions - Asserting response time 599ms is below 30000ms
06:58:38.447 [TestNG-PoolService-1] INFO  RestClient - --> GET /booking/{id}
06:58:39.045 [TestNG-PoolService-1] INFO  RestClient - <-- GET /booking/{id} responded 200 in 598 ms
06:58:39.045 [TestNG-PoolService-1] INFO  ApiAssertions - Asserting status code is 200
06:58:39.045 [TestNG-PoolService-1] INFO  ApiAssertions - Asserting content type is JSON
06:58:39.045 [TestNG-PoolService-1] INFO  ApiAssertions - Asserting body is not empty
06:58:39.052 [TestNG-PoolService-1] INFO  RestClient - --> DELETE /booking/{id}
06:58:39.657 [TestNG-PoolService-1] INFO  RestClient - <-- DELETE /booking/{id} responded 201 in 605 ms
06:58:39.658 [TestNG-PoolService-1] INFO  ApiAssertions - Asserting status code is 201
06:58:39.658 [TestNG-PoolService-1] INFO  ApiAssertions - Asserting response time 583ms is below 30000ms
06:58:39.659 [TestNG-PoolService-1] INFO  RestClient - --> GET /booking/{id}
06:58:40.268 [TestNG-PoolService-1] INFO  RestClient - <-- GET /booking/{id} responded 404 in 609 ms
06:58:40.268 [TestNG-PoolService-1] INFO  ApiAssertions - Asserting status code is 404
06:58:40.268 [TestNG-PoolService-1] INFO  BookingSteps - Confirmed booking 4631 is gone
06:58:40.273 [TestNG-PoolService-1] INFO  Hooks - ### SCENARIO END: Full booking lifecycle - create, read, update, delete using "booking-no-additional-needs.json" -> PASSED
