03:07:16.450 [TestNG-PoolService-3] INFO  Hooks - ### SCENARIO START: Partially update booking name to "Mohamed AbdElghany"
03:07:16.451 [TestNG-PoolService-3] INFO  Hooks - Obtaining auth token for an @auth scenario
03:07:16.452 [TestNG-PoolService-3] INFO  RestClient - --> POST /auth
03:07:16.748 [TestNG-PoolService-3] INFO  RestClient - <-- POST /auth responded 200 in 296 ms
03:07:16.751 [TestNG-PoolService-3] DEBUG BookingSteps - Payload from generated data: Booking(firstname=Duncan, lastname=Mitchell, totalprice=1767, depositpaid=true, bookingdates=BookingDates(checkin=2026-09-20, checkout=2026-10-02), additionalneeds=Vegetable Soup)
03:07:16.752 [TestNG-PoolService-3] INFO  RestClient - --> POST /booking
03:07:17.043 [TestNG-PoolService-3] INFO  RestClient - <-- POST /booking responded 200 in 291 ms
03:07:17.045 [TestNG-PoolService-3] INFO  ApiAssertions - Asserting status code is 200
03:07:17.045 [TestNG-PoolService-3] INFO  ApiAssertions - Asserting content type is JSON
03:07:17.045 [TestNG-PoolService-3] INFO  ApiAssertions - Asserting body is not empty
03:07:17.061 [TestNG-PoolService-3] INFO  ApiAssertions - Asserting field 'bookingid' is present
03:07:17.061 [TestNG-PoolService-3] INFO  ApiAssertions - Asserting response time 280ms is below 30000ms
03:07:17.064 [TestNG-PoolService-3] INFO  BookingSteps - Created booking id 3485
03:07:17.066 [TestNG-PoolService-3] INFO  RestClient - --> PATCH /booking/{id}
03:07:17.348 [TestNG-PoolService-3] INFO  RestClient - <-- PATCH /booking/{id} responded 200 in 282 ms
03:07:17.349 [TestNG-PoolService-3] INFO  ApiAssertions - Asserting status code is 200
03:07:17.349 [TestNG-PoolService-3] INFO  ApiAssertions - Asserting response time 274ms is below 30000ms
03:07:17.350 [TestNG-PoolService-3] INFO  RestClient - --> GET /booking/{id}
03:07:17.648 [TestNG-PoolService-3] INFO  RestClient - <-- GET /booking/{id} responded 200 in 298 ms
03:07:17.648 [TestNG-PoolService-3] INFO  ApiAssertions - Asserting status code is 200
03:07:17.648 [TestNG-PoolService-3] INFO  ApiAssertions - Asserting content type is JSON
03:07:17.648 [TestNG-PoolService-3] INFO  ApiAssertions - Asserting body is not empty
03:07:17.651 [TestNG-PoolService-3] INFO  Hooks - Cleaning up booking 3485
03:07:17.652 [TestNG-PoolService-3] INFO  RestClient - --> DELETE /booking/{id}
03:07:17.932 [TestNG-PoolService-3] INFO  RestClient - <-- DELETE /booking/{id} responded 201 in 280 ms
03:07:17.932 [TestNG-PoolService-3] INFO  Hooks - ### SCENARIO END: Partially update booking name to "Mohamed AbdElghany" -> PASSED
