06:58:40.170 [TestNG-PoolService-4] INFO  Hooks - ### SCENARIO START: Full booking lifecycle - create, read, update, delete using "booking-no-additional-needs.json"
06:58:40.171 [TestNG-PoolService-4] INFO  Hooks - Obtaining auth token for an @auth scenario
06:58:40.172 [TestNG-PoolService-4] INFO  RestClient - --> POST /auth
06:58:40.551 [TestNG-PoolService-4] INFO  RestClient - <-- POST /auth responded 200 in 379 ms
06:58:40.557 [TestNG-PoolService-4] INFO  JsonDataReader - Loaded test data 'booking-no-additional-needs.json' with dynamic values resolved
06:58:40.559 [TestNG-PoolService-4] DEBUG BookingSteps - Payload from test data file booking-no-additional-needs.json: Booking(firstname=Ben, lastname=Stehr, totalprice=138, depositpaid=false, bookingdates=BookingDates(checkin=2026-09-13, checkout=2026-09-15), additionalneeds=null)
06:58:40.560 [TestNG-PoolService-4] INFO  RestClient - --> POST /booking
06:58:40.951 [TestNG-PoolService-4] INFO  RestClient - <-- POST /booking responded 200 in 391 ms
06:58:40.957 [TestNG-PoolService-4] INFO  ApiAssertions - Asserting status code is 200
06:58:40.957 [TestNG-PoolService-4] INFO  ApiAssertions - Asserting content type is JSON
06:58:40.957 [TestNG-PoolService-4] INFO  ApiAssertions - Asserting body is not empty
06:58:40.980 [TestNG-PoolService-4] INFO  ApiAssertions - Asserting field 'bookingid' is present
06:58:40.980 [TestNG-PoolService-4] INFO  ApiAssertions - Asserting response time 369ms is below 30000ms
06:58:40.986 [TestNG-PoolService-4] INFO  BookingSteps - Created booking id 4430
06:58:40.988 [TestNG-PoolService-4] INFO  RestClient - --> GET /booking/{id}
06:58:41.412 [TestNG-PoolService-4] INFO  RestClient - <-- GET /booking/{id} responded 200 in 421 ms
06:58:41.414 [TestNG-PoolService-4] INFO  ApiAssertions - Asserting status code is 200
06:58:41.415 [TestNG-PoolService-4] INFO  ApiAssertions - Asserting content type is JSON
06:58:41.415 [TestNG-PoolService-4] INFO  ApiAssertions - Asserting body is not empty
06:58:41.421 [TestNG-PoolService-4] INFO  JsonDataReader - Loaded test data 'booking-long-stay.json' with dynamic values resolved
06:58:41.425 [TestNG-PoolService-4] DEBUG BookingSteps - Payload from test data file booking-long-stay.json: Booking(firstname=Rueben, lastname=Konopelski, totalprice=6816, depositpaid=true, bookingdates=BookingDates(checkin=2026-11-11, checkout=2027-01-10), additionalneeds=Airport transfer)
06:58:41.441 [TestNG-PoolService-4] INFO  RestClient - --> PUT /booking/{id}
06:58:41.841 [TestNG-PoolService-4] INFO  RestClient - <-- PUT /booking/{id} responded 200 in 400 ms
06:58:41.842 [TestNG-PoolService-4] INFO  BookingSteps - Updated booking 4430 from booking-long-stay.json
06:58:41.842 [TestNG-PoolService-4] INFO  ApiAssertions - Asserting status code is 200
06:58:41.843 [TestNG-PoolService-4] INFO  ApiAssertions - Asserting response time 383ms is below 30000ms
06:58:41.844 [TestNG-PoolService-4] INFO  RestClient - --> GET /booking/{id}
06:58:42.223 [TestNG-PoolService-4] INFO  RestClient - <-- GET /booking/{id} responded 200 in 379 ms
06:58:42.224 [TestNG-PoolService-4] INFO  ApiAssertions - Asserting status code is 200
06:58:42.224 [TestNG-PoolService-4] INFO  ApiAssertions - Asserting content type is JSON
06:58:42.224 [TestNG-PoolService-4] INFO  ApiAssertions - Asserting body is not empty
06:58:42.228 [TestNG-PoolService-4] INFO  RestClient - --> DELETE /booking/{id}
06:58:42.613 [TestNG-PoolService-4] INFO  RestClient - <-- DELETE /booking/{id} responded 201 in 385 ms
06:58:42.614 [TestNG-PoolService-4] INFO  ApiAssertions - Asserting status code is 201
06:58:42.614 [TestNG-PoolService-4] INFO  ApiAssertions - Asserting response time 376ms is below 30000ms
06:58:42.616 [TestNG-PoolService-4] INFO  RestClient - --> GET /booking/{id}
06:58:42.969 [TestNG-PoolService-4] INFO  RestClient - <-- GET /booking/{id} responded 404 in 353 ms
06:58:42.970 [TestNG-PoolService-4] INFO  ApiAssertions - Asserting status code is 404
06:58:42.970 [TestNG-PoolService-4] INFO  BookingSteps - Confirmed booking 4430 is gone
06:58:42.971 [TestNG-PoolService-4] INFO  Hooks - ### SCENARIO END: Full booking lifecycle - create, read, update, delete using "booking-no-additional-needs.json" -> PASSED
