08:02:34.001 [TestNG-PoolService-1] INFO  Hooks - ### SCENARIO START: Partially update booking name to "Jean-Luc O'Connor"
08:02:34.002 [TestNG-PoolService-1] INFO  Hooks - Obtaining auth token for an @auth scenario
08:02:34.003 [TestNG-PoolService-1] INFO  RestClient - --> POST /auth
08:02:34.365 [TestNG-PoolService-1] INFO  RestClient - <-- POST /auth responded 200 in 362 ms
08:02:34.368 [TestNG-PoolService-1] DEBUG BookingSteps - Payload from generated data: Booking(firstname=Tinisha, lastname=Wiegand, totalprice=1883, depositpaid=true, bookingdates=BookingDates(checkin=2026-10-18, checkout=2026-10-19), additionalneeds=Poke)
08:02:34.369 [TestNG-PoolService-1] INFO  RestClient - --> POST /booking
08:02:34.723 [TestNG-PoolService-1] INFO  RestClient - <-- POST /booking responded 200 in 354 ms
08:02:34.724 [TestNG-PoolService-1] INFO  ApiAssertions - Asserting status code is 200
08:02:34.724 [TestNG-PoolService-1] INFO  ApiAssertions - Asserting content type is JSON
08:02:34.725 [TestNG-PoolService-1] INFO  ApiAssertions - Asserting body is not empty
08:02:34.735 [TestNG-PoolService-1] INFO  ApiAssertions - Asserting field 'bookingid' is present
08:02:34.735 [TestNG-PoolService-1] INFO  ApiAssertions - Asserting response time 344ms is below 30000ms
08:02:34.738 [TestNG-PoolService-1] INFO  BookingSteps - Created booking id 625
08:02:34.739 [TestNG-PoolService-1] INFO  RestClient - --> PATCH /booking/{id}
08:02:35.096 [TestNG-PoolService-1] INFO  RestClient - <-- PATCH /booking/{id} responded 200 in 357 ms
08:02:35.097 [TestNG-PoolService-1] INFO  ApiAssertions - Asserting status code is 200
08:02:35.097 [TestNG-PoolService-1] INFO  ApiAssertions - Asserting response time 346ms is below 30000ms
08:02:35.099 [TestNG-PoolService-1] INFO  RestClient - --> GET /booking/{id}
08:02:35.459 [TestNG-PoolService-1] INFO  RestClient - <-- GET /booking/{id} responded 200 in 360 ms
08:02:35.460 [TestNG-PoolService-1] INFO  ApiAssertions - Asserting status code is 200
08:02:35.460 [TestNG-PoolService-1] INFO  ApiAssertions - Asserting content type is JSON
08:02:35.460 [TestNG-PoolService-1] INFO  ApiAssertions - Asserting body is not empty
08:02:35.463 [TestNG-PoolService-1] INFO  Hooks - Cleaning up booking 625
08:02:35.464 [TestNG-PoolService-1] INFO  RestClient - --> DELETE /booking/{id}
08:02:35.822 [TestNG-PoolService-1] INFO  RestClient - <-- DELETE /booking/{id} responded 201 in 358 ms
08:02:35.822 [TestNG-PoolService-1] INFO  Hooks - ### SCENARIO END: Partially update booking name to "Jean-Luc O'Connor" -> PASSED
