08:23:22.763 [TestNG-PoolService-4] INFO  Hooks - ### SCENARIO START: Full booking lifecycle - create, read, update, delete using "create-booking.json"
08:23:22.764 [TestNG-PoolService-4] INFO  Hooks - Obtaining auth token for an @auth scenario
08:23:22.766 [TestNG-PoolService-4] INFO  RestClient - --> POST /auth
08:23:22.853 [TestNG-PoolService-4] INFO  RestClient - <-- POST /auth responded 200 in 87 ms
08:23:23.127 [TestNG-PoolService-4] INFO  JsonDataReader - Loaded test data 'create-booking.json' with dynamic values resolved
08:23:23.132 [TestNG-PoolService-4] DEBUG BookingSteps - Payload from test data file create-booking.json: Booking(firstname=Keren, lastname=Boehm, totalprice=211, depositpaid=false, bookingdates=BookingDates(checkin=2026-10-05, checkout=2026-10-12), additionalneeds=Chicken Milanese)
08:23:23.133 [TestNG-PoolService-4] INFO  RestClient - --> POST /booking
08:23:23.218 [TestNG-PoolService-4] INFO  RestClient - <-- POST /booking responded 200 in 85 ms
08:23:23.224 [TestNG-PoolService-4] INFO  ApiAssertions - Asserting status code is 200
08:23:23.224 [TestNG-PoolService-4] INFO  ApiAssertions - Asserting content type is JSON
08:23:23.224 [TestNG-PoolService-4] INFO  ApiAssertions - Asserting body is not empty
08:23:23.242 [TestNG-PoolService-4] INFO  ApiAssertions - Asserting field 'bookingid' is present
08:23:23.243 [TestNG-PoolService-4] INFO  ApiAssertions - Asserting response time 50ms is below 30000ms
08:23:23.250 [TestNG-PoolService-4] INFO  BookingSteps - Created booking id 1258
08:23:23.256 [TestNG-PoolService-4] INFO  RestClient - --> GET /booking/{id}
08:23:23.349 [TestNG-PoolService-4] INFO  RestClient - <-- GET /booking/{id} responded 200 in 91 ms
08:23:23.349 [TestNG-PoolService-4] INFO  ApiAssertions - Asserting status code is 200
08:23:23.350 [TestNG-PoolService-4] INFO  ApiAssertions - Asserting content type is JSON
08:23:23.350 [TestNG-PoolService-4] INFO  ApiAssertions - Asserting body is not empty
08:23:23.361 [TestNG-PoolService-4] INFO  JsonDataReader - Loaded test data 'update-booking.json' with dynamic values resolved
08:23:23.361 [TestNG-PoolService-4] DEBUG BookingSteps - Payload from test data file update-booking.json: Booking(firstname=Roderick, lastname=Luettgen, totalprice=3582, depositpaid=true, bookingdates=BookingDates(checkin=2026-10-28, checkout=2026-11-12), additionalneeds=Late checkout)
08:23:23.376 [TestNG-PoolService-4] INFO  RestClient - --> PUT /booking/{id}
08:23:23.460 [TestNG-PoolService-4] INFO  RestClient - <-- PUT /booking/{id} responded 200 in 84 ms
08:23:23.460 [TestNG-PoolService-4] INFO  BookingSteps - Updated booking 1258 from update-booking.json
08:23:23.464 [TestNG-PoolService-4] INFO  ApiAssertions - Asserting status code is 200
08:23:23.464 [TestNG-PoolService-4] INFO  ApiAssertions - Asserting response time 49ms is below 30000ms
08:23:23.469 [TestNG-PoolService-4] INFO  RestClient - --> GET /booking/{id}
08:23:23.535 [TestNG-PoolService-4] INFO  RestClient - <-- GET /booking/{id} responded 200 in 66 ms
08:23:23.535 [TestNG-PoolService-4] INFO  ApiAssertions - Asserting status code is 200
08:23:23.538 [TestNG-PoolService-4] INFO  ApiAssertions - Asserting content type is JSON
08:23:23.539 [TestNG-PoolService-4] INFO  ApiAssertions - Asserting body is not empty
08:23:23.546 [TestNG-PoolService-4] INFO  RestClient - --> DELETE /booking/{id}
08:23:23.604 [TestNG-PoolService-4] INFO  RestClient - <-- DELETE /booking/{id} responded 201 in 58 ms
08:23:23.604 [TestNG-PoolService-4] INFO  ApiAssertions - Asserting status code is 201
08:23:23.605 [TestNG-PoolService-4] INFO  ApiAssertions - Asserting response time 35ms is below 30000ms
08:23:23.612 [TestNG-PoolService-4] INFO  RestClient - --> GET /booking/{id}
08:23:23.708 [TestNG-PoolService-4] INFO  RestClient - <-- GET /booking/{id} responded 404 in 96 ms
08:23:23.713 [TestNG-PoolService-4] INFO  ApiAssertions - Asserting status code is 404
08:23:23.713 [TestNG-PoolService-4] INFO  BookingSteps - Confirmed booking 1258 is gone
08:23:23.714 [TestNG-PoolService-4] INFO  Hooks - ### SCENARIO END: Full booking lifecycle - create, read, update, delete using "create-booking.json" -> PASSED
