12:27:12.554 [TestNG-PoolService-1] INFO  Hooks - ### SCENARIO START: Full booking lifecycle - create, read, update, delete using "create-booking.json"
12:27:12.555 [TestNG-PoolService-1] INFO  Hooks - Obtaining auth token for an @auth scenario
12:27:12.561 [TestNG-PoolService-1] INFO  RestClient - --> POST /auth
12:27:12.940 [TestNG-PoolService-1] INFO  RestClient - <-- POST /auth responded 200 in 379 ms
12:27:12.951 [TestNG-PoolService-1] INFO  JsonDataReader - Loaded test data 'create-booking.json' with dynamic values resolved
12:27:12.952 [TestNG-PoolService-1] DEBUG BookingSteps - Payload from test data file create-booking.json: Booking(firstname=Jaclyn, lastname=Turner, totalprice=485, depositpaid=false, bookingdates=BookingDates(checkin=2026-09-03, checkout=2026-09-10), additionalneeds=Scotch Eggs)
12:27:12.956 [TestNG-PoolService-1] INFO  RestClient - --> POST /booking
12:27:13.334 [TestNG-PoolService-1] INFO  RestClient - <-- POST /booking responded 200 in 378 ms
12:27:13.335 [TestNG-PoolService-1] INFO  ApiAssertions - Asserting status code is 200
12:27:13.336 [TestNG-PoolService-1] INFO  ApiAssertions - Asserting content type is JSON
12:27:13.336 [TestNG-PoolService-1] INFO  ApiAssertions - Asserting body is not empty
12:27:13.348 [TestNG-PoolService-1] INFO  ApiAssertions - Asserting field 'bookingid' is present
12:27:13.349 [TestNG-PoolService-1] INFO  ApiAssertions - Asserting response time 347ms is below 30000ms
12:27:13.352 [TestNG-PoolService-1] INFO  BookingSteps - Created booking id 3684
12:27:13.355 [TestNG-PoolService-1] INFO  RestClient - --> GET /booking/{id}
12:27:13.784 [TestNG-PoolService-1] INFO  RestClient - <-- GET /booking/{id} responded 200 in 429 ms
12:27:13.784 [TestNG-PoolService-1] INFO  ApiAssertions - Asserting status code is 200
12:27:13.785 [TestNG-PoolService-1] INFO  ApiAssertions - Asserting content type is JSON
12:27:13.785 [TestNG-PoolService-1] INFO  ApiAssertions - Asserting body is not empty
12:27:13.790 [TestNG-PoolService-1] INFO  JsonDataReader - Loaded test data 'update-booking.json' with dynamic values resolved
12:27:13.791 [TestNG-PoolService-1] DEBUG BookingSteps - Payload from test data file update-booking.json: Booking(firstname=Yasmin, lastname=Funk, totalprice=1465, depositpaid=true, bookingdates=BookingDates(checkin=2026-09-26, checkout=2026-10-11), additionalneeds=Late checkout)
12:27:13.803 [TestNG-PoolService-1] INFO  RestClient - --> PUT /booking/{id}
12:27:14.172 [TestNG-PoolService-1] INFO  RestClient - <-- PUT /booking/{id} responded 200 in 369 ms
12:27:14.172 [TestNG-PoolService-1] INFO  BookingSteps - Updated booking 3684 from update-booking.json
12:27:14.173 [TestNG-PoolService-1] INFO  ApiAssertions - Asserting status code is 200
12:27:14.174 [TestNG-PoolService-1] INFO  ApiAssertions - Asserting response time 352ms is below 30000ms
12:27:14.176 [TestNG-PoolService-1] INFO  RestClient - --> GET /booking/{id}
12:27:14.536 [TestNG-PoolService-1] INFO  RestClient - <-- GET /booking/{id} responded 200 in 360 ms
12:27:14.537 [TestNG-PoolService-1] INFO  ApiAssertions - Asserting status code is 200
12:27:14.539 [TestNG-PoolService-1] INFO  ApiAssertions - Asserting content type is JSON
12:27:14.539 [TestNG-PoolService-1] INFO  ApiAssertions - Asserting body is not empty
12:27:14.543 [TestNG-PoolService-1] INFO  RestClient - --> DELETE /booking/{id}
12:27:14.899 [TestNG-PoolService-1] INFO  RestClient - <-- DELETE /booking/{id} responded 201 in 356 ms
12:27:14.900 [TestNG-PoolService-1] INFO  ApiAssertions - Asserting status code is 201
12:27:14.900 [TestNG-PoolService-1] INFO  ApiAssertions - Asserting response time 347ms is below 30000ms
12:27:14.902 [TestNG-PoolService-1] INFO  RestClient - --> GET /booking/{id}
12:27:15.254 [TestNG-PoolService-1] INFO  RestClient - <-- GET /booking/{id} responded 404 in 352 ms
12:27:15.254 [TestNG-PoolService-1] INFO  ApiAssertions - Asserting status code is 404
12:27:15.255 [TestNG-PoolService-1] INFO  BookingSteps - Confirmed booking 3684 is gone
12:27:15.256 [TestNG-PoolService-1] INFO  Hooks - ### SCENARIO END: Full booking lifecycle - create, read, update, delete using "create-booking.json" -> PASSED
