07:30:10.650 [TestNG-PoolService-1] INFO  Hooks - ### SCENARIO START: Full booking lifecycle - create, read, update, delete using "booking-no-additional-needs.json"
07:30:10.662 [TestNG-PoolService-1] INFO  Hooks - Obtaining auth token for an @auth scenario
07:30:10.664 [TestNG-PoolService-1] INFO  RestClient - --> POST /auth
07:30:10.799 [TestNG-PoolService-1] INFO  RestClient - <-- POST /auth responded 200 in 135 ms
07:30:10.936 [TestNG-PoolService-1] INFO  JsonDataReader - Loaded test data 'booking-no-additional-needs.json' with dynamic values resolved
07:30:10.962 [TestNG-PoolService-1] DEBUG BookingSteps - Payload from test data file booking-no-additional-needs.json: Booking(firstname=Geraldo, lastname=Steuber, totalprice=84, depositpaid=false, bookingdates=BookingDates(checkin=2026-09-24, checkout=2026-09-26), additionalneeds=null)
07:30:10.964 [TestNG-PoolService-1] INFO  RestClient - --> POST /booking
07:30:11.097 [TestNG-PoolService-1] INFO  RestClient - <-- POST /booking responded 200 in 133 ms
07:30:11.098 [TestNG-PoolService-1] INFO  ApiAssertions - Asserting status code is 200
07:30:11.099 [TestNG-PoolService-1] INFO  ApiAssertions - Asserting content type is JSON
07:30:11.099 [TestNG-PoolService-1] INFO  ApiAssertions - Asserting body is not empty
07:30:11.117 [TestNG-PoolService-1] INFO  ApiAssertions - Asserting field 'bookingid' is present
07:30:11.117 [TestNG-PoolService-1] INFO  ApiAssertions - Asserting response time 103ms is below 30000ms
07:30:11.123 [TestNG-PoolService-1] INFO  BookingSteps - Created booking id 5071
07:30:11.130 [TestNG-PoolService-1] INFO  RestClient - --> GET /booking/{id}
07:30:11.341 [TestNG-PoolService-1] INFO  RestClient - <-- GET /booking/{id} responded 200 in 211 ms
07:30:11.351 [TestNG-PoolService-1] INFO  ApiAssertions - Asserting status code is 200
07:30:11.352 [TestNG-PoolService-1] INFO  ApiAssertions - Asserting content type is JSON
07:30:11.352 [TestNG-PoolService-1] INFO  ApiAssertions - Asserting body is not empty
07:30:11.368 [TestNG-PoolService-1] INFO  JsonDataReader - Loaded test data 'booking-long-stay.json' with dynamic values resolved
07:30:11.369 [TestNG-PoolService-1] DEBUG BookingSteps - Payload from test data file booking-long-stay.json: Booking(firstname=Barton, lastname=Parker, totalprice=5936, depositpaid=true, bookingdates=BookingDates(checkin=2026-11-22, checkout=2027-01-21), additionalneeds=Airport transfer)
07:30:11.390 [TestNG-PoolService-1] INFO  RestClient - --> PUT /booking/{id}
07:30:11.570 [TestNG-PoolService-1] INFO  RestClient - <-- PUT /booking/{id} responded 200 in 179 ms
07:30:11.571 [TestNG-PoolService-1] INFO  BookingSteps - Updated booking 5071 from booking-long-stay.json
07:30:11.572 [TestNG-PoolService-1] INFO  ApiAssertions - Asserting status code is 200
07:30:11.572 [TestNG-PoolService-1] INFO  ApiAssertions - Asserting response time 137ms is below 30000ms
07:30:11.575 [TestNG-PoolService-1] INFO  RestClient - --> GET /booking/{id}
07:30:11.731 [TestNG-PoolService-1] INFO  RestClient - <-- GET /booking/{id} responded 200 in 156 ms
07:30:11.732 [TestNG-PoolService-1] INFO  ApiAssertions - Asserting status code is 200
07:30:11.732 [TestNG-PoolService-1] INFO  ApiAssertions - Asserting content type is JSON
07:30:11.733 [TestNG-PoolService-1] INFO  ApiAssertions - Asserting body is not empty
07:30:11.737 [TestNG-PoolService-1] INFO  RestClient - --> DELETE /booking/{id}
07:30:11.873 [TestNG-PoolService-1] INFO  RestClient - <-- DELETE /booking/{id} responded 201 in 136 ms
07:30:11.877 [TestNG-PoolService-1] INFO  ApiAssertions - Asserting status code is 201
07:30:11.877 [TestNG-PoolService-1] INFO  ApiAssertions - Asserting response time 127ms is below 30000ms
07:30:11.878 [TestNG-PoolService-1] INFO  RestClient - --> GET /booking/{id}
07:30:12.027 [TestNG-PoolService-1] INFO  RestClient - <-- GET /booking/{id} responded 404 in 149 ms
07:30:12.028 [TestNG-PoolService-1] INFO  ApiAssertions - Asserting status code is 404
07:30:12.028 [TestNG-PoolService-1] INFO  BookingSteps - Confirmed booking 5071 is gone
07:30:12.029 [TestNG-PoolService-1] INFO  Hooks - ### SCENARIO END: Full booking lifecycle - create, read, update, delete using "booking-no-additional-needs.json" -> PASSED
