08:37:07.281 [TestNG-PoolService-3] INFO  Hooks - ### SCENARIO START: Partially update booking name to "Sara Ali"
08:37:07.281 [TestNG-PoolService-3] INFO  Hooks - Obtaining auth token for an @auth scenario
08:37:07.284 [TestNG-PoolService-3] INFO  RestClient - --> POST /auth
08:37:07.422 [TestNG-PoolService-3] INFO  RestClient - <-- POST /auth responded 200 in 138 ms
08:37:07.424 [TestNG-PoolService-3] DEBUG BookingSteps - Payload from generated data: Booking(firstname=Tonda, lastname=Gibson, totalprice=1831, depositpaid=true, bookingdates=BookingDates(checkin=2026-11-02, checkout=2026-11-05), additionalneeds=Pappardelle alla Bolognese)
08:37:07.425 [TestNG-PoolService-3] INFO  RestClient - --> POST /booking
08:37:07.552 [TestNG-PoolService-3] INFO  RestClient - <-- POST /booking responded 200 in 127 ms
08:37:07.552 [TestNG-PoolService-3] INFO  ApiAssertions - Asserting status code is 200
08:37:07.552 [TestNG-PoolService-3] INFO  ApiAssertions - Asserting content type is JSON
08:37:07.552 [TestNG-PoolService-3] INFO  ApiAssertions - Asserting body is not empty
08:37:07.562 [TestNG-PoolService-3] INFO  ApiAssertions - Asserting field 'bookingid' is present
08:37:07.562 [TestNG-PoolService-3] INFO  ApiAssertions - Asserting response time 121ms is below 30000ms
08:37:07.564 [TestNG-PoolService-3] INFO  BookingSteps - Created booking id 3209
08:37:07.565 [TestNG-PoolService-3] INFO  RestClient - --> PATCH /booking/{id}
08:37:07.707 [TestNG-PoolService-3] INFO  RestClient - <-- PATCH /booking/{id} responded 200 in 142 ms
08:37:07.707 [TestNG-PoolService-3] INFO  ApiAssertions - Asserting status code is 200
08:37:07.708 [TestNG-PoolService-3] INFO  ApiAssertions - Asserting response time 137ms is below 30000ms
08:37:07.708 [TestNG-PoolService-3] INFO  RestClient - --> GET /booking/{id}
08:37:07.840 [TestNG-PoolService-3] INFO  RestClient - <-- GET /booking/{id} responded 200 in 132 ms
08:37:07.840 [TestNG-PoolService-3] INFO  ApiAssertions - Asserting status code is 200
08:37:07.840 [TestNG-PoolService-3] INFO  ApiAssertions - Asserting content type is JSON
08:37:07.840 [TestNG-PoolService-3] INFO  ApiAssertions - Asserting body is not empty
08:37:07.842 [TestNG-PoolService-3] INFO  Hooks - Cleaning up booking 3209
08:37:07.843 [TestNG-PoolService-3] INFO  RestClient - --> DELETE /booking/{id}
08:37:07.966 [TestNG-PoolService-3] INFO  RestClient - <-- DELETE /booking/{id} responded 201 in 123 ms
08:37:07.966 [TestNG-PoolService-3] INFO  Hooks - ### SCENARIO END: Partially update booking name to "Sara Ali" -> PASSED
