02:56:20.133 [TestNG-PoolService-2] INFO  Hooks - ### SCENARIO START: Partially update booking name to "Mohamed AbdElghany"
02:56:20.134 [TestNG-PoolService-2] INFO  Hooks - Obtaining auth token for an @auth scenario
02:56:20.135 [TestNG-PoolService-2] INFO  RestClient - --> POST /auth
02:56:20.494 [TestNG-PoolService-2] INFO  RestClient - <-- POST /auth responded 200 in 359 ms
02:56:20.497 [TestNG-PoolService-2] DEBUG BookingSteps - Payload from generated data: Booking(firstname=Lucas, lastname=Smitham, totalprice=1563, depositpaid=true, bookingdates=BookingDates(checkin=2026-08-28, checkout=2026-09-03), additionalneeds=Pasta Carbonara)
02:56:20.498 [TestNG-PoolService-2] INFO  RestClient - --> POST /booking
02:56:20.867 [TestNG-PoolService-2] INFO  RestClient - <-- POST /booking responded 200 in 369 ms
02:56:20.867 [TestNG-PoolService-2] INFO  ApiAssertions - Asserting status code is 200
02:56:20.868 [TestNG-PoolService-2] INFO  ApiAssertions - Asserting content type is JSON
02:56:20.868 [TestNG-PoolService-2] INFO  ApiAssertions - Asserting body is not empty
02:56:20.877 [TestNG-PoolService-2] INFO  ApiAssertions - Asserting field 'bookingid' is present
02:56:20.878 [TestNG-PoolService-2] INFO  ApiAssertions - Asserting response time 359ms is below 30000ms
02:56:20.880 [TestNG-PoolService-2] INFO  BookingSteps - Created booking id 4637
02:56:20.882 [TestNG-PoolService-2] INFO  RestClient - --> PATCH /booking/{id}
02:56:21.257 [TestNG-PoolService-2] INFO  RestClient - <-- PATCH /booking/{id} responded 200 in 375 ms
02:56:21.257 [TestNG-PoolService-2] INFO  ApiAssertions - Asserting status code is 200
02:56:21.258 [TestNG-PoolService-2] INFO  ApiAssertions - Asserting response time 364ms is below 30000ms
02:56:21.259 [TestNG-PoolService-2] INFO  RestClient - --> GET /booking/{id}
02:56:21.626 [TestNG-PoolService-2] INFO  RestClient - <-- GET /booking/{id} responded 200 in 367 ms
02:56:21.627 [TestNG-PoolService-2] INFO  ApiAssertions - Asserting status code is 200
02:56:21.627 [TestNG-PoolService-2] INFO  ApiAssertions - Asserting content type is JSON
02:56:21.627 [TestNG-PoolService-2] INFO  ApiAssertions - Asserting body is not empty
02:56:21.629 [TestNG-PoolService-2] INFO  Hooks - Cleaning up booking 4637
02:56:21.630 [TestNG-PoolService-2] INFO  RestClient - --> DELETE /booking/{id}
02:56:21.973 [TestNG-PoolService-2] INFO  RestClient - <-- DELETE /booking/{id} responded 201 in 343 ms
02:56:21.973 [TestNG-PoolService-2] INFO  Hooks - ### SCENARIO END: Partially update booking name to "Mohamed AbdElghany" -> PASSED
