06:46:23.533 [TestNG-PoolService-4] INFO  Hooks - ### SCENARIO START: Full booking lifecycle - create, read, update, delete using "booking-no-additional-needs.json"
06:46:23.533 [TestNG-PoolService-4] INFO  Hooks - Obtaining auth token for an @auth scenario
06:46:23.535 [TestNG-PoolService-4] INFO  RestClient - --> POST /auth
06:46:23.612 [TestNG-PoolService-4] INFO  RestClient - <-- POST /auth responded 200 in 77 ms
06:46:23.815 [TestNG-PoolService-4] INFO  JsonDataReader - Loaded test data 'booking-no-additional-needs.json' with dynamic values resolved
06:46:23.838 [TestNG-PoolService-4] DEBUG BookingSteps - Payload from test data file booking-no-additional-needs.json: Booking(firstname=Amanda, lastname=Armstrong, totalprice=117, depositpaid=false, bookingdates=BookingDates(checkin=2026-09-06, checkout=2026-09-08), additionalneeds=null)
06:46:23.842 [TestNG-PoolService-4] INFO  RestClient - --> POST /booking
06:46:23.904 [TestNG-PoolService-4] INFO  RestClient - <-- POST /booking responded 200 in 62 ms
06:46:23.906 [TestNG-PoolService-4] INFO  ApiAssertions - Asserting status code is 200
06:46:23.906 [TestNG-PoolService-4] INFO  ApiAssertions - Asserting content type is JSON
06:46:23.906 [TestNG-PoolService-4] INFO  ApiAssertions - Asserting body is not empty
06:46:23.931 [TestNG-PoolService-4] INFO  ApiAssertions - Asserting field 'bookingid' is present
06:46:23.933 [TestNG-PoolService-4] INFO  ApiAssertions - Asserting response time 32ms is below 30000ms
06:46:23.941 [TestNG-PoolService-4] INFO  BookingSteps - Created booking id 3287
06:46:23.944 [TestNG-PoolService-4] INFO  RestClient - --> GET /booking/{id}
06:46:24.045 [TestNG-PoolService-4] INFO  RestClient - <-- GET /booking/{id} responded 200 in 101 ms
06:46:24.045 [TestNG-PoolService-4] INFO  ApiAssertions - Asserting status code is 200
06:46:24.046 [TestNG-PoolService-4] INFO  ApiAssertions - Asserting content type is JSON
06:46:24.046 [TestNG-PoolService-4] INFO  ApiAssertions - Asserting body is not empty
06:46:24.054 [TestNG-PoolService-4] INFO  JsonDataReader - Loaded test data 'booking-long-stay.json' with dynamic values resolved
06:46:24.057 [TestNG-PoolService-4] DEBUG BookingSteps - Payload from test data file booking-long-stay.json: Booking(firstname=Rima, lastname=Witting, totalprice=8387, depositpaid=true, bookingdates=BookingDates(checkin=2026-11-04, checkout=2027-01-03), additionalneeds=Airport transfer)
06:46:24.069 [TestNG-PoolService-4] INFO  RestClient - --> PUT /booking/{id}
06:46:24.135 [TestNG-PoolService-4] INFO  RestClient - <-- PUT /booking/{id} responded 200 in 66 ms
06:46:24.135 [TestNG-PoolService-4] INFO  BookingSteps - Updated booking 3287 from booking-long-stay.json
06:46:24.138 [TestNG-PoolService-4] INFO  ApiAssertions - Asserting status code is 200
06:46:24.139 [TestNG-PoolService-4] INFO  ApiAssertions - Asserting response time 34ms is below 30000ms
06:46:24.142 [TestNG-PoolService-4] INFO  RestClient - --> GET /booking/{id}
06:46:24.197 [TestNG-PoolService-4] INFO  RestClient - <-- GET /booking/{id} responded 200 in 55 ms
06:46:24.201 [TestNG-PoolService-4] INFO  ApiAssertions - Asserting status code is 200
06:46:24.201 [TestNG-PoolService-4] INFO  ApiAssertions - Asserting content type is JSON
06:46:24.201 [TestNG-PoolService-4] INFO  ApiAssertions - Asserting body is not empty
06:46:24.209 [TestNG-PoolService-4] INFO  RestClient - --> DELETE /booking/{id}
06:46:24.303 [TestNG-PoolService-4] INFO  RestClient - <-- DELETE /booking/{id} responded 201 in 94 ms
06:46:24.305 [TestNG-PoolService-4] INFO  ApiAssertions - Asserting status code is 201
06:46:24.307 [TestNG-PoolService-4] INFO  ApiAssertions - Asserting response time 66ms is below 30000ms
06:46:24.310 [TestNG-PoolService-4] INFO  RestClient - --> GET /booking/{id}
06:46:24.370 [TestNG-PoolService-4] INFO  RestClient - <-- GET /booking/{id} responded 404 in 60 ms
06:46:24.371 [TestNG-PoolService-4] INFO  ApiAssertions - Asserting status code is 404
06:46:24.371 [TestNG-PoolService-4] INFO  BookingSteps - Confirmed booking 3287 is gone
06:46:24.375 [TestNG-PoolService-4] INFO  Hooks - ### SCENARIO END: Full booking lifecycle - create, read, update, delete using "booking-no-additional-needs.json" -> PASSED
