02:59:21.060 [TestNG-PoolService-2] INFO  Hooks - ### SCENARIO START: Partially update booking name to "Mohamed AbdElghany"
02:59:21.061 [TestNG-PoolService-2] INFO  Hooks - Obtaining auth token for an @auth scenario
02:59:21.065 [TestNG-PoolService-2] INFO  RestClient - --> POST /auth
02:59:21.205 [TestNG-PoolService-2] INFO  RestClient - <-- POST /auth responded 200 in 140 ms
02:59:21.208 [TestNG-PoolService-2] DEBUG BookingSteps - Payload from generated data: Booking(firstname=Philip, lastname=Hayes, totalprice=1886, depositpaid=true, bookingdates=BookingDates(checkin=2026-08-25, checkout=2026-09-06), additionalneeds=Mushroom Risotto)
02:59:21.209 [TestNG-PoolService-2] INFO  RestClient - --> POST /booking
02:59:21.323 [TestNG-PoolService-2] INFO  RestClient - <-- POST /booking responded 200 in 114 ms
02:59:21.323 [TestNG-PoolService-2] INFO  ApiAssertions - Asserting status code is 200
02:59:21.323 [TestNG-PoolService-2] INFO  ApiAssertions - Asserting content type is JSON
02:59:21.324 [TestNG-PoolService-2] INFO  ApiAssertions - Asserting body is not empty
02:59:21.335 [TestNG-PoolService-2] INFO  ApiAssertions - Asserting field 'bookingid' is present
02:59:21.336 [TestNG-PoolService-2] INFO  ApiAssertions - Asserting response time 101ms is below 30000ms
02:59:21.339 [TestNG-PoolService-2] INFO  BookingSteps - Created booking id 6976
02:59:21.341 [TestNG-PoolService-2] INFO  RestClient - --> PATCH /booking/{id}
02:59:21.472 [TestNG-PoolService-2] INFO  RestClient - <-- PATCH /booking/{id} responded 200 in 131 ms
02:59:21.472 [TestNG-PoolService-2] INFO  ApiAssertions - Asserting status code is 200
02:59:21.473 [TestNG-PoolService-2] INFO  ApiAssertions - Asserting response time 120ms is below 30000ms
02:59:21.474 [TestNG-PoolService-2] INFO  RestClient - --> GET /booking/{id}
02:59:21.585 [TestNG-PoolService-2] INFO  RestClient - <-- GET /booking/{id} responded 200 in 111 ms
02:59:21.585 [TestNG-PoolService-2] INFO  ApiAssertions - Asserting status code is 200
02:59:21.585 [TestNG-PoolService-2] INFO  ApiAssertions - Asserting content type is JSON
02:59:21.586 [TestNG-PoolService-2] INFO  ApiAssertions - Asserting body is not empty
02:59:21.588 [TestNG-PoolService-2] INFO  Hooks - Cleaning up booking 6976
02:59:21.589 [TestNG-PoolService-2] INFO  RestClient - --> DELETE /booking/{id}
02:59:21.710 [TestNG-PoolService-2] INFO  RestClient - <-- DELETE /booking/{id} responded 201 in 120 ms
02:59:21.711 [TestNG-PoolService-2] INFO  Hooks - ### SCENARIO END: Partially update booking name to "Mohamed AbdElghany" -> PASSED
