08:12:48.848 [TestNG-PoolService-4] INFO  Hooks - ### SCENARIO START: Partially update booking name to "Mohamed AbdElghany"
08:12:48.849 [TestNG-PoolService-4] INFO  Hooks - Obtaining auth token for an @auth scenario
08:12:48.858 [TestNG-PoolService-4] INFO  RestClient - --> POST /auth
08:12:48.976 [TestNG-PoolService-4] INFO  RestClient - <-- POST /auth responded 200 in 118 ms
08:12:48.981 [TestNG-PoolService-4] DEBUG BookingSteps - Payload from generated data: Booking(firstname=Winford, lastname=Padberg, totalprice=1501, depositpaid=true, bookingdates=BookingDates(checkin=2026-10-21, checkout=2026-10-28), additionalneeds=Pho)
08:12:48.982 [TestNG-PoolService-4] INFO  RestClient - --> POST /booking
08:12:49.106 [TestNG-PoolService-4] INFO  RestClient - <-- POST /booking responded 200 in 124 ms
08:12:49.107 [TestNG-PoolService-4] INFO  ApiAssertions - Asserting status code is 200
08:12:49.107 [TestNG-PoolService-4] INFO  ApiAssertions - Asserting content type is JSON
08:12:49.108 [TestNG-PoolService-4] INFO  ApiAssertions - Asserting body is not empty
08:12:49.120 [TestNG-PoolService-4] INFO  ApiAssertions - Asserting field 'bookingid' is present
08:12:49.120 [TestNG-PoolService-4] INFO  ApiAssertions - Asserting response time 104ms is below 30000ms
08:12:49.123 [TestNG-PoolService-4] INFO  BookingSteps - Created booking id 1089
08:12:49.125 [TestNG-PoolService-4] INFO  RestClient - --> PATCH /booking/{id}
08:12:49.237 [TestNG-PoolService-4] INFO  RestClient - <-- PATCH /booking/{id} responded 200 in 112 ms
08:12:49.237 [TestNG-PoolService-4] INFO  ApiAssertions - Asserting status code is 200
08:12:49.238 [TestNG-PoolService-4] INFO  ApiAssertions - Asserting response time 95ms is below 30000ms
08:12:49.239 [TestNG-PoolService-4] INFO  RestClient - --> GET /booking/{id}
08:12:49.357 [TestNG-PoolService-4] INFO  RestClient - <-- GET /booking/{id} responded 200 in 118 ms
08:12:49.358 [TestNG-PoolService-4] INFO  ApiAssertions - Asserting status code is 200
08:12:49.358 [TestNG-PoolService-4] INFO  ApiAssertions - Asserting content type is JSON
08:12:49.359 [TestNG-PoolService-4] INFO  ApiAssertions - Asserting body is not empty
08:12:49.361 [TestNG-PoolService-4] INFO  Hooks - Cleaning up booking 1089
08:12:49.362 [TestNG-PoolService-4] INFO  RestClient - --> DELETE /booking/{id}
08:12:49.479 [TestNG-PoolService-4] INFO  RestClient - <-- DELETE /booking/{id} responded 201 in 117 ms
08:12:49.480 [TestNG-PoolService-4] INFO  Hooks - ### SCENARIO END: Partially update booking name to "Mohamed AbdElghany" -> PASSED
