03:04:21.890 [TestNG-PoolService-1] INFO  Hooks - ### SCENARIO START: Partially update booking name to "Jean-Luc O'Connor"
03:04:21.891 [TestNG-PoolService-1] INFO  Hooks - Obtaining auth token for an @auth scenario
03:04:21.896 [TestNG-PoolService-1] INFO  RestClient - --> POST /auth
03:04:22.269 [TestNG-PoolService-1] INFO  RestClient - <-- POST /auth responded 200 in 372 ms
03:04:22.273 [TestNG-PoolService-1] DEBUG BookingSteps - Payload from generated data: Booking(firstname=Napoleon, lastname=Kovacek, totalprice=312, depositpaid=true, bookingdates=BookingDates(checkin=2026-09-01, checkout=2026-09-09), additionalneeds=Caprese Salad)
03:04:22.276 [TestNG-PoolService-1] INFO  RestClient - --> POST /booking
03:04:22.633 [TestNG-PoolService-1] INFO  RestClient - <-- POST /booking responded 200 in 357 ms
03:04:22.634 [TestNG-PoolService-1] INFO  ApiAssertions - Asserting status code is 200
03:04:22.634 [TestNG-PoolService-1] INFO  ApiAssertions - Asserting content type is JSON
03:04:22.634 [TestNG-PoolService-1] INFO  ApiAssertions - Asserting body is not empty
03:04:22.645 [TestNG-PoolService-1] INFO  ApiAssertions - Asserting field 'bookingid' is present
03:04:22.645 [TestNG-PoolService-1] INFO  ApiAssertions - Asserting response time 345ms is below 30000ms
03:04:22.648 [TestNG-PoolService-1] INFO  BookingSteps - Created booking id 2092
03:04:22.649 [TestNG-PoolService-1] INFO  RestClient - --> PATCH /booking/{id}
03:04:23.005 [TestNG-PoolService-1] INFO  RestClient - <-- PATCH /booking/{id} responded 200 in 356 ms
03:04:23.006 [TestNG-PoolService-1] INFO  ApiAssertions - Asserting status code is 200
03:04:23.006 [TestNG-PoolService-1] INFO  ApiAssertions - Asserting response time 345ms is below 30000ms
03:04:23.007 [TestNG-PoolService-1] INFO  RestClient - --> GET /booking/{id}
03:04:23.361 [TestNG-PoolService-1] INFO  RestClient - <-- GET /booking/{id} responded 200 in 354 ms
03:04:23.362 [TestNG-PoolService-1] INFO  ApiAssertions - Asserting status code is 200
03:04:23.362 [TestNG-PoolService-1] INFO  ApiAssertions - Asserting content type is JSON
03:04:23.362 [TestNG-PoolService-1] INFO  ApiAssertions - Asserting body is not empty
03:04:23.366 [TestNG-PoolService-1] INFO  Hooks - Cleaning up booking 2092
03:04:23.367 [TestNG-PoolService-1] INFO  RestClient - --> DELETE /booking/{id}
03:04:23.723 [TestNG-PoolService-1] INFO  RestClient - <-- DELETE /booking/{id} responded 201 in 356 ms
03:04:23.724 [TestNG-PoolService-1] INFO  Hooks - ### SCENARIO END: Partially update booking name to "Jean-Luc O'Connor" -> PASSED
