07:01:04.399 [TestNG-PoolService-2] INFO  Hooks - ### SCENARIO START: Partially update booking name to "Jean-Luc O'Connor"
07:01:04.400 [TestNG-PoolService-2] INFO  Hooks - Obtaining auth token for an @auth scenario
07:01:04.401 [TestNG-PoolService-2] INFO  RestClient - --> POST /auth
07:01:04.455 [TestNG-PoolService-2] INFO  RestClient - <-- POST /auth responded 200 in 54 ms
07:01:04.462 [TestNG-PoolService-2] DEBUG BookingSteps - Payload from generated data: Booking(firstname=Bennett, lastname=Hackett, totalprice=366, depositpaid=false, bookingdates=BookingDates(checkin=2026-09-17, checkout=2026-09-19), additionalneeds=Barbecue Ribs)
07:01:04.462 [TestNG-PoolService-2] INFO  RestClient - --> POST /booking
07:01:04.526 [TestNG-PoolService-2] INFO  RestClient - <-- POST /booking responded 200 in 63 ms
07:01:04.529 [TestNG-PoolService-2] INFO  ApiAssertions - Asserting status code is 200
07:01:04.529 [TestNG-PoolService-2] INFO  ApiAssertions - Asserting content type is JSON
07:01:04.529 [TestNG-PoolService-2] INFO  ApiAssertions - Asserting body is not empty
07:01:04.542 [TestNG-PoolService-2] INFO  ApiAssertions - Asserting field 'bookingid' is present
07:01:04.542 [TestNG-PoolService-2] INFO  ApiAssertions - Asserting response time 41ms is below 30000ms
07:01:04.545 [TestNG-PoolService-2] INFO  BookingSteps - Created booking id 6176
07:01:04.546 [TestNG-PoolService-2] INFO  RestClient - --> PATCH /booking/{id}
07:01:04.589 [TestNG-PoolService-2] INFO  RestClient - <-- PATCH /booking/{id} responded 200 in 42 ms
07:01:04.593 [TestNG-PoolService-2] INFO  ApiAssertions - Asserting status code is 200
07:01:04.593 [TestNG-PoolService-2] INFO  ApiAssertions - Asserting response time 32ms is below 30000ms
07:01:04.594 [TestNG-PoolService-2] INFO  RestClient - --> GET /booking/{id}
07:01:04.645 [TestNG-PoolService-2] INFO  RestClient - <-- GET /booking/{id} responded 200 in 51 ms
07:01:04.646 [TestNG-PoolService-2] INFO  ApiAssertions - Asserting status code is 200
07:01:04.646 [TestNG-PoolService-2] INFO  ApiAssertions - Asserting content type is JSON
07:01:04.646 [TestNG-PoolService-2] INFO  ApiAssertions - Asserting body is not empty
07:01:04.652 [TestNG-PoolService-2] INFO  Hooks - Cleaning up booking 6176
07:01:04.653 [TestNG-PoolService-2] INFO  RestClient - --> DELETE /booking/{id}
07:01:04.706 [TestNG-PoolService-2] INFO  RestClient - <-- DELETE /booking/{id} responded 201 in 53 ms
07:01:04.707 [TestNG-PoolService-2] INFO  Hooks - ### SCENARIO END: Partially update booking name to "Jean-Luc O'Connor" -> PASSED
