02:53:34.175 [TestNG-PoolService-4] INFO  Hooks - ### SCENARIO START: Partially update booking name to "Sara Ali"
02:53:34.176 [TestNG-PoolService-4] INFO  Hooks - Obtaining auth token for an @auth scenario
02:53:34.177 [TestNG-PoolService-4] INFO  RestClient - --> POST /auth
02:53:34.243 [TestNG-PoolService-4] INFO  RestClient - <-- POST /auth responded 200 in 66 ms
02:53:34.245 [TestNG-PoolService-4] DEBUG BookingSteps - Payload from generated data: Booking(firstname=Celeste, lastname=Kohler, totalprice=251, depositpaid=true, bookingdates=BookingDates(checkin=2026-08-27, checkout=2026-08-30), additionalneeds=Scotch Eggs)
02:53:34.246 [TestNG-PoolService-4] INFO  RestClient - --> POST /booking
02:53:34.310 [TestNG-PoolService-4] INFO  RestClient - <-- POST /booking responded 200 in 63 ms
02:53:34.311 [TestNG-PoolService-4] INFO  ApiAssertions - Asserting status code is 200
02:53:34.311 [TestNG-PoolService-4] INFO  ApiAssertions - Asserting content type is JSON
02:53:34.311 [TestNG-PoolService-4] INFO  ApiAssertions - Asserting body is not empty
02:53:34.339 [TestNG-PoolService-4] INFO  ApiAssertions - Asserting field 'bookingid' is present
02:53:34.339 [TestNG-PoolService-4] INFO  ApiAssertions - Asserting response time 49ms is below 30000ms
02:53:34.347 [TestNG-PoolService-4] INFO  BookingSteps - Created booking id 2444
02:53:34.351 [TestNG-PoolService-4] INFO  RestClient - --> PATCH /booking/{id}
02:53:34.420 [TestNG-PoolService-4] INFO  RestClient - <-- PATCH /booking/{id} responded 200 in 69 ms
02:53:34.421 [TestNG-PoolService-4] INFO  ApiAssertions - Asserting status code is 200
02:53:34.424 [TestNG-PoolService-4] INFO  ApiAssertions - Asserting response time 42ms is below 30000ms
02:53:34.427 [TestNG-PoolService-4] INFO  RestClient - --> GET /booking/{id}
02:53:34.484 [TestNG-PoolService-4] INFO  RestClient - <-- GET /booking/{id} responded 200 in 57 ms
02:53:34.485 [TestNG-PoolService-4] INFO  ApiAssertions - Asserting status code is 200
02:53:34.485 [TestNG-PoolService-4] INFO  ApiAssertions - Asserting content type is JSON
02:53:34.485 [TestNG-PoolService-4] INFO  ApiAssertions - Asserting body is not empty
02:53:34.492 [TestNG-PoolService-4] INFO  Hooks - Cleaning up booking 2444
02:53:34.493 [TestNG-PoolService-4] INFO  RestClient - --> DELETE /booking/{id}
02:53:34.563 [TestNG-PoolService-4] INFO  RestClient - <-- DELETE /booking/{id} responded 201 in 70 ms
02:53:34.564 [TestNG-PoolService-4] INFO  Hooks - ### SCENARIO END: Partially update booking name to "Sara Ali" -> PASSED
