07:06:46.563 [TestNG-PoolService-4] INFO  Hooks - ### SCENARIO START: Full booking lifecycle - create, read, update, delete using "create-booking.json"
07:06:46.564 [TestNG-PoolService-4] INFO  Hooks - Obtaining auth token for an @auth scenario
07:06:46.568 [TestNG-PoolService-4] INFO  RestClient - --> POST /auth
07:06:46.876 [TestNG-PoolService-4] INFO  RestClient - <-- POST /auth responded 200 in 308 ms
07:06:46.882 [TestNG-PoolService-4] INFO  JsonDataReader - Loaded test data 'create-booking.json' with dynamic values resolved
07:06:46.883 [TestNG-PoolService-4] DEBUG BookingSteps - Payload from test data file create-booking.json: Booking(firstname=Rudolf, lastname=Berge, totalprice=353, depositpaid=false, bookingdates=BookingDates(checkin=2026-09-14, checkout=2026-09-21), additionalneeds=Lasagne)
07:06:46.887 [TestNG-PoolService-4] INFO  RestClient - --> POST /booking
07:06:47.207 [TestNG-PoolService-4] INFO  RestClient - <-- POST /booking responded 200 in 320 ms
07:06:47.207 [TestNG-PoolService-4] INFO  ApiAssertions - Asserting status code is 200
07:06:47.207 [TestNG-PoolService-4] INFO  ApiAssertions - Asserting content type is JSON
07:06:47.208 [TestNG-PoolService-4] INFO  ApiAssertions - Asserting body is not empty
07:06:47.226 [TestNG-PoolService-4] INFO  ApiAssertions - Asserting field 'bookingid' is present
07:06:47.227 [TestNG-PoolService-4] INFO  ApiAssertions - Asserting response time 293ms is below 30000ms
07:06:47.232 [TestNG-PoolService-4] INFO  BookingSteps - Created booking id 2872
07:06:47.233 [TestNG-PoolService-4] INFO  RestClient - --> GET /booking/{id}
07:06:47.559 [TestNG-PoolService-4] INFO  RestClient - <-- GET /booking/{id} responded 200 in 326 ms
07:06:47.559 [TestNG-PoolService-4] INFO  ApiAssertions - Asserting status code is 200
07:06:47.560 [TestNG-PoolService-4] INFO  ApiAssertions - Asserting content type is JSON
07:06:47.560 [TestNG-PoolService-4] INFO  ApiAssertions - Asserting body is not empty
07:06:47.564 [TestNG-PoolService-4] INFO  JsonDataReader - Loaded test data 'update-booking.json' with dynamic values resolved
07:06:47.565 [TestNG-PoolService-4] DEBUG BookingSteps - Payload from test data file update-booking.json: Booking(firstname=Eli, lastname=Paucek, totalprice=1122, depositpaid=true, bookingdates=BookingDates(checkin=2026-10-07, checkout=2026-10-22), additionalneeds=Late checkout)
07:06:47.566 [TestNG-PoolService-4] INFO  RestClient - --> PUT /booking/{id}
07:06:47.854 [TestNG-PoolService-4] INFO  RestClient - <-- PUT /booking/{id} responded 200 in 288 ms
07:06:47.854 [TestNG-PoolService-4] INFO  BookingSteps - Updated booking 2872 from update-booking.json
07:06:47.855 [TestNG-PoolService-4] INFO  ApiAssertions - Asserting status code is 200
07:06:47.855 [TestNG-PoolService-4] INFO  ApiAssertions - Asserting response time 278ms is below 30000ms
07:06:47.856 [TestNG-PoolService-4] INFO  RestClient - --> GET /booking/{id}
07:06:48.143 [TestNG-PoolService-4] INFO  RestClient - <-- GET /booking/{id} responded 200 in 285 ms
07:06:48.143 [TestNG-PoolService-4] INFO  ApiAssertions - Asserting status code is 200
07:06:48.143 [TestNG-PoolService-4] INFO  ApiAssertions - Asserting content type is JSON
07:06:48.143 [TestNG-PoolService-4] INFO  ApiAssertions - Asserting body is not empty
07:06:48.146 [TestNG-PoolService-4] INFO  RestClient - --> DELETE /booking/{id}
07:06:48.433 [TestNG-PoolService-4] INFO  RestClient - <-- DELETE /booking/{id} responded 201 in 287 ms
07:06:48.434 [TestNG-PoolService-4] INFO  ApiAssertions - Asserting status code is 201
07:06:48.434 [TestNG-PoolService-4] INFO  ApiAssertions - Asserting response time 280ms is below 30000ms
07:06:48.435 [TestNG-PoolService-4] INFO  RestClient - --> GET /booking/{id}
07:06:48.728 [TestNG-PoolService-4] INFO  RestClient - <-- GET /booking/{id} responded 404 in 293 ms
07:06:48.728 [TestNG-PoolService-4] INFO  ApiAssertions - Asserting status code is 404
07:06:48.728 [TestNG-PoolService-4] INFO  BookingSteps - Confirmed booking 2872 is gone
07:06:48.729 [TestNG-PoolService-4] INFO  Hooks - ### SCENARIO END: Full booking lifecycle - create, read, update, delete using "create-booking.json" -> PASSED
