08:01:06.534 [TestNG-PoolService-3] INFO  Hooks - ### SCENARIO START: Partially update booking name to "Mohamed AbdElghany"
08:01:06.535 [TestNG-PoolService-3] INFO  Hooks - Obtaining auth token for an @auth scenario
08:01:06.536 [TestNG-PoolService-3] INFO  RestClient - --> POST /auth
08:01:06.649 [TestNG-PoolService-3] INFO  RestClient - <-- POST /auth responded 200 in 113 ms
08:01:06.652 [TestNG-PoolService-3] DEBUG BookingSteps - Payload from generated data: Booking(firstname=Wayne, lastname=Bauch, totalprice=610, depositpaid=false, bookingdates=BookingDates(checkin=2026-09-02, checkout=2026-09-07), additionalneeds=Chicken Wings)
08:01:06.653 [TestNG-PoolService-3] INFO  RestClient - --> POST /booking
08:01:06.782 [TestNG-PoolService-3] INFO  RestClient - <-- POST /booking responded 200 in 128 ms
08:01:06.782 [TestNG-PoolService-3] INFO  ApiAssertions - Asserting status code is 200
08:01:06.782 [TestNG-PoolService-3] INFO  ApiAssertions - Asserting content type is JSON
08:01:06.783 [TestNG-PoolService-3] INFO  ApiAssertions - Asserting body is not empty
08:01:06.799 [TestNG-PoolService-3] INFO  ApiAssertions - Asserting field 'bookingid' is present
08:01:06.800 [TestNG-PoolService-3] INFO  ApiAssertions - Asserting response time 115ms is below 30000ms
08:01:06.803 [TestNG-PoolService-3] INFO  BookingSteps - Created booking id 5670
08:01:06.805 [TestNG-PoolService-3] INFO  RestClient - --> PATCH /booking/{id}
08:01:06.913 [TestNG-PoolService-3] INFO  RestClient - <-- PATCH /booking/{id} responded 200 in 108 ms
08:01:06.914 [TestNG-PoolService-3] INFO  ApiAssertions - Asserting status code is 200
08:01:06.914 [TestNG-PoolService-3] INFO  ApiAssertions - Asserting response time 97ms is below 30000ms
08:01:06.916 [TestNG-PoolService-3] INFO  RestClient - --> GET /booking/{id}
08:01:07.020 [TestNG-PoolService-3] INFO  RestClient - <-- GET /booking/{id} responded 200 in 104 ms
08:01:07.021 [TestNG-PoolService-3] INFO  ApiAssertions - Asserting status code is 200
08:01:07.021 [TestNG-PoolService-3] INFO  ApiAssertions - Asserting content type is JSON
08:01:07.021 [TestNG-PoolService-3] INFO  ApiAssertions - Asserting body is not empty
08:01:07.023 [TestNG-PoolService-3] INFO  Hooks - Cleaning up booking 5670
08:01:07.024 [TestNG-PoolService-3] INFO  RestClient - --> DELETE /booking/{id}
08:01:07.131 [TestNG-PoolService-3] INFO  RestClient - <-- DELETE /booking/{id} responded 201 in 106 ms
08:01:07.134 [TestNG-PoolService-3] INFO  Hooks - ### SCENARIO END: Partially update booking name to "Mohamed AbdElghany" -> PASSED
