08:05:50.143 [TestNG-PoolService-2] INFO  Hooks - ### SCENARIO START: Partially update booking name to "Sara Ali"
08:05:50.144 [TestNG-PoolService-2] INFO  Hooks - Obtaining auth token for an @auth scenario
08:05:50.145 [TestNG-PoolService-2] INFO  RestClient - --> POST /auth
08:05:50.351 [TestNG-PoolService-2] INFO  RestClient - <-- POST /auth responded 200 in 206 ms
08:05:50.355 [TestNG-PoolService-2] DEBUG BookingSteps - Payload from generated data: Booking(firstname=Terrance, lastname=Dach, totalprice=828, depositpaid=false, bookingdates=BookingDates(checkin=2026-10-07, checkout=2026-10-16), additionalneeds=Tuna Sashimi)
08:05:50.356 [TestNG-PoolService-2] INFO  RestClient - --> POST /booking
08:05:50.564 [TestNG-PoolService-2] INFO  RestClient - <-- POST /booking responded 200 in 208 ms
08:05:50.565 [TestNG-PoolService-2] INFO  ApiAssertions - Asserting status code is 200
08:05:50.565 [TestNG-PoolService-2] INFO  ApiAssertions - Asserting content type is JSON
08:05:50.565 [TestNG-PoolService-2] INFO  ApiAssertions - Asserting body is not empty
08:05:50.575 [TestNG-PoolService-2] INFO  ApiAssertions - Asserting field 'bookingid' is present
08:05:50.576 [TestNG-PoolService-2] INFO  ApiAssertions - Asserting response time 198ms is below 30000ms
08:05:50.579 [TestNG-PoolService-2] INFO  BookingSteps - Created booking id 2312
08:05:50.581 [TestNG-PoolService-2] INFO  RestClient - --> PATCH /booking/{id}
08:05:50.783 [TestNG-PoolService-2] INFO  RestClient - <-- PATCH /booking/{id} responded 200 in 202 ms
08:05:50.784 [TestNG-PoolService-2] INFO  ApiAssertions - Asserting status code is 200
08:05:50.785 [TestNG-PoolService-2] INFO  ApiAssertions - Asserting response time 192ms is below 30000ms
08:05:50.786 [TestNG-PoolService-2] INFO  RestClient - --> GET /booking/{id}
08:05:50.992 [TestNG-PoolService-2] INFO  RestClient - <-- GET /booking/{id} responded 200 in 206 ms
08:05:50.992 [TestNG-PoolService-2] INFO  ApiAssertions - Asserting status code is 200
08:05:50.992 [TestNG-PoolService-2] INFO  ApiAssertions - Asserting content type is JSON
08:05:50.992 [TestNG-PoolService-2] INFO  ApiAssertions - Asserting body is not empty
08:05:50.995 [TestNG-PoolService-2] INFO  Hooks - Cleaning up booking 2312
08:05:50.996 [TestNG-PoolService-2] INFO  RestClient - --> DELETE /booking/{id}
08:05:51.210 [TestNG-PoolService-2] INFO  RestClient - <-- DELETE /booking/{id} responded 201 in 214 ms
08:05:51.211 [TestNG-PoolService-2] INFO  Hooks - ### SCENARIO END: Partially update booking name to "Sara Ali" -> PASSED
