08:33:08.139 [TestNG-PoolService-4] INFO  Hooks - ### SCENARIO START: Full booking lifecycle - create, read, update, delete using "create-booking.json"
08:33:08.143 [TestNG-PoolService-4] INFO  Hooks - Obtaining auth token for an @auth scenario
08:33:08.144 [TestNG-PoolService-4] INFO  RestClient - --> POST /auth
08:33:08.354 [TestNG-PoolService-4] INFO  RestClient - <-- POST /auth responded 200 in 210 ms
08:33:08.371 [TestNG-PoolService-4] INFO  JsonDataReader - Loaded test data 'create-booking.json' with dynamic values resolved
08:33:08.379 [TestNG-PoolService-4] DEBUG BookingSteps - Payload from test data file create-booking.json: Booking(firstname=Malisa, lastname=Davis, totalprice=568, depositpaid=false, bookingdates=BookingDates(checkin=2026-10-15, checkout=2026-10-22), additionalneeds=Chicken Parm)
08:33:08.385 [TestNG-PoolService-4] INFO  RestClient - --> POST /booking
08:33:08.604 [TestNG-PoolService-4] INFO  RestClient - <-- POST /booking responded 200 in 219 ms
08:33:08.609 [TestNG-PoolService-4] INFO  ApiAssertions - Asserting status code is 200
08:33:08.609 [TestNG-PoolService-4] INFO  ApiAssertions - Asserting content type is JSON
08:33:08.609 [TestNG-PoolService-4] INFO  ApiAssertions - Asserting body is not empty
08:33:08.621 [TestNG-PoolService-4] INFO  ApiAssertions - Asserting field 'bookingid' is present
08:33:08.622 [TestNG-PoolService-4] INFO  ApiAssertions - Asserting response time 185ms is below 30000ms
08:33:08.627 [TestNG-PoolService-4] INFO  BookingSteps - Created booking id 1154
08:33:08.632 [TestNG-PoolService-4] INFO  RestClient - --> GET /booking/{id}
08:33:08.861 [TestNG-PoolService-4] INFO  RestClient - <-- GET /booking/{id} responded 200 in 229 ms
08:33:08.862 [TestNG-PoolService-4] INFO  ApiAssertions - Asserting status code is 200
08:33:08.862 [TestNG-PoolService-4] INFO  ApiAssertions - Asserting content type is JSON
08:33:08.862 [TestNG-PoolService-4] INFO  ApiAssertions - Asserting body is not empty
08:33:08.869 [TestNG-PoolService-4] INFO  JsonDataReader - Loaded test data 'update-booking.json' with dynamic values resolved
08:33:08.871 [TestNG-PoolService-4] DEBUG BookingSteps - Payload from test data file update-booking.json: Booking(firstname=Valentine, lastname=Ryan, totalprice=3556, depositpaid=false, bookingdates=BookingDates(checkin=2026-11-07, checkout=2026-11-22), additionalneeds=Late checkout)
08:33:08.882 [TestNG-PoolService-4] INFO  RestClient - --> PUT /booking/{id}
08:33:09.088 [TestNG-PoolService-4] INFO  RestClient - <-- PUT /booking/{id} responded 200 in 206 ms
08:33:09.088 [TestNG-PoolService-4] INFO  BookingSteps - Updated booking 1154 from update-booking.json
08:33:09.089 [TestNG-PoolService-4] INFO  ApiAssertions - Asserting status code is 200
08:33:09.089 [TestNG-PoolService-4] INFO  ApiAssertions - Asserting response time 184ms is below 30000ms
08:33:09.091 [TestNG-PoolService-4] INFO  RestClient - --> GET /booking/{id}
08:33:09.311 [TestNG-PoolService-4] INFO  RestClient - <-- GET /booking/{id} responded 200 in 219 ms
08:33:09.313 [TestNG-PoolService-4] INFO  ApiAssertions - Asserting status code is 200
08:33:09.313 [TestNG-PoolService-4] INFO  ApiAssertions - Asserting content type is JSON
08:33:09.313 [TestNG-PoolService-4] INFO  ApiAssertions - Asserting body is not empty
08:33:09.317 [TestNG-PoolService-4] INFO  RestClient - --> DELETE /booking/{id}
08:33:09.508 [TestNG-PoolService-4] INFO  RestClient - <-- DELETE /booking/{id} responded 201 in 191 ms
08:33:09.509 [TestNG-PoolService-4] INFO  ApiAssertions - Asserting status code is 201
08:33:09.510 [TestNG-PoolService-4] INFO  ApiAssertions - Asserting response time 178ms is below 30000ms
08:33:09.511 [TestNG-PoolService-4] INFO  RestClient - --> GET /booking/{id}
08:33:09.699 [TestNG-PoolService-4] INFO  RestClient - <-- GET /booking/{id} responded 404 in 187 ms
08:33:09.699 [TestNG-PoolService-4] INFO  ApiAssertions - Asserting status code is 404
08:33:09.700 [TestNG-PoolService-4] INFO  BookingSteps - Confirmed booking 1154 is gone
08:33:09.701 [TestNG-PoolService-4] INFO  Hooks - ### SCENARIO END: Full booking lifecycle - create, read, update, delete using "create-booking.json" -> PASSED
