07:06:48.882 [TestNG-PoolService-1] INFO  Hooks - ### SCENARIO START: Partially update booking name to "Jean-Luc O'Connor"
07:06:48.883 [TestNG-PoolService-1] INFO  Hooks - Obtaining auth token for an @auth scenario
07:06:48.883 [TestNG-PoolService-1] INFO  RestClient - --> POST /auth
07:06:49.178 [TestNG-PoolService-1] INFO  RestClient - <-- POST /auth responded 200 in 294 ms
07:06:49.180 [TestNG-PoolService-1] DEBUG BookingSteps - Payload from generated data: Booking(firstname=Derrick, lastname=Hyatt, totalprice=581, depositpaid=true, bookingdates=BookingDates(checkin=2026-09-20, checkout=2026-10-01), additionalneeds=Cauliflower Penne)
07:06:49.180 [TestNG-PoolService-1] INFO  RestClient - --> POST /booking
07:06:49.461 [TestNG-PoolService-1] INFO  RestClient - <-- POST /booking responded 200 in 281 ms
07:06:49.462 [TestNG-PoolService-1] INFO  ApiAssertions - Asserting status code is 200
07:06:49.462 [TestNG-PoolService-1] INFO  ApiAssertions - Asserting content type is JSON
07:06:49.462 [TestNG-PoolService-1] INFO  ApiAssertions - Asserting body is not empty
07:06:49.468 [TestNG-PoolService-1] INFO  ApiAssertions - Asserting field 'bookingid' is present
07:06:49.469 [TestNG-PoolService-1] INFO  ApiAssertions - Asserting response time 276ms is below 30000ms
07:06:49.471 [TestNG-PoolService-1] INFO  BookingSteps - Created booking id 2896
07:06:49.472 [TestNG-PoolService-1] INFO  RestClient - --> PATCH /booking/{id}
07:06:49.757 [TestNG-PoolService-1] INFO  RestClient - <-- PATCH /booking/{id} responded 200 in 285 ms
07:06:49.758 [TestNG-PoolService-1] INFO  ApiAssertions - Asserting status code is 200
07:06:49.758 [TestNG-PoolService-1] INFO  ApiAssertions - Asserting response time 279ms is below 30000ms
07:06:49.759 [TestNG-PoolService-1] INFO  RestClient - --> GET /booking/{id}
07:06:50.040 [TestNG-PoolService-1] INFO  RestClient - <-- GET /booking/{id} responded 200 in 281 ms
07:06:50.041 [TestNG-PoolService-1] INFO  ApiAssertions - Asserting status code is 200
07:06:50.051 [TestNG-PoolService-1] INFO  ApiAssertions - Asserting content type is JSON
07:06:50.052 [TestNG-PoolService-1] INFO  ApiAssertions - Asserting body is not empty
07:06:50.057 [TestNG-PoolService-1] INFO  Hooks - Cleaning up booking 2896
07:06:50.058 [TestNG-PoolService-1] INFO  RestClient - --> DELETE /booking/{id}
07:06:50.341 [TestNG-PoolService-1] INFO  RestClient - <-- DELETE /booking/{id} responded 201 in 282 ms
07:06:50.341 [TestNG-PoolService-1] INFO  Hooks - ### SCENARIO END: Partially update booking name to "Jean-Luc O'Connor" -> PASSED
