13:57:15.038 [TestNG-PoolService-3] INFO  Hooks - ### SCENARIO START: Full booking lifecycle - create, read, update, delete using "create-booking.json"
13:57:15.039 [TestNG-PoolService-3] INFO  Hooks - Obtaining auth token for an @auth scenario
13:57:15.041 [TestNG-PoolService-3] INFO  RestClient - --> POST /auth
13:57:15.422 [TestNG-PoolService-3] INFO  RestClient - <-- POST /auth responded 200 in 381 ms
13:57:15.434 [TestNG-PoolService-3] INFO  JsonDataReader - Loaded test data 'create-booking.json' with dynamic values resolved
13:57:15.437 [TestNG-PoolService-3] DEBUG BookingSteps - Payload from test data file create-booking.json: Booking(firstname=Rafael, lastname=Bartoletti, totalprice=300, depositpaid=false, bookingdates=BookingDates(checkin=2026-09-04, checkout=2026-09-11), additionalneeds=Tuna Sashimi)
13:57:15.439 [TestNG-PoolService-3] INFO  RestClient - --> POST /booking
13:57:15.806 [TestNG-PoolService-3] INFO  RestClient - <-- POST /booking responded 200 in 364 ms
13:57:15.806 [TestNG-PoolService-3] INFO  ApiAssertions - Asserting status code is 200
13:57:15.807 [TestNG-PoolService-3] INFO  ApiAssertions - Asserting content type is JSON
13:57:15.807 [TestNG-PoolService-3] INFO  ApiAssertions - Asserting body is not empty
13:57:15.822 [TestNG-PoolService-3] INFO  ApiAssertions - Asserting field 'bookingid' is present
13:57:15.823 [TestNG-PoolService-3] INFO  ApiAssertions - Asserting response time 345ms is below 30000ms
13:57:15.826 [TestNG-PoolService-3] INFO  BookingSteps - Created booking id 3658
13:57:15.828 [TestNG-PoolService-3] INFO  RestClient - --> GET /booking/{id}
13:57:16.272 [TestNG-PoolService-3] INFO  RestClient - <-- GET /booking/{id} responded 200 in 444 ms
13:57:16.272 [TestNG-PoolService-3] INFO  ApiAssertions - Asserting status code is 200
13:57:16.273 [TestNG-PoolService-3] INFO  ApiAssertions - Asserting content type is JSON
13:57:16.273 [TestNG-PoolService-3] INFO  ApiAssertions - Asserting body is not empty
13:57:16.276 [TestNG-PoolService-3] INFO  JsonDataReader - Loaded test data 'update-booking.json' with dynamic values resolved
13:57:16.276 [TestNG-PoolService-3] DEBUG BookingSteps - Payload from test data file update-booking.json: Booking(firstname=Ciera, lastname=Schimmel, totalprice=3014, depositpaid=false, bookingdates=BookingDates(checkin=2026-09-27, checkout=2026-10-12), additionalneeds=Late checkout)
13:57:16.283 [TestNG-PoolService-3] INFO  RestClient - --> PUT /booking/{id}
13:57:16.675 [TestNG-PoolService-3] INFO  RestClient - <-- PUT /booking/{id} responded 200 in 392 ms
13:57:16.675 [TestNG-PoolService-3] INFO  BookingSteps - Updated booking 3658 from update-booking.json
13:57:16.677 [TestNG-PoolService-3] INFO  ApiAssertions - Asserting status code is 200
13:57:16.677 [TestNG-PoolService-3] INFO  ApiAssertions - Asserting response time 378ms is below 30000ms
13:57:16.678 [TestNG-PoolService-3] INFO  RestClient - --> GET /booking/{id}
13:57:17.033 [TestNG-PoolService-3] INFO  RestClient - <-- GET /booking/{id} responded 200 in 355 ms
13:57:17.033 [TestNG-PoolService-3] INFO  ApiAssertions - Asserting status code is 200
13:57:17.036 [TestNG-PoolService-3] INFO  ApiAssertions - Asserting content type is JSON
13:57:17.036 [TestNG-PoolService-3] INFO  ApiAssertions - Asserting body is not empty
13:57:17.039 [TestNG-PoolService-3] INFO  RestClient - --> DELETE /booking/{id}
13:57:17.409 [TestNG-PoolService-3] INFO  RestClient - <-- DELETE /booking/{id} responded 201 in 370 ms
13:57:17.410 [TestNG-PoolService-3] INFO  ApiAssertions - Asserting status code is 201
13:57:17.410 [TestNG-PoolService-3] INFO  ApiAssertions - Asserting response time 361ms is below 30000ms
13:57:17.412 [TestNG-PoolService-3] INFO  RestClient - --> GET /booking/{id}
13:57:17.772 [TestNG-PoolService-3] INFO  RestClient - <-- GET /booking/{id} responded 404 in 360 ms
13:57:17.772 [TestNG-PoolService-3] INFO  ApiAssertions - Asserting status code is 404
13:57:17.772 [TestNG-PoolService-3] INFO  BookingSteps - Confirmed booking 3658 is gone
13:57:17.773 [TestNG-PoolService-3] INFO  Hooks - ### SCENARIO END: Full booking lifecycle - create, read, update, delete using "create-booking.json" -> PASSED
