08:42:25.075 [TestNG-PoolService-3] INFO  Hooks - ### SCENARIO START: Partially update booking name to "Mohamed AbdElghany"
08:42:25.076 [TestNG-PoolService-3] INFO  Hooks - Obtaining auth token for an @auth scenario
08:42:25.079 [TestNG-PoolService-3] INFO  RestClient - --> POST /auth
08:42:25.112 [TestNG-PoolService-3] INFO  RestClient - <-- POST /auth responded 200 in 32 ms
08:42:25.113 [TestNG-PoolService-3] DEBUG BookingSteps - Payload from generated data: Booking(firstname=Rebekah, lastname=Kreiger, totalprice=674, depositpaid=false, bookingdates=BookingDates(checkin=2026-10-23, checkout=2026-10-30), additionalneeds=Som Tam)
08:42:25.114 [TestNG-PoolService-3] INFO  RestClient - --> POST /booking
08:42:25.157 [TestNG-PoolService-3] INFO  RestClient - <-- POST /booking responded 200 in 43 ms
08:42:25.161 [TestNG-PoolService-3] INFO  ApiAssertions - Asserting status code is 200
08:42:25.161 [TestNG-PoolService-3] INFO  ApiAssertions - Asserting content type is JSON
08:42:25.161 [TestNG-PoolService-3] INFO  ApiAssertions - Asserting body is not empty
08:42:25.180 [TestNG-PoolService-3] INFO  ApiAssertions - Asserting field 'bookingid' is present
08:42:25.180 [TestNG-PoolService-3] INFO  ApiAssertions - Asserting response time 30ms is below 30000ms
08:42:25.187 [TestNG-PoolService-3] INFO  BookingSteps - Created booking id 928
08:42:25.191 [TestNG-PoolService-3] INFO  RestClient - --> PATCH /booking/{id}
08:42:25.237 [TestNG-PoolService-3] INFO  RestClient - <-- PATCH /booking/{id} responded 200 in 46 ms
08:42:25.240 [TestNG-PoolService-3] INFO  ApiAssertions - Asserting status code is 200
08:42:25.240 [TestNG-PoolService-3] INFO  ApiAssertions - Asserting response time 25ms is below 30000ms
08:42:25.241 [TestNG-PoolService-3] INFO  RestClient - --> GET /booking/{id}
08:42:25.273 [TestNG-PoolService-3] INFO  RestClient - <-- GET /booking/{id} responded 200 in 32 ms
08:42:25.274 [TestNG-PoolService-3] INFO  ApiAssertions - Asserting status code is 200
08:42:25.274 [TestNG-PoolService-3] INFO  ApiAssertions - Asserting content type is JSON
08:42:25.274 [TestNG-PoolService-3] INFO  ApiAssertions - Asserting body is not empty
08:42:25.283 [TestNG-PoolService-3] INFO  Hooks - Cleaning up booking 928
08:42:25.284 [TestNG-PoolService-3] INFO  RestClient - --> DELETE /booking/{id}
08:42:25.324 [TestNG-PoolService-3] INFO  RestClient - <-- DELETE /booking/{id} responded 201 in 40 ms
08:42:25.332 [TestNG-PoolService-3] INFO  Hooks - ### SCENARIO END: Partially update booking name to "Mohamed AbdElghany" -> PASSED
