08:05:48.327 [TestNG-PoolService-2] INFO  Hooks - ### SCENARIO START: Full booking lifecycle - create, read, update, delete using "booking-no-additional-needs.json"
08:05:48.328 [TestNG-PoolService-2] INFO  Hooks - Obtaining auth token for an @auth scenario
08:05:48.333 [TestNG-PoolService-2] INFO  RestClient - --> POST /auth
08:05:48.587 [TestNG-PoolService-2] INFO  RestClient - <-- POST /auth responded 200 in 254 ms
08:05:48.630 [TestNG-PoolService-2] INFO  JsonDataReader - Loaded test data 'booking-no-additional-needs.json' with dynamic values resolved
08:05:48.682 [TestNG-PoolService-2] DEBUG BookingSteps - Payload from test data file booking-no-additional-needs.json: Booking(firstname=Emil, lastname=Becker, totalprice=148, depositpaid=false, bookingdates=BookingDates(checkin=2026-10-03, checkout=2026-10-05), additionalneeds=null)
08:05:48.683 [TestNG-PoolService-2] INFO  RestClient - --> POST /booking
08:05:48.924 [TestNG-PoolService-2] INFO  RestClient - <-- POST /booking responded 200 in 241 ms
08:05:48.929 [TestNG-PoolService-2] INFO  ApiAssertions - Asserting status code is 200
08:05:48.929 [TestNG-PoolService-2] INFO  ApiAssertions - Asserting content type is JSON
08:05:48.931 [TestNG-PoolService-2] INFO  ApiAssertions - Asserting body is not empty
08:05:48.949 [TestNG-PoolService-2] INFO  ApiAssertions - Asserting field 'bookingid' is present
08:05:48.951 [TestNG-PoolService-2] INFO  ApiAssertions - Asserting response time 208ms is below 30000ms
08:05:48.958 [TestNG-PoolService-2] INFO  BookingSteps - Created booking id 2290
08:05:48.963 [TestNG-PoolService-2] INFO  RestClient - --> GET /booking/{id}
08:05:49.229 [TestNG-PoolService-2] INFO  RestClient - <-- GET /booking/{id} responded 200 in 266 ms
08:05:49.230 [TestNG-PoolService-2] INFO  ApiAssertions - Asserting status code is 200
08:05:49.231 [TestNG-PoolService-2] INFO  ApiAssertions - Asserting content type is JSON
08:05:49.231 [TestNG-PoolService-2] INFO  ApiAssertions - Asserting body is not empty
08:05:49.235 [TestNG-PoolService-2] INFO  JsonDataReader - Loaded test data 'booking-long-stay.json' with dynamic values resolved
08:05:49.236 [TestNG-PoolService-2] DEBUG BookingSteps - Payload from test data file booking-long-stay.json: Booking(firstname=Wan, lastname=Lockman, totalprice=4293, depositpaid=true, bookingdates=BookingDates(checkin=2026-12-01, checkout=2027-01-30), additionalneeds=Airport transfer)
08:05:49.248 [TestNG-PoolService-2] INFO  RestClient - --> PUT /booking/{id}
08:05:49.487 [TestNG-PoolService-2] INFO  RestClient - <-- PUT /booking/{id} responded 200 in 239 ms
08:05:49.487 [TestNG-PoolService-2] INFO  BookingSteps - Updated booking 2290 from booking-long-stay.json
08:05:49.487 [TestNG-PoolService-2] INFO  ApiAssertions - Asserting status code is 200
08:05:49.488 [TestNG-PoolService-2] INFO  ApiAssertions - Asserting response time 209ms is below 30000ms
08:05:49.492 [TestNG-PoolService-2] INFO  RestClient - --> GET /booking/{id}
08:05:49.702 [TestNG-PoolService-2] INFO  RestClient - <-- GET /booking/{id} responded 200 in 209 ms
08:05:49.703 [TestNG-PoolService-2] INFO  ApiAssertions - Asserting status code is 200
08:05:49.703 [TestNG-PoolService-2] INFO  ApiAssertions - Asserting content type is JSON
08:05:49.703 [TestNG-PoolService-2] INFO  ApiAssertions - Asserting body is not empty
08:05:49.711 [TestNG-PoolService-2] INFO  RestClient - --> DELETE /booking/{id}
08:05:49.919 [TestNG-PoolService-2] INFO  RestClient - <-- DELETE /booking/{id} responded 201 in 207 ms
08:05:49.920 [TestNG-PoolService-2] INFO  ApiAssertions - Asserting status code is 201
08:05:49.921 [TestNG-PoolService-2] INFO  ApiAssertions - Asserting response time 194ms is below 30000ms
08:05:49.924 [TestNG-PoolService-2] INFO  RestClient - --> GET /booking/{id}
08:05:50.133 [TestNG-PoolService-2] INFO  RestClient - <-- GET /booking/{id} responded 404 in 209 ms
08:05:50.133 [TestNG-PoolService-2] INFO  ApiAssertions - Asserting status code is 404
08:05:50.133 [TestNG-PoolService-2] INFO  BookingSteps - Confirmed booking 2290 is gone
08:05:50.137 [TestNG-PoolService-2] INFO  Hooks - ### SCENARIO END: Full booking lifecycle - create, read, update, delete using "booking-no-additional-needs.json" -> PASSED
