07:19:46.827 [TestNG-PoolService-4] INFO  Hooks - ### SCENARIO START: Full booking lifecycle - create, read, update, delete using "booking-no-additional-needs.json"
07:19:46.828 [TestNG-PoolService-4] INFO  Hooks - Obtaining auth token for an @auth scenario
07:19:46.830 [TestNG-PoolService-4] INFO  RestClient - --> POST /auth
07:19:47.009 [TestNG-PoolService-4] INFO  RestClient - <-- POST /auth responded 200 in 179 ms
07:19:47.016 [TestNG-PoolService-4] INFO  JsonDataReader - Loaded test data 'booking-no-additional-needs.json' with dynamic values resolved
07:19:47.023 [TestNG-PoolService-4] DEBUG BookingSteps - Payload from test data file booking-no-additional-needs.json: Booking(firstname=Tora, lastname=Ledner, totalprice=62, depositpaid=false, bookingdates=BookingDates(checkin=2026-09-18, checkout=2026-09-20), additionalneeds=null)
07:19:47.026 [TestNG-PoolService-4] INFO  RestClient - --> POST /booking
07:19:47.186 [TestNG-PoolService-4] INFO  RestClient - <-- POST /booking responded 200 in 160 ms
07:19:47.186 [TestNG-PoolService-4] INFO  ApiAssertions - Asserting status code is 200
07:19:47.187 [TestNG-PoolService-4] INFO  ApiAssertions - Asserting content type is JSON
07:19:47.187 [TestNG-PoolService-4] INFO  ApiAssertions - Asserting body is not empty
07:19:47.197 [TestNG-PoolService-4] INFO  ApiAssertions - Asserting field 'bookingid' is present
07:19:47.198 [TestNG-PoolService-4] INFO  ApiAssertions - Asserting response time 137ms is below 30000ms
07:19:47.202 [TestNG-PoolService-4] INFO  BookingSteps - Created booking id 4660
07:19:47.205 [TestNG-PoolService-4] INFO  RestClient - --> GET /booking/{id}
07:19:47.381 [TestNG-PoolService-4] INFO  RestClient - <-- GET /booking/{id} responded 200 in 176 ms
07:19:47.381 [TestNG-PoolService-4] INFO  ApiAssertions - Asserting status code is 200
07:19:47.382 [TestNG-PoolService-4] INFO  ApiAssertions - Asserting content type is JSON
07:19:47.382 [TestNG-PoolService-4] INFO  ApiAssertions - Asserting body is not empty
07:19:47.385 [TestNG-PoolService-4] INFO  JsonDataReader - Loaded test data 'booking-long-stay.json' with dynamic values resolved
07:19:47.385 [TestNG-PoolService-4] DEBUG BookingSteps - Payload from test data file booking-long-stay.json: Booking(firstname=Mendy, lastname=Pfannerstill, totalprice=6522, depositpaid=true, bookingdates=BookingDates(checkin=2026-11-16, checkout=2027-01-15), additionalneeds=Airport transfer)
07:19:47.401 [TestNG-PoolService-4] INFO  RestClient - --> PUT /booking/{id}
07:19:47.568 [TestNG-PoolService-4] INFO  RestClient - <-- PUT /booking/{id} responded 200 in 167 ms
07:19:47.569 [TestNG-PoolService-4] INFO  BookingSteps - Updated booking 4660 from booking-long-stay.json
07:19:47.569 [TestNG-PoolService-4] INFO  ApiAssertions - Asserting status code is 200
07:19:47.569 [TestNG-PoolService-4] INFO  ApiAssertions - Asserting response time 145ms is below 30000ms
07:19:47.573 [TestNG-PoolService-4] INFO  RestClient - --> GET /booking/{id}
07:19:47.731 [TestNG-PoolService-4] INFO  RestClient - <-- GET /booking/{id} responded 200 in 158 ms
07:19:47.732 [TestNG-PoolService-4] INFO  ApiAssertions - Asserting status code is 200
07:19:47.732 [TestNG-PoolService-4] INFO  ApiAssertions - Asserting content type is JSON
07:19:47.732 [TestNG-PoolService-4] INFO  ApiAssertions - Asserting body is not empty
07:19:47.736 [TestNG-PoolService-4] INFO  RestClient - --> DELETE /booking/{id}
07:19:47.923 [TestNG-PoolService-4] INFO  RestClient - <-- DELETE /booking/{id} responded 201 in 186 ms
07:19:47.923 [TestNG-PoolService-4] INFO  ApiAssertions - Asserting status code is 201
07:19:47.923 [TestNG-PoolService-4] INFO  ApiAssertions - Asserting response time 179ms is below 30000ms
07:19:47.926 [TestNG-PoolService-4] INFO  RestClient - --> GET /booking/{id}
07:19:48.088 [TestNG-PoolService-4] INFO  RestClient - <-- GET /booking/{id} responded 404 in 161 ms
07:19:48.088 [TestNG-PoolService-4] INFO  ApiAssertions - Asserting status code is 404
07:19:48.088 [TestNG-PoolService-4] INFO  BookingSteps - Confirmed booking 4660 is gone
07:19:48.090 [TestNG-PoolService-4] INFO  Hooks - ### SCENARIO END: Full booking lifecycle - create, read, update, delete using "booking-no-additional-needs.json" -> PASSED
