08:02:31.048 [TestNG-PoolService-3] INFO  Hooks - ### SCENARIO START: Full booking lifecycle - create, read, update, delete using "booking-no-additional-needs.json"
08:02:31.049 [TestNG-PoolService-3] INFO  Hooks - Obtaining auth token for an @auth scenario
08:02:31.050 [TestNG-PoolService-3] INFO  RestClient - --> POST /auth
08:02:31.454 [TestNG-PoolService-3] INFO  RestClient - <-- POST /auth responded 200 in 404 ms
08:02:31.468 [TestNG-PoolService-3] INFO  JsonDataReader - Loaded test data 'booking-no-additional-needs.json' with dynamic values resolved
08:02:31.468 [TestNG-PoolService-3] DEBUG BookingSteps - Payload from test data file booking-no-additional-needs.json: Booking(firstname=Sanjuana, lastname=Altenwerth, totalprice=114, depositpaid=false, bookingdates=BookingDates(checkin=2026-09-30, checkout=2026-10-02), additionalneeds=null)
08:02:31.472 [TestNG-PoolService-3] INFO  RestClient - --> POST /booking
08:02:31.856 [TestNG-PoolService-3] INFO  RestClient - <-- POST /booking responded 200 in 384 ms
08:02:31.856 [TestNG-PoolService-3] INFO  ApiAssertions - Asserting status code is 200
08:02:31.856 [TestNG-PoolService-3] INFO  ApiAssertions - Asserting content type is JSON
08:02:31.857 [TestNG-PoolService-3] INFO  ApiAssertions - Asserting body is not empty
08:02:31.875 [TestNG-PoolService-3] INFO  ApiAssertions - Asserting field 'bookingid' is present
08:02:31.876 [TestNG-PoolService-3] INFO  ApiAssertions - Asserting response time 350ms is below 30000ms
08:02:31.888 [TestNG-PoolService-3] INFO  BookingSteps - Created booking id 593
08:02:31.889 [TestNG-PoolService-3] INFO  RestClient - --> GET /booking/{id}
08:02:32.307 [TestNG-PoolService-3] INFO  RestClient - <-- GET /booking/{id} responded 200 in 411 ms
08:02:32.310 [TestNG-PoolService-3] INFO  ApiAssertions - Asserting status code is 200
08:02:32.310 [TestNG-PoolService-3] INFO  ApiAssertions - Asserting content type is JSON
08:02:32.310 [TestNG-PoolService-3] INFO  ApiAssertions - Asserting body is not empty
08:02:32.317 [TestNG-PoolService-3] INFO  JsonDataReader - Loaded test data 'booking-long-stay.json' with dynamic values resolved
08:02:32.317 [TestNG-PoolService-3] DEBUG BookingSteps - Payload from test data file booking-long-stay.json: Booking(firstname=Tracie, lastname=Medhurst, totalprice=7717, depositpaid=true, bookingdates=BookingDates(checkin=2026-11-28, checkout=2027-01-27), additionalneeds=Airport transfer)
08:02:32.324 [TestNG-PoolService-3] INFO  RestClient - --> PUT /booking/{id}
08:02:32.691 [TestNG-PoolService-3] INFO  RestClient - <-- PUT /booking/{id} responded 200 in 367 ms
08:02:32.691 [TestNG-PoolService-3] INFO  BookingSteps - Updated booking 593 from booking-long-stay.json
08:02:32.691 [TestNG-PoolService-3] INFO  ApiAssertions - Asserting status code is 200
08:02:32.691 [TestNG-PoolService-3] INFO  ApiAssertions - Asserting response time 342ms is below 30000ms
08:02:32.693 [TestNG-PoolService-3] INFO  RestClient - --> GET /booking/{id}
08:02:33.077 [TestNG-PoolService-3] INFO  RestClient - <-- GET /booking/{id} responded 200 in 384 ms
08:02:33.077 [TestNG-PoolService-3] INFO  ApiAssertions - Asserting status code is 200
08:02:33.078 [TestNG-PoolService-3] INFO  ApiAssertions - Asserting content type is JSON
08:02:33.078 [TestNG-PoolService-3] INFO  ApiAssertions - Asserting body is not empty
08:02:33.081 [TestNG-PoolService-3] INFO  RestClient - --> DELETE /booking/{id}
08:02:33.437 [TestNG-PoolService-3] INFO  RestClient - <-- DELETE /booking/{id} responded 201 in 356 ms
08:02:33.437 [TestNG-PoolService-3] INFO  ApiAssertions - Asserting status code is 201
08:02:33.438 [TestNG-PoolService-3] INFO  ApiAssertions - Asserting response time 346ms is below 30000ms
08:02:33.439 [TestNG-PoolService-3] INFO  RestClient - --> GET /booking/{id}
08:02:33.803 [TestNG-PoolService-3] INFO  RestClient - <-- GET /booking/{id} responded 404 in 364 ms
08:02:33.804 [TestNG-PoolService-3] INFO  ApiAssertions - Asserting status code is 404
08:02:33.804 [TestNG-PoolService-3] INFO  BookingSteps - Confirmed booking 593 is gone
08:02:33.805 [TestNG-PoolService-3] INFO  Hooks - ### SCENARIO END: Full booking lifecycle - create, read, update, delete using "booking-no-additional-needs.json" -> PASSED
