07:06:49.084 [TestNG-PoolService-3] INFO  Hooks - ### SCENARIO START: Full booking lifecycle - create, read, update, delete using "create-booking.json"
07:06:49.086 [TestNG-PoolService-3] INFO  Hooks - Obtaining auth token for an @auth scenario
07:06:49.092 [TestNG-PoolService-3] INFO  RestClient - --> POST /auth
07:06:49.499 [TestNG-PoolService-3] INFO  RestClient - <-- POST /auth responded 200 in 406 ms
07:06:49.510 [TestNG-PoolService-3] INFO  JsonDataReader - Loaded test data 'create-booking.json' with dynamic values resolved
07:06:49.511 [TestNG-PoolService-3] DEBUG BookingSteps - Payload from test data file create-booking.json: Booking(firstname=Connie, lastname=Kohler, totalprice=511, depositpaid=true, bookingdates=BookingDates(checkin=2026-09-17, checkout=2026-09-24), additionalneeds=Tiramisù)
07:06:49.513 [TestNG-PoolService-3] INFO  RestClient - --> POST /booking
07:06:49.894 [TestNG-PoolService-3] INFO  RestClient - <-- POST /booking responded 200 in 381 ms
07:06:49.896 [TestNG-PoolService-3] INFO  ApiAssertions - Asserting status code is 200
07:06:49.896 [TestNG-PoolService-3] INFO  ApiAssertions - Asserting content type is JSON
07:06:49.896 [TestNG-PoolService-3] INFO  ApiAssertions - Asserting body is not empty
07:06:49.918 [TestNG-PoolService-3] INFO  ApiAssertions - Asserting field 'bookingid' is present
07:06:49.918 [TestNG-PoolService-3] INFO  ApiAssertions - Asserting response time 360ms is below 30000ms
07:06:49.924 [TestNG-PoolService-3] INFO  BookingSteps - Created booking id 2964
07:06:49.926 [TestNG-PoolService-3] INFO  RestClient - --> GET /booking/{id}
07:06:50.329 [TestNG-PoolService-3] INFO  RestClient - <-- GET /booking/{id} responded 200 in 403 ms
07:06:50.330 [TestNG-PoolService-3] INFO  ApiAssertions - Asserting status code is 200
07:06:50.330 [TestNG-PoolService-3] INFO  ApiAssertions - Asserting content type is JSON
07:06:50.330 [TestNG-PoolService-3] INFO  ApiAssertions - Asserting body is not empty
07:06:50.334 [TestNG-PoolService-3] INFO  JsonDataReader - Loaded test data 'update-booking.json' with dynamic values resolved
07:06:50.335 [TestNG-PoolService-3] DEBUG BookingSteps - Payload from test data file update-booking.json: Booking(firstname=Bill, lastname=Sawayn, totalprice=2748, depositpaid=false, bookingdates=BookingDates(checkin=2026-10-10, checkout=2026-10-25), additionalneeds=Late checkout)
07:06:50.344 [TestNG-PoolService-3] INFO  RestClient - --> PUT /booking/{id}
07:06:50.725 [TestNG-PoolService-3] INFO  RestClient - <-- PUT /booking/{id} responded 200 in 381 ms
07:06:50.726 [TestNG-PoolService-3] INFO  BookingSteps - Updated booking 2964 from update-booking.json
07:06:50.726 [TestNG-PoolService-3] INFO  ApiAssertions - Asserting status code is 200
07:06:50.727 [TestNG-PoolService-3] INFO  ApiAssertions - Asserting response time 366ms is below 30000ms
07:06:50.729 [TestNG-PoolService-3] INFO  RestClient - --> GET /booking/{id}
07:06:51.094 [TestNG-PoolService-3] INFO  RestClient - <-- GET /booking/{id} responded 200 in 365 ms
07:06:51.095 [TestNG-PoolService-3] INFO  ApiAssertions - Asserting status code is 200
07:06:51.095 [TestNG-PoolService-3] INFO  ApiAssertions - Asserting content type is JSON
07:06:51.096 [TestNG-PoolService-3] INFO  ApiAssertions - Asserting body is not empty
07:06:51.106 [TestNG-PoolService-3] INFO  RestClient - --> DELETE /booking/{id}
07:06:51.476 [TestNG-PoolService-3] INFO  RestClient - <-- DELETE /booking/{id} responded 201 in 370 ms
07:06:51.477 [TestNG-PoolService-3] INFO  ApiAssertions - Asserting status code is 201
07:06:51.477 [TestNG-PoolService-3] INFO  ApiAssertions - Asserting response time 359ms is below 30000ms
07:06:51.479 [TestNG-PoolService-3] INFO  RestClient - --> GET /booking/{id}
07:06:51.847 [TestNG-PoolService-3] INFO  RestClient - <-- GET /booking/{id} responded 404 in 368 ms
07:06:51.847 [TestNG-PoolService-3] INFO  ApiAssertions - Asserting status code is 404
07:06:51.847 [TestNG-PoolService-3] INFO  BookingSteps - Confirmed booking 2964 is gone
07:06:51.848 [TestNG-PoolService-3] INFO  Hooks - ### SCENARIO END: Full booking lifecycle - create, read, update, delete using "create-booking.json" -> PASSED
