08:09:36.896 [TestNG-PoolService-2] INFO  Hooks - ### SCENARIO START: Full booking lifecycle - create, read, update, delete using "create-booking.json"
08:09:36.903 [TestNG-PoolService-2] INFO  Hooks - Obtaining auth token for an @auth scenario
08:09:36.909 [TestNG-PoolService-2] INFO  RestClient - --> POST /auth
08:09:36.986 [TestNG-PoolService-2] INFO  RestClient - <-- POST /auth responded 200 in 77 ms
08:09:37.245 [TestNG-PoolService-2] INFO  JsonDataReader - Loaded test data 'create-booking.json' with dynamic values resolved
08:09:37.254 [TestNG-PoolService-2] DEBUG BookingSteps - Payload from test data file create-booking.json: Booking(firstname=Sherrill, lastname=Upton, totalprice=324, depositpaid=true, bookingdates=BookingDates(checkin=2026-10-07, checkout=2026-10-14), additionalneeds=Souvlaki)
08:09:37.257 [TestNG-PoolService-2] INFO  RestClient - --> POST /booking
08:09:37.354 [TestNG-PoolService-2] INFO  RestClient - <-- POST /booking responded 200 in 97 ms
08:09:37.355 [TestNG-PoolService-2] INFO  ApiAssertions - Asserting status code is 200
08:09:37.356 [TestNG-PoolService-2] INFO  ApiAssertions - Asserting content type is JSON
08:09:37.356 [TestNG-PoolService-2] INFO  ApiAssertions - Asserting body is not empty
08:09:37.395 [TestNG-PoolService-2] INFO  ApiAssertions - Asserting field 'bookingid' is present
08:09:37.395 [TestNG-PoolService-2] INFO  ApiAssertions - Asserting response time 44ms is below 30000ms
08:09:37.401 [TestNG-PoolService-2] INFO  BookingSteps - Created booking id 4432
08:09:37.406 [TestNG-PoolService-2] INFO  RestClient - --> GET /booking/{id}
08:09:37.518 [TestNG-PoolService-2] INFO  RestClient - <-- GET /booking/{id} responded 200 in 112 ms
08:09:37.519 [TestNG-PoolService-2] INFO  ApiAssertions - Asserting status code is 200
08:09:37.519 [TestNG-PoolService-2] INFO  ApiAssertions - Asserting content type is JSON
08:09:37.519 [TestNG-PoolService-2] INFO  ApiAssertions - Asserting body is not empty
08:09:37.527 [TestNG-PoolService-2] INFO  JsonDataReader - Loaded test data 'update-booking.json' with dynamic values resolved
08:09:37.531 [TestNG-PoolService-2] DEBUG BookingSteps - Payload from test data file update-booking.json: Booking(firstname=Belva, lastname=Brown, totalprice=1053, depositpaid=false, bookingdates=BookingDates(checkin=2026-10-30, checkout=2026-11-14), additionalneeds=Late checkout)
08:09:37.542 [TestNG-PoolService-2] INFO  RestClient - --> PUT /booking/{id}
08:09:37.634 [TestNG-PoolService-2] INFO  RestClient - <-- PUT /booking/{id} responded 200 in 92 ms
08:09:37.634 [TestNG-PoolService-2] INFO  BookingSteps - Updated booking 4432 from update-booking.json
08:09:37.636 [TestNG-PoolService-2] INFO  ApiAssertions - Asserting status code is 200
08:09:37.636 [TestNG-PoolService-2] INFO  ApiAssertions - Asserting response time 51ms is below 30000ms
08:09:37.638 [TestNG-PoolService-2] INFO  RestClient - --> GET /booking/{id}
08:09:37.712 [TestNG-PoolService-2] INFO  RestClient - <-- GET /booking/{id} responded 200 in 74 ms
08:09:37.712 [TestNG-PoolService-2] INFO  ApiAssertions - Asserting status code is 200
08:09:37.712 [TestNG-PoolService-2] INFO  ApiAssertions - Asserting content type is JSON
08:09:37.713 [TestNG-PoolService-2] INFO  ApiAssertions - Asserting body is not empty
08:09:37.720 [TestNG-PoolService-2] INFO  RestClient - --> DELETE /booking/{id}
08:09:37.776 [TestNG-PoolService-2] INFO  RestClient - <-- DELETE /booking/{id} responded 201 in 56 ms
08:09:37.782 [TestNG-PoolService-2] INFO  ApiAssertions - Asserting status code is 201
08:09:37.782 [TestNG-PoolService-2] INFO  ApiAssertions - Asserting response time 33ms is below 30000ms
08:09:37.787 [TestNG-PoolService-2] INFO  RestClient - --> GET /booking/{id}
08:09:37.847 [TestNG-PoolService-2] INFO  RestClient - <-- GET /booking/{id} responded 404 in 60 ms
08:09:37.848 [TestNG-PoolService-2] INFO  ApiAssertions - Asserting status code is 404
08:09:37.848 [TestNG-PoolService-2] INFO  BookingSteps - Confirmed booking 4432 is gone
08:09:37.850 [TestNG-PoolService-2] INFO  Hooks - ### SCENARIO END: Full booking lifecycle - create, read, update, delete using "create-booking.json" -> PASSED
