08:09:36.898 [TestNG-PoolService-3] INFO  Hooks - ### SCENARIO START: Full booking lifecycle - create, read, update, delete using "booking-no-additional-needs.json"
08:09:36.899 [TestNG-PoolService-3] INFO  Hooks - Obtaining auth token for an @auth scenario
08:09:36.901 [TestNG-PoolService-3] INFO  RestClient - --> POST /auth
08:09:36.976 [TestNG-PoolService-3] INFO  RestClient - <-- POST /auth responded 200 in 75 ms
08:09:37.219 [TestNG-PoolService-3] INFO  JsonDataReader - Loaded test data 'booking-no-additional-needs.json' with dynamic values resolved
08:09:37.256 [TestNG-PoolService-3] DEBUG BookingSteps - Payload from test data file booking-no-additional-needs.json: Booking(firstname=Elyse, lastname=Stamm, totalprice=66, depositpaid=false, bookingdates=BookingDates(checkin=2026-10-01, checkout=2026-10-03), additionalneeds=null)
08:09:37.260 [TestNG-PoolService-3] INFO  RestClient - --> POST /booking
08:09:37.352 [TestNG-PoolService-3] INFO  RestClient - <-- POST /booking responded 200 in 92 ms
08:09:37.353 [TestNG-PoolService-3] INFO  ApiAssertions - Asserting status code is 200
08:09:37.353 [TestNG-PoolService-3] INFO  ApiAssertions - Asserting content type is JSON
08:09:37.353 [TestNG-PoolService-3] INFO  ApiAssertions - Asserting body is not empty
08:09:37.396 [TestNG-PoolService-3] INFO  ApiAssertions - Asserting field 'bookingid' is present
08:09:37.397 [TestNG-PoolService-3] INFO  ApiAssertions - Asserting response time 45ms is below 30000ms
08:09:37.406 [TestNG-PoolService-3] INFO  BookingSteps - Created booking id 4429
08:09:37.408 [TestNG-PoolService-3] INFO  RestClient - --> GET /booking/{id}
08:09:37.522 [TestNG-PoolService-3] INFO  RestClient - <-- GET /booking/{id} responded 200 in 112 ms
08:09:37.522 [TestNG-PoolService-3] INFO  ApiAssertions - Asserting status code is 200
08:09:37.522 [TestNG-PoolService-3] INFO  ApiAssertions - Asserting content type is JSON
08:09:37.523 [TestNG-PoolService-3] INFO  ApiAssertions - Asserting body is not empty
08:09:37.528 [TestNG-PoolService-3] INFO  JsonDataReader - Loaded test data 'booking-long-stay.json' with dynamic values resolved
08:09:37.528 [TestNG-PoolService-3] DEBUG BookingSteps - Payload from test data file booking-long-stay.json: Booking(firstname=Glenda, lastname=Pfeffer, totalprice=8333, depositpaid=true, bookingdates=BookingDates(checkin=2026-11-29, checkout=2027-01-28), additionalneeds=Airport transfer)
08:09:37.544 [TestNG-PoolService-3] INFO  RestClient - --> PUT /booking/{id}
08:09:37.633 [TestNG-PoolService-3] INFO  RestClient - <-- PUT /booking/{id} responded 200 in 89 ms
08:09:37.633 [TestNG-PoolService-3] INFO  BookingSteps - Updated booking 4429 from booking-long-stay.json
08:09:37.635 [TestNG-PoolService-3] INFO  ApiAssertions - Asserting status code is 200
08:09:37.639 [TestNG-PoolService-3] INFO  ApiAssertions - Asserting response time 47ms is below 30000ms
08:09:37.640 [TestNG-PoolService-3] INFO  RestClient - --> GET /booking/{id}
08:09:37.706 [TestNG-PoolService-3] INFO  RestClient - <-- GET /booking/{id} responded 200 in 66 ms
08:09:37.707 [TestNG-PoolService-3] INFO  ApiAssertions - Asserting status code is 200
08:09:37.710 [TestNG-PoolService-3] INFO  ApiAssertions - Asserting content type is JSON
08:09:37.710 [TestNG-PoolService-3] INFO  ApiAssertions - Asserting body is not empty
08:09:37.720 [TestNG-PoolService-3] INFO  RestClient - --> DELETE /booking/{id}
08:09:37.778 [TestNG-PoolService-3] INFO  RestClient - <-- DELETE /booking/{id} responded 201 in 58 ms
08:09:37.779 [TestNG-PoolService-3] INFO  ApiAssertions - Asserting status code is 201
08:09:37.780 [TestNG-PoolService-3] INFO  ApiAssertions - Asserting response time 37ms is below 30000ms
08:09:37.781 [TestNG-PoolService-3] INFO  RestClient - --> GET /booking/{id}
08:09:37.848 [TestNG-PoolService-3] INFO  RestClient - <-- GET /booking/{id} responded 404 in 67 ms
08:09:37.848 [TestNG-PoolService-3] INFO  ApiAssertions - Asserting status code is 404
08:09:37.848 [TestNG-PoolService-3] INFO  BookingSteps - Confirmed booking 4429 is gone
08:09:37.853 [TestNG-PoolService-3] INFO  Hooks - ### SCENARIO END: Full booking lifecycle - create, read, update, delete using "booking-no-additional-needs.json" -> PASSED
