07:06:48.756 [TestNG-PoolService-2] INFO  Hooks - ### SCENARIO START: Partially update booking name to "Sara Ali"
07:06:48.756 [TestNG-PoolService-2] INFO  Hooks - Obtaining auth token for an @auth scenario
07:06:48.758 [TestNG-PoolService-2] INFO  RestClient - --> POST /auth
07:06:49.048 [TestNG-PoolService-2] INFO  RestClient - <-- POST /auth responded 200 in 290 ms
07:06:49.049 [TestNG-PoolService-2] DEBUG BookingSteps - Payload from generated data: Booking(firstname=Ervin, lastname=Greenfelder, totalprice=540, depositpaid=true, bookingdates=BookingDates(checkin=2026-09-27, checkout=2026-10-05), additionalneeds=Som Tam)
07:06:49.050 [TestNG-PoolService-2] INFO  RestClient - --> POST /booking
07:06:49.330 [TestNG-PoolService-2] INFO  RestClient - <-- POST /booking responded 200 in 280 ms
07:06:49.333 [TestNG-PoolService-2] INFO  ApiAssertions - Asserting status code is 200
07:06:49.333 [TestNG-PoolService-2] INFO  ApiAssertions - Asserting content type is JSON
07:06:49.333 [TestNG-PoolService-2] INFO  ApiAssertions - Asserting body is not empty
07:06:49.342 [TestNG-PoolService-2] INFO  ApiAssertions - Asserting field 'bookingid' is present
07:06:49.343 [TestNG-PoolService-2] INFO  ApiAssertions - Asserting response time 272ms is below 30000ms
07:06:49.345 [TestNG-PoolService-2] INFO  BookingSteps - Created booking id 2895
07:06:49.347 [TestNG-PoolService-2] INFO  RestClient - --> PATCH /booking/{id}
07:06:49.632 [TestNG-PoolService-2] INFO  RestClient - <-- PATCH /booking/{id} responded 200 in 285 ms
07:06:49.632 [TestNG-PoolService-2] INFO  ApiAssertions - Asserting status code is 200
07:06:49.632 [TestNG-PoolService-2] INFO  ApiAssertions - Asserting response time 278ms is below 30000ms
07:06:49.633 [TestNG-PoolService-2] INFO  RestClient - --> GET /booking/{id}
07:06:49.922 [TestNG-PoolService-2] INFO  RestClient - <-- GET /booking/{id} responded 200 in 289 ms
07:06:49.923 [TestNG-PoolService-2] INFO  ApiAssertions - Asserting status code is 200
07:06:49.923 [TestNG-PoolService-2] INFO  ApiAssertions - Asserting content type is JSON
07:06:49.923 [TestNG-PoolService-2] INFO  ApiAssertions - Asserting body is not empty
07:06:49.925 [TestNG-PoolService-2] INFO  Hooks - Cleaning up booking 2895
07:06:49.925 [TestNG-PoolService-2] INFO  RestClient - --> DELETE /booking/{id}
07:06:50.200 [TestNG-PoolService-2] INFO  RestClient - <-- DELETE /booking/{id} responded 201 in 275 ms
07:06:50.201 [TestNG-PoolService-2] INFO  Hooks - ### SCENARIO END: Partially update booking name to "Sara Ali" -> PASSED
