07:33:10.197 [TestNG-PoolService-2] INFO  Hooks - ### SCENARIO START: Partially update booking name to "Sara Ali"
07:33:10.197 [TestNG-PoolService-2] INFO  Hooks - Obtaining auth token for an @auth scenario
07:33:10.198 [TestNG-PoolService-2] INFO  RestClient - --> POST /auth
07:33:10.460 [TestNG-PoolService-2] INFO  RestClient - <-- POST /auth responded 200 in 262 ms
07:33:10.463 [TestNG-PoolService-2] DEBUG BookingSteps - Payload from generated data: Booking(firstname=Debi, lastname=Moore, totalprice=783, depositpaid=false, bookingdates=BookingDates(checkin=2026-10-11, checkout=2026-10-15), additionalneeds=Tacos)
07:33:10.464 [TestNG-PoolService-2] INFO  RestClient - --> POST /booking
07:33:10.726 [TestNG-PoolService-2] INFO  RestClient - <-- POST /booking responded 200 in 262 ms
07:33:10.726 [TestNG-PoolService-2] INFO  ApiAssertions - Asserting status code is 200
07:33:10.727 [TestNG-PoolService-2] INFO  ApiAssertions - Asserting content type is JSON
07:33:10.727 [TestNG-PoolService-2] INFO  ApiAssertions - Asserting body is not empty
07:33:10.737 [TestNG-PoolService-2] INFO  ApiAssertions - Asserting field 'bookingid' is present
07:33:10.737 [TestNG-PoolService-2] INFO  ApiAssertions - Asserting response time 252ms is below 30000ms
07:33:10.739 [TestNG-PoolService-2] INFO  BookingSteps - Created booking id 1182
07:33:10.741 [TestNG-PoolService-2] INFO  RestClient - --> PATCH /booking/{id}
07:33:10.973 [TestNG-PoolService-2] INFO  RestClient - <-- PATCH /booking/{id} responded 200 in 232 ms
07:33:10.973 [TestNG-PoolService-2] INFO  ApiAssertions - Asserting status code is 200
07:33:10.974 [TestNG-PoolService-2] INFO  ApiAssertions - Asserting response time 222ms is below 30000ms
07:33:10.975 [TestNG-PoolService-2] INFO  RestClient - --> GET /booking/{id}
07:33:11.235 [TestNG-PoolService-2] INFO  RestClient - <-- GET /booking/{id} responded 200 in 260 ms
07:33:11.236 [TestNG-PoolService-2] INFO  ApiAssertions - Asserting status code is 200
07:33:11.236 [TestNG-PoolService-2] INFO  ApiAssertions - Asserting content type is JSON
07:33:11.236 [TestNG-PoolService-2] INFO  ApiAssertions - Asserting body is not empty
07:33:11.238 [TestNG-PoolService-2] INFO  Hooks - Cleaning up booking 1182
07:33:11.239 [TestNG-PoolService-2] INFO  RestClient - --> DELETE /booking/{id}
07:33:11.497 [TestNG-PoolService-2] INFO  RestClient - <-- DELETE /booking/{id} responded 201 in 258 ms
07:33:11.497 [TestNG-PoolService-2] INFO  Hooks - ### SCENARIO END: Partially update booking name to "Sara Ali" -> PASSED
