08:16:59.150 [TestNG-PoolService-4] INFO  Hooks - ### SCENARIO START: Partially update booking name to "Sara Ali"
08:16:59.151 [TestNG-PoolService-4] INFO  Hooks - Obtaining auth token for an @auth scenario
08:16:59.155 [TestNG-PoolService-4] INFO  RestClient - --> POST /auth
08:16:59.395 [TestNG-PoolService-4] INFO  RestClient - <-- POST /auth responded 200 in 240 ms
08:16:59.397 [TestNG-PoolService-4] DEBUG BookingSteps - Payload from generated data: Booking(firstname=Shanae, lastname=Dooley, totalprice=1164, depositpaid=true, bookingdates=BookingDates(checkin=2026-10-30, checkout=2026-10-31), additionalneeds=Philadelphia Maki)
08:16:59.398 [TestNG-PoolService-4] INFO  RestClient - --> POST /booking
08:16:59.645 [TestNG-PoolService-4] INFO  RestClient - <-- POST /booking responded 200 in 247 ms
08:16:59.646 [TestNG-PoolService-4] INFO  ApiAssertions - Asserting status code is 200
08:16:59.646 [TestNG-PoolService-4] INFO  ApiAssertions - Asserting content type is JSON
08:16:59.646 [TestNG-PoolService-4] INFO  ApiAssertions - Asserting body is not empty
08:16:59.658 [TestNG-PoolService-4] INFO  ApiAssertions - Asserting field 'bookingid' is present
08:16:59.658 [TestNG-PoolService-4] INFO  ApiAssertions - Asserting response time 232ms is below 30000ms
08:16:59.661 [TestNG-PoolService-4] INFO  BookingSteps - Created booking id 3126
08:16:59.663 [TestNG-PoolService-4] INFO  RestClient - --> PATCH /booking/{id}
08:16:59.916 [TestNG-PoolService-4] INFO  RestClient - <-- PATCH /booking/{id} responded 200 in 252 ms
08:16:59.917 [TestNG-PoolService-4] INFO  ApiAssertions - Asserting status code is 200
08:16:59.918 [TestNG-PoolService-4] INFO  ApiAssertions - Asserting response time 238ms is below 30000ms
08:16:59.920 [TestNG-PoolService-4] INFO  RestClient - --> GET /booking/{id}
08:17:00.188 [TestNG-PoolService-4] INFO  RestClient - <-- GET /booking/{id} responded 200 in 268 ms
08:17:00.189 [TestNG-PoolService-4] INFO  ApiAssertions - Asserting status code is 200
08:17:00.189 [TestNG-PoolService-4] INFO  ApiAssertions - Asserting content type is JSON
08:17:00.189 [TestNG-PoolService-4] INFO  ApiAssertions - Asserting body is not empty
08:17:00.191 [TestNG-PoolService-4] INFO  Hooks - Cleaning up booking 3126
08:17:00.192 [TestNG-PoolService-4] INFO  RestClient - --> DELETE /booking/{id}
08:17:00.444 [TestNG-PoolService-4] INFO  RestClient - <-- DELETE /booking/{id} responded 201 in 252 ms
08:17:00.445 [TestNG-PoolService-4] INFO  Hooks - ### SCENARIO END: Partially update booking name to "Sara Ali" -> PASSED
