07:27:33.274 [TestNG-PoolService-2] INFO  Hooks - ### SCENARIO START: Partially update booking name to "Sara Ali"
07:27:33.275 [TestNG-PoolService-2] INFO  Hooks - Obtaining auth token for an @auth scenario
07:27:33.279 [TestNG-PoolService-2] INFO  RestClient - --> POST /auth
07:27:33.650 [TestNG-PoolService-2] INFO  RestClient - <-- POST /auth responded 200 in 371 ms
07:27:33.652 [TestNG-PoolService-2] DEBUG BookingSteps - Payload from generated data: Booking(firstname=Nancey, lastname=Sipes, totalprice=1649, depositpaid=true, bookingdates=BookingDates(checkin=2026-10-04, checkout=2026-10-14), additionalneeds=Linguine with Clams)
07:27:33.653 [TestNG-PoolService-2] INFO  RestClient - --> POST /booking
07:27:34.025 [TestNG-PoolService-2] INFO  RestClient - <-- POST /booking responded 200 in 372 ms
07:27:34.025 [TestNG-PoolService-2] INFO  ApiAssertions - Asserting status code is 200
07:27:34.026 [TestNG-PoolService-2] INFO  ApiAssertions - Asserting content type is JSON
07:27:34.026 [TestNG-PoolService-2] INFO  ApiAssertions - Asserting body is not empty
07:27:34.034 [TestNG-PoolService-2] INFO  ApiAssertions - Asserting field 'bookingid' is present
07:27:34.034 [TestNG-PoolService-2] INFO  ApiAssertions - Asserting response time 361ms is below 30000ms
07:27:34.036 [TestNG-PoolService-2] INFO  BookingSteps - Created booking id 4198
07:27:34.037 [TestNG-PoolService-2] INFO  RestClient - --> PATCH /booking/{id}
07:27:34.402 [TestNG-PoolService-2] INFO  RestClient - <-- PATCH /booking/{id} responded 200 in 364 ms
07:27:34.403 [TestNG-PoolService-2] INFO  ApiAssertions - Asserting status code is 200
07:27:34.403 [TestNG-PoolService-2] INFO  ApiAssertions - Asserting response time 356ms is below 30000ms
07:27:34.404 [TestNG-PoolService-2] INFO  RestClient - --> GET /booking/{id}
07:27:34.752 [TestNG-PoolService-2] INFO  RestClient - <-- GET /booking/{id} responded 200 in 348 ms
07:27:34.753 [TestNG-PoolService-2] INFO  ApiAssertions - Asserting status code is 200
07:27:34.753 [TestNG-PoolService-2] INFO  ApiAssertions - Asserting content type is JSON
07:27:34.753 [TestNG-PoolService-2] INFO  ApiAssertions - Asserting body is not empty
07:27:34.755 [TestNG-PoolService-2] INFO  Hooks - Cleaning up booking 4198
07:27:34.756 [TestNG-PoolService-2] INFO  RestClient - --> DELETE /booking/{id}
07:27:35.121 [TestNG-PoolService-2] INFO  RestClient - <-- DELETE /booking/{id} responded 201 in 365 ms
07:27:35.121 [TestNG-PoolService-2] INFO  Hooks - ### SCENARIO END: Partially update booking name to "Sara Ali" -> PASSED
