06:58:42.904 [TestNG-PoolService-3] INFO  Hooks - ### SCENARIO START: Partially update booking name to "Mohamed AbdElghany"
06:58:42.905 [TestNG-PoolService-3] INFO  Hooks - Obtaining auth token for an @auth scenario
06:58:42.908 [TestNG-PoolService-3] INFO  RestClient - --> POST /auth
06:58:43.285 [TestNG-PoolService-3] INFO  RestClient - <-- POST /auth responded 200 in 377 ms
06:58:43.289 [TestNG-PoolService-3] DEBUG BookingSteps - Payload from generated data: Booking(firstname=Donetta, lastname=Mohr, totalprice=1231, depositpaid=true, bookingdates=BookingDates(checkin=2026-09-13, checkout=2026-09-20), additionalneeds=Philadelphia Maki)
06:58:43.290 [TestNG-PoolService-3] INFO  RestClient - --> POST /booking
06:58:43.674 [TestNG-PoolService-3] INFO  RestClient - <-- POST /booking responded 200 in 384 ms
06:58:43.675 [TestNG-PoolService-3] INFO  ApiAssertions - Asserting status code is 200
06:58:43.675 [TestNG-PoolService-3] INFO  ApiAssertions - Asserting content type is JSON
06:58:43.675 [TestNG-PoolService-3] INFO  ApiAssertions - Asserting body is not empty
06:58:43.686 [TestNG-PoolService-3] INFO  ApiAssertions - Asserting field 'bookingid' is present
06:58:43.686 [TestNG-PoolService-3] INFO  ApiAssertions - Asserting response time 375ms is below 30000ms
06:58:43.689 [TestNG-PoolService-3] INFO  BookingSteps - Created booking id 4454
06:58:43.691 [TestNG-PoolService-3] INFO  RestClient - --> PATCH /booking/{id}
06:58:44.055 [TestNG-PoolService-3] INFO  RestClient - <-- PATCH /booking/{id} responded 200 in 364 ms
06:58:44.056 [TestNG-PoolService-3] INFO  ApiAssertions - Asserting status code is 200
06:58:44.056 [TestNG-PoolService-3] INFO  ApiAssertions - Asserting response time 349ms is below 30000ms
06:58:44.058 [TestNG-PoolService-3] INFO  RestClient - --> GET /booking/{id}
06:58:44.409 [TestNG-PoolService-3] INFO  RestClient - <-- GET /booking/{id} responded 200 in 351 ms
06:58:44.410 [TestNG-PoolService-3] INFO  ApiAssertions - Asserting status code is 200
06:58:44.410 [TestNG-PoolService-3] INFO  ApiAssertions - Asserting content type is JSON
06:58:44.410 [TestNG-PoolService-3] INFO  ApiAssertions - Asserting body is not empty
06:58:44.413 [TestNG-PoolService-3] INFO  Hooks - Cleaning up booking 4454
06:58:44.414 [TestNG-PoolService-3] INFO  RestClient - --> DELETE /booking/{id}
06:58:44.796 [TestNG-PoolService-3] INFO  RestClient - <-- DELETE /booking/{id} responded 201 in 382 ms
06:58:44.797 [TestNG-PoolService-3] INFO  Hooks - ### SCENARIO END: Partially update booking name to "Mohamed AbdElghany" -> PASSED
