12:27:12.550 [TestNG-PoolService-2] INFO  Hooks - ### SCENARIO START: Full booking lifecycle - create, read, update, delete using "booking-no-additional-needs.json"
12:27:12.557 [TestNG-PoolService-2] INFO  Hooks - Obtaining auth token for an @auth scenario
12:27:12.559 [TestNG-PoolService-2] INFO  RestClient - --> POST /auth
12:27:12.951 [TestNG-PoolService-2] INFO  RestClient - <-- POST /auth responded 200 in 392 ms
12:27:12.956 [TestNG-PoolService-2] INFO  JsonDataReader - Loaded test data 'booking-no-additional-needs.json' with dynamic values resolved
12:27:12.957 [TestNG-PoolService-2] DEBUG BookingSteps - Payload from test data file booking-no-additional-needs.json: Booking(firstname=Jerrold, lastname=Mosciski, totalprice=124, depositpaid=false, bookingdates=BookingDates(checkin=2026-08-28, checkout=2026-08-30), additionalneeds=null)
12:27:12.961 [TestNG-PoolService-2] INFO  RestClient - --> POST /booking
12:27:13.349 [TestNG-PoolService-2] INFO  RestClient - <-- POST /booking responded 200 in 388 ms
12:27:13.349 [TestNG-PoolService-2] INFO  ApiAssertions - Asserting status code is 200
12:27:13.350 [TestNG-PoolService-2] INFO  ApiAssertions - Asserting content type is JSON
12:27:13.353 [TestNG-PoolService-2] INFO  ApiAssertions - Asserting body is not empty
12:27:13.373 [TestNG-PoolService-2] INFO  ApiAssertions - Asserting field 'bookingid' is present
12:27:13.376 [TestNG-PoolService-2] INFO  ApiAssertions - Asserting response time 361ms is below 30000ms
12:27:13.382 [TestNG-PoolService-2] INFO  BookingSteps - Created booking id 3685
12:27:13.384 [TestNG-PoolService-2] INFO  RestClient - --> GET /booking/{id}
12:27:13.788 [TestNG-PoolService-2] INFO  RestClient - <-- GET /booking/{id} responded 200 in 404 ms
12:27:13.792 [TestNG-PoolService-2] INFO  ApiAssertions - Asserting status code is 200
12:27:13.792 [TestNG-PoolService-2] INFO  ApiAssertions - Asserting content type is JSON
12:27:13.792 [TestNG-PoolService-2] INFO  ApiAssertions - Asserting body is not empty
12:27:13.798 [TestNG-PoolService-2] INFO  JsonDataReader - Loaded test data 'booking-long-stay.json' with dynamic values resolved
12:27:13.799 [TestNG-PoolService-2] DEBUG BookingSteps - Payload from test data file booking-long-stay.json: Booking(firstname=Polly, lastname=Hodkiewicz, totalprice=4395, depositpaid=true, bookingdates=BookingDates(checkin=2026-10-26, checkout=2026-12-25), additionalneeds=Airport transfer)
12:27:13.803 [TestNG-PoolService-2] INFO  RestClient - --> PUT /booking/{id}
12:27:14.176 [TestNG-PoolService-2] INFO  RestClient - <-- PUT /booking/{id} responded 200 in 371 ms
12:27:14.176 [TestNG-PoolService-2] INFO  BookingSteps - Updated booking 3685 from booking-long-stay.json
12:27:14.177 [TestNG-PoolService-2] INFO  ApiAssertions - Asserting status code is 200
12:27:14.177 [TestNG-PoolService-2] INFO  ApiAssertions - Asserting response time 347ms is below 30000ms
12:27:14.178 [TestNG-PoolService-2] INFO  RestClient - --> GET /booking/{id}
12:27:14.536 [TestNG-PoolService-2] INFO  RestClient - <-- GET /booking/{id} responded 200 in 357 ms
12:27:14.538 [TestNG-PoolService-2] INFO  ApiAssertions - Asserting status code is 200
12:27:14.538 [TestNG-PoolService-2] INFO  ApiAssertions - Asserting content type is JSON
12:27:14.538 [TestNG-PoolService-2] INFO  ApiAssertions - Asserting body is not empty
12:27:14.544 [TestNG-PoolService-2] INFO  RestClient - --> DELETE /booking/{id}
12:27:14.929 [TestNG-PoolService-2] INFO  RestClient - <-- DELETE /booking/{id} responded 201 in 384 ms
12:27:14.930 [TestNG-PoolService-2] INFO  ApiAssertions - Asserting status code is 201
12:27:14.930 [TestNG-PoolService-2] INFO  ApiAssertions - Asserting response time 367ms is below 30000ms
12:27:14.932 [TestNG-PoolService-2] INFO  RestClient - --> GET /booking/{id}
12:27:15.300 [TestNG-PoolService-2] INFO  RestClient - <-- GET /booking/{id} responded 404 in 368 ms
12:27:15.301 [TestNG-PoolService-2] INFO  ApiAssertions - Asserting status code is 404
12:27:15.301 [TestNG-PoolService-2] INFO  BookingSteps - Confirmed booking 3685 is gone
12:27:15.302 [TestNG-PoolService-2] INFO  Hooks - ### SCENARIO END: Full booking lifecycle - create, read, update, delete using "booking-no-additional-needs.json" -> PASSED
