08:43:54.523 [TestNG-PoolService-3] INFO  Hooks - ### SCENARIO START: Partially update booking name to "Mohamed AbdElghany"
08:43:54.523 [TestNG-PoolService-3] INFO  Hooks - Obtaining auth token for an @auth scenario
08:43:54.525 [TestNG-PoolService-3] INFO  RestClient - --> POST /auth
08:43:54.795 [TestNG-PoolService-3] INFO  RestClient - <-- POST /auth responded 200 in 270 ms
08:43:54.799 [TestNG-PoolService-3] DEBUG BookingSteps - Payload from generated data: Booking(firstname=Floretta, lastname=Leannon, totalprice=1180, depositpaid=false, bookingdates=BookingDates(checkin=2026-09-20, checkout=2026-09-30), additionalneeds=Lasagne)
08:43:54.800 [TestNG-PoolService-3] INFO  RestClient - --> POST /booking
08:43:55.068 [TestNG-PoolService-3] INFO  RestClient - <-- POST /booking responded 200 in 268 ms
08:43:55.068 [TestNG-PoolService-3] INFO  ApiAssertions - Asserting status code is 200
08:43:55.069 [TestNG-PoolService-3] INFO  ApiAssertions - Asserting content type is JSON
08:43:55.069 [TestNG-PoolService-3] INFO  ApiAssertions - Asserting body is not empty
08:43:55.081 [TestNG-PoolService-3] INFO  ApiAssertions - Asserting field 'bookingid' is present
08:43:55.081 [TestNG-PoolService-3] INFO  ApiAssertions - Asserting response time 257ms is below 30000ms
08:43:55.084 [TestNG-PoolService-3] INFO  BookingSteps - Created booking id 1653
08:43:55.086 [TestNG-PoolService-3] INFO  RestClient - --> PATCH /booking/{id}
08:43:55.357 [TestNG-PoolService-3] INFO  RestClient - <-- PATCH /booking/{id} responded 200 in 271 ms
08:43:55.357 [TestNG-PoolService-3] INFO  ApiAssertions - Asserting status code is 200
08:43:55.363 [TestNG-PoolService-3] INFO  ApiAssertions - Asserting response time 258ms is below 30000ms
08:43:55.364 [TestNG-PoolService-3] INFO  RestClient - --> GET /booking/{id}
08:43:55.648 [TestNG-PoolService-3] INFO  RestClient - <-- GET /booking/{id} responded 200 in 284 ms
08:43:55.649 [TestNG-PoolService-3] INFO  ApiAssertions - Asserting status code is 200
08:43:55.649 [TestNG-PoolService-3] INFO  ApiAssertions - Asserting content type is JSON
08:43:55.649 [TestNG-PoolService-3] INFO  ApiAssertions - Asserting body is not empty
08:43:55.654 [TestNG-PoolService-3] INFO  Hooks - Cleaning up booking 1653
08:43:55.655 [TestNG-PoolService-3] INFO  RestClient - --> DELETE /booking/{id}
08:43:55.899 [TestNG-PoolService-3] INFO  RestClient - <-- DELETE /booking/{id} responded 201 in 244 ms
08:43:55.900 [TestNG-PoolService-3] INFO  Hooks - ### SCENARIO END: Partially update booking name to "Mohamed AbdElghany" -> PASSED
