07:10:41.007 [TestNG-PoolService-1] INFO  Hooks - ### SCENARIO START: Partially update booking name to "Jean-Luc O'Connor"
07:10:41.008 [TestNG-PoolService-1] INFO  Hooks - Obtaining auth token for an @auth scenario
07:10:41.009 [TestNG-PoolService-1] INFO  RestClient - --> POST /auth
07:10:41.303 [TestNG-PoolService-1] INFO  RestClient - <-- POST /auth responded 200 in 293 ms
07:10:41.306 [TestNG-PoolService-1] DEBUG BookingSteps - Payload from generated data: Booking(firstname=Reyes, lastname=Miller, totalprice=287, depositpaid=true, bookingdates=BookingDates(checkin=2026-10-17, checkout=2026-10-19), additionalneeds=Chicken Wings)
07:10:41.308 [TestNG-PoolService-1] INFO  RestClient - --> POST /booking
07:10:41.598 [TestNG-PoolService-1] INFO  RestClient - <-- POST /booking responded 200 in 290 ms
07:10:41.599 [TestNG-PoolService-1] INFO  ApiAssertions - Asserting status code is 200
07:10:41.599 [TestNG-PoolService-1] INFO  ApiAssertions - Asserting content type is JSON
07:10:41.600 [TestNG-PoolService-1] INFO  ApiAssertions - Asserting body is not empty
07:10:41.608 [TestNG-PoolService-1] INFO  ApiAssertions - Asserting field 'bookingid' is present
07:10:41.608 [TestNG-PoolService-1] INFO  ApiAssertions - Asserting response time 280ms is below 30000ms
07:10:41.611 [TestNG-PoolService-1] INFO  BookingSteps - Created booking id 5284
07:10:41.613 [TestNG-PoolService-1] INFO  RestClient - --> PATCH /booking/{id}
07:10:41.899 [TestNG-PoolService-1] INFO  RestClient - <-- PATCH /booking/{id} responded 200 in 286 ms
07:10:41.900 [TestNG-PoolService-1] INFO  ApiAssertions - Asserting status code is 200
07:10:41.900 [TestNG-PoolService-1] INFO  ApiAssertions - Asserting response time 277ms is below 30000ms
07:10:41.901 [TestNG-PoolService-1] INFO  RestClient - --> GET /booking/{id}
07:10:42.186 [TestNG-PoolService-1] INFO  RestClient - <-- GET /booking/{id} responded 200 in 285 ms
07:10:42.187 [TestNG-PoolService-1] INFO  ApiAssertions - Asserting status code is 200
07:10:42.187 [TestNG-PoolService-1] INFO  ApiAssertions - Asserting content type is JSON
07:10:42.187 [TestNG-PoolService-1] INFO  ApiAssertions - Asserting body is not empty
07:10:42.190 [TestNG-PoolService-1] INFO  Hooks - Cleaning up booking 5284
07:10:42.191 [TestNG-PoolService-1] INFO  RestClient - --> DELETE /booking/{id}
07:10:42.471 [TestNG-PoolService-1] INFO  RestClient - <-- DELETE /booking/{id} responded 201 in 280 ms
07:10:42.472 [TestNG-PoolService-1] INFO  Hooks - ### SCENARIO END: Partially update booking name to "Jean-Luc O'Connor" -> PASSED
