08:35:04.462 [TestNG-PoolService-2] INFO  Hooks - ### SCENARIO START: Partially update booking name to "Sara Ali"
08:35:04.463 [TestNG-PoolService-2] INFO  Hooks - Obtaining auth token for an @auth scenario
08:35:04.465 [TestNG-PoolService-2] INFO  RestClient - --> POST /auth
08:35:04.554 [TestNG-PoolService-2] INFO  RestClient - <-- POST /auth responded 200 in 89 ms
08:35:04.559 [TestNG-PoolService-2] DEBUG BookingSteps - Payload from generated data: Booking(firstname=Johnson, lastname=Pfeffer, totalprice=1179, depositpaid=false, bookingdates=BookingDates(checkin=2026-10-21, checkout=2026-10-29), additionalneeds=Bunny Chow)
08:35:04.560 [TestNG-PoolService-2] INFO  RestClient - --> POST /booking
08:35:04.644 [TestNG-PoolService-2] INFO  RestClient - <-- POST /booking responded 200 in 84 ms
08:35:04.650 [TestNG-PoolService-2] INFO  ApiAssertions - Asserting status code is 200
08:35:04.650 [TestNG-PoolService-2] INFO  ApiAssertions - Asserting content type is JSON
08:35:04.651 [TestNG-PoolService-2] INFO  ApiAssertions - Asserting body is not empty
08:35:04.686 [TestNG-PoolService-2] INFO  ApiAssertions - Asserting field 'bookingid' is present
08:35:04.686 [TestNG-PoolService-2] INFO  ApiAssertions - Asserting response time 42ms is below 30000ms
08:35:04.692 [TestNG-PoolService-2] INFO  BookingSteps - Created booking id 2295
08:35:04.696 [TestNG-PoolService-2] INFO  RestClient - --> PATCH /booking/{id}
08:35:04.751 [TestNG-PoolService-2] INFO  RestClient - <-- PATCH /booking/{id} responded 200 in 55 ms
08:35:04.751 [TestNG-PoolService-2] INFO  ApiAssertions - Asserting status code is 200
08:35:04.751 [TestNG-PoolService-2] INFO  ApiAssertions - Asserting response time 37ms is below 30000ms
08:35:04.753 [TestNG-PoolService-2] INFO  RestClient - --> GET /booking/{id}
08:35:04.807 [TestNG-PoolService-2] INFO  RestClient - <-- GET /booking/{id} responded 200 in 54 ms
08:35:04.807 [TestNG-PoolService-2] INFO  ApiAssertions - Asserting status code is 200
08:35:04.808 [TestNG-PoolService-2] INFO  ApiAssertions - Asserting content type is JSON
08:35:04.808 [TestNG-PoolService-2] INFO  ApiAssertions - Asserting body is not empty
08:35:04.811 [TestNG-PoolService-2] INFO  Hooks - Cleaning up booking 2295
08:35:04.812 [TestNG-PoolService-2] INFO  RestClient - --> DELETE /booking/{id}
08:35:04.865 [TestNG-PoolService-2] INFO  RestClient - <-- DELETE /booking/{id} responded 201 in 53 ms
08:35:04.866 [TestNG-PoolService-2] INFO  Hooks - ### SCENARIO END: Partially update booking name to "Sara Ali" -> PASSED
