08:43:52.431 [TestNG-PoolService-3] INFO  Hooks - ### SCENARIO START: Full booking lifecycle - create, read, update, delete using "booking-no-additional-needs.json"
08:43:52.432 [TestNG-PoolService-3] INFO  Hooks - Obtaining auth token for an @auth scenario
08:43:52.436 [TestNG-PoolService-3] INFO  RestClient - --> POST /auth
08:43:52.741 [TestNG-PoolService-3] INFO  RestClient - <-- POST /auth responded 200 in 305 ms
08:43:52.751 [TestNG-PoolService-3] INFO  JsonDataReader - Loaded test data 'booking-no-additional-needs.json' with dynamic values resolved
08:43:52.751 [TestNG-PoolService-3] DEBUG BookingSteps - Payload from test data file booking-no-additional-needs.json: Booking(firstname=Muoi, lastname=Barrows, totalprice=89, depositpaid=false, bookingdates=BookingDates(checkin=2026-08-30, checkout=2026-09-01), additionalneeds=null)
08:43:52.752 [TestNG-PoolService-3] INFO  RestClient - --> POST /booking
08:43:53.049 [TestNG-PoolService-3] INFO  RestClient - <-- POST /booking responded 200 in 296 ms
08:43:53.049 [TestNG-PoolService-3] INFO  ApiAssertions - Asserting status code is 200
08:43:53.049 [TestNG-PoolService-3] INFO  ApiAssertions - Asserting content type is JSON
08:43:53.050 [TestNG-PoolService-3] INFO  ApiAssertions - Asserting body is not empty
08:43:53.070 [TestNG-PoolService-3] INFO  ApiAssertions - Asserting field 'bookingid' is present
08:43:53.070 [TestNG-PoolService-3] INFO  ApiAssertions - Asserting response time 263ms is below 30000ms
08:43:53.075 [TestNG-PoolService-3] INFO  BookingSteps - Created booking id 1627
08:43:53.076 [TestNG-PoolService-3] INFO  RestClient - --> GET /booking/{id}
08:43:53.388 [TestNG-PoolService-3] INFO  RestClient - <-- GET /booking/{id} responded 200 in 312 ms
08:43:53.389 [TestNG-PoolService-3] INFO  ApiAssertions - Asserting status code is 200
08:43:53.389 [TestNG-PoolService-3] INFO  ApiAssertions - Asserting content type is JSON
08:43:53.390 [TestNG-PoolService-3] INFO  ApiAssertions - Asserting body is not empty
08:43:53.396 [TestNG-PoolService-3] INFO  JsonDataReader - Loaded test data 'booking-long-stay.json' with dynamic values resolved
08:43:53.397 [TestNG-PoolService-3] DEBUG BookingSteps - Payload from test data file booking-long-stay.json: Booking(firstname=Arnoldo, lastname=Dicki, totalprice=8730, depositpaid=true, bookingdates=BookingDates(checkin=2026-10-28, checkout=2026-12-27), additionalneeds=Airport transfer)
08:43:53.407 [TestNG-PoolService-3] INFO  RestClient - --> PUT /booking/{id}
08:43:53.683 [TestNG-PoolService-3] INFO  RestClient - <-- PUT /booking/{id} responded 200 in 276 ms
08:43:53.683 [TestNG-PoolService-3] INFO  BookingSteps - Updated booking 1627 from booking-long-stay.json
08:43:53.684 [TestNG-PoolService-3] INFO  ApiAssertions - Asserting status code is 200
08:43:53.685 [TestNG-PoolService-3] INFO  ApiAssertions - Asserting response time 263ms is below 30000ms
08:43:53.686 [TestNG-PoolService-3] INFO  RestClient - --> GET /booking/{id}
08:43:53.964 [TestNG-PoolService-3] INFO  RestClient - <-- GET /booking/{id} responded 200 in 278 ms
08:43:53.964 [TestNG-PoolService-3] INFO  ApiAssertions - Asserting status code is 200
08:43:53.964 [TestNG-PoolService-3] INFO  ApiAssertions - Asserting content type is JSON
08:43:53.965 [TestNG-PoolService-3] INFO  ApiAssertions - Asserting body is not empty
08:43:53.972 [TestNG-PoolService-3] INFO  RestClient - --> DELETE /booking/{id}
08:43:54.257 [TestNG-PoolService-3] INFO  RestClient - <-- DELETE /booking/{id} responded 201 in 285 ms
08:43:54.257 [TestNG-PoolService-3] INFO  ApiAssertions - Asserting status code is 201
08:43:54.257 [TestNG-PoolService-3] INFO  ApiAssertions - Asserting response time 264ms is below 30000ms
08:43:54.262 [TestNG-PoolService-3] INFO  RestClient - --> GET /booking/{id}
08:43:54.515 [TestNG-PoolService-3] INFO  RestClient - <-- GET /booking/{id} responded 404 in 253 ms
08:43:54.515 [TestNG-PoolService-3] INFO  ApiAssertions - Asserting status code is 404
08:43:54.515 [TestNG-PoolService-3] INFO  BookingSteps - Confirmed booking 1627 is gone
08:43:54.516 [TestNG-PoolService-3] INFO  Hooks - ### SCENARIO END: Full booking lifecycle - create, read, update, delete using "booking-no-additional-needs.json" -> PASSED
