07:06:49.074 [TestNG-PoolService-1] INFO  Hooks - ### SCENARIO START: Full booking lifecycle - create, read, update, delete using "booking-no-additional-needs.json"
07:06:49.080 [TestNG-PoolService-1] INFO  Hooks - Obtaining auth token for an @auth scenario
07:06:49.082 [TestNG-PoolService-1] INFO  RestClient - --> POST /auth
07:06:49.494 [TestNG-PoolService-1] INFO  RestClient - <-- POST /auth responded 200 in 412 ms
07:06:49.500 [TestNG-PoolService-1] INFO  JsonDataReader - Loaded test data 'booking-no-additional-needs.json' with dynamic values resolved
07:06:49.501 [TestNG-PoolService-1] DEBUG BookingSteps - Payload from test data file booking-no-additional-needs.json: Booking(firstname=Alyse, lastname=Von, totalprice=124, depositpaid=false, bookingdates=BookingDates(checkin=2026-09-11, checkout=2026-09-13), additionalneeds=null)
07:06:49.502 [TestNG-PoolService-1] INFO  RestClient - --> POST /booking
07:06:49.896 [TestNG-PoolService-1] INFO  RestClient - <-- POST /booking responded 200 in 391 ms
07:06:49.897 [TestNG-PoolService-1] INFO  ApiAssertions - Asserting status code is 200
07:06:49.897 [TestNG-PoolService-1] INFO  ApiAssertions - Asserting content type is JSON
07:06:49.897 [TestNG-PoolService-1] INFO  ApiAssertions - Asserting body is not empty
07:06:49.927 [TestNG-PoolService-1] INFO  ApiAssertions - Asserting field 'bookingid' is present
07:06:49.928 [TestNG-PoolService-1] INFO  ApiAssertions - Asserting response time 367ms is below 30000ms
07:06:49.940 [TestNG-PoolService-1] INFO  BookingSteps - Created booking id 2963
07:06:49.942 [TestNG-PoolService-1] INFO  RestClient - --> GET /booking/{id}
07:06:50.340 [TestNG-PoolService-1] INFO  RestClient - <-- GET /booking/{id} responded 200 in 398 ms
07:06:50.341 [TestNG-PoolService-1] INFO  ApiAssertions - Asserting status code is 200
07:06:50.341 [TestNG-PoolService-1] INFO  ApiAssertions - Asserting content type is JSON
07:06:50.341 [TestNG-PoolService-1] INFO  ApiAssertions - Asserting body is not empty
07:06:50.344 [TestNG-PoolService-1] INFO  JsonDataReader - Loaded test data 'booking-long-stay.json' with dynamic values resolved
07:06:50.345 [TestNG-PoolService-1] DEBUG BookingSteps - Payload from test data file booking-long-stay.json: Booking(firstname=Karena, lastname=Rogahn, totalprice=8991, depositpaid=true, bookingdates=BookingDates(checkin=2026-11-09, checkout=2027-01-08), additionalneeds=Airport transfer)
07:06:50.346 [TestNG-PoolService-1] INFO  RestClient - --> PUT /booking/{id}
07:06:50.717 [TestNG-PoolService-1] INFO  RestClient - <-- PUT /booking/{id} responded 200 in 371 ms
07:06:50.717 [TestNG-PoolService-1] INFO  BookingSteps - Updated booking 2963 from booking-long-stay.json
07:06:50.718 [TestNG-PoolService-1] INFO  ApiAssertions - Asserting status code is 200
07:06:50.719 [TestNG-PoolService-1] INFO  ApiAssertions - Asserting response time 356ms is below 30000ms
07:06:50.721 [TestNG-PoolService-1] INFO  RestClient - --> GET /booking/{id}
07:06:51.081 [TestNG-PoolService-1] INFO  RestClient - <-- GET /booking/{id} responded 200 in 360 ms
07:06:51.082 [TestNG-PoolService-1] INFO  ApiAssertions - Asserting status code is 200
07:06:51.082 [TestNG-PoolService-1] INFO  ApiAssertions - Asserting content type is JSON
07:06:51.082 [TestNG-PoolService-1] INFO  ApiAssertions - Asserting body is not empty
07:06:51.087 [TestNG-PoolService-1] INFO  RestClient - --> DELETE /booking/{id}
07:06:51.453 [TestNG-PoolService-1] INFO  RestClient - <-- DELETE /booking/{id} responded 201 in 366 ms
07:06:51.454 [TestNG-PoolService-1] INFO  ApiAssertions - Asserting status code is 201
07:06:51.455 [TestNG-PoolService-1] INFO  ApiAssertions - Asserting response time 355ms is below 30000ms
07:06:51.457 [TestNG-PoolService-1] INFO  RestClient - --> GET /booking/{id}
07:06:51.817 [TestNG-PoolService-1] INFO  RestClient - <-- GET /booking/{id} responded 404 in 360 ms
07:06:51.817 [TestNG-PoolService-1] INFO  ApiAssertions - Asserting status code is 404
07:06:51.817 [TestNG-PoolService-1] INFO  BookingSteps - Confirmed booking 2963 is gone
07:06:51.818 [TestNG-PoolService-1] INFO  Hooks - ### SCENARIO END: Full booking lifecycle - create, read, update, delete using "booking-no-additional-needs.json" -> PASSED
