07:54:37.547 [TestNG-PoolService-2] INFO  Hooks - ### SCENARIO START: Full booking lifecycle - create, read, update, delete using "create-booking.json"
07:54:37.548 [TestNG-PoolService-2] INFO  Hooks - Obtaining auth token for an @auth scenario
07:54:37.552 [TestNG-PoolService-2] INFO  RestClient - --> POST /auth
07:54:37.622 [TestNG-PoolService-2] INFO  RestClient - <-- POST /auth responded 200 in 69 ms
07:54:37.810 [TestNG-PoolService-2] INFO  JsonDataReader - Loaded test data 'create-booking.json' with dynamic values resolved
07:54:37.824 [TestNG-PoolService-2] DEBUG BookingSteps - Payload from test data file create-booking.json: Booking(firstname=Michiko, lastname=Hagenes, totalprice=314, depositpaid=true, bookingdates=BookingDates(checkin=2026-10-11, checkout=2026-10-18), additionalneeds=Seafood Paella)
07:54:37.825 [TestNG-PoolService-2] INFO  RestClient - --> POST /booking
07:54:37.900 [TestNG-PoolService-2] INFO  RestClient - <-- POST /booking responded 200 in 73 ms
07:54:37.903 [TestNG-PoolService-2] INFO  ApiAssertions - Asserting status code is 200
07:54:37.904 [TestNG-PoolService-2] INFO  ApiAssertions - Asserting content type is JSON
07:54:37.904 [TestNG-PoolService-2] INFO  ApiAssertions - Asserting body is not empty
07:54:37.923 [TestNG-PoolService-2] INFO  ApiAssertions - Asserting field 'bookingid' is present
07:54:37.924 [TestNG-PoolService-2] INFO  ApiAssertions - Asserting response time 36ms is below 30000ms
07:54:37.941 [TestNG-PoolService-2] INFO  BookingSteps - Created booking id 2082
07:54:37.946 [TestNG-PoolService-2] INFO  RestClient - --> GET /booking/{id}
07:54:38.031 [TestNG-PoolService-2] INFO  RestClient - <-- GET /booking/{id} responded 200 in 85 ms
07:54:38.035 [TestNG-PoolService-2] INFO  ApiAssertions - Asserting status code is 200
07:54:38.035 [TestNG-PoolService-2] INFO  ApiAssertions - Asserting content type is JSON
07:54:38.036 [TestNG-PoolService-2] INFO  ApiAssertions - Asserting body is not empty
07:54:38.042 [TestNG-PoolService-2] INFO  JsonDataReader - Loaded test data 'update-booking.json' with dynamic values resolved
07:54:38.045 [TestNG-PoolService-2] DEBUG BookingSteps - Payload from test data file update-booking.json: Booking(firstname=Lawanna, lastname=Bradtke, totalprice=2562, depositpaid=false, bookingdates=BookingDates(checkin=2026-11-03, checkout=2026-11-18), additionalneeds=Late checkout)
07:54:38.058 [TestNG-PoolService-2] INFO  RestClient - --> PUT /booking/{id}
07:54:38.131 [TestNG-PoolService-2] INFO  RestClient - <-- PUT /booking/{id} responded 200 in 72 ms
07:54:38.131 [TestNG-PoolService-2] INFO  BookingSteps - Updated booking 2082 from update-booking.json
07:54:38.132 [TestNG-PoolService-2] INFO  ApiAssertions - Asserting status code is 200
07:54:38.133 [TestNG-PoolService-2] INFO  ApiAssertions - Asserting response time 36ms is below 30000ms
07:54:38.134 [TestNG-PoolService-2] INFO  RestClient - --> GET /booking/{id}
07:54:38.186 [TestNG-PoolService-2] INFO  RestClient - <-- GET /booking/{id} responded 200 in 52 ms
07:54:38.188 [TestNG-PoolService-2] INFO  ApiAssertions - Asserting status code is 200
07:54:38.188 [TestNG-PoolService-2] INFO  ApiAssertions - Asserting content type is JSON
07:54:38.189 [TestNG-PoolService-2] INFO  ApiAssertions - Asserting body is not empty
07:54:38.196 [TestNG-PoolService-2] INFO  RestClient - --> DELETE /booking/{id}
07:54:38.248 [TestNG-PoolService-2] INFO  RestClient - <-- DELETE /booking/{id} responded 201 in 52 ms
07:54:38.249 [TestNG-PoolService-2] INFO  ApiAssertions - Asserting status code is 201
07:54:38.249 [TestNG-PoolService-2] INFO  ApiAssertions - Asserting response time 28ms is below 30000ms
07:54:38.255 [TestNG-PoolService-2] INFO  RestClient - --> GET /booking/{id}
07:54:38.304 [TestNG-PoolService-2] INFO  RestClient - <-- GET /booking/{id} responded 404 in 49 ms
07:54:38.304 [TestNG-PoolService-2] INFO  ApiAssertions - Asserting status code is 404
07:54:38.306 [TestNG-PoolService-2] INFO  BookingSteps - Confirmed booking 2082 is gone
07:54:38.308 [TestNG-PoolService-2] INFO  Hooks - ### SCENARIO END: Full booking lifecycle - create, read, update, delete using "create-booking.json" -> PASSED
