08:01:06.561 [TestNG-PoolService-4] INFO  Hooks - ### SCENARIO START: Partially update booking name to "Sara Ali"
08:01:06.562 [TestNG-PoolService-4] INFO  Hooks - Obtaining auth token for an @auth scenario
08:01:06.564 [TestNG-PoolService-4] INFO  RestClient - --> POST /auth
08:01:06.687 [TestNG-PoolService-4] INFO  RestClient - <-- POST /auth responded 200 in 121 ms
08:01:06.691 [TestNG-PoolService-4] DEBUG BookingSteps - Payload from generated data: Booking(firstname=Stevie, lastname=Stark, totalprice=636, depositpaid=true, bookingdates=BookingDates(checkin=2026-09-03, checkout=2026-09-11), additionalneeds=Poke)
08:01:06.692 [TestNG-PoolService-4] INFO  RestClient - --> POST /booking
08:01:06.810 [TestNG-PoolService-4] INFO  RestClient - <-- POST /booking responded 200 in 118 ms
08:01:06.810 [TestNG-PoolService-4] INFO  ApiAssertions - Asserting status code is 200
08:01:06.810 [TestNG-PoolService-4] INFO  ApiAssertions - Asserting content type is JSON
08:01:06.811 [TestNG-PoolService-4] INFO  ApiAssertions - Asserting body is not empty
08:01:06.825 [TestNG-PoolService-4] INFO  ApiAssertions - Asserting field 'bookingid' is present
08:01:06.825 [TestNG-PoolService-4] INFO  ApiAssertions - Asserting response time 104ms is below 30000ms
08:01:06.828 [TestNG-PoolService-4] INFO  BookingSteps - Created booking id 5671
08:01:06.829 [TestNG-PoolService-4] INFO  RestClient - --> PATCH /booking/{id}
08:01:06.962 [TestNG-PoolService-4] INFO  RestClient - <-- PATCH /booking/{id} responded 200 in 133 ms
08:01:06.963 [TestNG-PoolService-4] INFO  ApiAssertions - Asserting status code is 200
08:01:06.963 [TestNG-PoolService-4] INFO  ApiAssertions - Asserting response time 120ms is below 30000ms
08:01:06.964 [TestNG-PoolService-4] INFO  RestClient - --> GET /booking/{id}
08:01:07.071 [TestNG-PoolService-4] INFO  RestClient - <-- GET /booking/{id} responded 200 in 107 ms
08:01:07.072 [TestNG-PoolService-4] INFO  ApiAssertions - Asserting status code is 200
08:01:07.072 [TestNG-PoolService-4] INFO  ApiAssertions - Asserting content type is JSON
08:01:07.072 [TestNG-PoolService-4] INFO  ApiAssertions - Asserting body is not empty
08:01:07.075 [TestNG-PoolService-4] INFO  Hooks - Cleaning up booking 5671
08:01:07.076 [TestNG-PoolService-4] INFO  RestClient - --> DELETE /booking/{id}
08:01:07.182 [TestNG-PoolService-4] INFO  RestClient - <-- DELETE /booking/{id} responded 201 in 106 ms
08:01:07.182 [TestNG-PoolService-4] INFO  Hooks - ### SCENARIO END: Partially update booking name to "Sara Ali" -> PASSED
