03:04:21.646 [TestNG-PoolService-3] INFO  Hooks - ### SCENARIO START: Partially update booking name to "Mohamed AbdElghany"
03:04:21.647 [TestNG-PoolService-3] INFO  Hooks - Obtaining auth token for an @auth scenario
03:04:21.648 [TestNG-PoolService-3] INFO  RestClient - --> POST /auth
03:04:22.029 [TestNG-PoolService-3] INFO  RestClient - <-- POST /auth responded 200 in 381 ms
03:04:22.038 [TestNG-PoolService-3] DEBUG BookingSteps - Payload from generated data: Booking(firstname=Keesha, lastname=Williamson, totalprice=1575, depositpaid=true, bookingdates=BookingDates(checkin=2026-09-03, checkout=2026-09-11), additionalneeds=Sushi)
03:04:22.040 [TestNG-PoolService-3] INFO  RestClient - --> POST /booking
03:04:22.406 [TestNG-PoolService-3] INFO  RestClient - <-- POST /booking responded 200 in 366 ms
03:04:22.407 [TestNG-PoolService-3] INFO  ApiAssertions - Asserting status code is 200
03:04:22.407 [TestNG-PoolService-3] INFO  ApiAssertions - Asserting content type is JSON
03:04:22.407 [TestNG-PoolService-3] INFO  ApiAssertions - Asserting body is not empty
03:04:22.426 [TestNG-PoolService-3] INFO  ApiAssertions - Asserting field 'bookingid' is present
03:04:22.426 [TestNG-PoolService-3] INFO  ApiAssertions - Asserting response time 344ms is below 30000ms
03:04:22.430 [TestNG-PoolService-3] INFO  BookingSteps - Created booking id 2087
03:04:22.435 [TestNG-PoolService-3] INFO  RestClient - --> PATCH /booking/{id}
03:04:22.794 [TestNG-PoolService-3] INFO  RestClient - <-- PATCH /booking/{id} responded 200 in 359 ms
03:04:22.794 [TestNG-PoolService-3] INFO  ApiAssertions - Asserting status code is 200
03:04:22.795 [TestNG-PoolService-3] INFO  ApiAssertions - Asserting response time 345ms is below 30000ms
03:04:22.797 [TestNG-PoolService-3] INFO  RestClient - --> GET /booking/{id}
03:04:23.147 [TestNG-PoolService-3] INFO  RestClient - <-- GET /booking/{id} responded 200 in 350 ms
03:04:23.148 [TestNG-PoolService-3] INFO  ApiAssertions - Asserting status code is 200
03:04:23.148 [TestNG-PoolService-3] INFO  ApiAssertions - Asserting content type is JSON
03:04:23.148 [TestNG-PoolService-3] INFO  ApiAssertions - Asserting body is not empty
03:04:23.151 [TestNG-PoolService-3] INFO  Hooks - Cleaning up booking 2087
03:04:23.153 [TestNG-PoolService-3] INFO  RestClient - --> DELETE /booking/{id}
03:04:23.505 [TestNG-PoolService-3] INFO  RestClient - <-- DELETE /booking/{id} responded 201 in 352 ms
03:04:23.505 [TestNG-PoolService-3] INFO  Hooks - ### SCENARIO END: Partially update booking name to "Mohamed AbdElghany" -> PASSED
