06:54:58.574 [TestNG-PoolService-2] INFO  Hooks - ### SCENARIO START: Full booking lifecycle - create, read, update, delete using "create-booking.json"
06:54:58.575 [TestNG-PoolService-2] INFO  Hooks - Obtaining auth token for an @auth scenario
06:54:58.581 [TestNG-PoolService-2] INFO  RestClient - --> POST /auth
06:54:58.655 [TestNG-PoolService-2] INFO  RestClient - <-- POST /auth responded 200 in 73 ms
06:54:58.876 [TestNG-PoolService-2] INFO  JsonDataReader - Loaded test data 'create-booking.json' with dynamic values resolved
06:54:58.888 [TestNG-PoolService-2] DEBUG BookingSteps - Payload from test data file create-booking.json: Booking(firstname=Keira, lastname=Mann, totalprice=872, depositpaid=false, bookingdates=BookingDates(checkin=2026-09-09, checkout=2026-09-16), additionalneeds=Caesar Salad)
06:54:58.894 [TestNG-PoolService-2] INFO  RestClient - --> POST /booking
06:54:58.971 [TestNG-PoolService-2] INFO  RestClient - <-- POST /booking responded 200 in 77 ms
06:54:58.971 [TestNG-PoolService-2] INFO  ApiAssertions - Asserting status code is 200
06:54:58.971 [TestNG-PoolService-2] INFO  ApiAssertions - Asserting content type is JSON
06:54:58.972 [TestNG-PoolService-2] INFO  ApiAssertions - Asserting body is not empty
06:54:58.991 [TestNG-PoolService-2] INFO  ApiAssertions - Asserting field 'bookingid' is present
06:54:58.991 [TestNG-PoolService-2] INFO  ApiAssertions - Asserting response time 35ms is below 30000ms
06:54:58.996 [TestNG-PoolService-2] INFO  BookingSteps - Created booking id 2296
06:54:59.012 [TestNG-PoolService-2] INFO  RestClient - --> GET /booking/{id}
06:54:59.120 [TestNG-PoolService-2] INFO  RestClient - <-- GET /booking/{id} responded 200 in 108 ms
06:54:59.124 [TestNG-PoolService-2] INFO  ApiAssertions - Asserting status code is 200
06:54:59.125 [TestNG-PoolService-2] INFO  ApiAssertions - Asserting content type is JSON
06:54:59.125 [TestNG-PoolService-2] INFO  ApiAssertions - Asserting body is not empty
06:54:59.131 [TestNG-PoolService-2] INFO  JsonDataReader - Loaded test data 'update-booking.json' with dynamic values resolved
06:54:59.134 [TestNG-PoolService-2] DEBUG BookingSteps - Payload from test data file update-booking.json: Booking(firstname=Aurelio, lastname=Swaniawski, totalprice=2690, depositpaid=true, bookingdates=BookingDates(checkin=2026-10-02, checkout=2026-10-17), additionalneeds=Late checkout)
06:54:59.146 [TestNG-PoolService-2] INFO  RestClient - --> PUT /booking/{id}
06:54:59.230 [TestNG-PoolService-2] INFO  RestClient - <-- PUT /booking/{id} responded 200 in 84 ms
06:54:59.230 [TestNG-PoolService-2] INFO  BookingSteps - Updated booking 2296 from update-booking.json
06:54:59.231 [TestNG-PoolService-2] INFO  ApiAssertions - Asserting status code is 200
06:54:59.231 [TestNG-PoolService-2] INFO  ApiAssertions - Asserting response time 46ms is below 30000ms
06:54:59.236 [TestNG-PoolService-2] INFO  RestClient - --> GET /booking/{id}
06:54:59.318 [TestNG-PoolService-2] INFO  RestClient - <-- GET /booking/{id} responded 200 in 82 ms
06:54:59.321 [TestNG-PoolService-2] INFO  ApiAssertions - Asserting status code is 200
06:54:59.321 [TestNG-PoolService-2] INFO  ApiAssertions - Asserting content type is JSON
06:54:59.322 [TestNG-PoolService-2] INFO  ApiAssertions - Asserting body is not empty
06:54:59.337 [TestNG-PoolService-2] INFO  RestClient - --> DELETE /booking/{id}
06:54:59.421 [TestNG-PoolService-2] INFO  RestClient - <-- DELETE /booking/{id} responded 201 in 83 ms
06:54:59.422 [TestNG-PoolService-2] INFO  ApiAssertions - Asserting status code is 201
06:54:59.423 [TestNG-PoolService-2] INFO  ApiAssertions - Asserting response time 56ms is below 30000ms
06:54:59.430 [TestNG-PoolService-2] INFO  RestClient - --> GET /booking/{id}
06:54:59.500 [TestNG-PoolService-2] INFO  RestClient - <-- GET /booking/{id} responded 404 in 70 ms
06:54:59.501 [TestNG-PoolService-2] INFO  ApiAssertions - Asserting status code is 404
06:54:59.501 [TestNG-PoolService-2] INFO  BookingSteps - Confirmed booking 2296 is gone
06:54:59.502 [TestNG-PoolService-2] INFO  Hooks - ### SCENARIO END: Full booking lifecycle - create, read, update, delete using "create-booking.json" -> PASSED
