07:40:52.826 [TestNG-PoolService-1] INFO  Hooks - ### SCENARIO START: Partially update booking name to "Mohamed AbdElghany"
07:40:52.827 [TestNG-PoolService-1] INFO  Hooks - Obtaining auth token for an @auth scenario
07:40:52.829 [TestNG-PoolService-1] INFO  RestClient - --> POST /auth
07:40:52.891 [TestNG-PoolService-1] INFO  RestClient - <-- POST /auth responded 200 in 54 ms
07:40:52.894 [TestNG-PoolService-1] DEBUG BookingSteps - Payload from generated data: Booking(firstname=Gaylord, lastname=Hermiston, totalprice=712, depositpaid=false, bookingdates=BookingDates(checkin=2026-09-25, checkout=2026-10-01), additionalneeds=Sushi)
07:40:52.898 [TestNG-PoolService-1] INFO  RestClient - --> POST /booking
07:40:52.951 [TestNG-PoolService-1] INFO  RestClient - <-- POST /booking responded 200 in 53 ms
07:40:52.952 [TestNG-PoolService-1] INFO  ApiAssertions - Asserting status code is 200
07:40:52.952 [TestNG-PoolService-1] INFO  ApiAssertions - Asserting content type is JSON
07:40:52.952 [TestNG-PoolService-1] INFO  ApiAssertions - Asserting body is not empty
07:40:52.976 [TestNG-PoolService-1] INFO  ApiAssertions - Asserting field 'bookingid' is present
07:40:52.976 [TestNG-PoolService-1] INFO  ApiAssertions - Asserting response time 32ms is below 30000ms
07:40:52.980 [TestNG-PoolService-1] INFO  BookingSteps - Created booking id 44
07:40:52.983 [TestNG-PoolService-1] INFO  RestClient - --> PATCH /booking/{id}
07:40:53.047 [TestNG-PoolService-1] INFO  RestClient - <-- PATCH /booking/{id} responded 200 in 64 ms
07:40:53.048 [TestNG-PoolService-1] INFO  ApiAssertions - Asserting status code is 200
07:40:53.048 [TestNG-PoolService-1] INFO  ApiAssertions - Asserting response time 39ms is below 30000ms
07:40:53.057 [TestNG-PoolService-1] INFO  RestClient - --> GET /booking/{id}
07:40:53.114 [TestNG-PoolService-1] INFO  RestClient - <-- GET /booking/{id} responded 200 in 54 ms
07:40:53.116 [TestNG-PoolService-1] INFO  ApiAssertions - Asserting status code is 200
07:40:53.116 [TestNG-PoolService-1] INFO  ApiAssertions - Asserting content type is JSON
07:40:53.117 [TestNG-PoolService-1] INFO  ApiAssertions - Asserting body is not empty
07:40:53.126 [TestNG-PoolService-1] INFO  Hooks - Cleaning up booking 44
07:40:53.133 [TestNG-PoolService-1] INFO  RestClient - --> DELETE /booking/{id}
07:40:53.200 [TestNG-PoolService-1] INFO  RestClient - <-- DELETE /booking/{id} responded 201 in 67 ms
07:40:53.204 [TestNG-PoolService-1] INFO  Hooks - ### SCENARIO END: Partially update booking name to "Mohamed AbdElghany" -> PASSED
