03:02:19.890 [TestNG-PoolService-4] INFO  Hooks - ### SCENARIO START: Partially update booking name to "Jean-Luc O'Connor"
03:02:19.891 [TestNG-PoolService-4] INFO  Hooks - Obtaining auth token for an @auth scenario
03:02:19.893 [TestNG-PoolService-4] INFO  RestClient - --> POST /auth
03:02:20.256 [TestNG-PoolService-4] INFO  RestClient - <-- POST /auth responded 200 in 363 ms
03:02:20.259 [TestNG-PoolService-4] DEBUG BookingSteps - Payload from generated data: Booking(firstname=Ryan, lastname=Reinger, totalprice=837, depositpaid=false, bookingdates=BookingDates(checkin=2026-09-15, checkout=2026-09-24), additionalneeds=Tiramisù)
03:02:20.260 [TestNG-PoolService-4] INFO  RestClient - --> POST /booking
03:02:20.624 [TestNG-PoolService-4] INFO  RestClient - <-- POST /booking responded 200 in 364 ms
03:02:20.624 [TestNG-PoolService-4] INFO  ApiAssertions - Asserting status code is 200
03:02:20.625 [TestNG-PoolService-4] INFO  ApiAssertions - Asserting content type is JSON
03:02:20.625 [TestNG-PoolService-4] INFO  ApiAssertions - Asserting body is not empty
03:02:20.636 [TestNG-PoolService-4] INFO  ApiAssertions - Asserting field 'bookingid' is present
03:02:20.636 [TestNG-PoolService-4] INFO  ApiAssertions - Asserting response time 350ms is below 30000ms
03:02:20.640 [TestNG-PoolService-4] INFO  BookingSteps - Created booking id 172
03:02:20.642 [TestNG-PoolService-4] INFO  RestClient - --> PATCH /booking/{id}
03:02:21.010 [TestNG-PoolService-4] INFO  RestClient - <-- PATCH /booking/{id} responded 200 in 368 ms
03:02:21.011 [TestNG-PoolService-4] INFO  ApiAssertions - Asserting status code is 200
03:02:21.011 [TestNG-PoolService-4] INFO  ApiAssertions - Asserting response time 353ms is below 30000ms
03:02:21.012 [TestNG-PoolService-4] INFO  RestClient - --> GET /booking/{id}
03:02:21.363 [TestNG-PoolService-4] INFO  RestClient - <-- GET /booking/{id} responded 200 in 351 ms
03:02:21.363 [TestNG-PoolService-4] INFO  ApiAssertions - Asserting status code is 200
03:02:21.364 [TestNG-PoolService-4] INFO  ApiAssertions - Asserting content type is JSON
03:02:21.364 [TestNG-PoolService-4] INFO  ApiAssertions - Asserting body is not empty
03:02:21.367 [TestNG-PoolService-4] INFO  Hooks - Cleaning up booking 172
03:02:21.368 [TestNG-PoolService-4] INFO  RestClient - --> DELETE /booking/{id}
03:02:21.726 [TestNG-PoolService-4] INFO  RestClient - <-- DELETE /booking/{id} responded 201 in 358 ms
03:02:21.726 [TestNG-PoolService-4] INFO  Hooks - ### SCENARIO END: Partially update booking name to "Jean-Luc O'Connor" -> PASSED
