07:06:05.224 [TestNG-PoolService-1] INFO  Hooks - ### SCENARIO START: Full booking lifecycle - create, read, update, delete using "booking-no-additional-needs.json"
07:06:05.225 [TestNG-PoolService-1] INFO  Hooks - Obtaining auth token for an @auth scenario
07:06:05.226 [TestNG-PoolService-1] INFO  RestClient - --> POST /auth
07:06:05.370 [TestNG-PoolService-1] INFO  RestClient - <-- POST /auth responded 200 in 144 ms
07:06:05.415 [TestNG-PoolService-1] INFO  JsonDataReader - Loaded test data 'booking-no-additional-needs.json' with dynamic values resolved
07:06:05.435 [TestNG-PoolService-1] DEBUG BookingSteps - Payload from test data file booking-no-additional-needs.json: Booking(firstname=Helena, lastname=Kuhic, totalprice=58, depositpaid=false, bookingdates=BookingDates(checkin=2026-09-12, checkout=2026-09-14), additionalneeds=null)
07:06:05.436 [TestNG-PoolService-1] INFO  RestClient - --> POST /booking
07:06:05.568 [TestNG-PoolService-1] INFO  RestClient - <-- POST /booking responded 200 in 132 ms
07:06:05.569 [TestNG-PoolService-1] INFO  ApiAssertions - Asserting status code is 200
07:06:05.569 [TestNG-PoolService-1] INFO  ApiAssertions - Asserting content type is JSON
07:06:05.569 [TestNG-PoolService-1] INFO  ApiAssertions - Asserting body is not empty
07:06:05.579 [TestNG-PoolService-1] INFO  ApiAssertions - Asserting field 'bookingid' is present
07:06:05.579 [TestNG-PoolService-1] INFO  ApiAssertions - Asserting response time 107ms is below 30000ms
07:06:05.587 [TestNG-PoolService-1] INFO  BookingSteps - Created booking id 2613
07:06:05.589 [TestNG-PoolService-1] INFO  RestClient - --> GET /booking/{id}
07:06:05.817 [TestNG-PoolService-1] INFO  RestClient - <-- GET /booking/{id} responded 200 in 228 ms
07:06:05.818 [TestNG-PoolService-1] INFO  ApiAssertions - Asserting status code is 200
07:06:05.818 [TestNG-PoolService-1] INFO  ApiAssertions - Asserting content type is JSON
07:06:05.818 [TestNG-PoolService-1] INFO  ApiAssertions - Asserting body is not empty
07:06:05.825 [TestNG-PoolService-1] INFO  JsonDataReader - Loaded test data 'booking-long-stay.json' with dynamic values resolved
07:06:05.826 [TestNG-PoolService-1] DEBUG BookingSteps - Payload from test data file booking-long-stay.json: Booking(firstname=Rosalia, lastname=Hegmann, totalprice=8231, depositpaid=true, bookingdates=BookingDates(checkin=2026-11-10, checkout=2027-01-09), additionalneeds=Airport transfer)
07:06:05.845 [TestNG-PoolService-1] INFO  RestClient - --> PUT /booking/{id}
07:06:05.990 [TestNG-PoolService-1] INFO  RestClient - <-- PUT /booking/{id} responded 200 in 145 ms
07:06:05.990 [TestNG-PoolService-1] INFO  BookingSteps - Updated booking 2613 from booking-long-stay.json
07:06:05.991 [TestNG-PoolService-1] INFO  ApiAssertions - Asserting status code is 200
07:06:05.991 [TestNG-PoolService-1] INFO  ApiAssertions - Asserting response time 124ms is below 30000ms
07:06:05.993 [TestNG-PoolService-1] INFO  RestClient - --> GET /booking/{id}
07:06:06.107 [TestNG-PoolService-1] INFO  RestClient - <-- GET /booking/{id} responded 200 in 114 ms
07:06:06.108 [TestNG-PoolService-1] INFO  ApiAssertions - Asserting status code is 200
07:06:06.108 [TestNG-PoolService-1] INFO  ApiAssertions - Asserting content type is JSON
07:06:06.108 [TestNG-PoolService-1] INFO  ApiAssertions - Asserting body is not empty
07:06:06.111 [TestNG-PoolService-1] INFO  RestClient - --> DELETE /booking/{id}
07:06:06.219 [TestNG-PoolService-1] INFO  RestClient - <-- DELETE /booking/{id} responded 201 in 107 ms
07:06:06.219 [TestNG-PoolService-1] INFO  ApiAssertions - Asserting status code is 201
07:06:06.220 [TestNG-PoolService-1] INFO  ApiAssertions - Asserting response time 98ms is below 30000ms
07:06:06.221 [TestNG-PoolService-1] INFO  RestClient - --> GET /booking/{id}
07:06:06.346 [TestNG-PoolService-1] INFO  RestClient - <-- GET /booking/{id} responded 404 in 125 ms
07:06:06.346 [TestNG-PoolService-1] INFO  ApiAssertions - Asserting status code is 404
07:06:06.347 [TestNG-PoolService-1] INFO  BookingSteps - Confirmed booking 2613 is gone
07:06:06.350 [TestNG-PoolService-1] INFO  Hooks - ### SCENARIO END: Full booking lifecycle - create, read, update, delete using "booking-no-additional-needs.json" -> PASSED
