08:37:07.467 [TestNG-PoolService-2] INFO  Hooks - ### SCENARIO START: Partially update booking name to "Jean-Luc O'Connor"
08:37:07.467 [TestNG-PoolService-2] INFO  Hooks - Obtaining auth token for an @auth scenario
08:37:07.468 [TestNG-PoolService-2] INFO  RestClient - --> POST /auth
08:37:07.602 [TestNG-PoolService-2] INFO  RestClient - <-- POST /auth responded 200 in 134 ms
08:37:07.605 [TestNG-PoolService-2] DEBUG BookingSteps - Payload from generated data: Booking(firstname=Florencio, lastname=Lowe, totalprice=324, depositpaid=true, bookingdates=BookingDates(checkin=2026-10-20, checkout=2026-11-02), additionalneeds=Philadelphia Maki)
08:37:07.606 [TestNG-PoolService-2] INFO  RestClient - --> POST /booking
08:37:07.725 [TestNG-PoolService-2] INFO  RestClient - <-- POST /booking responded 200 in 119 ms
08:37:07.725 [TestNG-PoolService-2] INFO  ApiAssertions - Asserting status code is 200
08:37:07.725 [TestNG-PoolService-2] INFO  ApiAssertions - Asserting content type is JSON
08:37:07.725 [TestNG-PoolService-2] INFO  ApiAssertions - Asserting body is not empty
08:37:07.732 [TestNG-PoolService-2] INFO  ApiAssertions - Asserting field 'bookingid' is present
08:37:07.733 [TestNG-PoolService-2] INFO  ApiAssertions - Asserting response time 112ms is below 30000ms
08:37:07.734 [TestNG-PoolService-2] INFO  BookingSteps - Created booking id 3212
08:37:07.735 [TestNG-PoolService-2] INFO  RestClient - --> PATCH /booking/{id}
08:37:07.870 [TestNG-PoolService-2] INFO  RestClient - <-- PATCH /booking/{id} responded 200 in 135 ms
08:37:07.870 [TestNG-PoolService-2] INFO  ApiAssertions - Asserting status code is 200
08:37:07.871 [TestNG-PoolService-2] INFO  ApiAssertions - Asserting response time 128ms is below 30000ms
08:37:07.871 [TestNG-PoolService-2] INFO  RestClient - --> GET /booking/{id}
08:37:08.000 [TestNG-PoolService-2] INFO  RestClient - <-- GET /booking/{id} responded 200 in 129 ms
08:37:08.001 [TestNG-PoolService-2] INFO  ApiAssertions - Asserting status code is 200
08:37:08.001 [TestNG-PoolService-2] INFO  ApiAssertions - Asserting content type is JSON
08:37:08.001 [TestNG-PoolService-2] INFO  ApiAssertions - Asserting body is not empty
08:37:08.003 [TestNG-PoolService-2] INFO  Hooks - Cleaning up booking 3212
08:37:08.005 [TestNG-PoolService-2] INFO  RestClient - --> DELETE /booking/{id}
08:37:08.138 [TestNG-PoolService-2] INFO  RestClient - <-- DELETE /booking/{id} responded 201 in 133 ms
08:37:08.138 [TestNG-PoolService-2] INFO  Hooks - ### SCENARIO END: Partially update booking name to "Jean-Luc O'Connor" -> PASSED
