07:17:33.025 [TestNG-PoolService-4] INFO  Hooks - ### SCENARIO START: Partially update booking name to "Mohamed AbdElghany"
07:17:33.026 [TestNG-PoolService-4] INFO  Hooks - Obtaining auth token for an @auth scenario
07:17:33.035 [TestNG-PoolService-4] INFO  RestClient - --> POST /auth
07:17:33.187 [TestNG-PoolService-4] INFO  RestClient - <-- POST /auth responded 200 in 152 ms
07:17:33.191 [TestNG-PoolService-4] DEBUG BookingSteps - Payload from generated data: Booking(firstname=Lee, lastname=Keebler, totalprice=1375, depositpaid=true, bookingdates=BookingDates(checkin=2026-09-28, checkout=2026-09-30), additionalneeds=Teriyaki Chicken Donburi)
07:17:33.193 [TestNG-PoolService-4] INFO  RestClient - --> POST /booking
07:17:33.302 [TestNG-PoolService-4] INFO  RestClient - <-- POST /booking responded 200 in 109 ms
07:17:33.303 [TestNG-PoolService-4] INFO  ApiAssertions - Asserting status code is 200
07:17:33.303 [TestNG-PoolService-4] INFO  ApiAssertions - Asserting content type is JSON
07:17:33.309 [TestNG-PoolService-4] INFO  ApiAssertions - Asserting body is not empty
07:17:33.325 [TestNG-PoolService-4] INFO  ApiAssertions - Asserting field 'bookingid' is present
07:17:33.326 [TestNG-PoolService-4] INFO  ApiAssertions - Asserting response time 100ms is below 30000ms
07:17:33.334 [TestNG-PoolService-4] INFO  BookingSteps - Created booking id 3434
07:17:33.335 [TestNG-PoolService-4] INFO  RestClient - --> PATCH /booking/{id}
07:17:33.467 [TestNG-PoolService-4] INFO  RestClient - <-- PATCH /booking/{id} responded 200 in 132 ms
07:17:33.467 [TestNG-PoolService-4] INFO  ApiAssertions - Asserting status code is 200
07:17:33.468 [TestNG-PoolService-4] INFO  ApiAssertions - Asserting response time 116ms is below 30000ms
07:17:33.469 [TestNG-PoolService-4] INFO  RestClient - --> GET /booking/{id}
07:17:33.590 [TestNG-PoolService-4] INFO  RestClient - <-- GET /booking/{id} responded 200 in 120 ms
07:17:33.591 [TestNG-PoolService-4] INFO  ApiAssertions - Asserting status code is 200
07:17:33.591 [TestNG-PoolService-4] INFO  ApiAssertions - Asserting content type is JSON
07:17:33.591 [TestNG-PoolService-4] INFO  ApiAssertions - Asserting body is not empty
07:17:33.600 [TestNG-PoolService-4] INFO  Hooks - Cleaning up booking 3434
07:17:33.601 [TestNG-PoolService-4] INFO  RestClient - --> DELETE /booking/{id}
07:17:33.728 [TestNG-PoolService-4] INFO  RestClient - <-- DELETE /booking/{id} responded 201 in 127 ms
07:17:33.730 [TestNG-PoolService-4] INFO  Hooks - ### SCENARIO END: Partially update booking name to "Mohamed AbdElghany" -> PASSED
