08:02:33.813 [TestNG-PoolService-3] INFO  Hooks - ### SCENARIO START: Partially update booking name to "Sara Ali"
08:02:33.816 [TestNG-PoolService-3] INFO  Hooks - Obtaining auth token for an @auth scenario
08:02:33.817 [TestNG-PoolService-3] INFO  RestClient - --> POST /auth
08:02:34.173 [TestNG-PoolService-3] INFO  RestClient - <-- POST /auth responded 200 in 356 ms
08:02:34.175 [TestNG-PoolService-3] DEBUG BookingSteps - Payload from generated data: Booking(firstname=Clark, lastname=Casper, totalprice=1389, depositpaid=false, bookingdates=BookingDates(checkin=2026-10-20, checkout=2026-10-24), additionalneeds=Fettuccine Alfredo)
08:02:34.176 [TestNG-PoolService-3] INFO  RestClient - --> POST /booking
08:02:34.523 [TestNG-PoolService-3] INFO  RestClient - <-- POST /booking responded 200 in 347 ms
08:02:34.523 [TestNG-PoolService-3] INFO  ApiAssertions - Asserting status code is 200
08:02:34.524 [TestNG-PoolService-3] INFO  ApiAssertions - Asserting content type is JSON
08:02:34.524 [TestNG-PoolService-3] INFO  ApiAssertions - Asserting body is not empty
08:02:34.535 [TestNG-PoolService-3] INFO  ApiAssertions - Asserting field 'bookingid' is present
08:02:34.536 [TestNG-PoolService-3] INFO  ApiAssertions - Asserting response time 337ms is below 30000ms
08:02:34.538 [TestNG-PoolService-3] INFO  BookingSteps - Created booking id 621
08:02:34.540 [TestNG-PoolService-3] INFO  RestClient - --> PATCH /booking/{id}
08:02:34.905 [TestNG-PoolService-3] INFO  RestClient - <-- PATCH /booking/{id} responded 200 in 365 ms
08:02:34.905 [TestNG-PoolService-3] INFO  ApiAssertions - Asserting status code is 200
08:02:34.906 [TestNG-PoolService-3] INFO  ApiAssertions - Asserting response time 355ms is below 30000ms
08:02:34.907 [TestNG-PoolService-3] INFO  RestClient - --> GET /booking/{id}
08:02:35.260 [TestNG-PoolService-3] INFO  RestClient - <-- GET /booking/{id} responded 200 in 353 ms
08:02:35.261 [TestNG-PoolService-3] INFO  ApiAssertions - Asserting status code is 200
08:02:35.261 [TestNG-PoolService-3] INFO  ApiAssertions - Asserting content type is JSON
08:02:35.261 [TestNG-PoolService-3] INFO  ApiAssertions - Asserting body is not empty
08:02:35.263 [TestNG-PoolService-3] INFO  Hooks - Cleaning up booking 621
08:02:35.264 [TestNG-PoolService-3] INFO  RestClient - --> DELETE /booking/{id}
08:02:35.614 [TestNG-PoolService-3] INFO  RestClient - <-- DELETE /booking/{id} responded 201 in 350 ms
08:02:35.615 [TestNG-PoolService-3] INFO  Hooks - ### SCENARIO END: Partially update booking name to "Sara Ali" -> PASSED
