03:04:53.147 [TestNG-PoolService-2] INFO  Hooks - ### SCENARIO START: Full booking lifecycle - create, read, update, delete using "create-booking.json"
03:04:53.150 [TestNG-PoolService-2] INFO  Hooks - Obtaining auth token for an @auth scenario
03:04:53.157 [TestNG-PoolService-2] INFO  RestClient - --> POST /auth
03:04:53.559 [TestNG-PoolService-2] INFO  RestClient - <-- POST /auth responded 200 in 402 ms
03:04:53.572 [TestNG-PoolService-2] INFO  JsonDataReader - Loaded test data 'create-booking.json' with dynamic values resolved
03:04:53.572 [TestNG-PoolService-2] DEBUG BookingSteps - Payload from test data file create-booking.json: Booking(firstname=Adolph, lastname=Williamson, totalprice=458, depositpaid=true, bookingdates=BookingDates(checkin=2026-08-28, checkout=2026-09-04), additionalneeds=Poke)
03:04:53.574 [TestNG-PoolService-2] INFO  RestClient - --> POST /booking
03:04:53.962 [TestNG-PoolService-2] INFO  RestClient - <-- POST /booking responded 200 in 388 ms
03:04:53.963 [TestNG-PoolService-2] INFO  ApiAssertions - Asserting status code is 200
03:04:53.963 [TestNG-PoolService-2] INFO  ApiAssertions - Asserting content type is JSON
03:04:53.964 [TestNG-PoolService-2] INFO  ApiAssertions - Asserting body is not empty
03:04:53.986 [TestNG-PoolService-2] INFO  ApiAssertions - Asserting field 'bookingid' is present
03:04:53.987 [TestNG-PoolService-2] INFO  ApiAssertions - Asserting response time 372ms is below 30000ms
03:04:53.996 [TestNG-PoolService-2] INFO  BookingSteps - Created booking id 2217
03:04:53.998 [TestNG-PoolService-2] INFO  RestClient - --> GET /booking/{id}
03:04:54.418 [TestNG-PoolService-2] INFO  RestClient - <-- GET /booking/{id} responded 200 in 416 ms
03:04:54.418 [TestNG-PoolService-2] INFO  ApiAssertions - Asserting status code is 200
03:04:54.418 [TestNG-PoolService-2] INFO  ApiAssertions - Asserting content type is JSON
03:04:54.420 [TestNG-PoolService-2] INFO  ApiAssertions - Asserting body is not empty
03:04:54.424 [TestNG-PoolService-2] INFO  JsonDataReader - Loaded test data 'update-booking.json' with dynamic values resolved
03:04:54.425 [TestNG-PoolService-2] DEBUG BookingSteps - Payload from test data file update-booking.json: Booking(firstname=Jeffery, lastname=Lehner, totalprice=2256, depositpaid=false, bookingdates=BookingDates(checkin=2026-09-20, checkout=2026-10-05), additionalneeds=Late checkout)
03:04:54.427 [TestNG-PoolService-2] INFO  RestClient - --> PUT /booking/{id}
03:04:54.809 [TestNG-PoolService-2] INFO  RestClient - <-- PUT /booking/{id} responded 200 in 381 ms
03:04:54.810 [TestNG-PoolService-2] INFO  BookingSteps - Updated booking 2217 from update-booking.json
03:04:54.810 [TestNG-PoolService-2] INFO  ApiAssertions - Asserting status code is 200
03:04:54.810 [TestNG-PoolService-2] INFO  ApiAssertions - Asserting response time 360ms is below 30000ms
03:04:54.812 [TestNG-PoolService-2] INFO  RestClient - --> GET /booking/{id}
03:04:55.184 [TestNG-PoolService-2] INFO  RestClient - <-- GET /booking/{id} responded 200 in 371 ms
03:04:55.184 [TestNG-PoolService-2] INFO  ApiAssertions - Asserting status code is 200
03:04:55.184 [TestNG-PoolService-2] INFO  ApiAssertions - Asserting content type is JSON
03:04:55.184 [TestNG-PoolService-2] INFO  ApiAssertions - Asserting body is not empty
03:04:55.188 [TestNG-PoolService-2] INFO  RestClient - --> DELETE /booking/{id}
03:04:55.557 [TestNG-PoolService-2] INFO  RestClient - <-- DELETE /booking/{id} responded 201 in 369 ms
03:04:55.557 [TestNG-PoolService-2] INFO  ApiAssertions - Asserting status code is 201
03:04:55.558 [TestNG-PoolService-2] INFO  ApiAssertions - Asserting response time 358ms is below 30000ms
03:04:55.559 [TestNG-PoolService-2] INFO  RestClient - --> GET /booking/{id}
03:04:55.923 [TestNG-PoolService-2] INFO  RestClient - <-- GET /booking/{id} responded 404 in 364 ms
03:04:55.925 [TestNG-PoolService-2] INFO  ApiAssertions - Asserting status code is 404
03:04:55.925 [TestNG-PoolService-2] INFO  BookingSteps - Confirmed booking 2217 is gone
03:04:55.926 [TestNG-PoolService-2] INFO  Hooks - ### SCENARIO END: Full booking lifecycle - create, read, update, delete using "create-booking.json" -> PASSED
