07:30:12.266 [TestNG-PoolService-3] INFO  Hooks - ### SCENARIO START: Partially update booking name to "Jean-Luc O'Connor"
07:30:12.267 [TestNG-PoolService-3] INFO  Hooks - Obtaining auth token for an @auth scenario
07:30:12.268 [TestNG-PoolService-3] INFO  RestClient - --> POST /auth
07:30:12.407 [TestNG-PoolService-3] INFO  RestClient - <-- POST /auth responded 200 in 139 ms
07:30:12.409 [TestNG-PoolService-3] DEBUG BookingSteps - Payload from generated data: Booking(firstname=Loise, lastname=Jones, totalprice=1575, depositpaid=false, bookingdates=BookingDates(checkin=2026-10-13, checkout=2026-10-24), additionalneeds=Teriyaki Chicken Donburi)
07:30:12.411 [TestNG-PoolService-3] INFO  RestClient - --> POST /booking
07:30:12.518 [TestNG-PoolService-3] INFO  RestClient - <-- POST /booking responded 200 in 107 ms
07:30:12.518 [TestNG-PoolService-3] INFO  ApiAssertions - Asserting status code is 200
07:30:12.518 [TestNG-PoolService-3] INFO  ApiAssertions - Asserting content type is JSON
07:30:12.519 [TestNG-PoolService-3] INFO  ApiAssertions - Asserting body is not empty
07:30:12.529 [TestNG-PoolService-3] INFO  ApiAssertions - Asserting field 'bookingid' is present
07:30:12.530 [TestNG-PoolService-3] INFO  ApiAssertions - Asserting response time 97ms is below 30000ms
07:30:12.533 [TestNG-PoolService-3] INFO  BookingSteps - Created booking id 5089
07:30:12.534 [TestNG-PoolService-3] INFO  RestClient - --> PATCH /booking/{id}
07:30:12.669 [TestNG-PoolService-3] INFO  RestClient - <-- PATCH /booking/{id} responded 200 in 135 ms
07:30:12.670 [TestNG-PoolService-3] INFO  ApiAssertions - Asserting status code is 200
07:30:12.672 [TestNG-PoolService-3] INFO  ApiAssertions - Asserting response time 122ms is below 30000ms
07:30:12.673 [TestNG-PoolService-3] INFO  RestClient - --> GET /booking/{id}
07:30:12.783 [TestNG-PoolService-3] INFO  RestClient - <-- GET /booking/{id} responded 200 in 109 ms
07:30:12.783 [TestNG-PoolService-3] INFO  ApiAssertions - Asserting status code is 200
07:30:12.784 [TestNG-PoolService-3] INFO  ApiAssertions - Asserting content type is JSON
07:30:12.784 [TestNG-PoolService-3] INFO  ApiAssertions - Asserting body is not empty
07:30:12.786 [TestNG-PoolService-3] INFO  Hooks - Cleaning up booking 5089
07:30:12.788 [TestNG-PoolService-3] INFO  RestClient - --> DELETE /booking/{id}
07:30:12.917 [TestNG-PoolService-3] INFO  RestClient - <-- DELETE /booking/{id} responded 201 in 129 ms
07:30:12.918 [TestNG-PoolService-3] INFO  Hooks - ### SCENARIO END: Partially update booking name to "Jean-Luc O'Connor" -> PASSED
