03:05:24.816 [TestNG-PoolService-3] INFO  Hooks - ### SCENARIO START: Partially update booking name to "Jean-Luc O'Connor"
03:05:24.817 [TestNG-PoolService-3] INFO  Hooks - Obtaining auth token for an @auth scenario
03:05:24.818 [TestNG-PoolService-3] INFO  RestClient - --> POST /auth
03:05:25.107 [TestNG-PoolService-3] INFO  RestClient - <-- POST /auth responded 200 in 289 ms
03:05:25.109 [TestNG-PoolService-3] DEBUG BookingSteps - Payload from generated data: Booking(firstname=Stefany, lastname=Mills, totalprice=1553, depositpaid=true, bookingdates=BookingDates(checkin=2026-08-27, checkout=2026-09-02), additionalneeds=Souvlaki)
03:05:25.110 [TestNG-PoolService-3] INFO  RestClient - --> POST /booking
03:05:25.393 [TestNG-PoolService-3] INFO  RestClient - <-- POST /booking responded 200 in 283 ms
03:05:25.393 [TestNG-PoolService-3] INFO  ApiAssertions - Asserting status code is 200
03:05:25.394 [TestNG-PoolService-3] INFO  ApiAssertions - Asserting content type is JSON
03:05:25.394 [TestNG-PoolService-3] INFO  ApiAssertions - Asserting body is not empty
03:05:25.408 [TestNG-PoolService-3] INFO  ApiAssertions - Asserting field 'bookingid' is present
03:05:25.408 [TestNG-PoolService-3] INFO  ApiAssertions - Asserting response time 273ms is below 30000ms
03:05:25.413 [TestNG-PoolService-3] INFO  BookingSteps - Created booking id 3016
03:05:25.414 [TestNG-PoolService-3] INFO  RestClient - --> PATCH /booking/{id}
03:05:25.697 [TestNG-PoolService-3] INFO  RestClient - <-- PATCH /booking/{id} responded 200 in 283 ms
03:05:25.698 [TestNG-PoolService-3] INFO  ApiAssertions - Asserting status code is 200
03:05:25.698 [TestNG-PoolService-3] INFO  ApiAssertions - Asserting response time 273ms is below 30000ms
03:05:25.698 [TestNG-PoolService-3] INFO  RestClient - --> GET /booking/{id}
03:05:25.974 [TestNG-PoolService-3] INFO  RestClient - <-- GET /booking/{id} responded 200 in 276 ms
03:05:25.974 [TestNG-PoolService-3] INFO  ApiAssertions - Asserting status code is 200
03:05:25.974 [TestNG-PoolService-3] INFO  ApiAssertions - Asserting content type is JSON
03:05:25.974 [TestNG-PoolService-3] INFO  ApiAssertions - Asserting body is not empty
03:05:25.977 [TestNG-PoolService-3] INFO  Hooks - Cleaning up booking 3016
03:05:25.978 [TestNG-PoolService-3] INFO  RestClient - --> DELETE /booking/{id}
03:05:26.257 [TestNG-PoolService-3] INFO  RestClient - <-- DELETE /booking/{id} responded 201 in 279 ms
03:05:26.257 [TestNG-PoolService-3] INFO  Hooks - ### SCENARIO END: Partially update booking name to "Jean-Luc O'Connor" -> PASSED
