03:02:24.488 [TestNG-PoolService-1] INFO  Hooks - ### SCENARIO START: Partially update booking name to "Jean-Luc O'Connor"
03:02:24.489 [TestNG-PoolService-1] INFO  Hooks - Obtaining auth token for an @auth scenario
03:02:24.496 [TestNG-PoolService-1] INFO  RestClient - --> POST /auth
03:02:24.618 [TestNG-PoolService-1] INFO  RestClient - <-- POST /auth responded 200 in 122 ms
03:02:24.621 [TestNG-PoolService-1] DEBUG BookingSteps - Payload from generated data: Booking(firstname=Val, lastname=Carter, totalprice=1467, depositpaid=false, bookingdates=BookingDates(checkin=2026-09-11, checkout=2026-09-14), additionalneeds=Ebiten maki)
03:02:24.622 [TestNG-PoolService-1] INFO  RestClient - --> POST /booking
03:02:24.732 [TestNG-PoolService-1] INFO  RestClient - <-- POST /booking responded 200 in 110 ms
03:02:24.733 [TestNG-PoolService-1] INFO  ApiAssertions - Asserting status code is 200
03:02:24.733 [TestNG-PoolService-1] INFO  ApiAssertions - Asserting content type is JSON
03:02:24.733 [TestNG-PoolService-1] INFO  ApiAssertions - Asserting body is not empty
03:02:24.743 [TestNG-PoolService-1] INFO  ApiAssertions - Asserting field 'bookingid' is present
03:02:24.743 [TestNG-PoolService-1] INFO  ApiAssertions - Asserting response time 100ms is below 30000ms
03:02:24.746 [TestNG-PoolService-1] INFO  BookingSteps - Created booking id 369
03:02:24.748 [TestNG-PoolService-1] INFO  RestClient - --> PATCH /booking/{id}
03:02:24.872 [TestNG-PoolService-1] INFO  RestClient - <-- PATCH /booking/{id} responded 200 in 124 ms
03:02:24.874 [TestNG-PoolService-1] INFO  ApiAssertions - Asserting status code is 200
03:02:24.875 [TestNG-PoolService-1] INFO  ApiAssertions - Asserting response time 108ms is below 30000ms
03:02:24.877 [TestNG-PoolService-1] INFO  RestClient - --> GET /booking/{id}
03:02:24.993 [TestNG-PoolService-1] INFO  RestClient - <-- GET /booking/{id} responded 200 in 116 ms
03:02:24.993 [TestNG-PoolService-1] INFO  ApiAssertions - Asserting status code is 200
03:02:24.994 [TestNG-PoolService-1] INFO  ApiAssertions - Asserting content type is JSON
03:02:24.994 [TestNG-PoolService-1] INFO  ApiAssertions - Asserting body is not empty
03:02:24.996 [TestNG-PoolService-1] INFO  Hooks - Cleaning up booking 369
03:02:24.997 [TestNG-PoolService-1] INFO  RestClient - --> DELETE /booking/{id}
03:02:25.125 [TestNG-PoolService-1] INFO  RestClient - <-- DELETE /booking/{id} responded 201 in 128 ms
03:02:25.126 [TestNG-PoolService-1] INFO  Hooks - ### SCENARIO END: Partially update booking name to "Jean-Luc O'Connor" -> PASSED
