07:10:18.898 [TestNG-PoolService-2] INFO  Hooks - ### SCENARIO START: Full booking lifecycle - create, read, update, delete using "booking-no-additional-needs.json"
07:10:18.899 [TestNG-PoolService-2] INFO  Hooks - Obtaining auth token for an @auth scenario
07:10:18.905 [TestNG-PoolService-2] INFO  RestClient - --> POST /auth
07:10:19.025 [TestNG-PoolService-2] INFO  RestClient - <-- POST /auth responded 200 in 120 ms
07:10:19.249 [TestNG-PoolService-2] INFO  JsonDataReader - Loaded test data 'booking-no-additional-needs.json' with dynamic values resolved
07:10:19.275 [TestNG-PoolService-2] DEBUG BookingSteps - Payload from test data file booking-no-additional-needs.json: Booking(firstname=Karl, lastname=Gleason, totalprice=66, depositpaid=false, bookingdates=BookingDates(checkin=2026-09-10, checkout=2026-09-12), additionalneeds=null)
07:10:19.277 [TestNG-PoolService-2] INFO  RestClient - --> POST /booking
07:10:19.367 [TestNG-PoolService-2] INFO  RestClient - <-- POST /booking responded 200 in 90 ms
07:10:19.376 [TestNG-PoolService-2] INFO  ApiAssertions - Asserting status code is 200
07:10:19.377 [TestNG-PoolService-2] INFO  ApiAssertions - Asserting content type is JSON
07:10:19.377 [TestNG-PoolService-2] INFO  ApiAssertions - Asserting body is not empty
07:10:19.401 [TestNG-PoolService-2] INFO  ApiAssertions - Asserting field 'bookingid' is present
07:10:19.403 [TestNG-PoolService-2] INFO  ApiAssertions - Asserting response time 58ms is below 30000ms
07:10:19.406 [TestNG-PoolService-2] INFO  BookingSteps - Created booking id 12664
07:10:19.408 [TestNG-PoolService-2] INFO  RestClient - --> GET /booking/{id}
07:10:19.519 [TestNG-PoolService-2] INFO  RestClient - <-- GET /booking/{id} responded 200 in 111 ms
07:10:19.520 [TestNG-PoolService-2] INFO  ApiAssertions - Asserting status code is 200
07:10:19.520 [TestNG-PoolService-2] INFO  ApiAssertions - Asserting content type is JSON
07:10:19.520 [TestNG-PoolService-2] INFO  ApiAssertions - Asserting body is not empty
07:10:19.525 [TestNG-PoolService-2] INFO  JsonDataReader - Loaded test data 'booking-long-stay.json' with dynamic values resolved
07:10:19.526 [TestNG-PoolService-2] DEBUG BookingSteps - Payload from test data file booking-long-stay.json: Booking(firstname=Cecil, lastname=Keeling, totalprice=8602, depositpaid=true, bookingdates=BookingDates(checkin=2026-11-08, checkout=2027-01-07), additionalneeds=Airport transfer)
07:10:19.535 [TestNG-PoolService-2] INFO  RestClient - --> PUT /booking/{id}
07:10:19.614 [TestNG-PoolService-2] INFO  RestClient - <-- PUT /booking/{id} responded 200 in 79 ms
07:10:19.618 [TestNG-PoolService-2] INFO  BookingSteps - Updated booking 12664 from booking-long-stay.json
07:10:19.618 [TestNG-PoolService-2] INFO  ApiAssertions - Asserting status code is 200
07:10:19.619 [TestNG-PoolService-2] INFO  ApiAssertions - Asserting response time 57ms is below 30000ms
07:10:19.621 [TestNG-PoolService-2] INFO  RestClient - --> GET /booking/{id}
07:10:19.683 [TestNG-PoolService-2] INFO  RestClient - <-- GET /booking/{id} responded 200 in 62 ms
07:10:19.683 [TestNG-PoolService-2] INFO  ApiAssertions - Asserting status code is 200
07:10:19.684 [TestNG-PoolService-2] INFO  ApiAssertions - Asserting content type is JSON
07:10:19.684 [TestNG-PoolService-2] INFO  ApiAssertions - Asserting body is not empty
07:10:19.693 [TestNG-PoolService-2] INFO  RestClient - --> DELETE /booking/{id}
07:10:19.762 [TestNG-PoolService-2] INFO  RestClient - <-- DELETE /booking/{id} responded 201 in 69 ms
07:10:19.763 [TestNG-PoolService-2] INFO  ApiAssertions - Asserting status code is 201
07:10:19.763 [TestNG-PoolService-2] INFO  ApiAssertions - Asserting response time 50ms is below 30000ms
07:10:19.767 [TestNG-PoolService-2] INFO  RestClient - --> GET /booking/{id}
07:10:19.837 [TestNG-PoolService-2] INFO  RestClient - <-- GET /booking/{id} responded 404 in 69 ms
07:10:19.837 [TestNG-PoolService-2] INFO  ApiAssertions - Asserting status code is 404
07:10:19.837 [TestNG-PoolService-2] INFO  BookingSteps - Confirmed booking 12664 is gone
07:10:19.844 [TestNG-PoolService-2] INFO  Hooks - ### SCENARIO END: Full booking lifecycle - create, read, update, delete using "booking-no-additional-needs.json" -> PASSED
