07:44:40.946 [TestNG-PoolService-2] INFO  Hooks - ### SCENARIO START: Partially update booking name to "Mohamed AbdElghany"
07:44:40.947 [TestNG-PoolService-2] INFO  Hooks - Obtaining auth token for an @auth scenario
07:44:40.950 [TestNG-PoolService-2] INFO  RestClient - --> POST /auth
07:44:41.025 [TestNG-PoolService-2] INFO  RestClient - <-- POST /auth responded 200 in 75 ms
07:44:41.028 [TestNG-PoolService-2] DEBUG BookingSteps - Payload from generated data: Booking(firstname=Russel, lastname=Ziemann, totalprice=132, depositpaid=false, bookingdates=BookingDates(checkin=2026-10-18, checkout=2026-10-26), additionalneeds=Pork Sausage Roll)
07:44:41.032 [TestNG-PoolService-2] INFO  RestClient - --> POST /booking
07:44:41.107 [TestNG-PoolService-2] INFO  RestClient - <-- POST /booking responded 200 in 75 ms
07:44:41.107 [TestNG-PoolService-2] INFO  ApiAssertions - Asserting status code is 200
07:44:41.108 [TestNG-PoolService-2] INFO  ApiAssertions - Asserting content type is JSON
07:44:41.108 [TestNG-PoolService-2] INFO  ApiAssertions - Asserting body is not empty
07:44:41.124 [TestNG-PoolService-2] INFO  ApiAssertions - Asserting field 'bookingid' is present
07:44:41.124 [TestNG-PoolService-2] INFO  ApiAssertions - Asserting response time 49ms is below 30000ms
07:44:41.133 [TestNG-PoolService-2] INFO  BookingSteps - Created booking id 2179
07:44:41.135 [TestNG-PoolService-2] INFO  RestClient - --> PATCH /booking/{id}
07:44:41.209 [TestNG-PoolService-2] INFO  RestClient - <-- PATCH /booking/{id} responded 200 in 74 ms
07:44:41.210 [TestNG-PoolService-2] INFO  ApiAssertions - Asserting status code is 200
07:44:41.210 [TestNG-PoolService-2] INFO  ApiAssertions - Asserting response time 56ms is below 30000ms
07:44:41.211 [TestNG-PoolService-2] INFO  RestClient - --> GET /booking/{id}
07:44:41.282 [TestNG-PoolService-2] INFO  RestClient - <-- GET /booking/{id} responded 200 in 71 ms
07:44:41.282 [TestNG-PoolService-2] INFO  ApiAssertions - Asserting status code is 200
07:44:41.283 [TestNG-PoolService-2] INFO  ApiAssertions - Asserting content type is JSON
07:44:41.283 [TestNG-PoolService-2] INFO  ApiAssertions - Asserting body is not empty
07:44:41.293 [TestNG-PoolService-2] INFO  Hooks - Cleaning up booking 2179
07:44:41.294 [TestNG-PoolService-2] INFO  RestClient - --> DELETE /booking/{id}
07:44:41.364 [TestNG-PoolService-2] INFO  RestClient - <-- DELETE /booking/{id} responded 201 in 70 ms
07:44:41.370 [TestNG-PoolService-2] INFO  Hooks - ### SCENARIO END: Partially update booking name to "Mohamed AbdElghany" -> PASSED
