06:58:40.264 [TestNG-PoolService-2] INFO  Hooks - ### SCENARIO START: Partially update booking name to "Sara Ali"
06:58:40.265 [TestNG-PoolService-2] INFO  Hooks - Obtaining auth token for an @auth scenario
06:58:40.268 [TestNG-PoolService-2] INFO  RestClient - --> POST /auth
06:58:40.871 [TestNG-PoolService-2] INFO  RestClient - <-- POST /auth responded 200 in 602 ms
06:58:40.872 [TestNG-PoolService-2] DEBUG BookingSteps - Payload from generated data: Booking(firstname=Cedrick, lastname=Haley, totalprice=226, depositpaid=true, bookingdates=BookingDates(checkin=2026-09-04, checkout=2026-09-06), additionalneeds=Pasta Carbonara)
06:58:40.873 [TestNG-PoolService-2] INFO  RestClient - --> POST /booking
06:58:41.466 [TestNG-PoolService-2] INFO  RestClient - <-- POST /booking responded 200 in 593 ms
06:58:41.467 [TestNG-PoolService-2] INFO  ApiAssertions - Asserting status code is 200
06:58:41.467 [TestNG-PoolService-2] INFO  ApiAssertions - Asserting content type is JSON
06:58:41.467 [TestNG-PoolService-2] INFO  ApiAssertions - Asserting body is not empty
06:58:41.475 [TestNG-PoolService-2] INFO  ApiAssertions - Asserting field 'bookingid' is present
06:58:41.475 [TestNG-PoolService-2] INFO  ApiAssertions - Asserting response time 585ms is below 30000ms
06:58:41.477 [TestNG-PoolService-2] INFO  BookingSteps - Created booking id 4671
06:58:41.480 [TestNG-PoolService-2] INFO  RestClient - --> PATCH /booking/{id}
06:58:42.086 [TestNG-PoolService-2] INFO  RestClient - <-- PATCH /booking/{id} responded 200 in 606 ms
06:58:42.086 [TestNG-PoolService-2] INFO  ApiAssertions - Asserting status code is 200
06:58:42.087 [TestNG-PoolService-2] INFO  ApiAssertions - Asserting response time 596ms is below 30000ms
06:58:42.088 [TestNG-PoolService-2] INFO  RestClient - --> GET /booking/{id}
06:58:42.681 [TestNG-PoolService-2] INFO  RestClient - <-- GET /booking/{id} responded 200 in 593 ms
06:58:42.682 [TestNG-PoolService-2] INFO  ApiAssertions - Asserting status code is 200
06:58:42.682 [TestNG-PoolService-2] INFO  ApiAssertions - Asserting content type is JSON
06:58:42.682 [TestNG-PoolService-2] INFO  ApiAssertions - Asserting body is not empty
06:58:42.684 [TestNG-PoolService-2] INFO  Hooks - Cleaning up booking 4671
06:58:42.685 [TestNG-PoolService-2] INFO  RestClient - --> DELETE /booking/{id}
06:58:43.275 [TestNG-PoolService-2] INFO  RestClient - <-- DELETE /booking/{id} responded 201 in 590 ms
06:58:43.276 [TestNG-PoolService-2] INFO  Hooks - ### SCENARIO END: Partially update booking name to "Sara Ali" -> PASSED
