07:13:17.220 [TestNG-PoolService-3] INFO  Hooks - ### SCENARIO START: Full booking lifecycle - create, read, update, delete using "booking-no-additional-needs.json"
07:13:17.221 [TestNG-PoolService-3] INFO  Hooks - Obtaining auth token for an @auth scenario
07:13:17.222 [TestNG-PoolService-3] INFO  RestClient - --> POST /auth
07:13:17.622 [TestNG-PoolService-3] INFO  RestClient - <-- POST /auth responded 200 in 398 ms
07:13:17.639 [TestNG-PoolService-3] INFO  JsonDataReader - Loaded test data 'booking-no-additional-needs.json' with dynamic values resolved
07:13:17.640 [TestNG-PoolService-3] DEBUG BookingSteps - Payload from test data file booking-no-additional-needs.json: Booking(firstname=Quinn, lastname=Sawayn, totalprice=78, depositpaid=false, bookingdates=BookingDates(checkin=2026-09-27, checkout=2026-09-29), additionalneeds=null)
07:13:17.641 [TestNG-PoolService-3] INFO  RestClient - --> POST /booking
07:13:18.038 [TestNG-PoolService-3] INFO  RestClient - <-- POST /booking responded 200 in 396 ms
07:13:18.039 [TestNG-PoolService-3] INFO  ApiAssertions - Asserting status code is 200
07:13:18.039 [TestNG-PoolService-3] INFO  ApiAssertions - Asserting content type is JSON
07:13:18.039 [TestNG-PoolService-3] INFO  ApiAssertions - Asserting body is not empty
07:13:18.067 [TestNG-PoolService-3] INFO  ApiAssertions - Asserting field 'bookingid' is present
07:13:18.067 [TestNG-PoolService-3] INFO  ApiAssertions - Asserting response time 364ms is below 30000ms
07:13:18.069 [TestNG-PoolService-3] INFO  BookingSteps - Created booking id 1241
07:13:18.074 [TestNG-PoolService-3] INFO  RestClient - --> GET /booking/{id}
07:13:18.486 [TestNG-PoolService-3] INFO  RestClient - <-- GET /booking/{id} responded 200 in 412 ms
07:13:18.487 [TestNG-PoolService-3] INFO  ApiAssertions - Asserting status code is 200
07:13:18.487 [TestNG-PoolService-3] INFO  ApiAssertions - Asserting content type is JSON
07:13:18.487 [TestNG-PoolService-3] INFO  ApiAssertions - Asserting body is not empty
07:13:18.491 [TestNG-PoolService-3] INFO  JsonDataReader - Loaded test data 'booking-long-stay.json' with dynamic values resolved
07:13:18.491 [TestNG-PoolService-3] DEBUG BookingSteps - Payload from test data file booking-long-stay.json: Booking(firstname=Benjamin, lastname=Barrows, totalprice=7938, depositpaid=true, bookingdates=BookingDates(checkin=2026-11-25, checkout=2027-01-24), additionalneeds=Airport transfer)
07:13:18.500 [TestNG-PoolService-3] INFO  RestClient - --> PUT /booking/{id}
07:13:18.877 [TestNG-PoolService-3] INFO  RestClient - <-- PUT /booking/{id} responded 200 in 377 ms
07:13:18.878 [TestNG-PoolService-3] INFO  BookingSteps - Updated booking 1241 from booking-long-stay.json
07:13:18.878 [TestNG-PoolService-3] INFO  ApiAssertions - Asserting status code is 200
07:13:18.879 [TestNG-PoolService-3] INFO  ApiAssertions - Asserting response time 361ms is below 30000ms
07:13:18.880 [TestNG-PoolService-3] INFO  RestClient - --> GET /booking/{id}
07:13:19.252 [TestNG-PoolService-3] INFO  RestClient - <-- GET /booking/{id} responded 200 in 372 ms
07:13:19.253 [TestNG-PoolService-3] INFO  ApiAssertions - Asserting status code is 200
07:13:19.253 [TestNG-PoolService-3] INFO  ApiAssertions - Asserting content type is JSON
07:13:19.253 [TestNG-PoolService-3] INFO  ApiAssertions - Asserting body is not empty
07:13:19.260 [TestNG-PoolService-3] INFO  RestClient - --> DELETE /booking/{id}
07:13:19.627 [TestNG-PoolService-3] INFO  RestClient - <-- DELETE /booking/{id} responded 201 in 367 ms
07:13:19.628 [TestNG-PoolService-3] INFO  ApiAssertions - Asserting status code is 201
07:13:19.628 [TestNG-PoolService-3] INFO  ApiAssertions - Asserting response time 351ms is below 30000ms
07:13:19.630 [TestNG-PoolService-3] INFO  RestClient - --> GET /booking/{id}
07:13:20.008 [TestNG-PoolService-3] INFO  RestClient - <-- GET /booking/{id} responded 404 in 378 ms
07:13:20.011 [TestNG-PoolService-3] INFO  ApiAssertions - Asserting status code is 404
07:13:20.011 [TestNG-PoolService-3] INFO  BookingSteps - Confirmed booking 1241 is gone
07:13:20.013 [TestNG-PoolService-3] INFO  Hooks - ### SCENARIO END: Full booking lifecycle - create, read, update, delete using "booking-no-additional-needs.json" -> PASSED
