03:04:55.937 [TestNG-PoolService-2] INFO  Hooks - ### SCENARIO START: Partially update booking name to "Sara Ali"
03:04:55.942 [TestNG-PoolService-2] INFO  Hooks - Obtaining auth token for an @auth scenario
03:04:55.943 [TestNG-PoolService-2] INFO  RestClient - --> POST /auth
03:04:56.313 [TestNG-PoolService-2] INFO  RestClient - <-- POST /auth responded 200 in 370 ms
03:04:56.315 [TestNG-PoolService-2] DEBUG BookingSteps - Payload from generated data: Booking(firstname=Leigh, lastname=Torphy, totalprice=487, depositpaid=true, bookingdates=BookingDates(checkin=2026-09-10, checkout=2026-09-12), additionalneeds=Fish and Chips)
03:04:56.316 [TestNG-PoolService-2] INFO  RestClient - --> POST /booking
03:04:56.682 [TestNG-PoolService-2] INFO  RestClient - <-- POST /booking responded 200 in 365 ms
03:04:56.682 [TestNG-PoolService-2] INFO  ApiAssertions - Asserting status code is 200
03:04:56.682 [TestNG-PoolService-2] INFO  ApiAssertions - Asserting content type is JSON
03:04:56.682 [TestNG-PoolService-2] INFO  ApiAssertions - Asserting body is not empty
03:04:56.691 [TestNG-PoolService-2] INFO  ApiAssertions - Asserting field 'bookingid' is present
03:04:56.691 [TestNG-PoolService-2] INFO  ApiAssertions - Asserting response time 357ms is below 30000ms
03:04:56.694 [TestNG-PoolService-2] INFO  BookingSteps - Created booking id 2248
03:04:56.695 [TestNG-PoolService-2] INFO  RestClient - --> PATCH /booking/{id}
03:04:57.064 [TestNG-PoolService-2] INFO  RestClient - <-- PATCH /booking/{id} responded 200 in 369 ms
03:04:57.065 [TestNG-PoolService-2] INFO  ApiAssertions - Asserting status code is 200
03:04:57.065 [TestNG-PoolService-2] INFO  ApiAssertions - Asserting response time 359ms is below 30000ms
03:04:57.066 [TestNG-PoolService-2] INFO  RestClient - --> GET /booking/{id}
03:04:57.434 [TestNG-PoolService-2] INFO  RestClient - <-- GET /booking/{id} responded 200 in 367 ms
03:04:57.435 [TestNG-PoolService-2] INFO  ApiAssertions - Asserting status code is 200
03:04:57.435 [TestNG-PoolService-2] INFO  ApiAssertions - Asserting content type is JSON
03:04:57.435 [TestNG-PoolService-2] INFO  ApiAssertions - Asserting body is not empty
03:04:57.438 [TestNG-PoolService-2] INFO  Hooks - Cleaning up booking 2248
03:04:57.440 [TestNG-PoolService-2] INFO  RestClient - --> DELETE /booking/{id}
03:04:57.804 [TestNG-PoolService-2] INFO  RestClient - <-- DELETE /booking/{id} responded 201 in 364 ms
03:04:57.804 [TestNG-PoolService-2] INFO  Hooks - ### SCENARIO END: Partially update booking name to "Sara Ali" -> PASSED
