02:53:34.153 [TestNG-PoolService-1] INFO  Hooks - ### SCENARIO START: Partially update booking name to "Mohamed AbdElghany"
02:53:34.154 [TestNG-PoolService-1] INFO  Hooks - Obtaining auth token for an @auth scenario
02:53:34.158 [TestNG-PoolService-1] INFO  RestClient - --> POST /auth
02:53:34.216 [TestNG-PoolService-1] INFO  RestClient - <-- POST /auth responded 200 in 58 ms
02:53:34.221 [TestNG-PoolService-1] DEBUG BookingSteps - Payload from generated data: Booking(firstname=Alphonso, lastname=Klein, totalprice=1238, depositpaid=true, bookingdates=BookingDates(checkin=2026-09-01, checkout=2026-09-14), additionalneeds=Lasagne)
02:53:34.225 [TestNG-PoolService-1] INFO  RestClient - --> POST /booking
02:53:34.283 [TestNG-PoolService-1] INFO  RestClient - <-- POST /booking responded 200 in 58 ms
02:53:34.286 [TestNG-PoolService-1] INFO  ApiAssertions - Asserting status code is 200
02:53:34.287 [TestNG-PoolService-1] INFO  ApiAssertions - Asserting content type is JSON
02:53:34.287 [TestNG-PoolService-1] INFO  ApiAssertions - Asserting body is not empty
02:53:34.305 [TestNG-PoolService-1] INFO  ApiAssertions - Asserting field 'bookingid' is present
02:53:34.306 [TestNG-PoolService-1] INFO  ApiAssertions - Asserting response time 44ms is below 30000ms
02:53:34.313 [TestNG-PoolService-1] INFO  BookingSteps - Created booking id 2443
02:53:34.315 [TestNG-PoolService-1] INFO  RestClient - --> PATCH /booking/{id}
02:53:34.396 [TestNG-PoolService-1] INFO  RestClient - <-- PATCH /booking/{id} responded 200 in 81 ms
02:53:34.398 [TestNG-PoolService-1] INFO  ApiAssertions - Asserting status code is 200
02:53:34.398 [TestNG-PoolService-1] INFO  ApiAssertions - Asserting response time 51ms is below 30000ms
02:53:34.400 [TestNG-PoolService-1] INFO  RestClient - --> GET /booking/{id}
02:53:34.464 [TestNG-PoolService-1] INFO  RestClient - <-- GET /booking/{id} responded 200 in 64 ms
02:53:34.467 [TestNG-PoolService-1] INFO  ApiAssertions - Asserting status code is 200
02:53:34.467 [TestNG-PoolService-1] INFO  ApiAssertions - Asserting content type is JSON
02:53:34.467 [TestNG-PoolService-1] INFO  ApiAssertions - Asserting body is not empty
02:53:34.470 [TestNG-PoolService-1] INFO  Hooks - Cleaning up booking 2443
02:53:34.471 [TestNG-PoolService-1] INFO  RestClient - --> DELETE /booking/{id}
02:53:34.532 [TestNG-PoolService-1] INFO  RestClient - <-- DELETE /booking/{id} responded 201 in 61 ms
02:53:34.533 [TestNG-PoolService-1] INFO  Hooks - ### SCENARIO END: Partially update booking name to "Mohamed AbdElghany" -> PASSED
