08:05:50.126 [TestNG-PoolService-1] INFO  Hooks - ### SCENARIO START: Partially update booking name to "Mohamed AbdElghany"
08:05:50.126 [TestNG-PoolService-1] INFO  Hooks - Obtaining auth token for an @auth scenario
08:05:50.128 [TestNG-PoolService-1] INFO  RestClient - --> POST /auth
08:05:50.330 [TestNG-PoolService-1] INFO  RestClient - <-- POST /auth responded 200 in 202 ms
08:05:50.332 [TestNG-PoolService-1] DEBUG BookingSteps - Payload from generated data: Booking(firstname=Kasandra, lastname=Hagenes, totalprice=492, depositpaid=false, bookingdates=BookingDates(checkin=2026-10-28, checkout=2026-11-09), additionalneeds=Caprese Salad)
08:05:50.334 [TestNG-PoolService-1] INFO  RestClient - --> POST /booking
08:05:50.540 [TestNG-PoolService-1] INFO  RestClient - <-- POST /booking responded 200 in 206 ms
08:05:50.541 [TestNG-PoolService-1] INFO  ApiAssertions - Asserting status code is 200
08:05:50.541 [TestNG-PoolService-1] INFO  ApiAssertions - Asserting content type is JSON
08:05:50.542 [TestNG-PoolService-1] INFO  ApiAssertions - Asserting body is not empty
08:05:50.553 [TestNG-PoolService-1] INFO  ApiAssertions - Asserting field 'bookingid' is present
08:05:50.554 [TestNG-PoolService-1] INFO  ApiAssertions - Asserting response time 195ms is below 30000ms
08:05:50.557 [TestNG-PoolService-1] INFO  BookingSteps - Created booking id 2310
08:05:50.559 [TestNG-PoolService-1] INFO  RestClient - --> PATCH /booking/{id}
08:05:50.766 [TestNG-PoolService-1] INFO  RestClient - <-- PATCH /booking/{id} responded 200 in 206 ms
08:05:50.766 [TestNG-PoolService-1] INFO  ApiAssertions - Asserting status code is 200
08:05:50.767 [TestNG-PoolService-1] INFO  ApiAssertions - Asserting response time 195ms is below 30000ms
08:05:50.768 [TestNG-PoolService-1] INFO  RestClient - --> GET /booking/{id}
08:05:50.971 [TestNG-PoolService-1] INFO  RestClient - <-- GET /booking/{id} responded 200 in 203 ms
08:05:50.972 [TestNG-PoolService-1] INFO  ApiAssertions - Asserting status code is 200
08:05:50.972 [TestNG-PoolService-1] INFO  ApiAssertions - Asserting content type is JSON
08:05:50.972 [TestNG-PoolService-1] INFO  ApiAssertions - Asserting body is not empty
08:05:50.976 [TestNG-PoolService-1] INFO  Hooks - Cleaning up booking 2310
08:05:50.977 [TestNG-PoolService-1] INFO  RestClient - --> DELETE /booking/{id}
08:05:51.185 [TestNG-PoolService-1] INFO  RestClient - <-- DELETE /booking/{id} responded 201 in 208 ms
08:05:51.186 [TestNG-PoolService-1] INFO  Hooks - ### SCENARIO END: Partially update booking name to "Mohamed AbdElghany" -> PASSED
