05:24:04.147 [TestNG-PoolService-1] INFO  Hooks - ### SCENARIO START: Partially update booking name to "Mohamed AbdElghany"
05:24:04.149 [TestNG-PoolService-1] INFO  Hooks - Obtaining auth token for an @auth scenario
05:24:04.151 [TestNG-PoolService-1] INFO  RestClient - --> POST /auth
05:24:04.511 [TestNG-PoolService-1] INFO  RestClient - <-- POST /auth responded 200 in 360 ms
05:24:04.513 [TestNG-PoolService-1] DEBUG BookingSteps - Payload from generated data: Booking(firstname=Kenton, lastname=Klein, totalprice=1781, depositpaid=true, bookingdates=BookingDates(checkin=2026-08-19, checkout=2026-08-22), additionalneeds=Pappardelle alla Bolognese)
05:24:04.515 [TestNG-PoolService-1] INFO  RestClient - --> POST /booking
05:24:04.878 [TestNG-PoolService-1] INFO  RestClient - <-- POST /booking responded 200 in 363 ms
05:24:04.878 [TestNG-PoolService-1] INFO  ApiAssertions - Asserting status code is 200
05:24:04.879 [TestNG-PoolService-1] INFO  ApiAssertions - Asserting content type is JSON
05:24:04.879 [TestNG-PoolService-1] INFO  ApiAssertions - Asserting body is not empty
05:24:04.888 [TestNG-PoolService-1] INFO  ApiAssertions - Asserting field 'bookingid' is present
05:24:04.889 [TestNG-PoolService-1] INFO  ApiAssertions - Asserting response time 353ms is below 30000ms
05:24:04.892 [TestNG-PoolService-1] INFO  BookingSteps - Created booking id 1629
05:24:04.894 [TestNG-PoolService-1] INFO  RestClient - --> PATCH /booking/{id}
05:24:05.248 [TestNG-PoolService-1] INFO  RestClient - <-- PATCH /booking/{id} responded 200 in 354 ms
05:24:05.248 [TestNG-PoolService-1] INFO  ApiAssertions - Asserting status code is 200
05:24:05.249 [TestNG-PoolService-1] INFO  ApiAssertions - Asserting response time 344ms is below 30000ms
05:24:05.250 [TestNG-PoolService-1] INFO  RestClient - --> GET /booking/{id}
05:24:05.617 [TestNG-PoolService-1] INFO  RestClient - <-- GET /booking/{id} responded 200 in 366 ms
05:24:05.617 [TestNG-PoolService-1] INFO  ApiAssertions - Asserting status code is 200
05:24:05.617 [TestNG-PoolService-1] INFO  ApiAssertions - Asserting content type is JSON
05:24:05.617 [TestNG-PoolService-1] INFO  ApiAssertions - Asserting body is not empty
05:24:05.619 [TestNG-PoolService-1] INFO  Hooks - Cleaning up booking 1629
05:24:05.620 [TestNG-PoolService-1] INFO  RestClient - --> DELETE /booking/{id}
05:24:05.979 [TestNG-PoolService-1] INFO  RestClient - <-- DELETE /booking/{id} responded 201 in 359 ms
05:24:05.979 [TestNG-PoolService-1] INFO  Hooks - ### SCENARIO END: Partially update booking name to "Mohamed AbdElghany" -> PASSED
