08:37:07.264 [TestNG-PoolService-1] INFO  Hooks - ### SCENARIO START: Partially update booking name to "Mohamed AbdElghany"
08:37:07.264 [TestNG-PoolService-1] INFO  Hooks - Obtaining auth token for an @auth scenario
08:37:07.265 [TestNG-PoolService-1] INFO  RestClient - --> POST /auth
08:37:07.400 [TestNG-PoolService-1] INFO  RestClient - <-- POST /auth responded 200 in 135 ms
08:37:07.402 [TestNG-PoolService-1] DEBUG BookingSteps - Payload from generated data: Booking(firstname=Harland, lastname=Graham, totalprice=902, depositpaid=true, bookingdates=BookingDates(checkin=2026-10-31, checkout=2026-11-05), additionalneeds=Tacos)
08:37:07.403 [TestNG-PoolService-1] INFO  RestClient - --> POST /booking
08:37:07.534 [TestNG-PoolService-1] INFO  RestClient - <-- POST /booking responded 200 in 131 ms
08:37:07.535 [TestNG-PoolService-1] INFO  ApiAssertions - Asserting status code is 200
08:37:07.535 [TestNG-PoolService-1] INFO  ApiAssertions - Asserting content type is JSON
08:37:07.535 [TestNG-PoolService-1] INFO  ApiAssertions - Asserting body is not empty
08:37:07.544 [TestNG-PoolService-1] INFO  ApiAssertions - Asserting field 'bookingid' is present
08:37:07.544 [TestNG-PoolService-1] INFO  ApiAssertions - Asserting response time 124ms is below 30000ms
08:37:07.546 [TestNG-PoolService-1] INFO  BookingSteps - Created booking id 3208
08:37:07.547 [TestNG-PoolService-1] INFO  RestClient - --> PATCH /booking/{id}
08:37:07.700 [TestNG-PoolService-1] INFO  RestClient - <-- PATCH /booking/{id} responded 200 in 153 ms
08:37:07.701 [TestNG-PoolService-1] INFO  ApiAssertions - Asserting status code is 200
08:37:07.701 [TestNG-PoolService-1] INFO  ApiAssertions - Asserting response time 136ms is below 30000ms
08:37:07.702 [TestNG-PoolService-1] INFO  RestClient - --> GET /booking/{id}
08:37:07.829 [TestNG-PoolService-1] INFO  RestClient - <-- GET /booking/{id} responded 200 in 127 ms
08:37:07.830 [TestNG-PoolService-1] INFO  ApiAssertions - Asserting status code is 200
08:37:07.830 [TestNG-PoolService-1] INFO  ApiAssertions - Asserting content type is JSON
08:37:07.830 [TestNG-PoolService-1] INFO  ApiAssertions - Asserting body is not empty
08:37:07.832 [TestNG-PoolService-1] INFO  Hooks - Cleaning up booking 3208
08:37:07.832 [TestNG-PoolService-1] INFO  RestClient - --> DELETE /booking/{id}
08:37:07.963 [TestNG-PoolService-1] INFO  RestClient - <-- DELETE /booking/{id} responded 201 in 131 ms
08:37:07.963 [TestNG-PoolService-1] INFO  Hooks - ### SCENARIO END: Partially update booking name to "Mohamed AbdElghany" -> PASSED
