08:16:59.128 [TestNG-PoolService-2] INFO  Hooks - ### SCENARIO START: Partially update booking name to "Mohamed AbdElghany"
08:16:59.129 [TestNG-PoolService-2] INFO  Hooks - Obtaining auth token for an @auth scenario
08:16:59.130 [TestNG-PoolService-2] INFO  RestClient - --> POST /auth
08:16:59.391 [TestNG-PoolService-2] INFO  RestClient - <-- POST /auth responded 200 in 261 ms
08:16:59.394 [TestNG-PoolService-2] DEBUG BookingSteps - Payload from generated data: Booking(firstname=Barry, lastname=Haag, totalprice=1110, depositpaid=false, bookingdates=BookingDates(checkin=2026-11-04, checkout=2026-11-17), additionalneeds=Tiramisù)
08:16:59.396 [TestNG-PoolService-2] INFO  RestClient - --> POST /booking
08:16:59.649 [TestNG-PoolService-2] INFO  RestClient - <-- POST /booking responded 200 in 253 ms
08:16:59.650 [TestNG-PoolService-2] INFO  ApiAssertions - Asserting status code is 200
08:16:59.650 [TestNG-PoolService-2] INFO  ApiAssertions - Asserting content type is JSON
08:16:59.650 [TestNG-PoolService-2] INFO  ApiAssertions - Asserting body is not empty
08:16:59.670 [TestNG-PoolService-2] INFO  ApiAssertions - Asserting field 'bookingid' is present
08:16:59.673 [TestNG-PoolService-2] INFO  ApiAssertions - Asserting response time 241ms is below 30000ms
08:16:59.676 [TestNG-PoolService-2] INFO  BookingSteps - Created booking id 3127
08:16:59.677 [TestNG-PoolService-2] INFO  RestClient - --> PATCH /booking/{id}
08:16:59.933 [TestNG-PoolService-2] INFO  RestClient - <-- PATCH /booking/{id} responded 200 in 255 ms
08:16:59.933 [TestNG-PoolService-2] INFO  ApiAssertions - Asserting status code is 200
08:16:59.934 [TestNG-PoolService-2] INFO  ApiAssertions - Asserting response time 240ms is below 30000ms
08:16:59.936 [TestNG-PoolService-2] INFO  RestClient - --> GET /booking/{id}
08:17:00.217 [TestNG-PoolService-2] INFO  RestClient - <-- GET /booking/{id} responded 200 in 281 ms
08:17:00.217 [TestNG-PoolService-2] INFO  ApiAssertions - Asserting status code is 200
08:17:00.218 [TestNG-PoolService-2] INFO  ApiAssertions - Asserting content type is JSON
08:17:00.218 [TestNG-PoolService-2] INFO  ApiAssertions - Asserting body is not empty
08:17:00.220 [TestNG-PoolService-2] INFO  Hooks - Cleaning up booking 3127
08:17:00.222 [TestNG-PoolService-2] INFO  RestClient - --> DELETE /booking/{id}
08:17:00.487 [TestNG-PoolService-2] INFO  RestClient - <-- DELETE /booking/{id} responded 201 in 265 ms
08:17:00.489 [TestNG-PoolService-2] INFO  Hooks - ### SCENARIO END: Partially update booking name to "Mohamed AbdElghany" -> PASSED
