03:07:14.255 [TestNG-PoolService-4] INFO  Hooks - ### SCENARIO START: Full booking lifecycle - create, read, update, delete using "booking-no-additional-needs.json"
03:07:14.256 [TestNG-PoolService-4] INFO  Hooks - Obtaining auth token for an @auth scenario
03:07:14.257 [TestNG-PoolService-4] INFO  RestClient - --> POST /auth
03:07:14.561 [TestNG-PoolService-4] INFO  RestClient - <-- POST /auth responded 200 in 303 ms
03:07:14.568 [TestNG-PoolService-4] INFO  JsonDataReader - Loaded test data 'booking-no-additional-needs.json' with dynamic values resolved
03:07:14.570 [TestNG-PoolService-4] DEBUG BookingSteps - Payload from test data file booking-no-additional-needs.json: Booking(firstname=Florencia, lastname=Deckow, totalprice=98, depositpaid=false, bookingdates=BookingDates(checkin=2026-08-27, checkout=2026-08-29), additionalneeds=null)
03:07:14.571 [TestNG-PoolService-4] INFO  RestClient - --> POST /booking
03:07:14.869 [TestNG-PoolService-4] INFO  RestClient - <-- POST /booking responded 200 in 298 ms
03:07:14.870 [TestNG-PoolService-4] INFO  ApiAssertions - Asserting status code is 200
03:07:14.872 [TestNG-PoolService-4] INFO  ApiAssertions - Asserting content type is JSON
03:07:14.872 [TestNG-PoolService-4] INFO  ApiAssertions - Asserting body is not empty
03:07:14.887 [TestNG-PoolService-4] INFO  ApiAssertions - Asserting field 'bookingid' is present
03:07:14.887 [TestNG-PoolService-4] INFO  ApiAssertions - Asserting response time 277ms is below 30000ms
03:07:14.892 [TestNG-PoolService-4] INFO  BookingSteps - Created booking id 3463
03:07:14.899 [TestNG-PoolService-4] INFO  RestClient - --> GET /booking/{id}
03:07:15.258 [TestNG-PoolService-4] INFO  RestClient - <-- GET /booking/{id} responded 200 in 358 ms
03:07:15.259 [TestNG-PoolService-4] INFO  ApiAssertions - Asserting status code is 200
03:07:15.259 [TestNG-PoolService-4] INFO  ApiAssertions - Asserting content type is JSON
03:07:15.259 [TestNG-PoolService-4] INFO  ApiAssertions - Asserting body is not empty
03:07:15.262 [TestNG-PoolService-4] INFO  JsonDataReader - Loaded test data 'booking-long-stay.json' with dynamic values resolved
03:07:15.263 [TestNG-PoolService-4] DEBUG BookingSteps - Payload from test data file booking-long-stay.json: Booking(firstname=Anthony, lastname=Dibbert, totalprice=5647, depositpaid=true, bookingdates=BookingDates(checkin=2026-10-25, checkout=2026-12-24), additionalneeds=Airport transfer)
03:07:15.264 [TestNG-PoolService-4] INFO  RestClient - --> PUT /booking/{id}
03:07:15.567 [TestNG-PoolService-4] INFO  RestClient - <-- PUT /booking/{id} responded 200 in 303 ms
03:07:15.567 [TestNG-PoolService-4] INFO  BookingSteps - Updated booking 3463 from booking-long-stay.json
03:07:15.568 [TestNG-PoolService-4] INFO  ApiAssertions - Asserting status code is 200
03:07:15.569 [TestNG-PoolService-4] INFO  ApiAssertions - Asserting response time 286ms is below 30000ms
03:07:15.570 [TestNG-PoolService-4] INFO  RestClient - --> GET /booking/{id}
03:07:15.857 [TestNG-PoolService-4] INFO  RestClient - <-- GET /booking/{id} responded 200 in 287 ms
03:07:15.858 [TestNG-PoolService-4] INFO  ApiAssertions - Asserting status code is 200
03:07:15.858 [TestNG-PoolService-4] INFO  ApiAssertions - Asserting content type is JSON
03:07:15.858 [TestNG-PoolService-4] INFO  ApiAssertions - Asserting body is not empty
03:07:15.862 [TestNG-PoolService-4] INFO  RestClient - --> DELETE /booking/{id}
03:07:16.152 [TestNG-PoolService-4] INFO  RestClient - <-- DELETE /booking/{id} responded 201 in 289 ms
03:07:16.153 [TestNG-PoolService-4] INFO  ApiAssertions - Asserting status code is 201
03:07:16.153 [TestNG-PoolService-4] INFO  ApiAssertions - Asserting response time 281ms is below 30000ms
03:07:16.155 [TestNG-PoolService-4] INFO  RestClient - --> GET /booking/{id}
03:07:16.450 [TestNG-PoolService-4] INFO  RestClient - <-- GET /booking/{id} responded 404 in 295 ms
03:07:16.450 [TestNG-PoolService-4] INFO  ApiAssertions - Asserting status code is 404
03:07:16.450 [TestNG-PoolService-4] INFO  BookingSteps - Confirmed booking 3463 is gone
03:07:16.454 [TestNG-PoolService-4] INFO  Hooks - ### SCENARIO END: Full booking lifecycle - create, read, update, delete using "booking-no-additional-needs.json" -> PASSED
