06:54:58.571 [TestNG-PoolService-4] INFO  Hooks - ### SCENARIO START: Full booking lifecycle - create, read, update, delete using "booking-no-additional-needs.json"
06:54:58.574 [TestNG-PoolService-4] INFO  Hooks - Obtaining auth token for an @auth scenario
06:54:58.576 [TestNG-PoolService-4] INFO  RestClient - --> POST /auth
06:54:58.650 [TestNG-PoolService-4] INFO  RestClient - <-- POST /auth responded 200 in 74 ms
06:54:58.865 [TestNG-PoolService-4] INFO  JsonDataReader - Loaded test data 'booking-no-additional-needs.json' with dynamic values resolved
06:54:58.889 [TestNG-PoolService-4] DEBUG BookingSteps - Payload from test data file booking-no-additional-needs.json: Booking(firstname=Fransisca, lastname=Romaguera, totalprice=126, depositpaid=false, bookingdates=BookingDates(checkin=2026-09-03, checkout=2026-09-05), additionalneeds=null)
06:54:58.890 [TestNG-PoolService-4] INFO  RestClient - --> POST /booking
06:54:58.968 [TestNG-PoolService-4] INFO  RestClient - <-- POST /booking responded 200 in 78 ms
06:54:58.971 [TestNG-PoolService-4] INFO  ApiAssertions - Asserting status code is 200
06:54:58.971 [TestNG-PoolService-4] INFO  ApiAssertions - Asserting content type is JSON
06:54:58.971 [TestNG-PoolService-4] INFO  ApiAssertions - Asserting body is not empty
06:54:58.991 [TestNG-PoolService-4] INFO  ApiAssertions - Asserting field 'bookingid' is present
06:54:58.991 [TestNG-PoolService-4] INFO  ApiAssertions - Asserting response time 34ms is below 30000ms
06:54:58.996 [TestNG-PoolService-4] INFO  BookingSteps - Created booking id 2295
06:54:59.013 [TestNG-PoolService-4] INFO  RestClient - --> GET /booking/{id}
06:54:59.130 [TestNG-PoolService-4] INFO  RestClient - <-- GET /booking/{id} responded 200 in 116 ms
06:54:59.133 [TestNG-PoolService-4] INFO  ApiAssertions - Asserting status code is 200
06:54:59.133 [TestNG-PoolService-4] INFO  ApiAssertions - Asserting content type is JSON
06:54:59.134 [TestNG-PoolService-4] INFO  ApiAssertions - Asserting body is not empty
06:54:59.136 [TestNG-PoolService-4] INFO  JsonDataReader - Loaded test data 'booking-long-stay.json' with dynamic values resolved
06:54:59.140 [TestNG-PoolService-4] DEBUG BookingSteps - Payload from test data file booking-long-stay.json: Booking(firstname=Ula, lastname=Treutel, totalprice=4974, depositpaid=true, bookingdates=BookingDates(checkin=2026-11-01, checkout=2026-12-31), additionalneeds=Airport transfer)
06:54:59.146 [TestNG-PoolService-4] INFO  RestClient - --> PUT /booking/{id}
06:54:59.228 [TestNG-PoolService-4] INFO  RestClient - <-- PUT /booking/{id} responded 200 in 79 ms
06:54:59.228 [TestNG-PoolService-4] INFO  BookingSteps - Updated booking 2295 from booking-long-stay.json
06:54:59.229 [TestNG-PoolService-4] INFO  ApiAssertions - Asserting status code is 200
06:54:59.235 [TestNG-PoolService-4] INFO  ApiAssertions - Asserting response time 42ms is below 30000ms
06:54:59.239 [TestNG-PoolService-4] INFO  RestClient - --> GET /booking/{id}
06:54:59.319 [TestNG-PoolService-4] INFO  RestClient - <-- GET /booking/{id} responded 200 in 80 ms
06:54:59.320 [TestNG-PoolService-4] INFO  ApiAssertions - Asserting status code is 200
06:54:59.320 [TestNG-PoolService-4] INFO  ApiAssertions - Asserting content type is JSON
06:54:59.320 [TestNG-PoolService-4] INFO  ApiAssertions - Asserting body is not empty
06:54:59.332 [TestNG-PoolService-4] INFO  RestClient - --> DELETE /booking/{id}
06:54:59.392 [TestNG-PoolService-4] INFO  RestClient - <-- DELETE /booking/{id} responded 201 in 60 ms
06:54:59.393 [TestNG-PoolService-4] INFO  ApiAssertions - Asserting status code is 201
06:54:59.393 [TestNG-PoolService-4] INFO  ApiAssertions - Asserting response time 35ms is below 30000ms
06:54:59.402 [TestNG-PoolService-4] INFO  RestClient - --> GET /booking/{id}
06:54:59.461 [TestNG-PoolService-4] INFO  RestClient - <-- GET /booking/{id} responded 404 in 56 ms
06:54:59.461 [TestNG-PoolService-4] INFO  ApiAssertions - Asserting status code is 404
06:54:59.461 [TestNG-PoolService-4] INFO  BookingSteps - Confirmed booking 2295 is gone
06:54:59.463 [TestNG-PoolService-4] INFO  Hooks - ### SCENARIO END: Full booking lifecycle - create, read, update, delete using "booking-no-additional-needs.json" -> PASSED
