03:05:24.639 [TestNG-PoolService-2] INFO  Hooks - ### SCENARIO START: Partially update booking name to "Mohamed AbdElghany"
03:05:24.639 [TestNG-PoolService-2] INFO  Hooks - Obtaining auth token for an @auth scenario
03:05:24.641 [TestNG-PoolService-2] INFO  RestClient - --> POST /auth
03:05:24.928 [TestNG-PoolService-2] INFO  RestClient - <-- POST /auth responded 200 in 287 ms
03:05:24.931 [TestNG-PoolService-2] DEBUG BookingSteps - Payload from generated data: Booking(firstname=Virgil, lastname=Macejkovic, totalprice=150, depositpaid=true, bookingdates=BookingDates(checkin=2026-08-31, checkout=2026-09-02), additionalneeds=Chicken Fajitas)
03:05:24.932 [TestNG-PoolService-2] INFO  RestClient - --> POST /booking
03:05:25.221 [TestNG-PoolService-2] INFO  RestClient - <-- POST /booking responded 200 in 289 ms
03:05:25.221 [TestNG-PoolService-2] INFO  ApiAssertions - Asserting status code is 200
03:05:25.221 [TestNG-PoolService-2] INFO  ApiAssertions - Asserting content type is JSON
03:05:25.222 [TestNG-PoolService-2] INFO  ApiAssertions - Asserting body is not empty
03:05:25.232 [TestNG-PoolService-2] INFO  ApiAssertions - Asserting field 'bookingid' is present
03:05:25.233 [TestNG-PoolService-2] INFO  ApiAssertions - Asserting response time 278ms is below 30000ms
03:05:25.235 [TestNG-PoolService-2] INFO  BookingSteps - Created booking id 3010
03:05:25.237 [TestNG-PoolService-2] INFO  RestClient - --> PATCH /booking/{id}
03:05:25.524 [TestNG-PoolService-2] INFO  RestClient - <-- PATCH /booking/{id} responded 200 in 287 ms
03:05:25.525 [TestNG-PoolService-2] INFO  ApiAssertions - Asserting status code is 200
03:05:25.526 [TestNG-PoolService-2] INFO  ApiAssertions - Asserting response time 278ms is below 30000ms
03:05:25.527 [TestNG-PoolService-2] INFO  RestClient - --> GET /booking/{id}
03:05:25.807 [TestNG-PoolService-2] INFO  RestClient - <-- GET /booking/{id} responded 200 in 280 ms
03:05:25.807 [TestNG-PoolService-2] INFO  ApiAssertions - Asserting status code is 200
03:05:25.807 [TestNG-PoolService-2] INFO  ApiAssertions - Asserting content type is JSON
03:05:25.807 [TestNG-PoolService-2] INFO  ApiAssertions - Asserting body is not empty
03:05:25.809 [TestNG-PoolService-2] INFO  Hooks - Cleaning up booking 3010
03:05:25.810 [TestNG-PoolService-2] INFO  RestClient - --> DELETE /booking/{id}
03:05:26.089 [TestNG-PoolService-2] INFO  RestClient - <-- DELETE /booking/{id} responded 201 in 278 ms
03:05:26.090 [TestNG-PoolService-2] INFO  Hooks - ### SCENARIO END: Partially update booking name to "Mohamed AbdElghany" -> PASSED
