07:10:20.115 [TestNG-PoolService-4] INFO  Hooks - ### SCENARIO START: Partially update booking name to "Jean-Luc O'Connor"
07:10:20.116 [TestNG-PoolService-4] INFO  Hooks - Obtaining auth token for an @auth scenario
07:10:20.117 [TestNG-PoolService-4] INFO  RestClient - --> POST /auth
07:10:20.184 [TestNG-PoolService-4] INFO  RestClient - <-- POST /auth responded 200 in 67 ms
07:10:20.202 [TestNG-PoolService-4] DEBUG BookingSteps - Payload from generated data: Booking(firstname=Lakenya, lastname=Upton, totalprice=220, depositpaid=true, bookingdates=BookingDates(checkin=2026-09-22, checkout=2026-10-04), additionalneeds=Chicken Fajitas)
07:10:20.206 [TestNG-PoolService-4] INFO  RestClient - --> POST /booking
07:10:20.264 [TestNG-PoolService-4] INFO  RestClient - <-- POST /booking responded 200 in 58 ms
07:10:20.265 [TestNG-PoolService-4] INFO  ApiAssertions - Asserting status code is 200
07:10:20.265 [TestNG-PoolService-4] INFO  ApiAssertions - Asserting content type is JSON
07:10:20.265 [TestNG-PoolService-4] INFO  ApiAssertions - Asserting body is not empty
07:10:20.297 [TestNG-PoolService-4] INFO  ApiAssertions - Asserting field 'bookingid' is present
07:10:20.297 [TestNG-PoolService-4] INFO  ApiAssertions - Asserting response time 44ms is below 30000ms
07:10:20.305 [TestNG-PoolService-4] INFO  BookingSteps - Created booking id 12677
07:10:20.310 [TestNG-PoolService-4] INFO  RestClient - --> PATCH /booking/{id}
07:10:20.380 [TestNG-PoolService-4] INFO  RestClient - <-- PATCH /booking/{id} responded 200 in 70 ms
07:10:20.381 [TestNG-PoolService-4] INFO  ApiAssertions - Asserting status code is 200
07:10:20.381 [TestNG-PoolService-4] INFO  ApiAssertions - Asserting response time 50ms is below 30000ms
07:10:20.382 [TestNG-PoolService-4] INFO  RestClient - --> GET /booking/{id}
07:10:20.438 [TestNG-PoolService-4] INFO  RestClient - <-- GET /booking/{id} responded 200 in 56 ms
07:10:20.438 [TestNG-PoolService-4] INFO  ApiAssertions - Asserting status code is 200
07:10:20.438 [TestNG-PoolService-4] INFO  ApiAssertions - Asserting content type is JSON
07:10:20.438 [TestNG-PoolService-4] INFO  ApiAssertions - Asserting body is not empty
07:10:20.441 [TestNG-PoolService-4] INFO  Hooks - Cleaning up booking 12677
07:10:20.442 [TestNG-PoolService-4] INFO  RestClient - --> DELETE /booking/{id}
07:10:20.494 [TestNG-PoolService-4] INFO  RestClient - <-- DELETE /booking/{id} responded 201 in 51 ms
07:10:20.494 [TestNG-PoolService-4] INFO  Hooks - ### SCENARIO END: Partially update booking name to "Jean-Luc O'Connor" -> PASSED
