03:07:16.644 [TestNG-PoolService-1] INFO  Hooks - ### SCENARIO START: Partially update booking name to "Jean-Luc O'Connor"
03:07:16.645 [TestNG-PoolService-1] INFO  Hooks - Obtaining auth token for an @auth scenario
03:07:16.646 [TestNG-PoolService-1] INFO  RestClient - --> POST /auth
03:07:16.933 [TestNG-PoolService-1] INFO  RestClient - <-- POST /auth responded 200 in 287 ms
03:07:16.935 [TestNG-PoolService-1] DEBUG BookingSteps - Payload from generated data: Booking(firstname=Billie, lastname=Nolan, totalprice=960, depositpaid=false, bookingdates=BookingDates(checkin=2026-09-07, checkout=2026-09-13), additionalneeds=Stinky Tofu)
03:07:16.936 [TestNG-PoolService-1] INFO  RestClient - --> POST /booking
03:07:17.236 [TestNG-PoolService-1] INFO  RestClient - <-- POST /booking responded 200 in 300 ms
03:07:17.237 [TestNG-PoolService-1] INFO  ApiAssertions - Asserting status code is 200
03:07:17.237 [TestNG-PoolService-1] INFO  ApiAssertions - Asserting content type is JSON
03:07:17.237 [TestNG-PoolService-1] INFO  ApiAssertions - Asserting body is not empty
03:07:17.249 [TestNG-PoolService-1] INFO  ApiAssertions - Asserting field 'bookingid' is present
03:07:17.249 [TestNG-PoolService-1] INFO  ApiAssertions - Asserting response time 281ms is below 30000ms
03:07:17.252 [TestNG-PoolService-1] INFO  BookingSteps - Created booking id 3489
03:07:17.254 [TestNG-PoolService-1] INFO  RestClient - --> PATCH /booking/{id}
03:07:17.539 [TestNG-PoolService-1] INFO  RestClient - <-- PATCH /booking/{id} responded 200 in 285 ms
03:07:17.540 [TestNG-PoolService-1] INFO  ApiAssertions - Asserting status code is 200
03:07:17.540 [TestNG-PoolService-1] INFO  ApiAssertions - Asserting response time 277ms is below 30000ms
03:07:17.541 [TestNG-PoolService-1] INFO  RestClient - --> GET /booking/{id}
03:07:17.825 [TestNG-PoolService-1] INFO  RestClient - <-- GET /booking/{id} responded 200 in 284 ms
03:07:17.825 [TestNG-PoolService-1] INFO  ApiAssertions - Asserting status code is 200
03:07:17.825 [TestNG-PoolService-1] INFO  ApiAssertions - Asserting content type is JSON
03:07:17.825 [TestNG-PoolService-1] INFO  ApiAssertions - Asserting body is not empty
03:07:17.828 [TestNG-PoolService-1] INFO  Hooks - Cleaning up booking 3489
03:07:17.829 [TestNG-PoolService-1] INFO  RestClient - --> DELETE /booking/{id}
03:07:18.114 [TestNG-PoolService-1] INFO  RestClient - <-- DELETE /booking/{id} responded 201 in 285 ms
03:07:18.115 [TestNG-PoolService-1] INFO  Hooks - ### SCENARIO END: Partially update booking name to "Jean-Luc O'Connor" -> PASSED
