07:27:33.245 [TestNG-PoolService-1] INFO  Hooks - ### SCENARIO START: Partially update booking name to "Mohamed AbdElghany"
07:27:33.246 [TestNG-PoolService-1] INFO  Hooks - Obtaining auth token for an @auth scenario
07:27:33.247 [TestNG-PoolService-1] INFO  RestClient - --> POST /auth
07:27:33.583 [TestNG-PoolService-1] INFO  RestClient - <-- POST /auth responded 200 in 335 ms
07:27:33.586 [TestNG-PoolService-1] DEBUG BookingSteps - Payload from generated data: Booking(firstname=Jesus, lastname=Huels, totalprice=1270, depositpaid=true, bookingdates=BookingDates(checkin=2026-10-16, checkout=2026-10-23), additionalneeds=Bruschette with Tomato)
07:27:33.586 [TestNG-PoolService-1] INFO  RestClient - --> POST /booking
07:27:33.918 [TestNG-PoolService-1] INFO  RestClient - <-- POST /booking responded 200 in 332 ms
07:27:33.919 [TestNG-PoolService-1] INFO  ApiAssertions - Asserting status code is 200
07:27:33.919 [TestNG-PoolService-1] INFO  ApiAssertions - Asserting content type is JSON
07:27:33.919 [TestNG-PoolService-1] INFO  ApiAssertions - Asserting body is not empty
07:27:33.931 [TestNG-PoolService-1] INFO  ApiAssertions - Asserting field 'bookingid' is present
07:27:33.931 [TestNG-PoolService-1] INFO  ApiAssertions - Asserting response time 323ms is below 30000ms
07:27:33.933 [TestNG-PoolService-1] INFO  BookingSteps - Created booking id 4195
07:27:33.935 [TestNG-PoolService-1] INFO  RestClient - --> PATCH /booking/{id}
07:27:34.282 [TestNG-PoolService-1] INFO  RestClient - <-- PATCH /booking/{id} responded 200 in 347 ms
07:27:34.283 [TestNG-PoolService-1] INFO  ApiAssertions - Asserting status code is 200
07:27:34.284 [TestNG-PoolService-1] INFO  ApiAssertions - Asserting response time 340ms is below 30000ms
07:27:34.287 [TestNG-PoolService-1] INFO  RestClient - --> GET /booking/{id}
07:27:34.660 [TestNG-PoolService-1] INFO  RestClient - <-- GET /booking/{id} responded 200 in 373 ms
07:27:34.661 [TestNG-PoolService-1] INFO  ApiAssertions - Asserting status code is 200
07:27:34.661 [TestNG-PoolService-1] INFO  ApiAssertions - Asserting content type is JSON
07:27:34.661 [TestNG-PoolService-1] INFO  ApiAssertions - Asserting body is not empty
07:27:34.663 [TestNG-PoolService-1] INFO  Hooks - Cleaning up booking 4195
07:27:34.665 [TestNG-PoolService-1] INFO  RestClient - --> DELETE /booking/{id}
07:27:35.030 [TestNG-PoolService-1] INFO  RestClient - <-- DELETE /booking/{id} responded 201 in 365 ms
07:27:35.031 [TestNG-PoolService-1] INFO  Hooks - ### SCENARIO END: Partially update booking name to "Mohamed AbdElghany" -> PASSED
