07:22:49.395 [TestNG-PoolService-4] INFO  Hooks - ### SCENARIO START: Partially update booking name to "Mohamed AbdElghany"
07:22:49.396 [TestNG-PoolService-4] INFO  Hooks - Obtaining auth token for an @auth scenario
07:22:49.398 [TestNG-PoolService-4] INFO  RestClient - --> POST /auth
07:22:49.632 [TestNG-PoolService-4] INFO  RestClient - <-- POST /auth responded 200 in 234 ms
07:22:49.635 [TestNG-PoolService-4] DEBUG BookingSteps - Payload from generated data: Booking(firstname=Sharon, lastname=Swaniawski, totalprice=1478, depositpaid=true, bookingdates=BookingDates(checkin=2026-09-29, checkout=2026-10-12), additionalneeds=Linguine with Clams)
07:22:49.636 [TestNG-PoolService-4] INFO  RestClient - --> POST /booking
07:22:49.901 [TestNG-PoolService-4] INFO  RestClient - <-- POST /booking responded 200 in 264 ms
07:22:49.902 [TestNG-PoolService-4] INFO  ApiAssertions - Asserting status code is 200
07:22:49.902 [TestNG-PoolService-4] INFO  ApiAssertions - Asserting content type is JSON
07:22:49.902 [TestNG-PoolService-4] INFO  ApiAssertions - Asserting body is not empty
07:22:49.914 [TestNG-PoolService-4] INFO  ApiAssertions - Asserting field 'bookingid' is present
07:22:49.915 [TestNG-PoolService-4] INFO  ApiAssertions - Asserting response time 254ms is below 30000ms
07:22:49.918 [TestNG-PoolService-4] INFO  BookingSteps - Created booking id 1100
07:22:49.921 [TestNG-PoolService-4] INFO  RestClient - --> PATCH /booking/{id}
07:22:50.193 [TestNG-PoolService-4] INFO  RestClient - <-- PATCH /booking/{id} responded 200 in 272 ms
07:22:50.194 [TestNG-PoolService-4] INFO  ApiAssertions - Asserting status code is 200
07:22:50.194 [TestNG-PoolService-4] INFO  ApiAssertions - Asserting response time 258ms is below 30000ms
07:22:50.195 [TestNG-PoolService-4] INFO  RestClient - --> GET /booking/{id}
07:22:50.457 [TestNG-PoolService-4] INFO  RestClient - <-- GET /booking/{id} responded 200 in 262 ms
07:22:50.458 [TestNG-PoolService-4] INFO  ApiAssertions - Asserting status code is 200
07:22:50.458 [TestNG-PoolService-4] INFO  ApiAssertions - Asserting content type is JSON
07:22:50.458 [TestNG-PoolService-4] INFO  ApiAssertions - Asserting body is not empty
07:22:50.461 [TestNG-PoolService-4] INFO  Hooks - Cleaning up booking 1100
07:22:50.462 [TestNG-PoolService-4] INFO  RestClient - --> DELETE /booking/{id}
07:22:50.723 [TestNG-PoolService-4] INFO  RestClient - <-- DELETE /booking/{id} responded 201 in 261 ms
07:22:50.724 [TestNG-PoolService-4] INFO  Hooks - ### SCENARIO END: Partially update booking name to "Mohamed AbdElghany" -> PASSED
