08:23:22.768 [TestNG-PoolService-1] INFO  Hooks - ### SCENARIO START: Full booking lifecycle - create, read, update, delete using "booking-no-additional-needs.json"
08:23:22.769 [TestNG-PoolService-1] INFO  Hooks - Obtaining auth token for an @auth scenario
08:23:22.777 [TestNG-PoolService-1] INFO  RestClient - --> POST /auth
08:23:22.864 [TestNG-PoolService-1] INFO  RestClient - <-- POST /auth responded 200 in 85 ms
08:23:23.107 [TestNG-PoolService-1] INFO  JsonDataReader - Loaded test data 'booking-no-additional-needs.json' with dynamic values resolved
08:23:23.132 [TestNG-PoolService-1] DEBUG BookingSteps - Payload from test data file booking-no-additional-needs.json: Booking(firstname=Troy, lastname=Kreiger, totalprice=75, depositpaid=false, bookingdates=BookingDates(checkin=2026-09-29, checkout=2026-10-01), additionalneeds=null)
08:23:23.133 [TestNG-PoolService-1] INFO  RestClient - --> POST /booking
08:23:23.217 [TestNG-PoolService-1] INFO  RestClient - <-- POST /booking responded 200 in 84 ms
08:23:23.221 [TestNG-PoolService-1] INFO  ApiAssertions - Asserting status code is 200
08:23:23.222 [TestNG-PoolService-1] INFO  ApiAssertions - Asserting content type is JSON
08:23:23.222 [TestNG-PoolService-1] INFO  ApiAssertions - Asserting body is not empty
08:23:23.241 [TestNG-PoolService-1] INFO  ApiAssertions - Asserting field 'bookingid' is present
08:23:23.243 [TestNG-PoolService-1] INFO  ApiAssertions - Asserting response time 49ms is below 30000ms
08:23:23.252 [TestNG-PoolService-1] INFO  BookingSteps - Created booking id 1257
08:23:23.255 [TestNG-PoolService-1] INFO  RestClient - --> GET /booking/{id}
08:23:23.358 [TestNG-PoolService-1] INFO  RestClient - <-- GET /booking/{id} responded 200 in 103 ms
08:23:23.362 [TestNG-PoolService-1] INFO  ApiAssertions - Asserting status code is 200
08:23:23.362 [TestNG-PoolService-1] INFO  ApiAssertions - Asserting content type is JSON
08:23:23.363 [TestNG-PoolService-1] INFO  ApiAssertions - Asserting body is not empty
08:23:23.369 [TestNG-PoolService-1] INFO  JsonDataReader - Loaded test data 'booking-long-stay.json' with dynamic values resolved
08:23:23.369 [TestNG-PoolService-1] DEBUG BookingSteps - Payload from test data file booking-long-stay.json: Booking(firstname=Katrice, lastname=Schmeler, totalprice=6049, depositpaid=true, bookingdates=BookingDates(checkin=2026-11-27, checkout=2027-01-26), additionalneeds=Airport transfer)
08:23:23.378 [TestNG-PoolService-1] INFO  RestClient - --> PUT /booking/{id}
08:23:23.458 [TestNG-PoolService-1] INFO  RestClient - <-- PUT /booking/{id} responded 200 in 80 ms
08:23:23.458 [TestNG-PoolService-1] INFO  BookingSteps - Updated booking 1257 from booking-long-stay.json
08:23:23.459 [TestNG-PoolService-1] INFO  ApiAssertions - Asserting status code is 200
08:23:23.462 [TestNG-PoolService-1] INFO  ApiAssertions - Asserting response time 53ms is below 30000ms
08:23:23.468 [TestNG-PoolService-1] INFO  RestClient - --> GET /booking/{id}
08:23:23.533 [TestNG-PoolService-1] INFO  RestClient - <-- GET /booking/{id} responded 200 in 65 ms
08:23:23.534 [TestNG-PoolService-1] INFO  ApiAssertions - Asserting status code is 200
08:23:23.534 [TestNG-PoolService-1] INFO  ApiAssertions - Asserting content type is JSON
08:23:23.534 [TestNG-PoolService-1] INFO  ApiAssertions - Asserting body is not empty
08:23:23.546 [TestNG-PoolService-1] INFO  RestClient - --> DELETE /booking/{id}
08:23:23.598 [TestNG-PoolService-1] INFO  RestClient - <-- DELETE /booking/{id} responded 201 in 52 ms
08:23:23.599 [TestNG-PoolService-1] INFO  ApiAssertions - Asserting status code is 201
08:23:23.600 [TestNG-PoolService-1] INFO  ApiAssertions - Asserting response time 33ms is below 30000ms
08:23:23.601 [TestNG-PoolService-1] INFO  RestClient - --> GET /booking/{id}
08:23:23.686 [TestNG-PoolService-1] INFO  RestClient - <-- GET /booking/{id} responded 404 in 84 ms
08:23:23.687 [TestNG-PoolService-1] INFO  ApiAssertions - Asserting status code is 404
08:23:23.687 [TestNG-PoolService-1] INFO  BookingSteps - Confirmed booking 1257 is gone
08:23:23.689 [TestNG-PoolService-1] INFO  Hooks - ### SCENARIO END: Full booking lifecycle - create, read, update, delete using "booking-no-additional-needs.json" -> PASSED
