03:02:22.816 [TestNG-PoolService-2] INFO  Hooks - ### SCENARIO START: Full booking lifecycle - create, read, update, delete using "create-booking.json"
03:02:22.817 [TestNG-PoolService-2] INFO  Hooks - Obtaining auth token for an @auth scenario
03:02:22.820 [TestNG-PoolService-2] INFO  RestClient - --> POST /auth
03:02:22.988 [TestNG-PoolService-2] INFO  RestClient - <-- POST /auth responded 200 in 168 ms
03:02:23.114 [TestNG-PoolService-2] INFO  JsonDataReader - Loaded test data 'create-booking.json' with dynamic values resolved
03:02:23.128 [TestNG-PoolService-2] DEBUG BookingSteps - Payload from test data file create-booking.json: Booking(firstname=Johnathan, lastname=Hudson, totalprice=715, depositpaid=false, bookingdates=BookingDates(checkin=2026-08-23, checkout=2026-08-30), additionalneeds=Ebiten maki)
03:02:23.131 [TestNG-PoolService-2] INFO  RestClient - --> POST /booking
03:02:23.252 [TestNG-PoolService-2] INFO  RestClient - <-- POST /booking responded 200 in 120 ms
03:02:23.253 [TestNG-PoolService-2] INFO  ApiAssertions - Asserting status code is 200
03:02:23.254 [TestNG-PoolService-2] INFO  ApiAssertions - Asserting content type is JSON
03:02:23.254 [TestNG-PoolService-2] INFO  ApiAssertions - Asserting body is not empty
03:02:23.274 [TestNG-PoolService-2] INFO  ApiAssertions - Asserting field 'bookingid' is present
03:02:23.275 [TestNG-PoolService-2] INFO  ApiAssertions - Asserting response time 104ms is below 30000ms
03:02:23.286 [TestNG-PoolService-2] INFO  BookingSteps - Created booking id 345
03:02:23.288 [TestNG-PoolService-2] INFO  RestClient - --> GET /booking/{id}
03:02:23.502 [TestNG-PoolService-2] INFO  RestClient - <-- GET /booking/{id} responded 200 in 213 ms
03:02:23.503 [TestNG-PoolService-2] INFO  ApiAssertions - Asserting status code is 200
03:02:23.503 [TestNG-PoolService-2] INFO  ApiAssertions - Asserting content type is JSON
03:02:23.503 [TestNG-PoolService-2] INFO  ApiAssertions - Asserting body is not empty
03:02:23.513 [TestNG-PoolService-2] INFO  JsonDataReader - Loaded test data 'update-booking.json' with dynamic values resolved
03:02:23.514 [TestNG-PoolService-2] DEBUG BookingSteps - Payload from test data file update-booking.json: Booking(firstname=Sharda, lastname=Predovic, totalprice=2586, depositpaid=true, bookingdates=BookingDates(checkin=2026-09-15, checkout=2026-09-30), additionalneeds=Late checkout)
03:02:23.521 [TestNG-PoolService-2] INFO  RestClient - --> PUT /booking/{id}
03:02:23.668 [TestNG-PoolService-2] INFO  RestClient - <-- PUT /booking/{id} responded 200 in 147 ms
03:02:23.668 [TestNG-PoolService-2] INFO  BookingSteps - Updated booking 345 from update-booking.json
03:02:23.671 [TestNG-PoolService-2] INFO  ApiAssertions - Asserting status code is 200
03:02:23.673 [TestNG-PoolService-2] INFO  ApiAssertions - Asserting response time 117ms is below 30000ms
03:02:23.680 [TestNG-PoolService-2] INFO  RestClient - --> GET /booking/{id}
03:02:23.813 [TestNG-PoolService-2] INFO  RestClient - <-- GET /booking/{id} responded 200 in 133 ms
03:02:23.814 [TestNG-PoolService-2] INFO  ApiAssertions - Asserting status code is 200
03:02:23.814 [TestNG-PoolService-2] INFO  ApiAssertions - Asserting content type is JSON
03:02:23.814 [TestNG-PoolService-2] INFO  ApiAssertions - Asserting body is not empty
03:02:23.822 [TestNG-PoolService-2] INFO  RestClient - --> DELETE /booking/{id}
03:02:23.942 [TestNG-PoolService-2] INFO  RestClient - <-- DELETE /booking/{id} responded 201 in 120 ms
03:02:23.943 [TestNG-PoolService-2] INFO  ApiAssertions - Asserting status code is 201
03:02:23.943 [TestNG-PoolService-2] INFO  ApiAssertions - Asserting response time 106ms is below 30000ms
03:02:23.945 [TestNG-PoolService-2] INFO  RestClient - --> GET /booking/{id}
03:02:24.067 [TestNG-PoolService-2] INFO  RestClient - <-- GET /booking/{id} responded 404 in 122 ms
03:02:24.067 [TestNG-PoolService-2] INFO  ApiAssertions - Asserting status code is 404
03:02:24.068 [TestNG-PoolService-2] INFO  BookingSteps - Confirmed booking 345 is gone
03:02:24.071 [TestNG-PoolService-2] INFO  Hooks - ### SCENARIO END: Full booking lifecycle - create, read, update, delete using "create-booking.json" -> PASSED
