07:23:22.782 [TestNG-PoolService-3] INFO  Hooks - ### SCENARIO START: Full booking lifecycle - create, read, update, delete using "booking-no-additional-needs.json"
07:23:22.783 [TestNG-PoolService-3] INFO  Hooks - Obtaining auth token for an @auth scenario
07:23:22.785 [TestNG-PoolService-3] INFO  RestClient - --> POST /auth
07:23:23.050 [TestNG-PoolService-3] INFO  RestClient - <-- POST /auth responded 200 in 265 ms
07:23:23.053 [TestNG-PoolService-3] INFO  JsonDataReader - Loaded test data 'booking-no-additional-needs.json' with dynamic values resolved
07:23:23.054 [TestNG-PoolService-3] DEBUG BookingSteps - Payload from test data file booking-no-additional-needs.json: Booking(firstname=Shalon, lastname=Bins, totalprice=55, depositpaid=false, bookingdates=BookingDates(checkin=2026-09-17, checkout=2026-09-19), additionalneeds=null)
07:23:23.054 [TestNG-PoolService-3] INFO  RestClient - --> POST /booking
07:23:23.249 [TestNG-PoolService-3] INFO  RestClient - <-- POST /booking responded 200 in 194 ms
07:23:23.250 [TestNG-PoolService-3] INFO  ApiAssertions - Asserting status code is 200
07:23:23.250 [TestNG-PoolService-3] INFO  ApiAssertions - Asserting content type is JSON
07:23:23.250 [TestNG-PoolService-3] INFO  ApiAssertions - Asserting body is not empty
07:23:23.261 [TestNG-PoolService-3] INFO  ApiAssertions - Asserting field 'bookingid' is present
07:23:23.261 [TestNG-PoolService-3] INFO  ApiAssertions - Asserting response time 181ms is below 30000ms
07:23:23.264 [TestNG-PoolService-3] INFO  BookingSteps - Created booking id 1387
07:23:23.265 [TestNG-PoolService-3] INFO  RestClient - --> GET /booking/{id}
07:23:23.473 [TestNG-PoolService-3] INFO  RestClient - <-- GET /booking/{id} responded 200 in 208 ms
07:23:23.473 [TestNG-PoolService-3] INFO  ApiAssertions - Asserting status code is 200
07:23:23.474 [TestNG-PoolService-3] INFO  ApiAssertions - Asserting content type is JSON
07:23:23.474 [TestNG-PoolService-3] INFO  ApiAssertions - Asserting body is not empty
07:23:23.479 [TestNG-PoolService-3] INFO  JsonDataReader - Loaded test data 'booking-long-stay.json' with dynamic values resolved
07:23:23.480 [TestNG-PoolService-3] DEBUG BookingSteps - Payload from test data file booking-long-stay.json: Booking(firstname=Vena, lastname=Beatty, totalprice=6086, depositpaid=true, bookingdates=BookingDates(checkin=2026-11-15, checkout=2027-01-14), additionalneeds=Airport transfer)
07:23:23.487 [TestNG-PoolService-3] INFO  RestClient - --> PUT /booking/{id}
07:23:23.728 [TestNG-PoolService-3] INFO  RestClient - <-- PUT /booking/{id} responded 200 in 241 ms
07:23:23.728 [TestNG-PoolService-3] INFO  BookingSteps - Updated booking 1387 from booking-long-stay.json
07:23:23.729 [TestNG-PoolService-3] INFO  ApiAssertions - Asserting status code is 200
07:23:23.729 [TestNG-PoolService-3] INFO  ApiAssertions - Asserting response time 214ms is below 30000ms
07:23:23.731 [TestNG-PoolService-3] INFO  RestClient - --> GET /booking/{id}
07:23:23.930 [TestNG-PoolService-3] INFO  RestClient - <-- GET /booking/{id} responded 200 in 199 ms
07:23:23.931 [TestNG-PoolService-3] INFO  ApiAssertions - Asserting status code is 200
07:23:23.931 [TestNG-PoolService-3] INFO  ApiAssertions - Asserting content type is JSON
07:23:23.931 [TestNG-PoolService-3] INFO  ApiAssertions - Asserting body is not empty
07:23:23.935 [TestNG-PoolService-3] INFO  RestClient - --> DELETE /booking/{id}
07:23:24.126 [TestNG-PoolService-3] INFO  RestClient - <-- DELETE /booking/{id} responded 201 in 191 ms
07:23:24.127 [TestNG-PoolService-3] INFO  ApiAssertions - Asserting status code is 201
07:23:24.128 [TestNG-PoolService-3] INFO  ApiAssertions - Asserting response time 183ms is below 30000ms
07:23:24.129 [TestNG-PoolService-3] INFO  RestClient - --> GET /booking/{id}
07:23:24.317 [TestNG-PoolService-3] INFO  RestClient - <-- GET /booking/{id} responded 404 in 188 ms
07:23:24.317 [TestNG-PoolService-3] INFO  ApiAssertions - Asserting status code is 404
07:23:24.318 [TestNG-PoolService-3] INFO  BookingSteps - Confirmed booking 1387 is gone
07:23:24.318 [TestNG-PoolService-3] INFO  Hooks - ### SCENARIO END: Full booking lifecycle - create, read, update, delete using "booking-no-additional-needs.json" -> PASSED
