07:10:18.902 [TestNG-PoolService-4] INFO  Hooks - ### SCENARIO START: Full booking lifecycle - create, read, update, delete using "create-booking.json"
07:10:18.904 [TestNG-PoolService-4] INFO  Hooks - Obtaining auth token for an @auth scenario
07:10:18.906 [TestNG-PoolService-4] INFO  RestClient - --> POST /auth
07:10:19.019 [TestNG-PoolService-4] INFO  RestClient - <-- POST /auth responded 200 in 113 ms
07:10:19.265 [TestNG-PoolService-4] INFO  JsonDataReader - Loaded test data 'create-booking.json' with dynamic values resolved
07:10:19.273 [TestNG-PoolService-4] DEBUG BookingSteps - Payload from test data file create-booking.json: Booking(firstname=Carmina, lastname=Baumbach, totalprice=107, depositpaid=true, bookingdates=BookingDates(checkin=2026-09-16, checkout=2026-09-23), additionalneeds=Chicken Fajitas)
07:10:19.283 [TestNG-PoolService-4] INFO  RestClient - --> POST /booking
07:10:19.378 [TestNG-PoolService-4] INFO  RestClient - <-- POST /booking responded 200 in 95 ms
07:10:19.379 [TestNG-PoolService-4] INFO  ApiAssertions - Asserting status code is 200
07:10:19.379 [TestNG-PoolService-4] INFO  ApiAssertions - Asserting content type is JSON
07:10:19.379 [TestNG-PoolService-4] INFO  ApiAssertions - Asserting body is not empty
07:10:19.399 [TestNG-PoolService-4] INFO  ApiAssertions - Asserting field 'bookingid' is present
07:10:19.402 [TestNG-PoolService-4] INFO  ApiAssertions - Asserting response time 62ms is below 30000ms
07:10:19.411 [TestNG-PoolService-4] INFO  BookingSteps - Created booking id 12665
07:10:19.418 [TestNG-PoolService-4] INFO  RestClient - --> GET /booking/{id}
07:10:19.517 [TestNG-PoolService-4] INFO  RestClient - <-- GET /booking/{id} responded 200 in 99 ms
07:10:19.518 [TestNG-PoolService-4] INFO  ApiAssertions - Asserting status code is 200
07:10:19.518 [TestNG-PoolService-4] INFO  ApiAssertions - Asserting content type is JSON
07:10:19.520 [TestNG-PoolService-4] INFO  ApiAssertions - Asserting body is not empty
07:10:19.526 [TestNG-PoolService-4] INFO  JsonDataReader - Loaded test data 'update-booking.json' with dynamic values resolved
07:10:19.527 [TestNG-PoolService-4] DEBUG BookingSteps - Payload from test data file update-booking.json: Booking(firstname=Glynda, lastname=Marquardt, totalprice=2439, depositpaid=false, bookingdates=BookingDates(checkin=2026-10-09, checkout=2026-10-24), additionalneeds=Late checkout)
07:10:19.534 [TestNG-PoolService-4] INFO  RestClient - --> PUT /booking/{id}
07:10:19.614 [TestNG-PoolService-4] INFO  RestClient - <-- PUT /booking/{id} responded 200 in 79 ms
07:10:19.614 [TestNG-PoolService-4] INFO  BookingSteps - Updated booking 12665 from update-booking.json
07:10:19.615 [TestNG-PoolService-4] INFO  ApiAssertions - Asserting status code is 200
07:10:19.616 [TestNG-PoolService-4] INFO  ApiAssertions - Asserting response time 62ms is below 30000ms
07:10:19.617 [TestNG-PoolService-4] INFO  RestClient - --> GET /booking/{id}
07:10:19.673 [TestNG-PoolService-4] INFO  RestClient - <-- GET /booking/{id} responded 200 in 56 ms
07:10:19.674 [TestNG-PoolService-4] INFO  ApiAssertions - Asserting status code is 200
07:10:19.674 [TestNG-PoolService-4] INFO  ApiAssertions - Asserting content type is JSON
07:10:19.674 [TestNG-PoolService-4] INFO  ApiAssertions - Asserting body is not empty
07:10:19.679 [TestNG-PoolService-4] INFO  RestClient - --> DELETE /booking/{id}
07:10:19.743 [TestNG-PoolService-4] INFO  RestClient - <-- DELETE /booking/{id} responded 201 in 64 ms
07:10:19.744 [TestNG-PoolService-4] INFO  ApiAssertions - Asserting status code is 201
07:10:19.745 [TestNG-PoolService-4] INFO  ApiAssertions - Asserting response time 50ms is below 30000ms
07:10:19.749 [TestNG-PoolService-4] INFO  RestClient - --> GET /booking/{id}
07:10:19.820 [TestNG-PoolService-4] INFO  RestClient - <-- GET /booking/{id} responded 404 in 71 ms
07:10:19.822 [TestNG-PoolService-4] INFO  ApiAssertions - Asserting status code is 404
07:10:19.822 [TestNG-PoolService-4] INFO  BookingSteps - Confirmed booking 12665 is gone
07:10:19.824 [TestNG-PoolService-4] INFO  Hooks - ### SCENARIO END: Full booking lifecycle - create, read, update, delete using "create-booking.json" -> PASSED
