07:17:33.317 [TestNG-PoolService-1] INFO  Hooks - ### SCENARIO START: Partially update booking name to "Jean-Luc O'Connor"
07:17:33.323 [TestNG-PoolService-1] INFO  Hooks - Obtaining auth token for an @auth scenario
07:17:33.324 [TestNG-PoolService-1] INFO  RestClient - --> POST /auth
07:17:33.433 [TestNG-PoolService-1] INFO  RestClient - <-- POST /auth responded 200 in 109 ms
07:17:33.439 [TestNG-PoolService-1] DEBUG BookingSteps - Payload from generated data: Booking(firstname=Samuel, lastname=Mertz, totalprice=1379, depositpaid=false, bookingdates=BookingDates(checkin=2026-10-01, checkout=2026-10-06), additionalneeds=French Toast)
07:17:33.440 [TestNG-PoolService-1] INFO  RestClient - --> POST /booking
07:17:33.556 [TestNG-PoolService-1] INFO  RestClient - <-- POST /booking responded 200 in 116 ms
07:17:33.557 [TestNG-PoolService-1] INFO  ApiAssertions - Asserting status code is 200
07:17:33.559 [TestNG-PoolService-1] INFO  ApiAssertions - Asserting content type is JSON
07:17:33.559 [TestNG-PoolService-1] INFO  ApiAssertions - Asserting body is not empty
07:17:33.593 [TestNG-PoolService-1] INFO  ApiAssertions - Asserting field 'bookingid' is present
07:17:33.593 [TestNG-PoolService-1] INFO  ApiAssertions - Asserting response time 103ms is below 30000ms
07:17:33.595 [TestNG-PoolService-1] INFO  BookingSteps - Created booking id 3436
07:17:33.601 [TestNG-PoolService-1] INFO  RestClient - --> PATCH /booking/{id}
07:17:33.731 [TestNG-PoolService-1] INFO  RestClient - <-- PATCH /booking/{id} responded 200 in 130 ms
07:17:33.734 [TestNG-PoolService-1] INFO  ApiAssertions - Asserting status code is 200
07:17:33.734 [TestNG-PoolService-1] INFO  ApiAssertions - Asserting response time 116ms is below 30000ms
07:17:33.736 [TestNG-PoolService-1] INFO  RestClient - --> GET /booking/{id}
07:17:33.847 [TestNG-PoolService-1] INFO  RestClient - <-- GET /booking/{id} responded 200 in 111 ms
07:17:33.848 [TestNG-PoolService-1] INFO  ApiAssertions - Asserting status code is 200
07:17:33.848 [TestNG-PoolService-1] INFO  ApiAssertions - Asserting content type is JSON
07:17:33.848 [TestNG-PoolService-1] INFO  ApiAssertions - Asserting body is not empty
07:17:33.850 [TestNG-PoolService-1] INFO  Hooks - Cleaning up booking 3436
07:17:33.851 [TestNG-PoolService-1] INFO  RestClient - --> DELETE /booking/{id}
07:17:33.969 [TestNG-PoolService-1] INFO  RestClient - <-- DELETE /booking/{id} responded 201 in 117 ms
07:17:33.970 [TestNG-PoolService-1] INFO  Hooks - ### SCENARIO END: Partially update booking name to "Jean-Luc O'Connor" -> PASSED
