08:23:23.943 [TestNG-PoolService-3] INFO  Hooks - ### SCENARIO START: Partially update booking name to "Jean-Luc O'Connor"
08:23:23.946 [TestNG-PoolService-3] INFO  Hooks - Obtaining auth token for an @auth scenario
08:23:23.950 [TestNG-PoolService-3] INFO  RestClient - --> POST /auth
08:23:24.016 [TestNG-PoolService-3] INFO  RestClient - <-- POST /auth responded 200 in 66 ms
08:23:24.018 [TestNG-PoolService-3] DEBUG BookingSteps - Payload from generated data: Booking(firstname=Marietta, lastname=Ondricka, totalprice=876, depositpaid=true, bookingdates=BookingDates(checkin=2026-10-24, checkout=2026-10-26), additionalneeds=Bruschette with Tomato)
08:23:24.019 [TestNG-PoolService-3] INFO  RestClient - --> POST /booking
08:23:24.085 [TestNG-PoolService-3] INFO  RestClient - <-- POST /booking responded 200 in 66 ms
08:23:24.086 [TestNG-PoolService-3] INFO  ApiAssertions - Asserting status code is 200
08:23:24.087 [TestNG-PoolService-3] INFO  ApiAssertions - Asserting content type is JSON
08:23:24.087 [TestNG-PoolService-3] INFO  ApiAssertions - Asserting body is not empty
08:23:24.117 [TestNG-PoolService-3] INFO  ApiAssertions - Asserting field 'bookingid' is present
08:23:24.117 [TestNG-PoolService-3] INFO  ApiAssertions - Asserting response time 37ms is below 30000ms
08:23:24.127 [TestNG-PoolService-3] INFO  BookingSteps - Created booking id 1273
08:23:24.129 [TestNG-PoolService-3] INFO  RestClient - --> PATCH /booking/{id}
08:23:24.203 [TestNG-PoolService-3] INFO  RestClient - <-- PATCH /booking/{id} responded 200 in 74 ms
08:23:24.203 [TestNG-PoolService-3] INFO  ApiAssertions - Asserting status code is 200
08:23:24.204 [TestNG-PoolService-3] INFO  ApiAssertions - Asserting response time 44ms is below 30000ms
08:23:24.205 [TestNG-PoolService-3] INFO  RestClient - --> GET /booking/{id}
08:23:24.266 [TestNG-PoolService-3] INFO  RestClient - <-- GET /booking/{id} responded 200 in 61 ms
08:23:24.267 [TestNG-PoolService-3] INFO  ApiAssertions - Asserting status code is 200
08:23:24.267 [TestNG-PoolService-3] INFO  ApiAssertions - Asserting content type is JSON
08:23:24.267 [TestNG-PoolService-3] INFO  ApiAssertions - Asserting body is not empty
08:23:24.272 [TestNG-PoolService-3] INFO  Hooks - Cleaning up booking 1273
08:23:24.273 [TestNG-PoolService-3] INFO  RestClient - --> DELETE /booking/{id}
08:23:24.314 [TestNG-PoolService-3] INFO  RestClient - <-- DELETE /booking/{id} responded 201 in 41 ms
08:23:24.316 [TestNG-PoolService-3] INFO  Hooks - ### SCENARIO END: Partially update booking name to "Jean-Luc O'Connor" -> PASSED
