02:59:19.817 [TestNG-PoolService-3] INFO  Hooks - ### SCENARIO START: Full booking lifecycle - create, read, update, delete using "booking-no-additional-needs.json"
02:59:19.818 [TestNG-PoolService-3] INFO  Hooks - Obtaining auth token for an @auth scenario
02:59:19.825 [TestNG-PoolService-3] INFO  RestClient - --> POST /auth
02:59:19.954 [TestNG-PoolService-3] INFO  RestClient - <-- POST /auth responded 200 in 129 ms
02:59:20.122 [TestNG-PoolService-3] INFO  JsonDataReader - Loaded test data 'booking-no-additional-needs.json' with dynamic values resolved
02:59:20.159 [TestNG-PoolService-3] DEBUG BookingSteps - Payload from test data file booking-no-additional-needs.json: Booking(firstname=Ernie, lastname=Boyle, totalprice=108, depositpaid=false, bookingdates=BookingDates(checkin=2026-08-20, checkout=2026-08-22), additionalneeds=null)
02:59:20.160 [TestNG-PoolService-3] INFO  RestClient - --> POST /booking
02:59:20.305 [TestNG-PoolService-3] INFO  RestClient - <-- POST /booking responded 200 in 145 ms
02:59:20.311 [TestNG-PoolService-3] INFO  ApiAssertions - Asserting status code is 200
02:59:20.311 [TestNG-PoolService-3] INFO  ApiAssertions - Asserting content type is JSON
02:59:20.312 [TestNG-PoolService-3] INFO  ApiAssertions - Asserting body is not empty
02:59:20.325 [TestNG-PoolService-3] INFO  ApiAssertions - Asserting field 'bookingid' is present
02:59:20.328 [TestNG-PoolService-3] INFO  ApiAssertions - Asserting response time 113ms is below 30000ms
02:59:20.331 [TestNG-PoolService-3] INFO  BookingSteps - Created booking id 6963
02:59:20.335 [TestNG-PoolService-3] INFO  RestClient - --> GET /booking/{id}
02:59:20.515 [TestNG-PoolService-3] INFO  RestClient - <-- GET /booking/{id} responded 200 in 180 ms
02:59:20.515 [TestNG-PoolService-3] INFO  ApiAssertions - Asserting status code is 200
02:59:20.516 [TestNG-PoolService-3] INFO  ApiAssertions - Asserting content type is JSON
02:59:20.516 [TestNG-PoolService-3] INFO  ApiAssertions - Asserting body is not empty
02:59:20.526 [TestNG-PoolService-3] INFO  JsonDataReader - Loaded test data 'booking-long-stay.json' with dynamic values resolved
02:59:20.527 [TestNG-PoolService-3] DEBUG BookingSteps - Payload from test data file booking-long-stay.json: Booking(firstname=Tonja, lastname=O'Reilly, totalprice=6340, depositpaid=true, bookingdates=BookingDates(checkin=2026-10-18, checkout=2026-12-17), additionalneeds=Airport transfer)
02:59:20.538 [TestNG-PoolService-3] INFO  RestClient - --> PUT /booking/{id}
02:59:20.689 [TestNG-PoolService-3] INFO  RestClient - <-- PUT /booking/{id} responded 200 in 151 ms
02:59:20.689 [TestNG-PoolService-3] INFO  BookingSteps - Updated booking 6963 from booking-long-stay.json
02:59:20.691 [TestNG-PoolService-3] INFO  ApiAssertions - Asserting status code is 200
02:59:20.691 [TestNG-PoolService-3] INFO  ApiAssertions - Asserting response time 120ms is below 30000ms
02:59:20.694 [TestNG-PoolService-3] INFO  RestClient - --> GET /booking/{id}
02:59:20.814 [TestNG-PoolService-3] INFO  RestClient - <-- GET /booking/{id} responded 200 in 120 ms
02:59:20.815 [TestNG-PoolService-3] INFO  ApiAssertions - Asserting status code is 200
02:59:20.815 [TestNG-PoolService-3] INFO  ApiAssertions - Asserting content type is JSON
02:59:20.815 [TestNG-PoolService-3] INFO  ApiAssertions - Asserting body is not empty
02:59:20.821 [TestNG-PoolService-3] INFO  RestClient - --> DELETE /booking/{id}
02:59:20.943 [TestNG-PoolService-3] INFO  RestClient - <-- DELETE /booking/{id} responded 201 in 122 ms
02:59:20.944 [TestNG-PoolService-3] INFO  ApiAssertions - Asserting status code is 201
02:59:20.944 [TestNG-PoolService-3] INFO  ApiAssertions - Asserting response time 104ms is below 30000ms
02:59:20.945 [TestNG-PoolService-3] INFO  RestClient - --> GET /booking/{id}
02:59:21.058 [TestNG-PoolService-3] INFO  RestClient - <-- GET /booking/{id} responded 404 in 113 ms
02:59:21.059 [TestNG-PoolService-3] INFO  ApiAssertions - Asserting status code is 404
02:59:21.059 [TestNG-PoolService-3] INFO  BookingSteps - Confirmed booking 6963 is gone
02:59:21.063 [TestNG-PoolService-3] INFO  Hooks - ### SCENARIO END: Full booking lifecycle - create, read, update, delete using "booking-no-additional-needs.json" -> PASSED
