08:05:50.420 [TestNG-PoolService-4] INFO  Hooks - ### SCENARIO START: Partially update booking name to "Jean-Luc O'Connor"
08:05:50.421 [TestNG-PoolService-4] INFO  Hooks - Obtaining auth token for an @auth scenario
08:05:50.422 [TestNG-PoolService-4] INFO  RestClient - --> POST /auth
08:05:50.624 [TestNG-PoolService-4] INFO  RestClient - <-- POST /auth responded 200 in 202 ms
08:05:50.626 [TestNG-PoolService-4] DEBUG BookingSteps - Payload from generated data: Booking(firstname=Bryce, lastname=Schimmel, totalprice=1545, depositpaid=true, bookingdates=BookingDates(checkin=2026-10-28, checkout=2026-11-06), additionalneeds=Barbecue Ribs)
08:05:50.627 [TestNG-PoolService-4] INFO  RestClient - --> POST /booking
08:05:50.830 [TestNG-PoolService-4] INFO  RestClient - <-- POST /booking responded 200 in 202 ms
08:05:50.830 [TestNG-PoolService-4] INFO  ApiAssertions - Asserting status code is 200
08:05:50.831 [TestNG-PoolService-4] INFO  ApiAssertions - Asserting content type is JSON
08:05:50.831 [TestNG-PoolService-4] INFO  ApiAssertions - Asserting body is not empty
08:05:50.842 [TestNG-PoolService-4] INFO  ApiAssertions - Asserting field 'bookingid' is present
08:05:50.843 [TestNG-PoolService-4] INFO  ApiAssertions - Asserting response time 193ms is below 30000ms
08:05:50.845 [TestNG-PoolService-4] INFO  BookingSteps - Created booking id 2314
08:05:50.847 [TestNG-PoolService-4] INFO  RestClient - --> PATCH /booking/{id}
08:05:51.056 [TestNG-PoolService-4] INFO  RestClient - <-- PATCH /booking/{id} responded 200 in 209 ms
08:05:51.056 [TestNG-PoolService-4] INFO  ApiAssertions - Asserting status code is 200
08:05:51.056 [TestNG-PoolService-4] INFO  ApiAssertions - Asserting response time 199ms is below 30000ms
08:05:51.057 [TestNG-PoolService-4] INFO  RestClient - --> GET /booking/{id}
08:05:51.260 [TestNG-PoolService-4] INFO  RestClient - <-- GET /booking/{id} responded 200 in 203 ms
08:05:51.261 [TestNG-PoolService-4] INFO  ApiAssertions - Asserting status code is 200
08:05:51.261 [TestNG-PoolService-4] INFO  ApiAssertions - Asserting content type is JSON
08:05:51.261 [TestNG-PoolService-4] INFO  ApiAssertions - Asserting body is not empty
08:05:51.280 [TestNG-PoolService-4] INFO  Hooks - Cleaning up booking 2314
08:05:51.283 [TestNG-PoolService-4] INFO  RestClient - --> DELETE /booking/{id}
08:05:51.490 [TestNG-PoolService-4] INFO  RestClient - <-- DELETE /booking/{id} responded 201 in 207 ms
08:05:51.491 [TestNG-PoolService-4] INFO  Hooks - ### SCENARIO END: Partially update booking name to "Jean-Luc O'Connor" -> PASSED
