02:53:33.092 [TestNG-PoolService-2] INFO  Hooks - ### SCENARIO START: Full booking lifecycle - create, read, update, delete using "booking-no-additional-needs.json"
02:53:33.093 [TestNG-PoolService-2] INFO  Hooks - Obtaining auth token for an @auth scenario
02:53:33.094 [TestNG-PoolService-2] INFO  RestClient - --> POST /auth
02:53:33.181 [TestNG-PoolService-2] INFO  RestClient - <-- POST /auth responded 200 in 87 ms
02:53:33.430 [TestNG-PoolService-2] INFO  JsonDataReader - Loaded test data 'booking-no-additional-needs.json' with dynamic values resolved
02:53:33.456 [TestNG-PoolService-2] DEBUG BookingSteps - Payload from test data file booking-no-additional-needs.json: Booking(firstname=Nestor, lastname=Hickle, totalprice=150, depositpaid=false, bookingdates=BookingDates(checkin=2026-08-16, checkout=2026-08-18), additionalneeds=null)
02:53:33.460 [TestNG-PoolService-2] INFO  RestClient - --> POST /booking
02:53:33.543 [TestNG-PoolService-2] INFO  RestClient - <-- POST /booking responded 200 in 83 ms
02:53:33.549 [TestNG-PoolService-2] INFO  ApiAssertions - Asserting status code is 200
02:53:33.549 [TestNG-PoolService-2] INFO  ApiAssertions - Asserting content type is JSON
02:53:33.550 [TestNG-PoolService-2] INFO  ApiAssertions - Asserting body is not empty
02:53:33.577 [TestNG-PoolService-2] INFO  ApiAssertions - Asserting field 'bookingid' is present
02:53:33.577 [TestNG-PoolService-2] INFO  ApiAssertions - Asserting response time 48ms is below 30000ms
02:53:33.581 [TestNG-PoolService-2] INFO  BookingSteps - Created booking id 2431
02:53:33.587 [TestNG-PoolService-2] INFO  RestClient - --> GET /booking/{id}
02:53:33.698 [TestNG-PoolService-2] INFO  RestClient - <-- GET /booking/{id} responded 200 in 110 ms
02:53:33.702 [TestNG-PoolService-2] INFO  ApiAssertions - Asserting status code is 200
02:53:33.702 [TestNG-PoolService-2] INFO  ApiAssertions - Asserting content type is JSON
02:53:33.703 [TestNG-PoolService-2] INFO  ApiAssertions - Asserting body is not empty
02:53:33.710 [TestNG-PoolService-2] INFO  JsonDataReader - Loaded test data 'booking-long-stay.json' with dynamic values resolved
02:53:33.711 [TestNG-PoolService-2] DEBUG BookingSteps - Payload from test data file booking-long-stay.json: Booking(firstname=Suzie, lastname=Erdman, totalprice=8697, depositpaid=true, bookingdates=BookingDates(checkin=2026-10-14, checkout=2026-12-13), additionalneeds=Airport transfer)
02:53:33.726 [TestNG-PoolService-2] INFO  RestClient - --> PUT /booking/{id}
02:53:33.835 [TestNG-PoolService-2] INFO  RestClient - <-- PUT /booking/{id} responded 200 in 109 ms
02:53:33.836 [TestNG-PoolService-2] INFO  BookingSteps - Updated booking 2431 from booking-long-stay.json
02:53:33.837 [TestNG-PoolService-2] INFO  ApiAssertions - Asserting status code is 200
02:53:33.838 [TestNG-PoolService-2] INFO  ApiAssertions - Asserting response time 72ms is below 30000ms
02:53:33.839 [TestNG-PoolService-2] INFO  RestClient - --> GET /booking/{id}
02:53:33.933 [TestNG-PoolService-2] INFO  RestClient - <-- GET /booking/{id} responded 200 in 94 ms
02:53:33.934 [TestNG-PoolService-2] INFO  ApiAssertions - Asserting status code is 200
02:53:33.934 [TestNG-PoolService-2] INFO  ApiAssertions - Asserting content type is JSON
02:53:33.935 [TestNG-PoolService-2] INFO  ApiAssertions - Asserting body is not empty
02:53:33.947 [TestNG-PoolService-2] INFO  RestClient - --> DELETE /booking/{id}
02:53:34.033 [TestNG-PoolService-2] INFO  RestClient - <-- DELETE /booking/{id} responded 201 in 86 ms
02:53:34.034 [TestNG-PoolService-2] INFO  ApiAssertions - Asserting status code is 201
02:53:34.034 [TestNG-PoolService-2] INFO  ApiAssertions - Asserting response time 67ms is below 30000ms
02:53:34.035 [TestNG-PoolService-2] INFO  RestClient - --> GET /booking/{id}
02:53:34.092 [TestNG-PoolService-2] INFO  RestClient - <-- GET /booking/{id} responded 404 in 57 ms
02:53:34.092 [TestNG-PoolService-2] INFO  ApiAssertions - Asserting status code is 404
02:53:34.092 [TestNG-PoolService-2] INFO  BookingSteps - Confirmed booking 2431 is gone
02:53:34.093 [TestNG-PoolService-2] INFO  Hooks - ### SCENARIO END: Full booking lifecycle - create, read, update, delete using "booking-no-additional-needs.json" -> PASSED
