07:10:20.024 [TestNG-PoolService-1] INFO  Hooks - ### SCENARIO START: Partially update booking name to "Sara Ali"
07:10:20.025 [TestNG-PoolService-1] INFO  Hooks - Obtaining auth token for an @auth scenario
07:10:20.026 [TestNG-PoolService-1] INFO  RestClient - --> POST /auth
07:10:20.085 [TestNG-PoolService-1] INFO  RestClient - <-- POST /auth responded 200 in 56 ms
07:10:20.096 [TestNG-PoolService-1] DEBUG BookingSteps - Payload from generated data: Booking(firstname=Rashad, lastname=Dach, totalprice=700, depositpaid=false, bookingdates=BookingDates(checkin=2026-09-22, checkout=2026-10-02), additionalneeds=Pork Sausage Roll)
07:10:20.097 [TestNG-PoolService-1] INFO  RestClient - --> POST /booking
07:10:20.172 [TestNG-PoolService-1] INFO  RestClient - <-- POST /booking responded 200 in 75 ms
07:10:20.173 [TestNG-PoolService-1] INFO  ApiAssertions - Asserting status code is 200
07:10:20.173 [TestNG-PoolService-1] INFO  ApiAssertions - Asserting content type is JSON
07:10:20.173 [TestNG-PoolService-1] INFO  ApiAssertions - Asserting body is not empty
07:10:20.185 [TestNG-PoolService-1] INFO  ApiAssertions - Asserting field 'bookingid' is present
07:10:20.186 [TestNG-PoolService-1] INFO  ApiAssertions - Asserting response time 47ms is below 30000ms
07:10:20.189 [TestNG-PoolService-1] INFO  BookingSteps - Created booking id 12674
07:10:20.195 [TestNG-PoolService-1] INFO  RestClient - --> PATCH /booking/{id}
07:10:20.269 [TestNG-PoolService-1] INFO  RestClient - <-- PATCH /booking/{id} responded 200 in 74 ms
07:10:20.273 [TestNG-PoolService-1] INFO  ApiAssertions - Asserting status code is 200
07:10:20.273 [TestNG-PoolService-1] INFO  ApiAssertions - Asserting response time 56ms is below 30000ms
07:10:20.275 [TestNG-PoolService-1] INFO  RestClient - --> GET /booking/{id}
07:10:20.344 [TestNG-PoolService-1] INFO  RestClient - <-- GET /booking/{id} responded 200 in 69 ms
07:10:20.345 [TestNG-PoolService-1] INFO  ApiAssertions - Asserting status code is 200
07:10:20.345 [TestNG-PoolService-1] INFO  ApiAssertions - Asserting content type is JSON
07:10:20.345 [TestNG-PoolService-1] INFO  ApiAssertions - Asserting body is not empty
07:10:20.349 [TestNG-PoolService-1] INFO  Hooks - Cleaning up booking 12674
07:10:20.350 [TestNG-PoolService-1] INFO  RestClient - --> DELETE /booking/{id}
07:10:20.417 [TestNG-PoolService-1] INFO  RestClient - <-- DELETE /booking/{id} responded 201 in 67 ms
07:10:20.420 [TestNG-PoolService-1] INFO  Hooks - ### SCENARIO END: Partially update booking name to "Sara Ali" -> PASSED
