08:30:14.661 [TestNG-PoolService-3] INFO  Hooks - ### SCENARIO START: Partially update booking name to "Mohamed AbdElghany"
08:30:14.661 [TestNG-PoolService-3] INFO  Hooks - Obtaining auth token for an @auth scenario
08:30:14.662 [TestNG-PoolService-3] INFO  RestClient - --> POST /auth
08:30:14.865 [TestNG-PoolService-3] INFO  RestClient - <-- POST /auth responded 200 in 202 ms
08:30:14.873 [TestNG-PoolService-3] DEBUG BookingSteps - Payload from generated data: Booking(firstname=Garrett, lastname=Terry, totalprice=601, depositpaid=true, bookingdates=BookingDates(checkin=2026-10-19, checkout=2026-11-01), additionalneeds=Bunny Chow)
08:30:14.874 [TestNG-PoolService-3] INFO  RestClient - --> POST /booking
08:30:15.075 [TestNG-PoolService-3] INFO  RestClient - <-- POST /booking responded 200 in 200 ms
08:30:15.075 [TestNG-PoolService-3] INFO  ApiAssertions - Asserting status code is 200
08:30:15.075 [TestNG-PoolService-3] INFO  ApiAssertions - Asserting content type is JSON
08:30:15.075 [TestNG-PoolService-3] INFO  ApiAssertions - Asserting body is not empty
08:30:15.084 [TestNG-PoolService-3] INFO  ApiAssertions - Asserting field 'bookingid' is present
08:30:15.084 [TestNG-PoolService-3] INFO  ApiAssertions - Asserting response time 186ms is below 30000ms
08:30:15.086 [TestNG-PoolService-3] INFO  BookingSteps - Created booking id 4875
08:30:15.087 [TestNG-PoolService-3] INFO  RestClient - --> PATCH /booking/{id}
08:30:15.253 [TestNG-PoolService-3] INFO  RestClient - <-- PATCH /booking/{id} responded 200 in 166 ms
08:30:15.254 [TestNG-PoolService-3] INFO  ApiAssertions - Asserting status code is 200
08:30:15.254 [TestNG-PoolService-3] INFO  ApiAssertions - Asserting response time 158ms is below 30000ms
08:30:15.255 [TestNG-PoolService-3] INFO  RestClient - --> GET /booking/{id}
08:30:15.415 [TestNG-PoolService-3] INFO  RestClient - <-- GET /booking/{id} responded 200 in 160 ms
08:30:15.417 [TestNG-PoolService-3] INFO  ApiAssertions - Asserting status code is 200
08:30:15.417 [TestNG-PoolService-3] INFO  ApiAssertions - Asserting content type is JSON
08:30:15.417 [TestNG-PoolService-3] INFO  ApiAssertions - Asserting body is not empty
08:30:15.420 [TestNG-PoolService-3] INFO  Hooks - Cleaning up booking 4875
08:30:15.421 [TestNG-PoolService-3] INFO  RestClient - --> DELETE /booking/{id}
08:30:15.583 [TestNG-PoolService-3] INFO  RestClient - <-- DELETE /booking/{id} responded 201 in 162 ms
08:30:15.583 [TestNG-PoolService-3] INFO  Hooks - ### SCENARIO END: Partially update booking name to "Mohamed AbdElghany" -> PASSED
