08:42:25.069 [TestNG-PoolService-2] INFO  Hooks - ### SCENARIO START: Partially update booking name to "Sara Ali"
08:42:25.072 [TestNG-PoolService-2] INFO  Hooks - Obtaining auth token for an @auth scenario
08:42:25.074 [TestNG-PoolService-2] INFO  RestClient - --> POST /auth
08:42:25.106 [TestNG-PoolService-2] INFO  RestClient - <-- POST /auth responded 200 in 30 ms
08:42:25.109 [TestNG-PoolService-2] DEBUG BookingSteps - Payload from generated data: Booking(firstname=Chasity, lastname=Lebsack, totalprice=1720, depositpaid=true, bookingdates=BookingDates(checkin=2026-10-12, checkout=2026-10-19), additionalneeds=Caesar Salad)
08:42:25.112 [TestNG-PoolService-2] INFO  RestClient - --> POST /booking
08:42:25.155 [TestNG-PoolService-2] INFO  RestClient - <-- POST /booking responded 200 in 43 ms
08:42:25.163 [TestNG-PoolService-2] INFO  ApiAssertions - Asserting status code is 200
08:42:25.163 [TestNG-PoolService-2] INFO  ApiAssertions - Asserting content type is JSON
08:42:25.163 [TestNG-PoolService-2] INFO  ApiAssertions - Asserting body is not empty
08:42:25.181 [TestNG-PoolService-2] INFO  ApiAssertions - Asserting field 'bookingid' is present
08:42:25.181 [TestNG-PoolService-2] INFO  ApiAssertions - Asserting response time 25ms is below 30000ms
08:42:25.184 [TestNG-PoolService-2] INFO  BookingSteps - Created booking id 927
08:42:25.185 [TestNG-PoolService-2] INFO  RestClient - --> PATCH /booking/{id}
08:42:25.228 [TestNG-PoolService-2] INFO  RestClient - <-- PATCH /booking/{id} responded 200 in 43 ms
08:42:25.234 [TestNG-PoolService-2] INFO  ApiAssertions - Asserting status code is 200
08:42:25.235 [TestNG-PoolService-2] INFO  ApiAssertions - Asserting response time 29ms is below 30000ms
08:42:25.235 [TestNG-PoolService-2] INFO  RestClient - --> GET /booking/{id}
08:42:25.276 [TestNG-PoolService-2] INFO  RestClient - <-- GET /booking/{id} responded 200 in 39 ms
08:42:25.276 [TestNG-PoolService-2] INFO  ApiAssertions - Asserting status code is 200
08:42:25.276 [TestNG-PoolService-2] INFO  ApiAssertions - Asserting content type is JSON
08:42:25.276 [TestNG-PoolService-2] INFO  ApiAssertions - Asserting body is not empty
08:42:25.281 [TestNG-PoolService-2] INFO  Hooks - Cleaning up booking 927
08:42:25.282 [TestNG-PoolService-2] INFO  RestClient - --> DELETE /booking/{id}
08:42:25.324 [TestNG-PoolService-2] INFO  RestClient - <-- DELETE /booking/{id} responded 201 in 42 ms
08:42:25.325 [TestNG-PoolService-2] INFO  Hooks - ### SCENARIO END: Partially update booking name to "Sara Ali" -> PASSED
