08:42:24.302 [TestNG-PoolService-4] INFO  Hooks - ### SCENARIO START: Full booking lifecycle - create, read, update, delete using "create-booking.json"
08:42:24.303 [TestNG-PoolService-4] INFO  Hooks - Obtaining auth token for an @auth scenario
08:42:24.309 [TestNG-PoolService-4] INFO  RestClient - --> POST /auth
08:42:24.363 [TestNG-PoolService-4] INFO  RestClient - <-- POST /auth responded 200 in 54 ms
08:42:24.543 [TestNG-PoolService-4] INFO  JsonDataReader - Loaded test data 'create-booking.json' with dynamic values resolved
08:42:24.551 [TestNG-PoolService-4] DEBUG BookingSteps - Payload from test data file create-booking.json: Booking(firstname=Patrick, lastname=Franecki, totalprice=589, depositpaid=false, bookingdates=BookingDates(checkin=2026-10-13, checkout=2026-10-20), additionalneeds=Sushi)
08:42:24.553 [TestNG-PoolService-4] INFO  RestClient - --> POST /booking
08:42:24.599 [TestNG-PoolService-4] INFO  RestClient - <-- POST /booking responded 200 in 46 ms
08:42:24.605 [TestNG-PoolService-4] INFO  ApiAssertions - Asserting status code is 200
08:42:24.606 [TestNG-PoolService-4] INFO  ApiAssertions - Asserting content type is JSON
08:42:24.606 [TestNG-PoolService-4] INFO  ApiAssertions - Asserting body is not empty
08:42:24.623 [TestNG-PoolService-4] INFO  ApiAssertions - Asserting field 'bookingid' is present
08:42:24.623 [TestNG-PoolService-4] INFO  ApiAssertions - Asserting response time 21ms is below 30000ms
08:42:24.634 [TestNG-PoolService-4] INFO  BookingSteps - Created booking id 919
08:42:24.635 [TestNG-PoolService-4] INFO  RestClient - --> GET /booking/{id}
08:42:24.721 [TestNG-PoolService-4] INFO  RestClient - <-- GET /booking/{id} responded 200 in 86 ms
08:42:24.724 [TestNG-PoolService-4] INFO  ApiAssertions - Asserting status code is 200
08:42:24.724 [TestNG-PoolService-4] INFO  ApiAssertions - Asserting content type is JSON
08:42:24.724 [TestNG-PoolService-4] INFO  ApiAssertions - Asserting body is not empty
08:42:24.727 [TestNG-PoolService-4] INFO  JsonDataReader - Loaded test data 'update-booking.json' with dynamic values resolved
08:42:24.728 [TestNG-PoolService-4] DEBUG BookingSteps - Payload from test data file update-booking.json: Booking(firstname=Tracy, lastname=Heaney, totalprice=1779, depositpaid=false, bookingdates=BookingDates(checkin=2026-11-05, checkout=2026-11-20), additionalneeds=Late checkout)
08:42:24.735 [TestNG-PoolService-4] INFO  RestClient - --> PUT /booking/{id}
08:42:24.792 [TestNG-PoolService-4] INFO  RestClient - <-- PUT /booking/{id} responded 200 in 57 ms
08:42:24.792 [TestNG-PoolService-4] INFO  BookingSteps - Updated booking 919 from update-booking.json
08:42:24.795 [TestNG-PoolService-4] INFO  ApiAssertions - Asserting status code is 200
08:42:24.796 [TestNG-PoolService-4] INFO  ApiAssertions - Asserting response time 35ms is below 30000ms
08:42:24.800 [TestNG-PoolService-4] INFO  RestClient - --> GET /booking/{id}
08:42:24.855 [TestNG-PoolService-4] INFO  RestClient - <-- GET /booking/{id} responded 200 in 54 ms
08:42:24.856 [TestNG-PoolService-4] INFO  ApiAssertions - Asserting status code is 200
08:42:24.856 [TestNG-PoolService-4] INFO  ApiAssertions - Asserting content type is JSON
08:42:24.856 [TestNG-PoolService-4] INFO  ApiAssertions - Asserting body is not empty
08:42:24.861 [TestNG-PoolService-4] INFO  RestClient - --> DELETE /booking/{id}
08:42:24.897 [TestNG-PoolService-4] INFO  RestClient - <-- DELETE /booking/{id} responded 201 in 36 ms
08:42:24.898 [TestNG-PoolService-4] INFO  ApiAssertions - Asserting status code is 201
08:42:24.898 [TestNG-PoolService-4] INFO  ApiAssertions - Asserting response time 24ms is below 30000ms
08:42:24.900 [TestNG-PoolService-4] INFO  RestClient - --> GET /booking/{id}
08:42:24.940 [TestNG-PoolService-4] INFO  RestClient - <-- GET /booking/{id} responded 404 in 40 ms
08:42:24.943 [TestNG-PoolService-4] INFO  ApiAssertions - Asserting status code is 404
08:42:24.943 [TestNG-PoolService-4] INFO  BookingSteps - Confirmed booking 919 is gone
08:42:24.949 [TestNG-PoolService-4] INFO  Hooks - ### SCENARIO END: Full booking lifecycle - create, read, update, delete using "create-booking.json" -> PASSED
