12:27:15.317 [TestNG-PoolService-2] INFO  Hooks - ### SCENARIO START: Partially update booking name to "Sara Ali"
12:27:15.318 [TestNG-PoolService-2] INFO  Hooks - Obtaining auth token for an @auth scenario
12:27:15.320 [TestNG-PoolService-2] INFO  RestClient - --> POST /auth
12:27:15.683 [TestNG-PoolService-2] INFO  RestClient - <-- POST /auth responded 200 in 363 ms
12:27:15.689 [TestNG-PoolService-2] DEBUG BookingSteps - Payload from generated data: Booking(firstname=Earnest, lastname=Renner, totalprice=538, depositpaid=false, bookingdates=BookingDates(checkin=2026-09-11, checkout=2026-09-13), additionalneeds=Seafood Paella)
12:27:15.691 [TestNG-PoolService-2] INFO  RestClient - --> POST /booking
12:27:16.065 [TestNG-PoolService-2] INFO  RestClient - <-- POST /booking responded 200 in 374 ms
12:27:16.065 [TestNG-PoolService-2] INFO  ApiAssertions - Asserting status code is 200
12:27:16.065 [TestNG-PoolService-2] INFO  ApiAssertions - Asserting content type is JSON
12:27:16.066 [TestNG-PoolService-2] INFO  ApiAssertions - Asserting body is not empty
12:27:16.078 [TestNG-PoolService-2] INFO  ApiAssertions - Asserting field 'bookingid' is present
12:27:16.078 [TestNG-PoolService-2] INFO  ApiAssertions - Asserting response time 355ms is below 30000ms
12:27:16.082 [TestNG-PoolService-2] INFO  BookingSteps - Created booking id 3718
12:27:16.085 [TestNG-PoolService-2] INFO  RestClient - --> PATCH /booking/{id}
12:27:16.440 [TestNG-PoolService-2] INFO  RestClient - <-- PATCH /booking/{id} responded 200 in 355 ms
12:27:16.441 [TestNG-PoolService-2] INFO  ApiAssertions - Asserting status code is 200
12:27:16.441 [TestNG-PoolService-2] INFO  ApiAssertions - Asserting response time 342ms is below 30000ms
12:27:16.442 [TestNG-PoolService-2] INFO  RestClient - --> GET /booking/{id}
12:27:16.802 [TestNG-PoolService-2] INFO  RestClient - <-- GET /booking/{id} responded 200 in 360 ms
12:27:16.802 [TestNG-PoolService-2] INFO  ApiAssertions - Asserting status code is 200
12:27:16.802 [TestNG-PoolService-2] INFO  ApiAssertions - Asserting content type is JSON
12:27:16.803 [TestNG-PoolService-2] INFO  ApiAssertions - Asserting body is not empty
12:27:16.805 [TestNG-PoolService-2] INFO  Hooks - Cleaning up booking 3718
12:27:16.806 [TestNG-PoolService-2] INFO  RestClient - --> DELETE /booking/{id}
12:27:17.175 [TestNG-PoolService-2] INFO  RestClient - <-- DELETE /booking/{id} responded 201 in 369 ms
12:27:17.176 [TestNG-PoolService-2] INFO  Hooks - ### SCENARIO END: Partially update booking name to "Sara Ali" -> PASSED
