07:26:42.060 [TestNG-PoolService-4] INFO  Hooks - ### SCENARIO START: Partially update booking name to "Sara Ali"
07:26:42.061 [TestNG-PoolService-4] INFO  Hooks - Obtaining auth token for an @auth scenario
07:26:42.064 [TestNG-PoolService-4] INFO  RestClient - --> POST /auth
07:26:42.114 [TestNG-PoolService-4] INFO  RestClient - <-- POST /auth responded 200 in 50 ms
07:26:42.120 [TestNG-PoolService-4] DEBUG BookingSteps - Payload from generated data: Booking(firstname=Ericka, lastname=Mante, totalprice=1299, depositpaid=true, bookingdates=BookingDates(checkin=2026-09-18, checkout=2026-09-29), additionalneeds=Ebiten maki)
07:26:42.128 [TestNG-PoolService-4] INFO  RestClient - --> POST /booking
07:26:42.192 [TestNG-PoolService-4] INFO  RestClient - <-- POST /booking responded 200 in 64 ms
07:26:42.193 [TestNG-PoolService-4] INFO  ApiAssertions - Asserting status code is 200
07:26:42.193 [TestNG-PoolService-4] INFO  ApiAssertions - Asserting content type is JSON
07:26:42.193 [TestNG-PoolService-4] INFO  ApiAssertions - Asserting body is not empty
07:26:42.215 [TestNG-PoolService-4] INFO  ApiAssertions - Asserting field 'bookingid' is present
07:26:42.215 [TestNG-PoolService-4] INFO  ApiAssertions - Asserting response time 30ms is below 30000ms
07:26:42.221 [TestNG-PoolService-4] INFO  BookingSteps - Created booking id 3198
07:26:42.224 [TestNG-PoolService-4] INFO  RestClient - --> PATCH /booking/{id}
07:26:42.279 [TestNG-PoolService-4] INFO  RestClient - <-- PATCH /booking/{id} responded 200 in 55 ms
07:26:42.280 [TestNG-PoolService-4] INFO  ApiAssertions - Asserting status code is 200
07:26:42.280 [TestNG-PoolService-4] INFO  ApiAssertions - Asserting response time 35ms is below 30000ms
07:26:42.282 [TestNG-PoolService-4] INFO  RestClient - --> GET /booking/{id}
07:26:42.347 [TestNG-PoolService-4] INFO  RestClient - <-- GET /booking/{id} responded 200 in 65 ms
07:26:42.347 [TestNG-PoolService-4] INFO  ApiAssertions - Asserting status code is 200
07:26:42.347 [TestNG-PoolService-4] INFO  ApiAssertions - Asserting content type is JSON
07:26:42.348 [TestNG-PoolService-4] INFO  ApiAssertions - Asserting body is not empty
07:26:42.353 [TestNG-PoolService-4] INFO  Hooks - Cleaning up booking 3198
07:26:42.354 [TestNG-PoolService-4] INFO  RestClient - --> DELETE /booking/{id}
07:26:42.397 [TestNG-PoolService-4] INFO  RestClient - <-- DELETE /booking/{id} responded 201 in 42 ms
07:26:42.401 [TestNG-PoolService-4] INFO  Hooks - ### SCENARIO END: Partially update booking name to "Sara Ali" -> PASSED
