07:01:04.374 [TestNG-PoolService-4] INFO  Hooks - ### SCENARIO START: Partially update booking name to "Sara Ali"
07:01:04.378 [TestNG-PoolService-4] INFO  Hooks - Obtaining auth token for an @auth scenario
07:01:04.380 [TestNG-PoolService-4] INFO  RestClient - --> POST /auth
07:01:04.436 [TestNG-PoolService-4] INFO  RestClient - <-- POST /auth responded 200 in 56 ms
07:01:04.443 [TestNG-PoolService-4] DEBUG BookingSteps - Payload from generated data: Booking(firstname=Maureen, lastname=McGlynn, totalprice=1791, depositpaid=false, bookingdates=BookingDates(checkin=2026-09-21, checkout=2026-09-30), additionalneeds=Hummus)
07:01:04.444 [TestNG-PoolService-4] INFO  RestClient - --> POST /booking
07:01:04.487 [TestNG-PoolService-4] INFO  RestClient - <-- POST /booking responded 200 in 42 ms
07:01:04.487 [TestNG-PoolService-4] INFO  ApiAssertions - Asserting status code is 200
07:01:04.487 [TestNG-PoolService-4] INFO  ApiAssertions - Asserting content type is JSON
07:01:04.487 [TestNG-PoolService-4] INFO  ApiAssertions - Asserting body is not empty
07:01:04.511 [TestNG-PoolService-4] INFO  ApiAssertions - Asserting field 'bookingid' is present
07:01:04.511 [TestNG-PoolService-4] INFO  ApiAssertions - Asserting response time 28ms is below 30000ms
07:01:04.517 [TestNG-PoolService-4] INFO  BookingSteps - Created booking id 6174
07:01:04.518 [TestNG-PoolService-4] INFO  RestClient - --> PATCH /booking/{id}
07:01:04.563 [TestNG-PoolService-4] INFO  RestClient - <-- PATCH /booking/{id} responded 200 in 45 ms
07:01:04.566 [TestNG-PoolService-4] INFO  ApiAssertions - Asserting status code is 200
07:01:04.567 [TestNG-PoolService-4] INFO  ApiAssertions - Asserting response time 29ms is below 30000ms
07:01:04.569 [TestNG-PoolService-4] INFO  RestClient - --> GET /booking/{id}
07:01:04.624 [TestNG-PoolService-4] INFO  RestClient - <-- GET /booking/{id} responded 200 in 55 ms
07:01:04.624 [TestNG-PoolService-4] INFO  ApiAssertions - Asserting status code is 200
07:01:04.624 [TestNG-PoolService-4] INFO  ApiAssertions - Asserting content type is JSON
07:01:04.624 [TestNG-PoolService-4] INFO  ApiAssertions - Asserting body is not empty
07:01:04.627 [TestNG-PoolService-4] INFO  Hooks - Cleaning up booking 6174
07:01:04.630 [TestNG-PoolService-4] INFO  RestClient - --> DELETE /booking/{id}
07:01:04.679 [TestNG-PoolService-4] INFO  RestClient - <-- DELETE /booking/{id} responded 201 in 49 ms
07:01:04.682 [TestNG-PoolService-4] INFO  Hooks - ### SCENARIO END: Partially update booking name to "Sara Ali" -> PASSED
