07:06:52.116 [TestNG-PoolService-4] INFO  Hooks - ### SCENARIO START: Partially update booking name to "Jean-Luc O'Connor"
07:06:52.117 [TestNG-PoolService-4] INFO  Hooks - Obtaining auth token for an @auth scenario
07:06:52.119 [TestNG-PoolService-4] INFO  RestClient - --> POST /auth
07:06:52.485 [TestNG-PoolService-4] INFO  RestClient - <-- POST /auth responded 200 in 366 ms
07:06:52.488 [TestNG-PoolService-4] DEBUG BookingSteps - Payload from generated data: Booking(firstname=Merissa, lastname=Emard, totalprice=152, depositpaid=false, bookingdates=BookingDates(checkin=2026-10-06, checkout=2026-10-17), additionalneeds=Ebiten maki)
07:06:52.489 [TestNG-PoolService-4] INFO  RestClient - --> POST /booking
07:06:52.853 [TestNG-PoolService-4] INFO  RestClient - <-- POST /booking responded 200 in 363 ms
07:06:52.853 [TestNG-PoolService-4] INFO  ApiAssertions - Asserting status code is 200
07:06:52.854 [TestNG-PoolService-4] INFO  ApiAssertions - Asserting content type is JSON
07:06:52.854 [TestNG-PoolService-4] INFO  ApiAssertions - Asserting body is not empty
07:06:52.865 [TestNG-PoolService-4] INFO  ApiAssertions - Asserting field 'bookingid' is present
07:06:52.866 [TestNG-PoolService-4] INFO  ApiAssertions - Asserting response time 353ms is below 30000ms
07:06:52.869 [TestNG-PoolService-4] INFO  BookingSteps - Created booking id 2991
07:06:52.870 [TestNG-PoolService-4] INFO  RestClient - --> PATCH /booking/{id}
07:06:53.223 [TestNG-PoolService-4] INFO  RestClient - <-- PATCH /booking/{id} responded 200 in 353 ms
07:06:53.223 [TestNG-PoolService-4] INFO  ApiAssertions - Asserting status code is 200
07:06:53.224 [TestNG-PoolService-4] INFO  ApiAssertions - Asserting response time 343ms is below 30000ms
07:06:53.225 [TestNG-PoolService-4] INFO  RestClient - --> GET /booking/{id}
07:06:53.587 [TestNG-PoolService-4] INFO  RestClient - <-- GET /booking/{id} responded 200 in 362 ms
07:06:53.588 [TestNG-PoolService-4] INFO  ApiAssertions - Asserting status code is 200
07:06:53.588 [TestNG-PoolService-4] INFO  ApiAssertions - Asserting content type is JSON
07:06:53.588 [TestNG-PoolService-4] INFO  ApiAssertions - Asserting body is not empty
07:06:53.592 [TestNG-PoolService-4] INFO  Hooks - Cleaning up booking 2991
07:06:53.593 [TestNG-PoolService-4] INFO  RestClient - --> DELETE /booking/{id}
07:06:53.953 [TestNG-PoolService-4] INFO  RestClient - <-- DELETE /booking/{id} responded 201 in 360 ms
07:06:53.953 [TestNG-PoolService-4] INFO  Hooks - ### SCENARIO END: Partially update booking name to "Jean-Luc O'Connor" -> PASSED
