07:03:00.600 [TestNG-PoolService-1] INFO  Hooks - ### SCENARIO START: Full booking lifecycle - create, read, update, delete using "create-booking.json"
07:03:00.602 [TestNG-PoolService-1] INFO  Hooks - Obtaining auth token for an @auth scenario
07:03:00.603 [TestNG-PoolService-1] INFO  RestClient - --> POST /auth
07:03:00.803 [TestNG-PoolService-1] INFO  RestClient - <-- POST /auth responded 200 in 200 ms
07:03:00.932 [TestNG-PoolService-1] INFO  JsonDataReader - Loaded test data 'create-booking.json' with dynamic values resolved
07:03:00.951 [TestNG-PoolService-1] DEBUG BookingSteps - Payload from test data file create-booking.json: Booking(firstname=Courtney, lastname=Rolfson, totalprice=776, depositpaid=true, bookingdates=BookingDates(checkin=2026-09-11, checkout=2026-09-18), additionalneeds=Ebiten maki)
07:03:00.952 [TestNG-PoolService-1] INFO  RestClient - --> POST /booking
07:03:01.157 [TestNG-PoolService-1] INFO  RestClient - <-- POST /booking responded 200 in 205 ms
07:03:01.158 [TestNG-PoolService-1] INFO  ApiAssertions - Asserting status code is 200
07:03:01.159 [TestNG-PoolService-1] INFO  ApiAssertions - Asserting content type is JSON
07:03:01.159 [TestNG-PoolService-1] INFO  ApiAssertions - Asserting body is not empty
07:03:01.171 [TestNG-PoolService-1] INFO  ApiAssertions - Asserting field 'bookingid' is present
07:03:01.171 [TestNG-PoolService-1] INFO  ApiAssertions - Asserting response time 182ms is below 30000ms
07:03:01.173 [TestNG-PoolService-1] INFO  BookingSteps - Created booking id 877
07:03:01.175 [TestNG-PoolService-1] INFO  RestClient - --> GET /booking/{id}
07:03:01.400 [TestNG-PoolService-1] INFO  RestClient - <-- GET /booking/{id} responded 200 in 225 ms
07:03:01.400 [TestNG-PoolService-1] INFO  ApiAssertions - Asserting status code is 200
07:03:01.400 [TestNG-PoolService-1] INFO  ApiAssertions - Asserting content type is JSON
07:03:01.401 [TestNG-PoolService-1] INFO  ApiAssertions - Asserting body is not empty
07:03:01.403 [TestNG-PoolService-1] INFO  JsonDataReader - Loaded test data 'update-booking.json' with dynamic values resolved
07:03:01.404 [TestNG-PoolService-1] DEBUG BookingSteps - Payload from test data file update-booking.json: Booking(firstname=Ping, lastname=Kshlerin, totalprice=3882, depositpaid=false, bookingdates=BookingDates(checkin=2026-10-04, checkout=2026-10-19), additionalneeds=Late checkout)
07:03:01.431 [TestNG-PoolService-1] INFO  RestClient - --> PUT /booking/{id}
07:03:01.600 [TestNG-PoolService-1] INFO  RestClient - <-- PUT /booking/{id} responded 200 in 168 ms
07:03:01.600 [TestNG-PoolService-1] INFO  BookingSteps - Updated booking 877 from update-booking.json
07:03:01.601 [TestNG-PoolService-1] INFO  ApiAssertions - Asserting status code is 200
07:03:01.601 [TestNG-PoolService-1] INFO  ApiAssertions - Asserting response time 150ms is below 30000ms
07:03:01.602 [TestNG-PoolService-1] INFO  RestClient - --> GET /booking/{id}
07:03:01.788 [TestNG-PoolService-1] INFO  RestClient - <-- GET /booking/{id} responded 200 in 185 ms
07:03:01.790 [TestNG-PoolService-1] INFO  ApiAssertions - Asserting status code is 200
07:03:01.790 [TestNG-PoolService-1] INFO  ApiAssertions - Asserting content type is JSON
07:03:01.790 [TestNG-PoolService-1] INFO  ApiAssertions - Asserting body is not empty
07:03:01.797 [TestNG-PoolService-1] INFO  RestClient - --> DELETE /booking/{id}
07:03:01.986 [TestNG-PoolService-1] INFO  RestClient - <-- DELETE /booking/{id} responded 201 in 189 ms
07:03:01.987 [TestNG-PoolService-1] INFO  ApiAssertions - Asserting status code is 201
07:03:01.987 [TestNG-PoolService-1] INFO  ApiAssertions - Asserting response time 182ms is below 30000ms
07:03:01.988 [TestNG-PoolService-1] INFO  RestClient - --> GET /booking/{id}
07:03:02.131 [TestNG-PoolService-1] INFO  RestClient - <-- GET /booking/{id} responded 404 in 143 ms
07:03:02.131 [TestNG-PoolService-1] INFO  ApiAssertions - Asserting status code is 404
07:03:02.131 [TestNG-PoolService-1] INFO  BookingSteps - Confirmed booking 877 is gone
07:03:02.132 [TestNG-PoolService-1] INFO  Hooks - ### SCENARIO END: Full booking lifecycle - create, read, update, delete using "create-booking.json" -> PASSED
