07:44:39.965 [TestNG-PoolService-3] INFO  Hooks - ### SCENARIO START: Full booking lifecycle - create, read, update, delete using "create-booking.json"
07:44:39.967 [TestNG-PoolService-3] INFO  Hooks - Obtaining auth token for an @auth scenario
07:44:39.977 [TestNG-PoolService-3] INFO  RestClient - --> POST /auth
07:44:40.077 [TestNG-PoolService-3] INFO  RestClient - <-- POST /auth responded 200 in 99 ms
07:44:40.266 [TestNG-PoolService-3] INFO  JsonDataReader - Loaded test data 'create-booking.json' with dynamic values resolved
07:44:40.282 [TestNG-PoolService-3] DEBUG BookingSteps - Payload from test data file create-booking.json: Booking(firstname=Clifford, lastname=Yundt, totalprice=759, depositpaid=true, bookingdates=BookingDates(checkin=2026-09-28, checkout=2026-10-05), additionalneeds=Barbecue Ribs)
07:44:40.283 [TestNG-PoolService-3] INFO  RestClient - --> POST /booking
07:44:40.374 [TestNG-PoolService-3] INFO  RestClient - <-- POST /booking responded 200 in 91 ms
07:44:40.375 [TestNG-PoolService-3] INFO  ApiAssertions - Asserting status code is 200
07:44:40.375 [TestNG-PoolService-3] INFO  ApiAssertions - Asserting content type is JSON
07:44:40.375 [TestNG-PoolService-3] INFO  ApiAssertions - Asserting body is not empty
07:44:40.401 [TestNG-PoolService-3] INFO  ApiAssertions - Asserting field 'bookingid' is present
07:44:40.401 [TestNG-PoolService-3] INFO  ApiAssertions - Asserting response time 55ms is below 30000ms
07:44:40.406 [TestNG-PoolService-3] INFO  BookingSteps - Created booking id 2170
07:44:40.410 [TestNG-PoolService-3] INFO  RestClient - --> GET /booking/{id}
07:44:40.525 [TestNG-PoolService-3] INFO  RestClient - <-- GET /booking/{id} responded 200 in 114 ms
07:44:40.526 [TestNG-PoolService-3] INFO  ApiAssertions - Asserting status code is 200
07:44:40.526 [TestNG-PoolService-3] INFO  ApiAssertions - Asserting content type is JSON
07:44:40.526 [TestNG-PoolService-3] INFO  ApiAssertions - Asserting body is not empty
07:44:40.538 [TestNG-PoolService-3] INFO  JsonDataReader - Loaded test data 'update-booking.json' with dynamic values resolved
07:44:40.539 [TestNG-PoolService-3] DEBUG BookingSteps - Payload from test data file update-booking.json: Booking(firstname=Bryce, lastname=Powlowski, totalprice=1899, depositpaid=true, bookingdates=BookingDates(checkin=2026-10-21, checkout=2026-11-05), additionalneeds=Late checkout)
07:44:40.545 [TestNG-PoolService-3] INFO  RestClient - --> PUT /booking/{id}
07:44:40.629 [TestNG-PoolService-3] INFO  RestClient - <-- PUT /booking/{id} responded 200 in 84 ms
07:44:40.629 [TestNG-PoolService-3] INFO  BookingSteps - Updated booking 2170 from update-booking.json
07:44:40.630 [TestNG-PoolService-3] INFO  ApiAssertions - Asserting status code is 200
07:44:40.630 [TestNG-PoolService-3] INFO  ApiAssertions - Asserting response time 57ms is below 30000ms
07:44:40.634 [TestNG-PoolService-3] INFO  RestClient - --> GET /booking/{id}
07:44:40.715 [TestNG-PoolService-3] INFO  RestClient - <-- GET /booking/{id} responded 200 in 80 ms
07:44:40.715 [TestNG-PoolService-3] INFO  ApiAssertions - Asserting status code is 200
07:44:40.715 [TestNG-PoolService-3] INFO  ApiAssertions - Asserting content type is JSON
07:44:40.716 [TestNG-PoolService-3] INFO  ApiAssertions - Asserting body is not empty
07:44:40.722 [TestNG-PoolService-3] INFO  RestClient - --> DELETE /booking/{id}
07:44:40.794 [TestNG-PoolService-3] INFO  RestClient - <-- DELETE /booking/{id} responded 201 in 72 ms
07:44:40.794 [TestNG-PoolService-3] INFO  ApiAssertions - Asserting status code is 201
07:44:40.794 [TestNG-PoolService-3] INFO  ApiAssertions - Asserting response time 50ms is below 30000ms
07:44:40.799 [TestNG-PoolService-3] INFO  RestClient - --> GET /booking/{id}
07:44:40.865 [TestNG-PoolService-3] INFO  RestClient - <-- GET /booking/{id} responded 404 in 66 ms
07:44:40.865 [TestNG-PoolService-3] INFO  ApiAssertions - Asserting status code is 404
07:44:40.865 [TestNG-PoolService-3] INFO  BookingSteps - Confirmed booking 2170 is gone
07:44:40.866 [TestNG-PoolService-3] INFO  Hooks - ### SCENARIO END: Full booking lifecycle - create, read, update, delete using "create-booking.json" -> PASSED
