08:43:52.428 [TestNG-PoolService-1] INFO  Hooks - ### SCENARIO START: Full booking lifecycle - create, read, update, delete using "create-booking.json"
08:43:52.437 [TestNG-PoolService-1] INFO  Hooks - Obtaining auth token for an @auth scenario
08:43:52.439 [TestNG-PoolService-1] INFO  RestClient - --> POST /auth
08:43:52.721 [TestNG-PoolService-1] INFO  RestClient - <-- POST /auth responded 200 in 282 ms
08:43:52.736 [TestNG-PoolService-1] INFO  JsonDataReader - Loaded test data 'create-booking.json' with dynamic values resolved
08:43:52.744 [TestNG-PoolService-1] DEBUG BookingSteps - Payload from test data file create-booking.json: Booking(firstname=Randolph, lastname=Larson, totalprice=522, depositpaid=true, bookingdates=BookingDates(checkin=2026-09-05, checkout=2026-09-12), additionalneeds=Cheeseburger)
08:43:52.751 [TestNG-PoolService-1] INFO  RestClient - --> POST /booking
08:43:53.043 [TestNG-PoolService-1] INFO  RestClient - <-- POST /booking responded 200 in 292 ms
08:43:53.043 [TestNG-PoolService-1] INFO  ApiAssertions - Asserting status code is 200
08:43:53.045 [TestNG-PoolService-1] INFO  ApiAssertions - Asserting content type is JSON
08:43:53.048 [TestNG-PoolService-1] INFO  ApiAssertions - Asserting body is not empty
08:43:53.066 [TestNG-PoolService-1] INFO  ApiAssertions - Asserting field 'bookingid' is present
08:43:53.066 [TestNG-PoolService-1] INFO  ApiAssertions - Asserting response time 258ms is below 30000ms
08:43:53.074 [TestNG-PoolService-1] INFO  BookingSteps - Created booking id 1626
08:43:53.076 [TestNG-PoolService-1] INFO  RestClient - --> GET /booking/{id}
08:43:53.401 [TestNG-PoolService-1] INFO  RestClient - <-- GET /booking/{id} responded 200 in 325 ms
08:43:53.401 [TestNG-PoolService-1] INFO  ApiAssertions - Asserting status code is 200
08:43:53.401 [TestNG-PoolService-1] INFO  ApiAssertions - Asserting content type is JSON
08:43:53.405 [TestNG-PoolService-1] INFO  ApiAssertions - Asserting body is not empty
08:43:53.411 [TestNG-PoolService-1] INFO  JsonDataReader - Loaded test data 'update-booking.json' with dynamic values resolved
08:43:53.411 [TestNG-PoolService-1] DEBUG BookingSteps - Payload from test data file update-booking.json: Booking(firstname=Myles, lastname=Bednar, totalprice=4462, depositpaid=false, bookingdates=BookingDates(checkin=2026-09-28, checkout=2026-10-13), additionalneeds=Late checkout)
08:43:53.416 [TestNG-PoolService-1] INFO  RestClient - --> PUT /booking/{id}
08:43:53.690 [TestNG-PoolService-1] INFO  RestClient - <-- PUT /booking/{id} responded 200 in 274 ms
08:43:53.690 [TestNG-PoolService-1] INFO  BookingSteps - Updated booking 1626 from update-booking.json
08:43:53.690 [TestNG-PoolService-1] INFO  ApiAssertions - Asserting status code is 200
08:43:53.691 [TestNG-PoolService-1] INFO  ApiAssertions - Asserting response time 256ms is below 30000ms
08:43:53.692 [TestNG-PoolService-1] INFO  RestClient - --> GET /booking/{id}
08:43:53.961 [TestNG-PoolService-1] INFO  RestClient - <-- GET /booking/{id} responded 200 in 269 ms
08:43:53.966 [TestNG-PoolService-1] INFO  ApiAssertions - Asserting status code is 200
08:43:53.966 [TestNG-PoolService-1] INFO  ApiAssertions - Asserting content type is JSON
08:43:53.966 [TestNG-PoolService-1] INFO  ApiAssertions - Asserting body is not empty
08:43:53.974 [TestNG-PoolService-1] INFO  RestClient - --> DELETE /booking/{id}
08:43:54.256 [TestNG-PoolService-1] INFO  RestClient - <-- DELETE /booking/{id} responded 201 in 281 ms
08:43:54.257 [TestNG-PoolService-1] INFO  ApiAssertions - Asserting status code is 201
08:43:54.257 [TestNG-PoolService-1] INFO  ApiAssertions - Asserting response time 263ms is below 30000ms
08:43:54.260 [TestNG-PoolService-1] INFO  RestClient - --> GET /booking/{id}
08:43:54.527 [TestNG-PoolService-1] INFO  RestClient - <-- GET /booking/{id} responded 404 in 267 ms
08:43:54.527 [TestNG-PoolService-1] INFO  ApiAssertions - Asserting status code is 404
08:43:54.527 [TestNG-PoolService-1] INFO  BookingSteps - Confirmed booking 1626 is gone
08:43:54.530 [TestNG-PoolService-1] INFO  Hooks - ### SCENARIO END: Full booking lifecycle - create, read, update, delete using "create-booking.json" -> PASSED
