02:56:20.210 [TestNG-PoolService-4] INFO  Hooks - ### SCENARIO START: Partially update booking name to "Sara Ali"
02:56:20.211 [TestNG-PoolService-4] INFO  Hooks - Obtaining auth token for an @auth scenario
02:56:20.212 [TestNG-PoolService-4] INFO  RestClient - --> POST /auth
02:56:20.582 [TestNG-PoolService-4] INFO  RestClient - <-- POST /auth responded 200 in 370 ms
02:56:20.584 [TestNG-PoolService-4] DEBUG BookingSteps - Payload from generated data: Booking(firstname=Myrtice, lastname=Denesik, totalprice=1146, depositpaid=false, bookingdates=BookingDates(checkin=2026-08-25, checkout=2026-08-26), additionalneeds=Cauliflower Penne)
02:56:20.585 [TestNG-PoolService-4] INFO  RestClient - --> POST /booking
02:56:20.962 [TestNG-PoolService-4] INFO  RestClient - <-- POST /booking responded 200 in 377 ms
02:56:20.963 [TestNG-PoolService-4] INFO  ApiAssertions - Asserting status code is 200
02:56:20.963 [TestNG-PoolService-4] INFO  ApiAssertions - Asserting content type is JSON
02:56:20.963 [TestNG-PoolService-4] INFO  ApiAssertions - Asserting body is not empty
02:56:20.973 [TestNG-PoolService-4] INFO  ApiAssertions - Asserting field 'bookingid' is present
02:56:20.973 [TestNG-PoolService-4] INFO  ApiAssertions - Asserting response time 367ms is below 30000ms
02:56:20.976 [TestNG-PoolService-4] INFO  BookingSteps - Created booking id 4639
02:56:20.978 [TestNG-PoolService-4] INFO  RestClient - --> PATCH /booking/{id}
02:56:21.346 [TestNG-PoolService-4] INFO  RestClient - <-- PATCH /booking/{id} responded 200 in 368 ms
02:56:21.347 [TestNG-PoolService-4] INFO  ApiAssertions - Asserting status code is 200
02:56:21.347 [TestNG-PoolService-4] INFO  ApiAssertions - Asserting response time 358ms is below 30000ms
02:56:21.349 [TestNG-PoolService-4] INFO  RestClient - --> GET /booking/{id}
02:56:21.717 [TestNG-PoolService-4] INFO  RestClient - <-- GET /booking/{id} responded 200 in 368 ms
02:56:21.717 [TestNG-PoolService-4] INFO  ApiAssertions - Asserting status code is 200
02:56:21.717 [TestNG-PoolService-4] INFO  ApiAssertions - Asserting content type is JSON
02:56:21.718 [TestNG-PoolService-4] INFO  ApiAssertions - Asserting body is not empty
02:56:21.721 [TestNG-PoolService-4] INFO  Hooks - Cleaning up booking 4639
02:56:21.722 [TestNG-PoolService-4] INFO  RestClient - --> DELETE /booking/{id}
02:56:22.102 [TestNG-PoolService-4] INFO  RestClient - <-- DELETE /booking/{id} responded 201 in 380 ms
02:56:22.103 [TestNG-PoolService-4] INFO  Hooks - ### SCENARIO END: Partially update booking name to "Sara Ali" -> PASSED
