08:42:25.129 [TestNG-PoolService-4] INFO  Hooks - ### SCENARIO START: Partially update booking name to "Jean-Luc O'Connor"
08:42:25.131 [TestNG-PoolService-4] INFO  Hooks - Obtaining auth token for an @auth scenario
08:42:25.132 [TestNG-PoolService-4] INFO  RestClient - --> POST /auth
08:42:25.173 [TestNG-PoolService-4] INFO  RestClient - <-- POST /auth responded 200 in 41 ms
08:42:25.182 [TestNG-PoolService-4] DEBUG BookingSteps - Payload from generated data: Booking(firstname=Quinton, lastname=Nicolas, totalprice=964, depositpaid=false, bookingdates=BookingDates(checkin=2026-10-11, checkout=2026-10-22), additionalneeds=Arepas)
08:42:25.183 [TestNG-PoolService-4] INFO  RestClient - --> POST /booking
08:42:25.228 [TestNG-PoolService-4] INFO  RestClient - <-- POST /booking responded 200 in 45 ms
08:42:25.229 [TestNG-PoolService-4] INFO  ApiAssertions - Asserting status code is 200
08:42:25.229 [TestNG-PoolService-4] INFO  ApiAssertions - Asserting content type is JSON
08:42:25.229 [TestNG-PoolService-4] INFO  ApiAssertions - Asserting body is not empty
08:42:25.238 [TestNG-PoolService-4] INFO  ApiAssertions - Asserting field 'bookingid' is present
08:42:25.238 [TestNG-PoolService-4] INFO  ApiAssertions - Asserting response time 32ms is below 30000ms
08:42:25.240 [TestNG-PoolService-4] INFO  BookingSteps - Created booking id 930
08:42:25.241 [TestNG-PoolService-4] INFO  RestClient - --> PATCH /booking/{id}
08:42:25.269 [TestNG-PoolService-4] INFO  RestClient - <-- PATCH /booking/{id} responded 200 in 28 ms
08:42:25.273 [TestNG-PoolService-4] INFO  ApiAssertions - Asserting status code is 200
08:42:25.273 [TestNG-PoolService-4] INFO  ApiAssertions - Asserting response time 21ms is below 30000ms
08:42:25.274 [TestNG-PoolService-4] INFO  RestClient - --> GET /booking/{id}
08:42:25.321 [TestNG-PoolService-4] INFO  RestClient - <-- GET /booking/{id} responded 200 in 47 ms
08:42:25.327 [TestNG-PoolService-4] INFO  ApiAssertions - Asserting status code is 200
08:42:25.327 [TestNG-PoolService-4] INFO  ApiAssertions - Asserting content type is JSON
08:42:25.327 [TestNG-PoolService-4] INFO  ApiAssertions - Asserting body is not empty
08:42:25.337 [TestNG-PoolService-4] INFO  Hooks - Cleaning up booking 930
08:42:25.338 [TestNG-PoolService-4] INFO  RestClient - --> DELETE /booking/{id}
08:42:25.369 [TestNG-PoolService-4] INFO  RestClient - <-- DELETE /booking/{id} responded 201 in 31 ms
08:42:25.370 [TestNG-PoolService-4] INFO  Hooks - ### SCENARIO END: Partially update booking name to "Jean-Luc O'Connor" -> PASSED
