08:16:57.065 [TestNG-PoolService-2] INFO  Hooks - ### SCENARIO START: Full booking lifecycle - create, read, update, delete using "booking-no-additional-needs.json"
08:16:57.066 [TestNG-PoolService-2] INFO  Hooks - Obtaining auth token for an @auth scenario
08:16:57.070 [TestNG-PoolService-2] INFO  RestClient - --> POST /auth
08:16:57.378 [TestNG-PoolService-2] INFO  RestClient - <-- POST /auth responded 200 in 307 ms
08:16:57.396 [TestNG-PoolService-2] INFO  JsonDataReader - Loaded test data 'booking-no-additional-needs.json' with dynamic values resolved
08:16:57.430 [TestNG-PoolService-2] DEBUG BookingSteps - Payload from test data file booking-no-additional-needs.json: Booking(firstname=Brandi, lastname=Howell, totalprice=123, depositpaid=false, bookingdates=BookingDates(checkin=2026-10-08, checkout=2026-10-10), additionalneeds=null)
08:16:57.432 [TestNG-PoolService-2] INFO  RestClient - --> POST /booking
08:16:57.753 [TestNG-PoolService-2] INFO  RestClient - <-- POST /booking responded 200 in 321 ms
08:16:57.754 [TestNG-PoolService-2] INFO  ApiAssertions - Asserting status code is 200
08:16:57.754 [TestNG-PoolService-2] INFO  ApiAssertions - Asserting content type is JSON
08:16:57.754 [TestNG-PoolService-2] INFO  ApiAssertions - Asserting body is not empty
08:16:57.780 [TestNG-PoolService-2] INFO  ApiAssertions - Asserting field 'bookingid' is present
08:16:57.781 [TestNG-PoolService-2] INFO  ApiAssertions - Asserting response time 275ms is below 30000ms
08:16:57.784 [TestNG-PoolService-2] INFO  BookingSteps - Created booking id 3102
08:16:57.788 [TestNG-PoolService-2] INFO  RestClient - --> GET /booking/{id}
08:16:58.099 [TestNG-PoolService-2] INFO  RestClient - <-- GET /booking/{id} responded 200 in 311 ms
08:16:58.102 [TestNG-PoolService-2] INFO  ApiAssertions - Asserting status code is 200
08:16:58.103 [TestNG-PoolService-2] INFO  ApiAssertions - Asserting content type is JSON
08:16:58.103 [TestNG-PoolService-2] INFO  ApiAssertions - Asserting body is not empty
08:16:58.111 [TestNG-PoolService-2] INFO  JsonDataReader - Loaded test data 'booking-long-stay.json' with dynamic values resolved
08:16:58.112 [TestNG-PoolService-2] DEBUG BookingSteps - Payload from test data file booking-long-stay.json: Booking(firstname=Felisha, lastname=Dickens, totalprice=4248, depositpaid=true, bookingdates=BookingDates(checkin=2026-12-06, checkout=2027-02-04), additionalneeds=Airport transfer)
08:16:58.116 [TestNG-PoolService-2] INFO  RestClient - --> PUT /booking/{id}
08:16:58.380 [TestNG-PoolService-2] INFO  RestClient - <-- PUT /booking/{id} responded 200 in 263 ms
08:16:58.380 [TestNG-PoolService-2] INFO  BookingSteps - Updated booking 3102 from booking-long-stay.json
08:16:58.381 [TestNG-PoolService-2] INFO  ApiAssertions - Asserting status code is 200
08:16:58.381 [TestNG-PoolService-2] INFO  ApiAssertions - Asserting response time 232ms is below 30000ms
08:16:58.383 [TestNG-PoolService-2] INFO  RestClient - --> GET /booking/{id}
08:16:58.617 [TestNG-PoolService-2] INFO  RestClient - <-- GET /booking/{id} responded 200 in 233 ms
08:16:58.619 [TestNG-PoolService-2] INFO  ApiAssertions - Asserting status code is 200
08:16:58.619 [TestNG-PoolService-2] INFO  ApiAssertions - Asserting content type is JSON
08:16:58.619 [TestNG-PoolService-2] INFO  ApiAssertions - Asserting body is not empty
08:16:58.624 [TestNG-PoolService-2] INFO  RestClient - --> DELETE /booking/{id}
08:16:58.876 [TestNG-PoolService-2] INFO  RestClient - <-- DELETE /booking/{id} responded 201 in 252 ms
08:16:58.877 [TestNG-PoolService-2] INFO  ApiAssertions - Asserting status code is 201
08:16:58.877 [TestNG-PoolService-2] INFO  ApiAssertions - Asserting response time 241ms is below 30000ms
08:16:58.879 [TestNG-PoolService-2] INFO  RestClient - --> GET /booking/{id}
08:16:59.120 [TestNG-PoolService-2] INFO  RestClient - <-- GET /booking/{id} responded 404 in 241 ms
08:16:59.120 [TestNG-PoolService-2] INFO  ApiAssertions - Asserting status code is 404
08:16:59.120 [TestNG-PoolService-2] INFO  BookingSteps - Confirmed booking 3102 is gone
08:16:59.121 [TestNG-PoolService-2] INFO  Hooks - ### SCENARIO END: Full booking lifecycle - create, read, update, delete using "booking-no-additional-needs.json" -> PASSED
