08:16:57.064 [TestNG-PoolService-4] INFO  Hooks - ### SCENARIO START: Full booking lifecycle - create, read, update, delete using "create-booking.json"
08:16:57.065 [TestNG-PoolService-4] INFO  Hooks - Obtaining auth token for an @auth scenario
08:16:57.068 [TestNG-PoolService-4] INFO  RestClient - --> POST /auth
08:16:57.355 [TestNG-PoolService-4] INFO  RestClient - <-- POST /auth responded 200 in 286 ms
08:16:57.421 [TestNG-PoolService-4] INFO  JsonDataReader - Loaded test data 'create-booking.json' with dynamic values resolved
08:16:57.431 [TestNG-PoolService-4] DEBUG BookingSteps - Payload from test data file create-booking.json: Booking(firstname=Noble, lastname=Hermann, totalprice=664, depositpaid=false, bookingdates=BookingDates(checkin=2026-10-14, checkout=2026-10-21), additionalneeds=Pork Sausage Roll)
08:16:57.432 [TestNG-PoolService-4] INFO  RestClient - --> POST /booking
08:16:57.701 [TestNG-PoolService-4] INFO  RestClient - <-- POST /booking responded 200 in 269 ms
08:16:57.702 [TestNG-PoolService-4] INFO  ApiAssertions - Asserting status code is 200
08:16:57.703 [TestNG-PoolService-4] INFO  ApiAssertions - Asserting content type is JSON
08:16:57.703 [TestNG-PoolService-4] INFO  ApiAssertions - Asserting body is not empty
08:16:57.719 [TestNG-PoolService-4] INFO  ApiAssertions - Asserting field 'bookingid' is present
08:16:57.720 [TestNG-PoolService-4] INFO  ApiAssertions - Asserting response time 227ms is below 30000ms
08:16:57.727 [TestNG-PoolService-4] INFO  BookingSteps - Created booking id 3097
08:16:57.733 [TestNG-PoolService-4] INFO  RestClient - --> GET /booking/{id}
08:16:58.082 [TestNG-PoolService-4] INFO  RestClient - <-- GET /booking/{id} responded 200 in 349 ms
08:16:58.083 [TestNG-PoolService-4] INFO  ApiAssertions - Asserting status code is 200
08:16:58.085 [TestNG-PoolService-4] INFO  ApiAssertions - Asserting content type is JSON
08:16:58.086 [TestNG-PoolService-4] INFO  ApiAssertions - Asserting body is not empty
08:16:58.091 [TestNG-PoolService-4] INFO  JsonDataReader - Loaded test data 'update-booking.json' with dynamic values resolved
08:16:58.092 [TestNG-PoolService-4] DEBUG BookingSteps - Payload from test data file update-booking.json: Booking(firstname=Genna, lastname=Barton, totalprice=1894, depositpaid=true, bookingdates=BookingDates(checkin=2026-11-06, checkout=2026-11-21), additionalneeds=Late checkout)
08:16:58.113 [TestNG-PoolService-4] INFO  RestClient - --> PUT /booking/{id}
08:16:58.384 [TestNG-PoolService-4] INFO  RestClient - <-- PUT /booking/{id} responded 200 in 271 ms
08:16:58.384 [TestNG-PoolService-4] INFO  BookingSteps - Updated booking 3097 from update-booking.json
08:16:58.384 [TestNG-PoolService-4] INFO  ApiAssertions - Asserting status code is 200
08:16:58.385 [TestNG-PoolService-4] INFO  ApiAssertions - Asserting response time 240ms is below 30000ms
08:16:58.386 [TestNG-PoolService-4] INFO  RestClient - --> GET /booking/{id}
08:16:58.624 [TestNG-PoolService-4] INFO  RestClient - <-- GET /booking/{id} responded 200 in 238 ms
08:16:58.625 [TestNG-PoolService-4] INFO  ApiAssertions - Asserting status code is 200
08:16:58.625 [TestNG-PoolService-4] INFO  ApiAssertions - Asserting content type is JSON
08:16:58.625 [TestNG-PoolService-4] INFO  ApiAssertions - Asserting body is not empty
08:16:58.635 [TestNG-PoolService-4] INFO  RestClient - --> DELETE /booking/{id}
08:16:58.889 [TestNG-PoolService-4] INFO  RestClient - <-- DELETE /booking/{id} responded 201 in 253 ms
08:16:58.889 [TestNG-PoolService-4] INFO  ApiAssertions - Asserting status code is 201
08:16:58.890 [TestNG-PoolService-4] INFO  ApiAssertions - Asserting response time 241ms is below 30000ms
08:16:58.892 [TestNG-PoolService-4] INFO  RestClient - --> GET /booking/{id}
08:16:59.131 [TestNG-PoolService-4] INFO  RestClient - <-- GET /booking/{id} responded 404 in 239 ms
08:16:59.131 [TestNG-PoolService-4] INFO  ApiAssertions - Asserting status code is 404
08:16:59.131 [TestNG-PoolService-4] INFO  BookingSteps - Confirmed booking 3097 is gone
08:16:59.132 [TestNG-PoolService-4] INFO  Hooks - ### SCENARIO END: Full booking lifecycle - create, read, update, delete using "create-booking.json" -> PASSED
