08:42:24.305 [TestNG-PoolService-1] INFO  Hooks - ### SCENARIO START: Full booking lifecycle - create, read, update, delete using "booking-no-additional-needs.json"
08:42:24.306 [TestNG-PoolService-1] INFO  Hooks - Obtaining auth token for an @auth scenario
08:42:24.307 [TestNG-PoolService-1] INFO  RestClient - --> POST /auth
08:42:24.366 [TestNG-PoolService-1] INFO  RestClient - <-- POST /auth responded 200 in 59 ms
08:42:24.530 [TestNG-PoolService-1] INFO  JsonDataReader - Loaded test data 'booking-no-additional-needs.json' with dynamic values resolved
08:42:24.551 [TestNG-PoolService-1] DEBUG BookingSteps - Payload from test data file booking-no-additional-needs.json: Booking(firstname=Isaiah, lastname=Hermiston, totalprice=146, depositpaid=false, bookingdates=BookingDates(checkin=2026-10-07, checkout=2026-10-09), additionalneeds=null)
08:42:24.552 [TestNG-PoolService-1] INFO  RestClient - --> POST /booking
08:42:24.601 [TestNG-PoolService-1] INFO  RestClient - <-- POST /booking responded 200 in 46 ms
08:42:24.602 [TestNG-PoolService-1] INFO  ApiAssertions - Asserting status code is 200
08:42:24.602 [TestNG-PoolService-1] INFO  ApiAssertions - Asserting content type is JSON
08:42:24.602 [TestNG-PoolService-1] INFO  ApiAssertions - Asserting body is not empty
08:42:24.619 [TestNG-PoolService-1] INFO  ApiAssertions - Asserting field 'bookingid' is present
08:42:24.619 [TestNG-PoolService-1] INFO  ApiAssertions - Asserting response time 26ms is below 30000ms
08:42:24.626 [TestNG-PoolService-1] INFO  BookingSteps - Created booking id 918
08:42:24.627 [TestNG-PoolService-1] INFO  RestClient - --> GET /booking/{id}
08:42:24.721 [TestNG-PoolService-1] INFO  RestClient - <-- GET /booking/{id} responded 200 in 92 ms
08:42:24.722 [TestNG-PoolService-1] INFO  ApiAssertions - Asserting status code is 200
08:42:24.722 [TestNG-PoolService-1] INFO  ApiAssertions - Asserting content type is JSON
08:42:24.722 [TestNG-PoolService-1] INFO  ApiAssertions - Asserting body is not empty
08:42:24.727 [TestNG-PoolService-1] INFO  JsonDataReader - Loaded test data 'booking-long-stay.json' with dynamic values resolved
08:42:24.728 [TestNG-PoolService-1] DEBUG BookingSteps - Payload from test data file booking-long-stay.json: Booking(firstname=Addie, lastname=Hirthe, totalprice=5716, depositpaid=true, bookingdates=BookingDates(checkin=2026-12-05, checkout=2027-02-03), additionalneeds=Airport transfer)
08:42:24.734 [TestNG-PoolService-1] INFO  RestClient - --> PUT /booking/{id}
08:42:24.793 [TestNG-PoolService-1] INFO  RestClient - <-- PUT /booking/{id} responded 200 in 58 ms
08:42:24.795 [TestNG-PoolService-1] INFO  BookingSteps - Updated booking 918 from booking-long-stay.json
08:42:24.796 [TestNG-PoolService-1] INFO  ApiAssertions - Asserting status code is 200
08:42:24.797 [TestNG-PoolService-1] INFO  ApiAssertions - Asserting response time 34ms is below 30000ms
08:42:24.798 [TestNG-PoolService-1] INFO  RestClient - --> GET /booking/{id}
08:42:24.860 [TestNG-PoolService-1] INFO  RestClient - <-- GET /booking/{id} responded 200 in 62 ms
08:42:24.863 [TestNG-PoolService-1] INFO  ApiAssertions - Asserting status code is 200
08:42:24.863 [TestNG-PoolService-1] INFO  ApiAssertions - Asserting content type is JSON
08:42:24.864 [TestNG-PoolService-1] INFO  ApiAssertions - Asserting body is not empty
08:42:24.868 [TestNG-PoolService-1] INFO  RestClient - --> DELETE /booking/{id}
08:42:24.895 [TestNG-PoolService-1] INFO  RestClient - <-- DELETE /booking/{id} responded 201 in 27 ms
08:42:24.898 [TestNG-PoolService-1] INFO  ApiAssertions - Asserting status code is 201
08:42:24.898 [TestNG-PoolService-1] INFO  ApiAssertions - Asserting response time 18ms is below 30000ms
08:42:24.901 [TestNG-PoolService-1] INFO  RestClient - --> GET /booking/{id}
08:42:24.942 [TestNG-PoolService-1] INFO  RestClient - <-- GET /booking/{id} responded 404 in 41 ms
08:42:24.945 [TestNG-PoolService-1] INFO  ApiAssertions - Asserting status code is 404
08:42:24.945 [TestNG-PoolService-1] INFO  BookingSteps - Confirmed booking 918 is gone
08:42:24.946 [TestNG-PoolService-1] INFO  Hooks - ### SCENARIO END: Full booking lifecycle - create, read, update, delete using "booking-no-additional-needs.json" -> PASSED
