07:54:38.545 [TestNG-PoolService-4] INFO  Hooks - ### SCENARIO START: Partially update booking name to "Jean-Luc O'Connor"
07:54:38.552 [TestNG-PoolService-4] INFO  Hooks - Obtaining auth token for an @auth scenario
07:54:38.553 [TestNG-PoolService-4] INFO  RestClient - --> POST /auth
07:54:38.606 [TestNG-PoolService-4] INFO  RestClient - <-- POST /auth responded 200 in 52 ms
07:54:38.610 [TestNG-PoolService-4] DEBUG BookingSteps - Payload from generated data: Booking(firstname=Keely, lastname=Bogisich, totalprice=799, depositpaid=false, bookingdates=BookingDates(checkin=2026-10-14, checkout=2026-10-24), additionalneeds=Som Tam)
07:54:38.611 [TestNG-PoolService-4] INFO  RestClient - --> POST /booking
07:54:38.672 [TestNG-PoolService-4] INFO  RestClient - <-- POST /booking responded 200 in 60 ms
07:54:38.673 [TestNG-PoolService-4] INFO  ApiAssertions - Asserting status code is 200
07:54:38.675 [TestNG-PoolService-4] INFO  ApiAssertions - Asserting content type is JSON
07:54:38.676 [TestNG-PoolService-4] INFO  ApiAssertions - Asserting body is not empty
07:54:38.718 [TestNG-PoolService-4] INFO  ApiAssertions - Asserting field 'bookingid' is present
07:54:38.718 [TestNG-PoolService-4] INFO  ApiAssertions - Asserting response time 45ms is below 30000ms
07:54:38.728 [TestNG-PoolService-4] INFO  BookingSteps - Created booking id 2097
07:54:38.735 [TestNG-PoolService-4] INFO  RestClient - --> PATCH /booking/{id}
07:54:38.795 [TestNG-PoolService-4] INFO  RestClient - <-- PATCH /booking/{id} responded 200 in 60 ms
07:54:38.795 [TestNG-PoolService-4] INFO  ApiAssertions - Asserting status code is 200
07:54:38.795 [TestNG-PoolService-4] INFO  ApiAssertions - Asserting response time 32ms is below 30000ms
07:54:38.796 [TestNG-PoolService-4] INFO  RestClient - --> GET /booking/{id}
07:54:38.853 [TestNG-PoolService-4] INFO  RestClient - <-- GET /booking/{id} responded 200 in 51 ms
07:54:38.854 [TestNG-PoolService-4] INFO  ApiAssertions - Asserting status code is 200
07:54:38.854 [TestNG-PoolService-4] INFO  ApiAssertions - Asserting content type is JSON
07:54:38.854 [TestNG-PoolService-4] INFO  ApiAssertions - Asserting body is not empty
07:54:38.860 [TestNG-PoolService-4] INFO  Hooks - Cleaning up booking 2097
07:54:38.861 [TestNG-PoolService-4] INFO  RestClient - --> DELETE /booking/{id}
07:54:38.935 [TestNG-PoolService-4] INFO  RestClient - <-- DELETE /booking/{id} responded 201 in 74 ms
07:54:38.943 [TestNG-PoolService-4] INFO  Hooks - ### SCENARIO END: Partially update booking name to "Jean-Luc O'Connor" -> PASSED
