07:19:48.228 [TestNG-PoolService-3] INFO  Hooks - ### SCENARIO START: Partially update booking name to "Sara Ali"
07:19:48.228 [TestNG-PoolService-3] INFO  Hooks - Obtaining auth token for an @auth scenario
07:19:48.229 [TestNG-PoolService-3] INFO  RestClient - --> POST /auth
07:19:48.381 [TestNG-PoolService-3] INFO  RestClient - <-- POST /auth responded 200 in 152 ms
07:19:48.384 [TestNG-PoolService-3] DEBUG BookingSteps - Payload from generated data: Booking(firstname=Sharyl, lastname=Stroman, totalprice=648, depositpaid=true, bookingdates=BookingDates(checkin=2026-09-22, checkout=2026-10-05), additionalneeds=Pasta with Tomato and Basil)
07:19:48.385 [TestNG-PoolService-3] INFO  RestClient - --> POST /booking
07:19:48.540 [TestNG-PoolService-3] INFO  RestClient - <-- POST /booking responded 200 in 155 ms
07:19:48.541 [TestNG-PoolService-3] INFO  ApiAssertions - Asserting status code is 200
07:19:48.541 [TestNG-PoolService-3] INFO  ApiAssertions - Asserting content type is JSON
07:19:48.541 [TestNG-PoolService-3] INFO  ApiAssertions - Asserting body is not empty
07:19:48.550 [TestNG-PoolService-3] INFO  ApiAssertions - Asserting field 'bookingid' is present
07:19:48.551 [TestNG-PoolService-3] INFO  ApiAssertions - Asserting response time 148ms is below 30000ms
07:19:48.553 [TestNG-PoolService-3] INFO  BookingSteps - Created booking id 4679
07:19:48.555 [TestNG-PoolService-3] INFO  RestClient - --> PATCH /booking/{id}
07:19:48.743 [TestNG-PoolService-3] INFO  RestClient - <-- PATCH /booking/{id} responded 200 in 188 ms
07:19:48.744 [TestNG-PoolService-3] INFO  ApiAssertions - Asserting status code is 200
07:19:48.744 [TestNG-PoolService-3] INFO  ApiAssertions - Asserting response time 180ms is below 30000ms
07:19:48.745 [TestNG-PoolService-3] INFO  RestClient - --> GET /booking/{id}
07:19:48.907 [TestNG-PoolService-3] INFO  RestClient - <-- GET /booking/{id} responded 200 in 162 ms
07:19:48.907 [TestNG-PoolService-3] INFO  ApiAssertions - Asserting status code is 200
07:19:48.907 [TestNG-PoolService-3] INFO  ApiAssertions - Asserting content type is JSON
07:19:48.907 [TestNG-PoolService-3] INFO  ApiAssertions - Asserting body is not empty
07:19:48.910 [TestNG-PoolService-3] INFO  Hooks - Cleaning up booking 4679
07:19:48.911 [TestNG-PoolService-3] INFO  RestClient - --> DELETE /booking/{id}
07:19:49.091 [TestNG-PoolService-3] INFO  RestClient - <-- DELETE /booking/{id} responded 201 in 180 ms
07:19:49.104 [TestNG-PoolService-3] INFO  Hooks - ### SCENARIO END: Partially update booking name to "Sara Ali" -> PASSED
