08:33:10.032 [TestNG-PoolService-2] INFO  Hooks - ### SCENARIO START: Partially update booking name to "Jean-Luc O'Connor"
08:33:10.033 [TestNG-PoolService-2] INFO  Hooks - Obtaining auth token for an @auth scenario
08:33:10.034 [TestNG-PoolService-2] INFO  RestClient - --> POST /auth
08:33:10.230 [TestNG-PoolService-2] INFO  RestClient - <-- POST /auth responded 200 in 196 ms
08:33:10.232 [TestNG-PoolService-2] DEBUG BookingSteps - Payload from generated data: Booking(firstname=Walton, lastname=Lebsack, totalprice=1506, depositpaid=true, bookingdates=BookingDates(checkin=2026-11-04, checkout=2026-11-14), additionalneeds=Pierogi)
08:33:10.233 [TestNG-PoolService-2] INFO  RestClient - --> POST /booking
08:33:10.421 [TestNG-PoolService-2] INFO  RestClient - <-- POST /booking responded 200 in 188 ms
08:33:10.421 [TestNG-PoolService-2] INFO  ApiAssertions - Asserting status code is 200
08:33:10.422 [TestNG-PoolService-2] INFO  ApiAssertions - Asserting content type is JSON
08:33:10.422 [TestNG-PoolService-2] INFO  ApiAssertions - Asserting body is not empty
08:33:10.431 [TestNG-PoolService-2] INFO  ApiAssertions - Asserting field 'bookingid' is present
08:33:10.431 [TestNG-PoolService-2] INFO  ApiAssertions - Asserting response time 178ms is below 30000ms
08:33:10.438 [TestNG-PoolService-2] INFO  BookingSteps - Created booking id 1178
08:33:10.442 [TestNG-PoolService-2] INFO  RestClient - --> PATCH /booking/{id}
08:33:10.638 [TestNG-PoolService-2] INFO  RestClient - <-- PATCH /booking/{id} responded 200 in 196 ms
08:33:10.639 [TestNG-PoolService-2] INFO  ApiAssertions - Asserting status code is 200
08:33:10.639 [TestNG-PoolService-2] INFO  ApiAssertions - Asserting response time 181ms is below 30000ms
08:33:10.643 [TestNG-PoolService-2] INFO  RestClient - --> GET /booking/{id}
08:33:10.831 [TestNG-PoolService-2] INFO  RestClient - <-- GET /booking/{id} responded 200 in 188 ms
08:33:10.831 [TestNG-PoolService-2] INFO  ApiAssertions - Asserting status code is 200
08:33:10.831 [TestNG-PoolService-2] INFO  ApiAssertions - Asserting content type is JSON
08:33:10.832 [TestNG-PoolService-2] INFO  ApiAssertions - Asserting body is not empty
08:33:10.835 [TestNG-PoolService-2] INFO  Hooks - Cleaning up booking 1178
08:33:10.836 [TestNG-PoolService-2] INFO  RestClient - --> DELETE /booking/{id}
08:33:11.025 [TestNG-PoolService-2] INFO  RestClient - <-- DELETE /booking/{id} responded 201 in 189 ms
08:33:11.026 [TestNG-PoolService-2] INFO  Hooks - ### SCENARIO END: Partially update booking name to "Jean-Luc O'Connor" -> PASSED
