08:01:05.284 [TestNG-PoolService-3] INFO  Hooks - ### SCENARIO START: Full booking lifecycle - create, read, update, delete using "booking-no-additional-needs.json"
08:01:05.293 [TestNG-PoolService-3] INFO  Hooks - Obtaining auth token for an @auth scenario
08:01:05.294 [TestNG-PoolService-3] INFO  RestClient - --> POST /auth
08:01:05.418 [TestNG-PoolService-3] INFO  RestClient - <-- POST /auth responded 200 in 124 ms
08:01:05.585 [TestNG-PoolService-3] INFO  JsonDataReader - Loaded test data 'booking-no-additional-needs.json' with dynamic values resolved
08:01:05.610 [TestNG-PoolService-3] DEBUG BookingSteps - Payload from test data file booking-no-additional-needs.json: Booking(firstname=Frederic, lastname=Dicki, totalprice=110, depositpaid=false, bookingdates=BookingDates(checkin=2026-08-31, checkout=2026-09-02), additionalneeds=null)
08:01:05.613 [TestNG-PoolService-3] INFO  RestClient - --> POST /booking
08:01:05.762 [TestNG-PoolService-3] INFO  RestClient - <-- POST /booking responded 200 in 147 ms
08:01:05.765 [TestNG-PoolService-3] INFO  ApiAssertions - Asserting status code is 200
08:01:05.766 [TestNG-PoolService-3] INFO  ApiAssertions - Asserting content type is JSON
08:01:05.766 [TestNG-PoolService-3] INFO  ApiAssertions - Asserting body is not empty
08:01:05.789 [TestNG-PoolService-3] INFO  ApiAssertions - Asserting field 'bookingid' is present
08:01:05.790 [TestNG-PoolService-3] INFO  ApiAssertions - Asserting response time 108ms is below 30000ms
08:01:05.793 [TestNG-PoolService-3] INFO  BookingSteps - Created booking id 5657
08:01:05.795 [TestNG-PoolService-3] INFO  RestClient - --> GET /booking/{id}
08:01:05.994 [TestNG-PoolService-3] INFO  RestClient - <-- GET /booking/{id} responded 200 in 199 ms
08:01:05.995 [TestNG-PoolService-3] INFO  ApiAssertions - Asserting status code is 200
08:01:05.995 [TestNG-PoolService-3] INFO  ApiAssertions - Asserting content type is JSON
08:01:05.995 [TestNG-PoolService-3] INFO  ApiAssertions - Asserting body is not empty
08:01:06.005 [TestNG-PoolService-3] INFO  JsonDataReader - Loaded test data 'booking-long-stay.json' with dynamic values resolved
08:01:06.006 [TestNG-PoolService-3] DEBUG BookingSteps - Payload from test data file booking-long-stay.json: Booking(firstname=Genesis, lastname=Deckow, totalprice=7991, depositpaid=true, bookingdates=BookingDates(checkin=2026-10-29, checkout=2026-12-28), additionalneeds=Airport transfer)
08:01:06.008 [TestNG-PoolService-3] INFO  RestClient - --> PUT /booking/{id}
08:01:06.139 [TestNG-PoolService-3] INFO  RestClient - <-- PUT /booking/{id} responded 200 in 131 ms
08:01:06.139 [TestNG-PoolService-3] INFO  BookingSteps - Updated booking 5657 from booking-long-stay.json
08:01:06.140 [TestNG-PoolService-3] INFO  ApiAssertions - Asserting status code is 200
08:01:06.141 [TestNG-PoolService-3] INFO  ApiAssertions - Asserting response time 106ms is below 30000ms
08:01:06.144 [TestNG-PoolService-3] INFO  RestClient - --> GET /booking/{id}
08:01:06.270 [TestNG-PoolService-3] INFO  RestClient - <-- GET /booking/{id} responded 200 in 126 ms
08:01:06.273 [TestNG-PoolService-3] INFO  ApiAssertions - Asserting status code is 200
08:01:06.274 [TestNG-PoolService-3] INFO  ApiAssertions - Asserting content type is JSON
08:01:06.274 [TestNG-PoolService-3] INFO  ApiAssertions - Asserting body is not empty
08:01:06.286 [TestNG-PoolService-3] INFO  RestClient - --> DELETE /booking/{id}
08:01:06.395 [TestNG-PoolService-3] INFO  RestClient - <-- DELETE /booking/{id} responded 201 in 109 ms
08:01:06.396 [TestNG-PoolService-3] INFO  ApiAssertions - Asserting status code is 201
08:01:06.396 [TestNG-PoolService-3] INFO  ApiAssertions - Asserting response time 98ms is below 30000ms
08:01:06.398 [TestNG-PoolService-3] INFO  RestClient - --> GET /booking/{id}
08:01:06.526 [TestNG-PoolService-3] INFO  RestClient - <-- GET /booking/{id} responded 404 in 128 ms
08:01:06.526 [TestNG-PoolService-3] INFO  ApiAssertions - Asserting status code is 404
08:01:06.526 [TestNG-PoolService-3] INFO  BookingSteps - Confirmed booking 5657 is gone
08:01:06.527 [TestNG-PoolService-3] INFO  Hooks - ### SCENARIO END: Full booking lifecycle - create, read, update, delete using "booking-no-additional-needs.json" -> PASSED
