03:02:16.764 [TestNG-PoolService-3] INFO  Hooks - ### SCENARIO START: Full booking lifecycle - create, read, update, delete using "booking-no-additional-needs.json"
03:02:16.765 [TestNG-PoolService-3] INFO  Hooks - Obtaining auth token for an @auth scenario
03:02:16.769 [TestNG-PoolService-3] INFO  RestClient - --> POST /auth
03:02:17.149 [TestNG-PoolService-3] INFO  RestClient - <-- POST /auth responded 200 in 379 ms
03:02:17.158 [TestNG-PoolService-3] INFO  JsonDataReader - Loaded test data 'booking-no-additional-needs.json' with dynamic values resolved
03:02:17.159 [TestNG-PoolService-3] DEBUG BookingSteps - Payload from test data file booking-no-additional-needs.json: Booking(firstname=Alphonso, lastname=Beier, totalprice=145, depositpaid=false, bookingdates=BookingDates(checkin=2026-08-18, checkout=2026-08-20), additionalneeds=null)
03:02:17.161 [TestNG-PoolService-3] INFO  RestClient - --> POST /booking
03:02:17.573 [TestNG-PoolService-3] INFO  RestClient - <-- POST /booking responded 200 in 411 ms
03:02:17.573 [TestNG-PoolService-3] INFO  ApiAssertions - Asserting status code is 200
03:02:17.574 [TestNG-PoolService-3] INFO  ApiAssertions - Asserting content type is JSON
03:02:17.580 [TestNG-PoolService-3] INFO  ApiAssertions - Asserting body is not empty
03:02:17.611 [TestNG-PoolService-3] INFO  ApiAssertions - Asserting field 'bookingid' is present
03:02:17.611 [TestNG-PoolService-3] INFO  ApiAssertions - Asserting response time 382ms is below 30000ms
03:02:17.618 [TestNG-PoolService-3] INFO  BookingSteps - Created booking id 136
03:02:17.620 [TestNG-PoolService-3] INFO  RestClient - --> GET /booking/{id}
03:02:18.059 [TestNG-PoolService-3] INFO  RestClient - <-- GET /booking/{id} responded 200 in 439 ms
03:02:18.060 [TestNG-PoolService-3] INFO  ApiAssertions - Asserting status code is 200
03:02:18.060 [TestNG-PoolService-3] INFO  ApiAssertions - Asserting content type is JSON
03:02:18.060 [TestNG-PoolService-3] INFO  ApiAssertions - Asserting body is not empty
03:02:18.064 [TestNG-PoolService-3] INFO  JsonDataReader - Loaded test data 'booking-long-stay.json' with dynamic values resolved
03:02:18.065 [TestNG-PoolService-3] DEBUG BookingSteps - Payload from test data file booking-long-stay.json: Booking(firstname=Osvaldo, lastname=Ferry, totalprice=4251, depositpaid=true, bookingdates=BookingDates(checkin=2026-10-16, checkout=2026-12-15), additionalneeds=Airport transfer)
03:02:18.075 [TestNG-PoolService-3] INFO  RestClient - --> PUT /booking/{id}
03:02:18.455 [TestNG-PoolService-3] INFO  RestClient - <-- PUT /booking/{id} responded 200 in 378 ms
03:02:18.455 [TestNG-PoolService-3] INFO  BookingSteps - Updated booking 136 from booking-long-stay.json
03:02:18.456 [TestNG-PoolService-3] INFO  ApiAssertions - Asserting status code is 200
03:02:18.456 [TestNG-PoolService-3] INFO  ApiAssertions - Asserting response time 363ms is below 30000ms
03:02:18.458 [TestNG-PoolService-3] INFO  RestClient - --> GET /booking/{id}
03:02:18.822 [TestNG-PoolService-3] INFO  RestClient - <-- GET /booking/{id} responded 200 in 364 ms
03:02:18.823 [TestNG-PoolService-3] INFO  ApiAssertions - Asserting status code is 200
03:02:18.823 [TestNG-PoolService-3] INFO  ApiAssertions - Asserting content type is JSON
03:02:18.823 [TestNG-PoolService-3] INFO  ApiAssertions - Asserting body is not empty
03:02:18.828 [TestNG-PoolService-3] INFO  RestClient - --> DELETE /booking/{id}
03:02:19.185 [TestNG-PoolService-3] INFO  RestClient - <-- DELETE /booking/{id} responded 201 in 356 ms
03:02:19.185 [TestNG-PoolService-3] INFO  ApiAssertions - Asserting status code is 201
03:02:19.186 [TestNG-PoolService-3] INFO  ApiAssertions - Asserting response time 345ms is below 30000ms
03:02:19.187 [TestNG-PoolService-3] INFO  RestClient - --> GET /booking/{id}
03:02:19.564 [TestNG-PoolService-3] INFO  RestClient - <-- GET /booking/{id} responded 404 in 377 ms
03:02:19.564 [TestNG-PoolService-3] INFO  ApiAssertions - Asserting status code is 404
03:02:19.565 [TestNG-PoolService-3] INFO  BookingSteps - Confirmed booking 136 is gone
03:02:19.566 [TestNG-PoolService-3] INFO  Hooks - ### SCENARIO END: Full booking lifecycle - create, read, update, delete using "booking-no-additional-needs.json" -> PASSED
