07:45:23.576 [TestNG-PoolService-3] INFO  Hooks - ### SCENARIO START: Partially update booking name to "Sara Ali"
07:45:23.577 [TestNG-PoolService-3] INFO  Hooks - Obtaining auth token for an @auth scenario
07:45:23.586 [TestNG-PoolService-3] INFO  RestClient - --> POST /auth
07:45:23.797 [TestNG-PoolService-3] INFO  RestClient - <-- POST /auth responded 200 in 211 ms
07:45:23.801 [TestNG-PoolService-3] DEBUG BookingSteps - Payload from generated data: Booking(firstname=Bobby, lastname=Hackett, totalprice=128, depositpaid=false, bookingdates=BookingDates(checkin=2026-10-31, checkout=2026-11-12), additionalneeds=Chicken Milanese)
07:45:23.802 [TestNG-PoolService-3] INFO  RestClient - --> POST /booking
07:45:23.999 [TestNG-PoolService-3] INFO  RestClient - <-- POST /booking responded 200 in 197 ms
07:45:24.000 [TestNG-PoolService-3] INFO  ApiAssertions - Asserting status code is 200
07:45:24.000 [TestNG-PoolService-3] INFO  ApiAssertions - Asserting content type is JSON
07:45:24.000 [TestNG-PoolService-3] INFO  ApiAssertions - Asserting body is not empty
07:45:24.019 [TestNG-PoolService-3] INFO  ApiAssertions - Asserting field 'bookingid' is present
07:45:24.020 [TestNG-PoolService-3] INFO  ApiAssertions - Asserting response time 188ms is below 30000ms
07:45:24.025 [TestNG-PoolService-3] INFO  BookingSteps - Created booking id 2438
07:45:24.026 [TestNG-PoolService-3] INFO  RestClient - --> PATCH /booking/{id}
07:45:24.232 [TestNG-PoolService-3] INFO  RestClient - <-- PATCH /booking/{id} responded 200 in 206 ms
07:45:24.235 [TestNG-PoolService-3] INFO  ApiAssertions - Asserting status code is 200
07:45:24.235 [TestNG-PoolService-3] INFO  ApiAssertions - Asserting response time 191ms is below 30000ms
07:45:24.236 [TestNG-PoolService-3] INFO  RestClient - --> GET /booking/{id}
07:45:24.444 [TestNG-PoolService-3] INFO  RestClient - <-- GET /booking/{id} responded 200 in 208 ms
07:45:24.444 [TestNG-PoolService-3] INFO  ApiAssertions - Asserting status code is 200
07:45:24.444 [TestNG-PoolService-3] INFO  ApiAssertions - Asserting content type is JSON
07:45:24.444 [TestNG-PoolService-3] INFO  ApiAssertions - Asserting body is not empty
07:45:24.447 [TestNG-PoolService-3] INFO  Hooks - Cleaning up booking 2438
07:45:24.448 [TestNG-PoolService-3] INFO  RestClient - --> DELETE /booking/{id}
07:45:24.649 [TestNG-PoolService-3] INFO  RestClient - <-- DELETE /booking/{id} responded 201 in 201 ms
07:45:24.650 [TestNG-PoolService-3] INFO  Hooks - ### SCENARIO END: Partially update booking name to "Sara Ali" -> PASSED
