08:01:05.287 [TestNG-PoolService-4] INFO  Hooks - ### SCENARIO START: Full booking lifecycle - create, read, update, delete using "create-booking.json"
08:01:05.288 [TestNG-PoolService-4] INFO  Hooks - Obtaining auth token for an @auth scenario
08:01:05.289 [TestNG-PoolService-4] INFO  RestClient - --> POST /auth
08:01:05.435 [TestNG-PoolService-4] INFO  RestClient - <-- POST /auth responded 200 in 140 ms
08:01:05.600 [TestNG-PoolService-4] INFO  JsonDataReader - Loaded test data 'create-booking.json' with dynamic values resolved
08:01:05.610 [TestNG-PoolService-4] DEBUG BookingSteps - Payload from test data file create-booking.json: Booking(firstname=Johnsie, lastname=Borer, totalprice=541, depositpaid=false, bookingdates=BookingDates(checkin=2026-09-06, checkout=2026-09-13), additionalneeds=Bunny Chow)
08:01:05.612 [TestNG-PoolService-4] INFO  RestClient - --> POST /booking
08:01:05.757 [TestNG-PoolService-4] INFO  RestClient - <-- POST /booking responded 200 in 145 ms
08:01:05.763 [TestNG-PoolService-4] INFO  ApiAssertions - Asserting status code is 200
08:01:05.763 [TestNG-PoolService-4] INFO  ApiAssertions - Asserting content type is JSON
08:01:05.763 [TestNG-PoolService-4] INFO  ApiAssertions - Asserting body is not empty
08:01:05.780 [TestNG-PoolService-4] INFO  ApiAssertions - Asserting field 'bookingid' is present
08:01:05.784 [TestNG-PoolService-4] INFO  ApiAssertions - Asserting response time 104ms is below 30000ms
08:01:05.791 [TestNG-PoolService-4] INFO  BookingSteps - Created booking id 5656
08:01:05.793 [TestNG-PoolService-4] INFO  RestClient - --> GET /booking/{id}
08:01:05.968 [TestNG-PoolService-4] INFO  RestClient - <-- GET /booking/{id} responded 200 in 175 ms
08:01:05.969 [TestNG-PoolService-4] INFO  ApiAssertions - Asserting status code is 200
08:01:05.969 [TestNG-PoolService-4] INFO  ApiAssertions - Asserting content type is JSON
08:01:05.970 [TestNG-PoolService-4] INFO  ApiAssertions - Asserting body is not empty
08:01:05.977 [TestNG-PoolService-4] INFO  JsonDataReader - Loaded test data 'update-booking.json' with dynamic values resolved
08:01:05.979 [TestNG-PoolService-4] DEBUG BookingSteps - Payload from test data file update-booking.json: Booking(firstname=Johanna, lastname=Ferry, totalprice=1112, depositpaid=false, bookingdates=BookingDates(checkin=2026-09-29, checkout=2026-10-14), additionalneeds=Late checkout)
08:01:05.990 [TestNG-PoolService-4] INFO  RestClient - --> PUT /booking/{id}
08:01:06.120 [TestNG-PoolService-4] INFO  RestClient - <-- PUT /booking/{id} responded 200 in 129 ms
08:01:06.120 [TestNG-PoolService-4] INFO  BookingSteps - Updated booking 5656 from update-booking.json
08:01:06.121 [TestNG-PoolService-4] INFO  ApiAssertions - Asserting status code is 200
08:01:06.121 [TestNG-PoolService-4] INFO  ApiAssertions - Asserting response time 113ms is below 30000ms
08:01:06.123 [TestNG-PoolService-4] INFO  RestClient - --> GET /booking/{id}
08:01:06.269 [TestNG-PoolService-4] INFO  RestClient - <-- GET /booking/{id} responded 200 in 146 ms
08:01:06.271 [TestNG-PoolService-4] INFO  ApiAssertions - Asserting status code is 200
08:01:06.274 [TestNG-PoolService-4] INFO  ApiAssertions - Asserting content type is JSON
08:01:06.274 [TestNG-PoolService-4] INFO  ApiAssertions - Asserting body is not empty
08:01:06.279 [TestNG-PoolService-4] INFO  RestClient - --> DELETE /booking/{id}
08:01:06.416 [TestNG-PoolService-4] INFO  RestClient - <-- DELETE /booking/{id} responded 201 in 137 ms
08:01:06.417 [TestNG-PoolService-4] INFO  ApiAssertions - Asserting status code is 201
08:01:06.417 [TestNG-PoolService-4] INFO  ApiAssertions - Asserting response time 122ms is below 30000ms
08:01:06.424 [TestNG-PoolService-4] INFO  RestClient - --> GET /booking/{id}
08:01:06.550 [TestNG-PoolService-4] INFO  RestClient - <-- GET /booking/{id} responded 404 in 126 ms
08:01:06.550 [TestNG-PoolService-4] INFO  ApiAssertions - Asserting status code is 404
08:01:06.550 [TestNG-PoolService-4] INFO  BookingSteps - Confirmed booking 5656 is gone
08:01:06.551 [TestNG-PoolService-4] INFO  Hooks - ### SCENARIO END: Full booking lifecycle - create, read, update, delete using "create-booking.json" -> PASSED
