03:02:24.086 [TestNG-PoolService-2] INFO  Hooks - ### SCENARIO START: Partially update booking name to "Mohamed AbdElghany"
03:02:24.087 [TestNG-PoolService-2] INFO  Hooks - Obtaining auth token for an @auth scenario
03:02:24.089 [TestNG-PoolService-2] INFO  RestClient - --> POST /auth
03:02:24.250 [TestNG-PoolService-2] INFO  RestClient - <-- POST /auth responded 200 in 160 ms
03:02:24.258 [TestNG-PoolService-2] DEBUG BookingSteps - Payload from generated data: Booking(firstname=Beckie, lastname=Jacobi, totalprice=218, depositpaid=false, bookingdates=BookingDates(checkin=2026-09-11, checkout=2026-09-13), additionalneeds=Pizza)
03:02:24.261 [TestNG-PoolService-2] INFO  RestClient - --> POST /booking
03:02:24.411 [TestNG-PoolService-2] INFO  RestClient - <-- POST /booking responded 200 in 146 ms
03:02:24.411 [TestNG-PoolService-2] INFO  ApiAssertions - Asserting status code is 200
03:02:24.412 [TestNG-PoolService-2] INFO  ApiAssertions - Asserting content type is JSON
03:02:24.412 [TestNG-PoolService-2] INFO  ApiAssertions - Asserting body is not empty
03:02:24.432 [TestNG-PoolService-2] INFO  ApiAssertions - Asserting field 'bookingid' is present
03:02:24.433 [TestNG-PoolService-2] INFO  ApiAssertions - Asserting response time 120ms is below 30000ms
03:02:24.436 [TestNG-PoolService-2] INFO  BookingSteps - Created booking id 366
03:02:24.438 [TestNG-PoolService-2] INFO  RestClient - --> PATCH /booking/{id}
03:02:24.556 [TestNG-PoolService-2] INFO  RestClient - <-- PATCH /booking/{id} responded 200 in 118 ms
03:02:24.557 [TestNG-PoolService-2] INFO  ApiAssertions - Asserting status code is 200
03:02:24.557 [TestNG-PoolService-2] INFO  ApiAssertions - Asserting response time 107ms is below 30000ms
03:02:24.558 [TestNG-PoolService-2] INFO  RestClient - --> GET /booking/{id}
03:02:24.674 [TestNG-PoolService-2] INFO  RestClient - <-- GET /booking/{id} responded 200 in 115 ms
03:02:24.675 [TestNG-PoolService-2] INFO  ApiAssertions - Asserting status code is 200
03:02:24.675 [TestNG-PoolService-2] INFO  ApiAssertions - Asserting content type is JSON
03:02:24.675 [TestNG-PoolService-2] INFO  ApiAssertions - Asserting body is not empty
03:02:24.679 [TestNG-PoolService-2] INFO  Hooks - Cleaning up booking 366
03:02:24.680 [TestNG-PoolService-2] INFO  RestClient - --> DELETE /booking/{id}
03:02:24.802 [TestNG-PoolService-2] INFO  RestClient - <-- DELETE /booking/{id} responded 201 in 122 ms
03:02:24.804 [TestNG-PoolService-2] INFO  Hooks - ### SCENARIO END: Partially update booking name to "Mohamed AbdElghany" -> PASSED
