08:30:14.869 [TestNG-PoolService-4] INFO  Hooks - ### SCENARIO START: Partially update booking name to "Jean-Luc O'Connor"
08:30:14.871 [TestNG-PoolService-4] INFO  Hooks - Obtaining auth token for an @auth scenario
08:30:14.873 [TestNG-PoolService-4] INFO  RestClient - --> POST /auth
08:30:15.034 [TestNG-PoolService-4] INFO  RestClient - <-- POST /auth responded 200 in 161 ms
08:30:15.037 [TestNG-PoolService-4] DEBUG BookingSteps - Payload from generated data: Booking(firstname=Allen, lastname=Bernier, totalprice=871, depositpaid=true, bookingdates=BookingDates(checkin=2026-10-03, checkout=2026-10-06), additionalneeds=Seafood Paella)
08:30:15.038 [TestNG-PoolService-4] INFO  RestClient - --> POST /booking
08:30:15.226 [TestNG-PoolService-4] INFO  RestClient - <-- POST /booking responded 200 in 188 ms
08:30:15.226 [TestNG-PoolService-4] INFO  ApiAssertions - Asserting status code is 200
08:30:15.226 [TestNG-PoolService-4] INFO  ApiAssertions - Asserting content type is JSON
08:30:15.226 [TestNG-PoolService-4] INFO  ApiAssertions - Asserting body is not empty
08:30:15.234 [TestNG-PoolService-4] INFO  ApiAssertions - Asserting field 'bookingid' is present
08:30:15.235 [TestNG-PoolService-4] INFO  ApiAssertions - Asserting response time 178ms is below 30000ms
08:30:15.237 [TestNG-PoolService-4] INFO  BookingSteps - Created booking id 4878
08:30:15.238 [TestNG-PoolService-4] INFO  RestClient - --> PATCH /booking/{id}
08:30:15.408 [TestNG-PoolService-4] INFO  RestClient - <-- PATCH /booking/{id} responded 200 in 170 ms
08:30:15.409 [TestNG-PoolService-4] INFO  ApiAssertions - Asserting status code is 200
08:30:15.409 [TestNG-PoolService-4] INFO  ApiAssertions - Asserting response time 163ms is below 30000ms
08:30:15.412 [TestNG-PoolService-4] INFO  RestClient - --> GET /booking/{id}
08:30:15.599 [TestNG-PoolService-4] INFO  RestClient - <-- GET /booking/{id} responded 200 in 187 ms
08:30:15.600 [TestNG-PoolService-4] INFO  ApiAssertions - Asserting status code is 200
08:30:15.600 [TestNG-PoolService-4] INFO  ApiAssertions - Asserting content type is JSON
08:30:15.600 [TestNG-PoolService-4] INFO  ApiAssertions - Asserting body is not empty
08:30:15.602 [TestNG-PoolService-4] INFO  Hooks - Cleaning up booking 4878
08:30:15.603 [TestNG-PoolService-4] INFO  RestClient - --> DELETE /booking/{id}
08:30:15.761 [TestNG-PoolService-4] INFO  RestClient - <-- DELETE /booking/{id} responded 201 in 158 ms
08:30:15.762 [TestNG-PoolService-4] INFO  Hooks - ### SCENARIO END: Partially update booking name to "Jean-Luc O'Connor" -> PASSED
