07:06:06.561 [TestNG-PoolService-4] INFO  Hooks - ### SCENARIO START: Partially update booking name to "Jean-Luc O'Connor"
07:06:06.561 [TestNG-PoolService-4] INFO  Hooks - Obtaining auth token for an @auth scenario
07:06:06.562 [TestNG-PoolService-4] INFO  RestClient - --> POST /auth
07:06:06.671 [TestNG-PoolService-4] INFO  RestClient - <-- POST /auth responded 200 in 108 ms
07:06:06.676 [TestNG-PoolService-4] DEBUG BookingSteps - Payload from generated data: Booking(firstname=Lizzie, lastname=Koepp, totalprice=1578, depositpaid=false, bookingdates=BookingDates(checkin=2026-09-28, checkout=2026-10-11), additionalneeds=Bunny Chow)
07:06:06.677 [TestNG-PoolService-4] INFO  RestClient - --> POST /booking
07:06:06.801 [TestNG-PoolService-4] INFO  RestClient - <-- POST /booking responded 200 in 123 ms
07:06:06.802 [TestNG-PoolService-4] INFO  ApiAssertions - Asserting status code is 200
07:06:06.802 [TestNG-PoolService-4] INFO  ApiAssertions - Asserting content type is JSON
07:06:06.802 [TestNG-PoolService-4] INFO  ApiAssertions - Asserting body is not empty
07:06:06.810 [TestNG-PoolService-4] INFO  ApiAssertions - Asserting field 'bookingid' is present
07:06:06.810 [TestNG-PoolService-4] INFO  ApiAssertions - Asserting response time 115ms is below 30000ms
07:06:06.813 [TestNG-PoolService-4] INFO  BookingSteps - Created booking id 2633
07:06:06.815 [TestNG-PoolService-4] INFO  RestClient - --> PATCH /booking/{id}
07:06:06.948 [TestNG-PoolService-4] INFO  RestClient - <-- PATCH /booking/{id} responded 200 in 133 ms
07:06:06.949 [TestNG-PoolService-4] INFO  ApiAssertions - Asserting status code is 200
07:06:06.949 [TestNG-PoolService-4] INFO  ApiAssertions - Asserting response time 121ms is below 30000ms
07:06:06.950 [TestNG-PoolService-4] INFO  RestClient - --> GET /booking/{id}
07:06:07.062 [TestNG-PoolService-4] INFO  RestClient - <-- GET /booking/{id} responded 200 in 112 ms
07:06:07.063 [TestNG-PoolService-4] INFO  ApiAssertions - Asserting status code is 200
07:06:07.063 [TestNG-PoolService-4] INFO  ApiAssertions - Asserting content type is JSON
07:06:07.063 [TestNG-PoolService-4] INFO  ApiAssertions - Asserting body is not empty
07:06:07.065 [TestNG-PoolService-4] INFO  Hooks - Cleaning up booking 2633
07:06:07.066 [TestNG-PoolService-4] INFO  RestClient - --> DELETE /booking/{id}
07:06:07.175 [TestNG-PoolService-4] INFO  RestClient - <-- DELETE /booking/{id} responded 201 in 109 ms
07:06:07.176 [TestNG-PoolService-4] INFO  Hooks - ### SCENARIO END: Partially update booking name to "Jean-Luc O'Connor" -> PASSED
