07:17:31.786 [TestNG-PoolService-4] INFO  Hooks - ### SCENARIO START: Full booking lifecycle - create, read, update, delete using "create-booking.json"
07:17:31.791 [TestNG-PoolService-4] INFO  Hooks - Obtaining auth token for an @auth scenario
07:17:31.793 [TestNG-PoolService-4] INFO  RestClient - --> POST /auth
07:17:31.939 [TestNG-PoolService-4] INFO  RestClient - <-- POST /auth responded 200 in 146 ms
07:17:32.101 [TestNG-PoolService-4] INFO  JsonDataReader - Loaded test data 'create-booking.json' with dynamic values resolved
07:17:32.107 [TestNG-PoolService-4] DEBUG BookingSteps - Payload from test data file create-booking.json: Booking(firstname=Jonathan, lastname=Bruen, totalprice=599, depositpaid=false, bookingdates=BookingDates(checkin=2026-10-02, checkout=2026-10-09), additionalneeds=Pasta Carbonara)
07:17:32.108 [TestNG-PoolService-4] INFO  RestClient - --> POST /booking
07:17:32.248 [TestNG-PoolService-4] INFO  RestClient - <-- POST /booking responded 200 in 138 ms
07:17:32.253 [TestNG-PoolService-4] INFO  ApiAssertions - Asserting status code is 200
07:17:32.253 [TestNG-PoolService-4] INFO  ApiAssertions - Asserting content type is JSON
07:17:32.253 [TestNG-PoolService-4] INFO  ApiAssertions - Asserting body is not empty
07:17:32.272 [TestNG-PoolService-4] INFO  ApiAssertions - Asserting field 'bookingid' is present
07:17:32.272 [TestNG-PoolService-4] INFO  ApiAssertions - Asserting response time 100ms is below 30000ms
07:17:32.277 [TestNG-PoolService-4] INFO  BookingSteps - Created booking id 3423
07:17:32.282 [TestNG-PoolService-4] INFO  RestClient - --> GET /booking/{id}
07:17:32.458 [TestNG-PoolService-4] INFO  RestClient - <-- GET /booking/{id} responded 200 in 176 ms
07:17:32.458 [TestNG-PoolService-4] INFO  ApiAssertions - Asserting status code is 200
07:17:32.458 [TestNG-PoolService-4] INFO  ApiAssertions - Asserting content type is JSON
07:17:32.458 [TestNG-PoolService-4] INFO  ApiAssertions - Asserting body is not empty
07:17:32.465 [TestNG-PoolService-4] INFO  JsonDataReader - Loaded test data 'update-booking.json' with dynamic values resolved
07:17:32.466 [TestNG-PoolService-4] DEBUG BookingSteps - Payload from test data file update-booking.json: Booking(firstname=Bertie, lastname=Smitham, totalprice=2569, depositpaid=false, bookingdates=BookingDates(checkin=2026-10-25, checkout=2026-11-09), additionalneeds=Late checkout)
07:17:32.481 [TestNG-PoolService-4] INFO  RestClient - --> PUT /booking/{id}
07:17:32.635 [TestNG-PoolService-4] INFO  RestClient - <-- PUT /booking/{id} responded 200 in 154 ms
07:17:32.636 [TestNG-PoolService-4] INFO  BookingSteps - Updated booking 3423 from update-booking.json
07:17:32.636 [TestNG-PoolService-4] INFO  ApiAssertions - Asserting status code is 200
07:17:32.637 [TestNG-PoolService-4] INFO  ApiAssertions - Asserting response time 120ms is below 30000ms
07:17:32.638 [TestNG-PoolService-4] INFO  RestClient - --> GET /booking/{id}
07:17:32.754 [TestNG-PoolService-4] INFO  RestClient - <-- GET /booking/{id} responded 200 in 116 ms
07:17:32.759 [TestNG-PoolService-4] INFO  ApiAssertions - Asserting status code is 200
07:17:32.759 [TestNG-PoolService-4] INFO  ApiAssertions - Asserting content type is JSON
07:17:32.759 [TestNG-PoolService-4] INFO  ApiAssertions - Asserting body is not empty
07:17:32.763 [TestNG-PoolService-4] INFO  RestClient - --> DELETE /booking/{id}
07:17:32.878 [TestNG-PoolService-4] INFO  RestClient - <-- DELETE /booking/{id} responded 201 in 115 ms
07:17:32.878 [TestNG-PoolService-4] INFO  ApiAssertions - Asserting status code is 201
07:17:32.882 [TestNG-PoolService-4] INFO  ApiAssertions - Asserting response time 104ms is below 30000ms
07:17:32.883 [TestNG-PoolService-4] INFO  RestClient - --> GET /booking/{id}
07:17:33.004 [TestNG-PoolService-4] INFO  RestClient - <-- GET /booking/{id} responded 404 in 121 ms
07:17:33.004 [TestNG-PoolService-4] INFO  ApiAssertions - Asserting status code is 404
07:17:33.004 [TestNG-PoolService-4] INFO  BookingSteps - Confirmed booking 3423 is gone
07:17:33.005 [TestNG-PoolService-4] INFO  Hooks - ### SCENARIO END: Full booking lifecycle - create, read, update, delete using "create-booking.json" -> PASSED
