05:27:01.745 [TestNG-PoolService-2] INFO  Hooks - ### SCENARIO START: Partially update booking name to "Sara Ali"
05:27:01.745 [TestNG-PoolService-2] INFO  Hooks - Obtaining auth token for an @auth scenario
05:27:01.749 [TestNG-PoolService-2] INFO  RestClient - --> POST /auth
05:27:01.820 [TestNG-PoolService-2] INFO  RestClient - <-- POST /auth responded 200 in 70 ms
05:27:01.827 [TestNG-PoolService-2] DEBUG BookingSteps - Payload from generated data: Booking(firstname=Thomasena, lastname=Dach, totalprice=1044, depositpaid=false, bookingdates=BookingDates(checkin=2026-09-06, checkout=2026-09-10), additionalneeds=Fish and Chips)
05:27:01.828 [TestNG-PoolService-2] INFO  RestClient - --> POST /booking
05:27:01.921 [TestNG-PoolService-2] INFO  RestClient - <-- POST /booking responded 200 in 93 ms
05:27:01.921 [TestNG-PoolService-2] INFO  ApiAssertions - Asserting status code is 200
05:27:01.921 [TestNG-PoolService-2] INFO  ApiAssertions - Asserting content type is JSON
05:27:01.922 [TestNG-PoolService-2] INFO  ApiAssertions - Asserting body is not empty
05:27:01.946 [TestNG-PoolService-2] INFO  ApiAssertions - Asserting field 'bookingid' is present
05:27:01.947 [TestNG-PoolService-2] INFO  ApiAssertions - Asserting response time 68ms is below 30000ms
05:27:01.950 [TestNG-PoolService-2] INFO  BookingSteps - Created booking id 3169
05:27:01.952 [TestNG-PoolService-2] INFO  RestClient - --> PATCH /booking/{id}
05:27:02.013 [TestNG-PoolService-2] INFO  RestClient - <-- PATCH /booking/{id} responded 200 in 61 ms
05:27:02.014 [TestNG-PoolService-2] INFO  ApiAssertions - Asserting status code is 200
05:27:02.014 [TestNG-PoolService-2] INFO  ApiAssertions - Asserting response time 49ms is below 30000ms
05:27:02.015 [TestNG-PoolService-2] INFO  RestClient - --> GET /booking/{id}
05:27:02.080 [TestNG-PoolService-2] INFO  RestClient - <-- GET /booking/{id} responded 200 in 65 ms
05:27:02.081 [TestNG-PoolService-2] INFO  ApiAssertions - Asserting status code is 200
05:27:02.081 [TestNG-PoolService-2] INFO  ApiAssertions - Asserting content type is JSON
05:27:02.081 [TestNG-PoolService-2] INFO  ApiAssertions - Asserting body is not empty
05:27:02.085 [TestNG-PoolService-2] INFO  Hooks - Cleaning up booking 3169
05:27:02.086 [TestNG-PoolService-2] INFO  RestClient - --> DELETE /booking/{id}
05:27:02.135 [TestNG-PoolService-2] INFO  RestClient - <-- DELETE /booking/{id} responded 201 in 49 ms
05:27:02.143 [TestNG-PoolService-2] INFO  Hooks - ### SCENARIO END: Partially update booking name to "Sara Ali" -> PASSED
