07:22:47.288 [TestNG-PoolService-2] INFO  Hooks - ### SCENARIO START: Full booking lifecycle - create, read, update, delete using "create-booking.json"
07:22:47.289 [TestNG-PoolService-2] INFO  Hooks - Obtaining auth token for an @auth scenario
07:22:47.291 [TestNG-PoolService-2] INFO  RestClient - --> POST /auth
07:22:47.588 [TestNG-PoolService-2] INFO  RestClient - <-- POST /auth responded 200 in 294 ms
07:22:47.683 [TestNG-PoolService-2] INFO  JsonDataReader - Loaded test data 'create-booking.json' with dynamic values resolved
07:22:47.698 [TestNG-PoolService-2] DEBUG BookingSteps - Payload from test data file create-booking.json: Booking(firstname=Hyun, lastname=Rutherford, totalprice=481, depositpaid=false, bookingdates=BookingDates(checkin=2026-10-01, checkout=2026-10-08), additionalneeds=Poke)
07:22:47.701 [TestNG-PoolService-2] INFO  RestClient - --> POST /booking
07:22:47.963 [TestNG-PoolService-2] INFO  RestClient - <-- POST /booking responded 200 in 262 ms
07:22:47.964 [TestNG-PoolService-2] INFO  ApiAssertions - Asserting status code is 200
07:22:47.965 [TestNG-PoolService-2] INFO  ApiAssertions - Asserting content type is JSON
07:22:47.965 [TestNG-PoolService-2] INFO  ApiAssertions - Asserting body is not empty
07:22:47.980 [TestNG-PoolService-2] INFO  ApiAssertions - Asserting field 'bookingid' is present
07:22:47.980 [TestNG-PoolService-2] INFO  ApiAssertions - Asserting response time 230ms is below 30000ms
07:22:47.986 [TestNG-PoolService-2] INFO  BookingSteps - Created booking id 1074
07:22:47.988 [TestNG-PoolService-2] INFO  RestClient - --> GET /booking/{id}
07:22:48.289 [TestNG-PoolService-2] INFO  RestClient - <-- GET /booking/{id} responded 200 in 301 ms
07:22:48.291 [TestNG-PoolService-2] INFO  ApiAssertions - Asserting status code is 200
07:22:48.291 [TestNG-PoolService-2] INFO  ApiAssertions - Asserting content type is JSON
07:22:48.291 [TestNG-PoolService-2] INFO  ApiAssertions - Asserting body is not empty
07:22:48.295 [TestNG-PoolService-2] INFO  JsonDataReader - Loaded test data 'update-booking.json' with dynamic values resolved
07:22:48.296 [TestNG-PoolService-2] DEBUG BookingSteps - Payload from test data file update-booking.json: Booking(firstname=Reva, lastname=Schroeder, totalprice=1822, depositpaid=true, bookingdates=BookingDates(checkin=2026-10-24, checkout=2026-11-08), additionalneeds=Late checkout)
07:22:48.320 [TestNG-PoolService-2] INFO  RestClient - --> PUT /booking/{id}
07:22:48.627 [TestNG-PoolService-2] INFO  RestClient - <-- PUT /booking/{id} responded 200 in 307 ms
07:22:48.627 [TestNG-PoolService-2] INFO  BookingSteps - Updated booking 1074 from update-booking.json
07:22:48.628 [TestNG-PoolService-2] INFO  ApiAssertions - Asserting status code is 200
07:22:48.628 [TestNG-PoolService-2] INFO  ApiAssertions - Asserting response time 281ms is below 30000ms
07:22:48.630 [TestNG-PoolService-2] INFO  RestClient - --> GET /booking/{id}
07:22:48.900 [TestNG-PoolService-2] INFO  RestClient - <-- GET /booking/{id} responded 200 in 270 ms
07:22:48.901 [TestNG-PoolService-2] INFO  ApiAssertions - Asserting status code is 200
07:22:48.901 [TestNG-PoolService-2] INFO  ApiAssertions - Asserting content type is JSON
07:22:48.902 [TestNG-PoolService-2] INFO  ApiAssertions - Asserting body is not empty
07:22:48.905 [TestNG-PoolService-2] INFO  RestClient - --> DELETE /booking/{id}
07:22:49.186 [TestNG-PoolService-2] INFO  RestClient - <-- DELETE /booking/{id} responded 201 in 281 ms
07:22:49.187 [TestNG-PoolService-2] INFO  ApiAssertions - Asserting status code is 201
07:22:49.187 [TestNG-PoolService-2] INFO  ApiAssertions - Asserting response time 260ms is below 30000ms
07:22:49.188 [TestNG-PoolService-2] INFO  RestClient - --> GET /booking/{id}
07:22:49.435 [TestNG-PoolService-2] INFO  RestClient - <-- GET /booking/{id} responded 404 in 246 ms
07:22:49.436 [TestNG-PoolService-2] INFO  ApiAssertions - Asserting status code is 404
07:22:49.436 [TestNG-PoolService-2] INFO  BookingSteps - Confirmed booking 1074 is gone
07:22:49.437 [TestNG-PoolService-2] INFO  Hooks - ### SCENARIO END: Full booking lifecycle - create, read, update, delete using "create-booking.json" -> PASSED
