07:08:05.059 [TestNG-PoolService-2] INFO  Hooks - ### SCENARIO START: Full booking lifecycle - create, read, update, delete using "booking-no-additional-needs.json"
07:08:05.059 [TestNG-PoolService-2] INFO  Hooks - Obtaining auth token for an @auth scenario
07:08:05.061 [TestNG-PoolService-2] INFO  RestClient - --> POST /auth
07:08:05.150 [TestNG-PoolService-2] INFO  RestClient - <-- POST /auth responded 200 in 89 ms
07:08:05.318 [TestNG-PoolService-2] INFO  JsonDataReader - Loaded test data 'booking-no-additional-needs.json' with dynamic values resolved
07:08:05.344 [TestNG-PoolService-2] DEBUG BookingSteps - Payload from test data file booking-no-additional-needs.json: Booking(firstname=Hedwig, lastname=Greenfelder, totalprice=62, depositpaid=false, bookingdates=BookingDates(checkin=2026-09-20, checkout=2026-09-22), additionalneeds=null)
07:08:05.349 [TestNG-PoolService-2] INFO  RestClient - --> POST /booking
07:08:05.443 [TestNG-PoolService-2] INFO  RestClient - <-- POST /booking responded 200 in 94 ms
07:08:05.448 [TestNG-PoolService-2] INFO  ApiAssertions - Asserting status code is 200
07:08:05.448 [TestNG-PoolService-2] INFO  ApiAssertions - Asserting content type is JSON
07:08:05.449 [TestNG-PoolService-2] INFO  ApiAssertions - Asserting body is not empty
07:08:05.476 [TestNG-PoolService-2] INFO  ApiAssertions - Asserting field 'bookingid' is present
07:08:05.476 [TestNG-PoolService-2] INFO  ApiAssertions - Asserting response time 50ms is below 30000ms
07:08:05.482 [TestNG-PoolService-2] INFO  BookingSteps - Created booking id 3700
07:08:05.489 [TestNG-PoolService-2] INFO  RestClient - --> GET /booking/{id}
07:08:05.595 [TestNG-PoolService-2] INFO  RestClient - <-- GET /booking/{id} responded 200 in 105 ms
07:08:05.595 [TestNG-PoolService-2] INFO  ApiAssertions - Asserting status code is 200
07:08:05.595 [TestNG-PoolService-2] INFO  ApiAssertions - Asserting content type is JSON
07:08:05.596 [TestNG-PoolService-2] INFO  ApiAssertions - Asserting body is not empty
07:08:05.604 [TestNG-PoolService-2] INFO  JsonDataReader - Loaded test data 'booking-long-stay.json' with dynamic values resolved
07:08:05.605 [TestNG-PoolService-2] DEBUG BookingSteps - Payload from test data file booking-long-stay.json: Booking(firstname=France, lastname=Lynch, totalprice=5173, depositpaid=true, bookingdates=BookingDates(checkin=2026-11-18, checkout=2027-01-17), additionalneeds=Airport transfer)
07:08:05.614 [TestNG-PoolService-2] INFO  RestClient - --> PUT /booking/{id}
07:08:05.692 [TestNG-PoolService-2] INFO  RestClient - <-- PUT /booking/{id} responded 200 in 78 ms
07:08:05.692 [TestNG-PoolService-2] INFO  BookingSteps - Updated booking 3700 from booking-long-stay.json
07:08:05.696 [TestNG-PoolService-2] INFO  ApiAssertions - Asserting status code is 200
07:08:05.697 [TestNG-PoolService-2] INFO  ApiAssertions - Asserting response time 49ms is below 30000ms
07:08:05.698 [TestNG-PoolService-2] INFO  RestClient - --> GET /booking/{id}
07:08:05.795 [TestNG-PoolService-2] INFO  RestClient - <-- GET /booking/{id} responded 200 in 97 ms
07:08:05.795 [TestNG-PoolService-2] INFO  ApiAssertions - Asserting status code is 200
07:08:05.796 [TestNG-PoolService-2] INFO  ApiAssertions - Asserting content type is JSON
07:08:05.796 [TestNG-PoolService-2] INFO  ApiAssertions - Asserting body is not empty
07:08:05.804 [TestNG-PoolService-2] INFO  RestClient - --> DELETE /booking/{id}
07:08:05.889 [TestNG-PoolService-2] INFO  RestClient - <-- DELETE /booking/{id} responded 201 in 85 ms
07:08:05.890 [TestNG-PoolService-2] INFO  ApiAssertions - Asserting status code is 201
07:08:05.890 [TestNG-PoolService-2] INFO  ApiAssertions - Asserting response time 59ms is below 30000ms
07:08:05.891 [TestNG-PoolService-2] INFO  RestClient - --> GET /booking/{id}
07:08:05.970 [TestNG-PoolService-2] INFO  RestClient - <-- GET /booking/{id} responded 404 in 79 ms
07:08:05.970 [TestNG-PoolService-2] INFO  ApiAssertions - Asserting status code is 404
07:08:05.970 [TestNG-PoolService-2] INFO  BookingSteps - Confirmed booking 3700 is gone
07:08:05.974 [TestNG-PoolService-2] INFO  Hooks - ### SCENARIO END: Full booking lifecycle - create, read, update, delete using "booking-no-additional-needs.json" -> PASSED
