07:08:06.295 [TestNG-PoolService-4] INFO  Hooks - ### SCENARIO START: Partially update booking name to "Jean-Luc O'Connor"
07:08:06.295 [TestNG-PoolService-4] INFO  Hooks - Obtaining auth token for an @auth scenario
07:08:06.297 [TestNG-PoolService-4] INFO  RestClient - --> POST /auth
07:08:06.353 [TestNG-PoolService-4] INFO  RestClient - <-- POST /auth responded 200 in 56 ms
07:08:06.364 [TestNG-PoolService-4] DEBUG BookingSteps - Payload from generated data: Booking(firstname=Chuck, lastname=Kiehn, totalprice=1232, depositpaid=false, bookingdates=BookingDates(checkin=2026-10-11, checkout=2026-10-19), additionalneeds=Massaman Curry)
07:08:06.365 [TestNG-PoolService-4] INFO  RestClient - --> POST /booking
07:08:06.427 [TestNG-PoolService-4] INFO  RestClient - <-- POST /booking responded 200 in 62 ms
07:08:06.428 [TestNG-PoolService-4] INFO  ApiAssertions - Asserting status code is 200
07:08:06.428 [TestNG-PoolService-4] INFO  ApiAssertions - Asserting content type is JSON
07:08:06.428 [TestNG-PoolService-4] INFO  ApiAssertions - Asserting body is not empty
07:08:06.441 [TestNG-PoolService-4] INFO  ApiAssertions - Asserting field 'bookingid' is present
07:08:06.442 [TestNG-PoolService-4] INFO  ApiAssertions - Asserting response time 43ms is below 30000ms
07:08:06.449 [TestNG-PoolService-4] INFO  BookingSteps - Created booking id 3718
07:08:06.450 [TestNG-PoolService-4] INFO  RestClient - --> PATCH /booking/{id}
07:08:06.503 [TestNG-PoolService-4] INFO  RestClient - <-- PATCH /booking/{id} responded 200 in 53 ms
07:08:06.504 [TestNG-PoolService-4] INFO  ApiAssertions - Asserting status code is 200
07:08:06.504 [TestNG-PoolService-4] INFO  ApiAssertions - Asserting response time 43ms is below 30000ms
07:08:06.506 [TestNG-PoolService-4] INFO  RestClient - --> GET /booking/{id}
07:08:06.555 [TestNG-PoolService-4] INFO  RestClient - <-- GET /booking/{id} responded 200 in 49 ms
07:08:06.555 [TestNG-PoolService-4] INFO  ApiAssertions - Asserting status code is 200
07:08:06.556 [TestNG-PoolService-4] INFO  ApiAssertions - Asserting content type is JSON
07:08:06.556 [TestNG-PoolService-4] INFO  ApiAssertions - Asserting body is not empty
07:08:06.558 [TestNG-PoolService-4] INFO  Hooks - Cleaning up booking 3718
07:08:06.559 [TestNG-PoolService-4] INFO  RestClient - --> DELETE /booking/{id}
07:08:06.608 [TestNG-PoolService-4] INFO  RestClient - <-- DELETE /booking/{id} responded 201 in 49 ms
07:08:06.608 [TestNG-PoolService-4] INFO  Hooks - ### SCENARIO END: Partially update booking name to "Jean-Luc O'Connor" -> PASSED
