02:57:14.338 [TestNG-PoolService-4] INFO  Hooks - ### SCENARIO START: Full booking lifecycle - create, read, update, delete using "booking-no-additional-needs.json"
02:57:14.338 [TestNG-PoolService-4] INFO  Hooks - Obtaining auth token for an @auth scenario
02:57:14.339 [TestNG-PoolService-4] INFO  RestClient - --> POST /auth
02:57:14.682 [TestNG-PoolService-4] INFO  RestClient - <-- POST /auth responded 200 in 343 ms
02:57:14.699 [TestNG-PoolService-4] INFO  JsonDataReader - Loaded test data 'booking-no-additional-needs.json' with dynamic values resolved
02:57:14.700 [TestNG-PoolService-4] DEBUG BookingSteps - Payload from test data file booking-no-additional-needs.json: Booking(firstname=Emery, lastname=Satterfield, totalprice=131, depositpaid=false, bookingdates=BookingDates(checkin=2026-08-19, checkout=2026-08-21), additionalneeds=null)
02:57:14.701 [TestNG-PoolService-4] INFO  RestClient - --> POST /booking
02:57:15.013 [TestNG-PoolService-4] INFO  RestClient - <-- POST /booking responded 200 in 312 ms
02:57:15.014 [TestNG-PoolService-4] INFO  ApiAssertions - Asserting status code is 200
02:57:15.014 [TestNG-PoolService-4] INFO  ApiAssertions - Asserting content type is JSON
02:57:15.014 [TestNG-PoolService-4] INFO  ApiAssertions - Asserting body is not empty
02:57:15.036 [TestNG-PoolService-4] INFO  ApiAssertions - Asserting field 'bookingid' is present
02:57:15.036 [TestNG-PoolService-4] INFO  ApiAssertions - Asserting response time 293ms is below 30000ms
02:57:15.041 [TestNG-PoolService-4] INFO  BookingSteps - Created booking id 5355
02:57:15.045 [TestNG-PoolService-4] INFO  RestClient - --> GET /booking/{id}
02:57:15.388 [TestNG-PoolService-4] INFO  RestClient - <-- GET /booking/{id} responded 200 in 343 ms
02:57:15.389 [TestNG-PoolService-4] INFO  ApiAssertions - Asserting status code is 200
02:57:15.389 [TestNG-PoolService-4] INFO  ApiAssertions - Asserting content type is JSON
02:57:15.389 [TestNG-PoolService-4] INFO  ApiAssertions - Asserting body is not empty
02:57:15.392 [TestNG-PoolService-4] INFO  JsonDataReader - Loaded test data 'booking-long-stay.json' with dynamic values resolved
02:57:15.392 [TestNG-PoolService-4] DEBUG BookingSteps - Payload from test data file booking-long-stay.json: Booking(firstname=Lavada, lastname=Steuber, totalprice=8745, depositpaid=true, bookingdates=BookingDates(checkin=2026-10-17, checkout=2026-12-16), additionalneeds=Airport transfer)
02:57:15.399 [TestNG-PoolService-4] INFO  RestClient - --> PUT /booking/{id}
02:57:15.711 [TestNG-PoolService-4] INFO  RestClient - <-- PUT /booking/{id} responded 200 in 312 ms
02:57:15.711 [TestNG-PoolService-4] INFO  BookingSteps - Updated booking 5355 from booking-long-stay.json
02:57:15.712 [TestNG-PoolService-4] INFO  ApiAssertions - Asserting status code is 200
02:57:15.712 [TestNG-PoolService-4] INFO  ApiAssertions - Asserting response time 301ms is below 30000ms
02:57:15.713 [TestNG-PoolService-4] INFO  RestClient - --> GET /booking/{id}
02:57:16.016 [TestNG-PoolService-4] INFO  RestClient - <-- GET /booking/{id} responded 200 in 302 ms
02:57:16.017 [TestNG-PoolService-4] INFO  ApiAssertions - Asserting status code is 200
02:57:16.017 [TestNG-PoolService-4] INFO  ApiAssertions - Asserting content type is JSON
02:57:16.017 [TestNG-PoolService-4] INFO  ApiAssertions - Asserting body is not empty
02:57:16.021 [TestNG-PoolService-4] INFO  RestClient - --> DELETE /booking/{id}
02:57:16.300 [TestNG-PoolService-4] INFO  RestClient - <-- DELETE /booking/{id} responded 201 in 279 ms
02:57:16.301 [TestNG-PoolService-4] INFO  ApiAssertions - Asserting status code is 201
02:57:16.301 [TestNG-PoolService-4] INFO  ApiAssertions - Asserting response time 272ms is below 30000ms
02:57:16.303 [TestNG-PoolService-4] INFO  RestClient - --> GET /booking/{id}
02:57:16.582 [TestNG-PoolService-4] INFO  RestClient - <-- GET /booking/{id} responded 404 in 279 ms
02:57:16.583 [TestNG-PoolService-4] INFO  ApiAssertions - Asserting status code is 404
02:57:16.583 [TestNG-PoolService-4] INFO  BookingSteps - Confirmed booking 5355 is gone
02:57:16.584 [TestNG-PoolService-4] INFO  Hooks - ### SCENARIO END: Full booking lifecycle - create, read, update, delete using "booking-no-additional-needs.json" -> PASSED
