08:01:06.852 [TestNG-PoolService-1] INFO  Hooks - ### SCENARIO START: Partially update booking name to "Jean-Luc O'Connor"
08:01:06.852 [TestNG-PoolService-1] INFO  Hooks - Obtaining auth token for an @auth scenario
08:01:06.857 [TestNG-PoolService-1] INFO  RestClient - --> POST /auth
08:01:06.968 [TestNG-PoolService-1] INFO  RestClient - <-- POST /auth responded 200 in 111 ms
08:01:06.971 [TestNG-PoolService-1] DEBUG BookingSteps - Payload from generated data: Booking(firstname=Drema, lastname=Kessler, totalprice=781, depositpaid=true, bookingdates=BookingDates(checkin=2026-09-06, checkout=2026-09-13), additionalneeds=Pizza)
08:01:06.972 [TestNG-PoolService-1] INFO  RestClient - --> POST /booking
08:01:07.082 [TestNG-PoolService-1] INFO  RestClient - <-- POST /booking responded 200 in 110 ms
08:01:07.082 [TestNG-PoolService-1] INFO  ApiAssertions - Asserting status code is 200
08:01:07.082 [TestNG-PoolService-1] INFO  ApiAssertions - Asserting content type is JSON
08:01:07.082 [TestNG-PoolService-1] INFO  ApiAssertions - Asserting body is not empty
08:01:07.092 [TestNG-PoolService-1] INFO  ApiAssertions - Asserting field 'bookingid' is present
08:01:07.092 [TestNG-PoolService-1] INFO  ApiAssertions - Asserting response time 101ms is below 30000ms
08:01:07.096 [TestNG-PoolService-1] INFO  BookingSteps - Created booking id 5673
08:01:07.098 [TestNG-PoolService-1] INFO  RestClient - --> PATCH /booking/{id}
08:01:07.214 [TestNG-PoolService-1] INFO  RestClient - <-- PATCH /booking/{id} responded 200 in 116 ms
08:01:07.215 [TestNG-PoolService-1] INFO  ApiAssertions - Asserting status code is 200
08:01:07.215 [TestNG-PoolService-1] INFO  ApiAssertions - Asserting response time 107ms is below 30000ms
08:01:07.216 [TestNG-PoolService-1] INFO  RestClient - --> GET /booking/{id}
08:01:07.350 [TestNG-PoolService-1] INFO  RestClient - <-- GET /booking/{id} responded 200 in 134 ms
08:01:07.350 [TestNG-PoolService-1] INFO  ApiAssertions - Asserting status code is 200
08:01:07.351 [TestNG-PoolService-1] INFO  ApiAssertions - Asserting content type is JSON
08:01:07.351 [TestNG-PoolService-1] INFO  ApiAssertions - Asserting body is not empty
08:01:07.354 [TestNG-PoolService-1] INFO  Hooks - Cleaning up booking 5673
08:01:07.355 [TestNG-PoolService-1] INFO  RestClient - --> DELETE /booking/{id}
08:01:07.476 [TestNG-PoolService-1] INFO  RestClient - <-- DELETE /booking/{id} responded 201 in 121 ms
08:01:07.477 [TestNG-PoolService-1] INFO  Hooks - ### SCENARIO END: Partially update booking name to "Jean-Luc O'Connor" -> PASSED
