07:19:46.827 [TestNG-PoolService-3] INFO  Hooks - ### SCENARIO START: Full booking lifecycle - create, read, update, delete using "create-booking.json"
07:19:46.832 [TestNG-PoolService-3] INFO  Hooks - Obtaining auth token for an @auth scenario
07:19:46.833 [TestNG-PoolService-3] INFO  RestClient - --> POST /auth
07:19:47.073 [TestNG-PoolService-3] INFO  RestClient - <-- POST /auth responded 200 in 240 ms
07:19:47.076 [TestNG-PoolService-3] INFO  JsonDataReader - Loaded test data 'create-booking.json' with dynamic values resolved
07:19:47.077 [TestNG-PoolService-3] DEBUG BookingSteps - Payload from test data file create-booking.json: Booking(firstname=Jefferey, lastname=Wilderman, totalprice=713, depositpaid=true, bookingdates=BookingDates(checkin=2026-09-24, checkout=2026-10-01), additionalneeds=Cauliflower Penne)
07:19:47.078 [TestNG-PoolService-3] INFO  RestClient - --> POST /booking
07:19:47.272 [TestNG-PoolService-3] INFO  RestClient - <-- POST /booking responded 200 in 194 ms
07:19:47.273 [TestNG-PoolService-3] INFO  ApiAssertions - Asserting status code is 200
07:19:47.273 [TestNG-PoolService-3] INFO  ApiAssertions - Asserting content type is JSON
07:19:47.273 [TestNG-PoolService-3] INFO  ApiAssertions - Asserting body is not empty
07:19:47.280 [TestNG-PoolService-3] INFO  ApiAssertions - Asserting field 'bookingid' is present
07:19:47.280 [TestNG-PoolService-3] INFO  ApiAssertions - Asserting response time 183ms is below 30000ms
07:19:47.282 [TestNG-PoolService-3] INFO  BookingSteps - Created booking id 4663
07:19:47.284 [TestNG-PoolService-3] INFO  RestClient - --> GET /booking/{id}
07:19:47.465 [TestNG-PoolService-3] INFO  RestClient - <-- GET /booking/{id} responded 200 in 181 ms
07:19:47.466 [TestNG-PoolService-3] INFO  ApiAssertions - Asserting status code is 200
07:19:47.466 [TestNG-PoolService-3] INFO  ApiAssertions - Asserting content type is JSON
07:19:47.466 [TestNG-PoolService-3] INFO  ApiAssertions - Asserting body is not empty
07:19:47.470 [TestNG-PoolService-3] INFO  JsonDataReader - Loaded test data 'update-booking.json' with dynamic values resolved
07:19:47.473 [TestNG-PoolService-3] DEBUG BookingSteps - Payload from test data file update-booking.json: Booking(firstname=Ciera, lastname=Crona, totalprice=4120, depositpaid=false, bookingdates=BookingDates(checkin=2026-10-17, checkout=2026-11-01), additionalneeds=Late checkout)
07:19:47.476 [TestNG-PoolService-3] INFO  RestClient - --> PUT /booking/{id}
07:19:47.695 [TestNG-PoolService-3] INFO  RestClient - <-- PUT /booking/{id} responded 200 in 219 ms
07:19:47.695 [TestNG-PoolService-3] INFO  BookingSteps - Updated booking 4663 from update-booking.json
07:19:47.696 [TestNG-PoolService-3] INFO  ApiAssertions - Asserting status code is 200
07:19:47.696 [TestNG-PoolService-3] INFO  ApiAssertions - Asserting response time 192ms is below 30000ms
07:19:47.698 [TestNG-PoolService-3] INFO  RestClient - --> GET /booking/{id}
07:19:47.863 [TestNG-PoolService-3] INFO  RestClient - <-- GET /booking/{id} responded 200 in 164 ms
07:19:47.863 [TestNG-PoolService-3] INFO  ApiAssertions - Asserting status code is 200
07:19:47.864 [TestNG-PoolService-3] INFO  ApiAssertions - Asserting content type is JSON
07:19:47.864 [TestNG-PoolService-3] INFO  ApiAssertions - Asserting body is not empty
07:19:47.867 [TestNG-PoolService-3] INFO  RestClient - --> DELETE /booking/{id}
07:19:48.060 [TestNG-PoolService-3] INFO  RestClient - <-- DELETE /booking/{id} responded 201 in 193 ms
07:19:48.061 [TestNG-PoolService-3] INFO  ApiAssertions - Asserting status code is 201
07:19:48.061 [TestNG-PoolService-3] INFO  ApiAssertions - Asserting response time 186ms is below 30000ms
07:19:48.063 [TestNG-PoolService-3] INFO  RestClient - --> GET /booking/{id}
07:19:48.222 [TestNG-PoolService-3] INFO  RestClient - <-- GET /booking/{id} responded 404 in 159 ms
07:19:48.222 [TestNG-PoolService-3] INFO  ApiAssertions - Asserting status code is 404
07:19:48.222 [TestNG-PoolService-3] INFO  BookingSteps - Confirmed booking 4663 is gone
07:19:48.223 [TestNG-PoolService-3] INFO  Hooks - ### SCENARIO END: Full booking lifecycle - create, read, update, delete using "create-booking.json" -> PASSED
