08:33:09.707 [TestNG-PoolService-4] INFO  Hooks - ### SCENARIO START: Partially update booking name to "Mohamed AbdElghany"
08:33:09.708 [TestNG-PoolService-4] INFO  Hooks - Obtaining auth token for an @auth scenario
08:33:09.709 [TestNG-PoolService-4] INFO  RestClient - --> POST /auth
08:33:09.897 [TestNG-PoolService-4] INFO  RestClient - <-- POST /auth responded 200 in 188 ms
08:33:09.899 [TestNG-PoolService-4] DEBUG BookingSteps - Payload from generated data: Booking(firstname=Bernie, lastname=Reilly, totalprice=1317, depositpaid=false, bookingdates=BookingDates(checkin=2026-11-02, checkout=2026-11-08), additionalneeds=Pasta and Beans)
08:33:09.900 [TestNG-PoolService-4] INFO  RestClient - --> POST /booking
08:33:10.093 [TestNG-PoolService-4] INFO  RestClient - <-- POST /booking responded 200 in 193 ms
08:33:10.093 [TestNG-PoolService-4] INFO  ApiAssertions - Asserting status code is 200
08:33:10.093 [TestNG-PoolService-4] INFO  ApiAssertions - Asserting content type is JSON
08:33:10.094 [TestNG-PoolService-4] INFO  ApiAssertions - Asserting body is not empty
08:33:10.108 [TestNG-PoolService-4] INFO  ApiAssertions - Asserting field 'bookingid' is present
08:33:10.109 [TestNG-PoolService-4] INFO  ApiAssertions - Asserting response time 185ms is below 30000ms
08:33:10.115 [TestNG-PoolService-4] INFO  BookingSteps - Created booking id 1173
08:33:10.116 [TestNG-PoolService-4] INFO  RestClient - --> PATCH /booking/{id}
08:33:10.300 [TestNG-PoolService-4] INFO  RestClient - <-- PATCH /booking/{id} responded 200 in 184 ms
08:33:10.301 [TestNG-PoolService-4] INFO  ApiAssertions - Asserting status code is 200
08:33:10.301 [TestNG-PoolService-4] INFO  ApiAssertions - Asserting response time 176ms is below 30000ms
08:33:10.302 [TestNG-PoolService-4] INFO  RestClient - --> GET /booking/{id}
08:33:10.499 [TestNG-PoolService-4] INFO  RestClient - <-- GET /booking/{id} responded 200 in 197 ms
08:33:10.499 [TestNG-PoolService-4] INFO  ApiAssertions - Asserting status code is 200
08:33:10.500 [TestNG-PoolService-4] INFO  ApiAssertions - Asserting content type is JSON
08:33:10.500 [TestNG-PoolService-4] INFO  ApiAssertions - Asserting body is not empty
08:33:10.507 [TestNG-PoolService-4] INFO  Hooks - Cleaning up booking 1173
08:33:10.508 [TestNG-PoolService-4] INFO  RestClient - --> DELETE /booking/{id}
08:33:10.692 [TestNG-PoolService-4] INFO  RestClient - <-- DELETE /booking/{id} responded 201 in 184 ms
08:33:10.693 [TestNG-PoolService-4] INFO  Hooks - ### SCENARIO END: Partially update booking name to "Mohamed AbdElghany" -> PASSED
