06:56:58.413 [TestNG-PoolService-2] INFO  Hooks - ### SCENARIO START: Partially update booking name to "Sara Ali"
06:56:58.420 [TestNG-PoolService-2] INFO  Hooks - Obtaining auth token for an @auth scenario
06:56:58.421 [TestNG-PoolService-2] INFO  RestClient - --> POST /auth
06:56:58.482 [TestNG-PoolService-2] INFO  RestClient - <-- POST /auth responded 200 in 61 ms
06:56:58.485 [TestNG-PoolService-2] DEBUG BookingSteps - Payload from generated data: Booking(firstname=Leigh, lastname=Fahey, totalprice=1763, depositpaid=true, bookingdates=BookingDates(checkin=2026-10-03, checkout=2026-10-13), additionalneeds=Salmon Nigiri)
06:56:58.488 [TestNG-PoolService-2] INFO  RestClient - --> POST /booking
06:56:58.539 [TestNG-PoolService-2] INFO  RestClient - <-- POST /booking responded 200 in 51 ms
06:56:58.539 [TestNG-PoolService-2] INFO  ApiAssertions - Asserting status code is 200
06:56:58.540 [TestNG-PoolService-2] INFO  ApiAssertions - Asserting content type is JSON
06:56:58.540 [TestNG-PoolService-2] INFO  ApiAssertions - Asserting body is not empty
06:56:58.564 [TestNG-PoolService-2] INFO  ApiAssertions - Asserting field 'bookingid' is present
06:56:58.564 [TestNG-PoolService-2] INFO  ApiAssertions - Asserting response time 32ms is below 30000ms
06:56:58.571 [TestNG-PoolService-2] INFO  BookingSteps - Created booking id 3509
06:56:58.576 [TestNG-PoolService-2] INFO  RestClient - --> PATCH /booking/{id}
06:56:58.633 [TestNG-PoolService-2] INFO  RestClient - <-- PATCH /booking/{id} responded 200 in 57 ms
06:56:58.640 [TestNG-PoolService-2] INFO  ApiAssertions - Asserting status code is 200
06:56:58.640 [TestNG-PoolService-2] INFO  ApiAssertions - Asserting response time 40ms is below 30000ms
06:56:58.642 [TestNG-PoolService-2] INFO  RestClient - --> GET /booking/{id}
06:56:58.682 [TestNG-PoolService-2] INFO  RestClient - <-- GET /booking/{id} responded 200 in 40 ms
06:56:58.683 [TestNG-PoolService-2] INFO  ApiAssertions - Asserting status code is 200
06:56:58.684 [TestNG-PoolService-2] INFO  ApiAssertions - Asserting content type is JSON
06:56:58.684 [TestNG-PoolService-2] INFO  ApiAssertions - Asserting body is not empty
06:56:58.689 [TestNG-PoolService-2] INFO  Hooks - Cleaning up booking 3509
06:56:58.690 [TestNG-PoolService-2] INFO  RestClient - --> DELETE /booking/{id}
06:56:58.735 [TestNG-PoolService-2] INFO  RestClient - <-- DELETE /booking/{id} responded 201 in 45 ms
06:56:58.737 [TestNG-PoolService-2] INFO  Hooks - ### SCENARIO END: Partially update booking name to "Sara Ali" -> PASSED
