07:03:02.422 [TestNG-PoolService-4] INFO  Hooks - ### SCENARIO START: Partially update booking name to "Jean-Luc O'Connor"
07:03:02.423 [TestNG-PoolService-4] INFO  Hooks - Obtaining auth token for an @auth scenario
07:03:02.423 [TestNG-PoolService-4] INFO  RestClient - --> POST /auth
07:03:02.619 [TestNG-PoolService-4] INFO  RestClient - <-- POST /auth responded 200 in 195 ms
07:03:02.621 [TestNG-PoolService-4] DEBUG BookingSteps - Payload from generated data: Booking(firstname=Angelo, lastname=Rippin, totalprice=99, depositpaid=true, bookingdates=BookingDates(checkin=2026-09-15, checkout=2026-09-19), additionalneeds=Pappardelle alla Bolognese)
07:03:02.621 [TestNG-PoolService-4] INFO  RestClient - --> POST /booking
07:03:02.825 [TestNG-PoolService-4] INFO  RestClient - <-- POST /booking responded 200 in 204 ms
07:03:02.825 [TestNG-PoolService-4] INFO  ApiAssertions - Asserting status code is 200
07:03:02.826 [TestNG-PoolService-4] INFO  ApiAssertions - Asserting content type is JSON
07:03:02.826 [TestNG-PoolService-4] INFO  ApiAssertions - Asserting body is not empty
07:03:02.832 [TestNG-PoolService-4] INFO  ApiAssertions - Asserting field 'bookingid' is present
07:03:02.832 [TestNG-PoolService-4] INFO  ApiAssertions - Asserting response time 199ms is below 30000ms
07:03:02.834 [TestNG-PoolService-4] INFO  BookingSteps - Created booking id 894
07:03:02.835 [TestNG-PoolService-4] INFO  RestClient - --> PATCH /booking/{id}
07:03:02.999 [TestNG-PoolService-4] INFO  RestClient - <-- PATCH /booking/{id} responded 200 in 164 ms
07:03:02.999 [TestNG-PoolService-4] INFO  ApiAssertions - Asserting status code is 200
07:03:02.999 [TestNG-PoolService-4] INFO  ApiAssertions - Asserting response time 157ms is below 30000ms
07:03:03.000 [TestNG-PoolService-4] INFO  RestClient - --> GET /booking/{id}
07:03:03.195 [TestNG-PoolService-4] INFO  RestClient - <-- GET /booking/{id} responded 200 in 195 ms
07:03:03.195 [TestNG-PoolService-4] INFO  ApiAssertions - Asserting status code is 200
07:03:03.195 [TestNG-PoolService-4] INFO  ApiAssertions - Asserting content type is JSON
07:03:03.195 [TestNG-PoolService-4] INFO  ApiAssertions - Asserting body is not empty
07:03:03.197 [TestNG-PoolService-4] INFO  Hooks - Cleaning up booking 894
07:03:03.198 [TestNG-PoolService-4] INFO  RestClient - --> DELETE /booking/{id}
07:03:03.388 [TestNG-PoolService-4] INFO  RestClient - <-- DELETE /booking/{id} responded 201 in 190 ms
07:03:03.388 [TestNG-PoolService-4] INFO  Hooks - ### SCENARIO END: Partially update booking name to "Jean-Luc O'Connor" -> PASSED
