07:06:48.751 [TestNG-PoolService-4] INFO  Hooks - ### SCENARIO START: Partially update booking name to "Mohamed AbdElghany"
07:06:48.752 [TestNG-PoolService-4] INFO  Hooks - Obtaining auth token for an @auth scenario
07:06:48.752 [TestNG-PoolService-4] INFO  RestClient - --> POST /auth
07:06:49.034 [TestNG-PoolService-4] INFO  RestClient - <-- POST /auth responded 200 in 281 ms
07:06:49.037 [TestNG-PoolService-4] DEBUG BookingSteps - Payload from generated data: Booking(firstname=Kelly, lastname=Pacocha, totalprice=1108, depositpaid=true, bookingdates=BookingDates(checkin=2026-10-04, checkout=2026-10-06), additionalneeds=Cheeseburger)
07:06:49.037 [TestNG-PoolService-4] INFO  RestClient - --> POST /booking
07:06:49.320 [TestNG-PoolService-4] INFO  RestClient - <-- POST /booking responded 200 in 282 ms
07:06:49.321 [TestNG-PoolService-4] INFO  ApiAssertions - Asserting status code is 200
07:06:49.321 [TestNG-PoolService-4] INFO  ApiAssertions - Asserting content type is JSON
07:06:49.321 [TestNG-PoolService-4] INFO  ApiAssertions - Asserting body is not empty
07:06:49.330 [TestNG-PoolService-4] INFO  ApiAssertions - Asserting field 'bookingid' is present
07:06:49.330 [TestNG-PoolService-4] INFO  ApiAssertions - Asserting response time 276ms is below 30000ms
07:06:49.332 [TestNG-PoolService-4] INFO  BookingSteps - Created booking id 2894
07:06:49.333 [TestNG-PoolService-4] INFO  RestClient - --> PATCH /booking/{id}
07:06:49.619 [TestNG-PoolService-4] INFO  RestClient - <-- PATCH /booking/{id} responded 200 in 286 ms
07:06:49.620 [TestNG-PoolService-4] INFO  ApiAssertions - Asserting status code is 200
07:06:49.620 [TestNG-PoolService-4] INFO  ApiAssertions - Asserting response time 277ms is below 30000ms
07:06:49.621 [TestNG-PoolService-4] INFO  RestClient - --> GET /booking/{id}
07:06:49.910 [TestNG-PoolService-4] INFO  RestClient - <-- GET /booking/{id} responded 200 in 289 ms
07:06:49.910 [TestNG-PoolService-4] INFO  ApiAssertions - Asserting status code is 200
07:06:49.910 [TestNG-PoolService-4] INFO  ApiAssertions - Asserting content type is JSON
07:06:49.911 [TestNG-PoolService-4] INFO  ApiAssertions - Asserting body is not empty
07:06:49.912 [TestNG-PoolService-4] INFO  Hooks - Cleaning up booking 2894
07:06:49.913 [TestNG-PoolService-4] INFO  RestClient - --> DELETE /booking/{id}
07:06:50.200 [TestNG-PoolService-4] INFO  RestClient - <-- DELETE /booking/{id} responded 201 in 287 ms
07:06:50.201 [TestNG-PoolService-4] INFO  Hooks - ### SCENARIO END: Partially update booking name to "Mohamed AbdElghany" -> PASSED
