07:54:38.570 [TestNG-PoolService-2] INFO  Hooks - ### SCENARIO START: Partially update booking name to "Sara Ali"
07:54:38.571 [TestNG-PoolService-2] INFO  Hooks - Obtaining auth token for an @auth scenario
07:54:38.572 [TestNG-PoolService-2] INFO  RestClient - --> POST /auth
07:54:38.615 [TestNG-PoolService-2] INFO  RestClient - <-- POST /auth responded 200 in 43 ms
07:54:38.622 [TestNG-PoolService-2] DEBUG BookingSteps - Payload from generated data: Booking(firstname=Adriana, lastname=Tremblay, totalprice=1008, depositpaid=true, bookingdates=BookingDates(checkin=2026-10-07, checkout=2026-10-20), additionalneeds=Massaman Curry)
07:54:38.627 [TestNG-PoolService-2] INFO  RestClient - --> POST /booking
07:54:38.704 [TestNG-PoolService-2] INFO  RestClient - <-- POST /booking responded 200 in 77 ms
07:54:38.710 [TestNG-PoolService-2] INFO  ApiAssertions - Asserting status code is 200
07:54:38.710 [TestNG-PoolService-2] INFO  ApiAssertions - Asserting content type is JSON
07:54:38.710 [TestNG-PoolService-2] INFO  ApiAssertions - Asserting body is not empty
07:54:38.734 [TestNG-PoolService-2] INFO  ApiAssertions - Asserting field 'bookingid' is present
07:54:38.734 [TestNG-PoolService-2] INFO  ApiAssertions - Asserting response time 43ms is below 30000ms
07:54:38.736 [TestNG-PoolService-2] INFO  BookingSteps - Created booking id 2100
07:54:38.741 [TestNG-PoolService-2] INFO  RestClient - --> PATCH /booking/{id}
07:54:38.793 [TestNG-PoolService-2] INFO  RestClient - <-- PATCH /booking/{id} responded 200 in 52 ms
07:54:38.795 [TestNG-PoolService-2] INFO  ApiAssertions - Asserting status code is 200
07:54:38.795 [TestNG-PoolService-2] INFO  ApiAssertions - Asserting response time 28ms is below 30000ms
07:54:38.796 [TestNG-PoolService-2] INFO  RestClient - --> GET /booking/{id}
07:54:38.855 [TestNG-PoolService-2] INFO  RestClient - <-- GET /booking/{id} responded 200 in 56 ms
07:54:38.856 [TestNG-PoolService-2] INFO  ApiAssertions - Asserting status code is 200
07:54:38.856 [TestNG-PoolService-2] INFO  ApiAssertions - Asserting content type is JSON
07:54:38.856 [TestNG-PoolService-2] INFO  ApiAssertions - Asserting body is not empty
07:54:38.864 [TestNG-PoolService-2] INFO  Hooks - Cleaning up booking 2100
07:54:38.865 [TestNG-PoolService-2] INFO  RestClient - --> DELETE /booking/{id}
07:54:38.932 [TestNG-PoolService-2] INFO  RestClient - <-- DELETE /booking/{id} responded 201 in 67 ms
07:54:38.934 [TestNG-PoolService-2] INFO  Hooks - ### SCENARIO END: Partially update booking name to "Sara Ali" -> PASSED
