03:02:22.828 [TestNG-PoolService-3] INFO  Hooks - ### SCENARIO START: Full booking lifecycle - create, read, update, delete using "booking-no-additional-needs.json"
03:02:22.829 [TestNG-PoolService-3] INFO  Hooks - Obtaining auth token for an @auth scenario
03:02:22.836 [TestNG-PoolService-3] INFO  RestClient - --> POST /auth
03:02:22.975 [TestNG-PoolService-3] INFO  RestClient - <-- POST /auth responded 200 in 139 ms
03:02:23.102 [TestNG-PoolService-3] INFO  JsonDataReader - Loaded test data 'booking-no-additional-needs.json' with dynamic values resolved
03:02:23.127 [TestNG-PoolService-3] DEBUG BookingSteps - Payload from test data file booking-no-additional-needs.json: Booking(firstname=Tyrone, lastname=Fahey, totalprice=74, depositpaid=false, bookingdates=BookingDates(checkin=2026-08-17, checkout=2026-08-19), additionalneeds=null)
03:02:23.129 [TestNG-PoolService-3] INFO  RestClient - --> POST /booking
03:02:23.278 [TestNG-PoolService-3] INFO  RestClient - <-- POST /booking responded 200 in 148 ms
03:02:23.280 [TestNG-PoolService-3] INFO  ApiAssertions - Asserting status code is 200
03:02:23.281 [TestNG-PoolService-3] INFO  ApiAssertions - Asserting content type is JSON
03:02:23.281 [TestNG-PoolService-3] INFO  ApiAssertions - Asserting body is not empty
03:02:23.306 [TestNG-PoolService-3] INFO  ApiAssertions - Asserting field 'bookingid' is present
03:02:23.306 [TestNG-PoolService-3] INFO  ApiAssertions - Asserting response time 119ms is below 30000ms
03:02:23.312 [TestNG-PoolService-3] INFO  BookingSteps - Created booking id 348
03:02:23.318 [TestNG-PoolService-3] INFO  RestClient - --> GET /booking/{id}
03:02:23.484 [TestNG-PoolService-3] INFO  RestClient - <-- GET /booking/{id} responded 200 in 166 ms
03:02:23.485 [TestNG-PoolService-3] INFO  ApiAssertions - Asserting status code is 200
03:02:23.486 [TestNG-PoolService-3] INFO  ApiAssertions - Asserting content type is JSON
03:02:23.486 [TestNG-PoolService-3] INFO  ApiAssertions - Asserting body is not empty
03:02:23.501 [TestNG-PoolService-3] INFO  JsonDataReader - Loaded test data 'booking-long-stay.json' with dynamic values resolved
03:02:23.502 [TestNG-PoolService-3] DEBUG BookingSteps - Payload from test data file booking-long-stay.json: Booking(firstname=Cristobal, lastname=Howe, totalprice=4152, depositpaid=true, bookingdates=BookingDates(checkin=2026-10-15, checkout=2026-12-14), additionalneeds=Airport transfer)
03:02:23.520 [TestNG-PoolService-3] INFO  RestClient - --> PUT /booking/{id}
03:02:23.680 [TestNG-PoolService-3] INFO  RestClient - <-- PUT /booking/{id} responded 200 in 159 ms
03:02:23.680 [TestNG-PoolService-3] INFO  BookingSteps - Updated booking 348 from booking-long-stay.json
03:02:23.681 [TestNG-PoolService-3] INFO  ApiAssertions - Asserting status code is 200
03:02:23.681 [TestNG-PoolService-3] INFO  ApiAssertions - Asserting response time 130ms is below 30000ms
03:02:23.683 [TestNG-PoolService-3] INFO  RestClient - --> GET /booking/{id}
03:02:23.810 [TestNG-PoolService-3] INFO  RestClient - <-- GET /booking/{id} responded 200 in 127 ms
03:02:23.812 [TestNG-PoolService-3] INFO  ApiAssertions - Asserting status code is 200
03:02:23.812 [TestNG-PoolService-3] INFO  ApiAssertions - Asserting content type is JSON
03:02:23.812 [TestNG-PoolService-3] INFO  ApiAssertions - Asserting body is not empty
03:02:23.817 [TestNG-PoolService-3] INFO  RestClient - --> DELETE /booking/{id}
03:02:23.941 [TestNG-PoolService-3] INFO  RestClient - <-- DELETE /booking/{id} responded 201 in 124 ms
03:02:23.942 [TestNG-PoolService-3] INFO  ApiAssertions - Asserting status code is 201
03:02:23.942 [TestNG-PoolService-3] INFO  ApiAssertions - Asserting response time 112ms is below 30000ms
03:02:23.946 [TestNG-PoolService-3] INFO  RestClient - --> GET /booking/{id}
03:02:24.109 [TestNG-PoolService-3] INFO  RestClient - <-- GET /booking/{id} responded 404 in 163 ms
03:02:24.109 [TestNG-PoolService-3] INFO  ApiAssertions - Asserting status code is 404
03:02:24.109 [TestNG-PoolService-3] INFO  BookingSteps - Confirmed booking 348 is gone
03:02:24.110 [TestNG-PoolService-3] INFO  Hooks - ### SCENARIO END: Full booking lifecycle - create, read, update, delete using "booking-no-additional-needs.json" -> PASSED
