02:59:00.515 [TestNG-PoolService-1] INFO  Hooks - ### SCENARIO START: Full booking lifecycle - create, read, update, delete using "create-booking.json"
02:59:00.516 [TestNG-PoolService-1] INFO  Hooks - Obtaining auth token for an @auth scenario
02:59:00.518 [TestNG-PoolService-1] INFO  RestClient - --> POST /auth
02:59:00.594 [TestNG-PoolService-1] INFO  RestClient - <-- POST /auth responded 200 in 76 ms
02:59:00.820 [TestNG-PoolService-1] INFO  JsonDataReader - Loaded test data 'create-booking.json' with dynamic values resolved
02:59:00.829 [TestNG-PoolService-1] DEBUG BookingSteps - Payload from test data file create-booking.json: Booking(firstname=Johnathan, lastname=Boyle, totalprice=528, depositpaid=false, bookingdates=BookingDates(checkin=2026-08-27, checkout=2026-09-03), additionalneeds=Cauliflower Penne)
02:59:00.831 [TestNG-PoolService-1] INFO  RestClient - --> POST /booking
02:59:00.896 [TestNG-PoolService-1] INFO  RestClient - <-- POST /booking responded 200 in 65 ms
02:59:00.897 [TestNG-PoolService-1] INFO  ApiAssertions - Asserting status code is 200
02:59:00.897 [TestNG-PoolService-1] INFO  ApiAssertions - Asserting content type is JSON
02:59:00.897 [TestNG-PoolService-1] INFO  ApiAssertions - Asserting body is not empty
02:59:00.916 [TestNG-PoolService-1] INFO  ApiAssertions - Asserting field 'bookingid' is present
02:59:00.916 [TestNG-PoolService-1] INFO  ApiAssertions - Asserting response time 36ms is below 30000ms
02:59:00.921 [TestNG-PoolService-1] INFO  BookingSteps - Created booking id 6764
02:59:00.926 [TestNG-PoolService-1] INFO  RestClient - --> GET /booking/{id}
02:59:01.018 [TestNG-PoolService-1] INFO  RestClient - <-- GET /booking/{id} responded 200 in 92 ms
02:59:01.022 [TestNG-PoolService-1] INFO  ApiAssertions - Asserting status code is 200
02:59:01.023 [TestNG-PoolService-1] INFO  ApiAssertions - Asserting content type is JSON
02:59:01.023 [TestNG-PoolService-1] INFO  ApiAssertions - Asserting body is not empty
02:59:01.029 [TestNG-PoolService-1] INFO  JsonDataReader - Loaded test data 'update-booking.json' with dynamic values resolved
02:59:01.030 [TestNG-PoolService-1] DEBUG BookingSteps - Payload from test data file update-booking.json: Booking(firstname=Roma, lastname=Koch, totalprice=4544, depositpaid=true, bookingdates=BookingDates(checkin=2026-09-19, checkout=2026-10-04), additionalneeds=Late checkout)
02:59:01.044 [TestNG-PoolService-1] INFO  RestClient - --> PUT /booking/{id}
02:59:01.110 [TestNG-PoolService-1] INFO  RestClient - <-- PUT /booking/{id} responded 200 in 65 ms
02:59:01.110 [TestNG-PoolService-1] INFO  BookingSteps - Updated booking 6764 from update-booking.json
02:59:01.111 [TestNG-PoolService-1] INFO  ApiAssertions - Asserting status code is 200
02:59:01.111 [TestNG-PoolService-1] INFO  ApiAssertions - Asserting response time 44ms is below 30000ms
02:59:01.116 [TestNG-PoolService-1] INFO  RestClient - --> GET /booking/{id}
02:59:01.169 [TestNG-PoolService-1] INFO  RestClient - <-- GET /booking/{id} responded 200 in 53 ms
02:59:01.170 [TestNG-PoolService-1] INFO  ApiAssertions - Asserting status code is 200
02:59:01.170 [TestNG-PoolService-1] INFO  ApiAssertions - Asserting content type is JSON
02:59:01.170 [TestNG-PoolService-1] INFO  ApiAssertions - Asserting body is not empty
02:59:01.176 [TestNG-PoolService-1] INFO  RestClient - --> DELETE /booking/{id}
02:59:01.229 [TestNG-PoolService-1] INFO  RestClient - <-- DELETE /booking/{id} responded 201 in 53 ms
02:59:01.230 [TestNG-PoolService-1] INFO  ApiAssertions - Asserting status code is 201
02:59:01.230 [TestNG-PoolService-1] INFO  ApiAssertions - Asserting response time 34ms is below 30000ms
02:59:01.235 [TestNG-PoolService-1] INFO  RestClient - --> GET /booking/{id}
02:59:01.310 [TestNG-PoolService-1] INFO  RestClient - <-- GET /booking/{id} responded 404 in 75 ms
02:59:01.310 [TestNG-PoolService-1] INFO  ApiAssertions - Asserting status code is 404
02:59:01.311 [TestNG-PoolService-1] INFO  BookingSteps - Confirmed booking 6764 is gone
02:59:01.312 [TestNG-PoolService-1] INFO  Hooks - ### SCENARIO END: Full booking lifecycle - create, read, update, delete using "create-booking.json" -> PASSED
