07:54:38.543 [TestNG-PoolService-1] INFO  Hooks - ### SCENARIO START: Partially update booking name to "Mohamed AbdElghany"
07:54:38.544 [TestNG-PoolService-1] INFO  Hooks - Obtaining auth token for an @auth scenario
07:54:38.549 [TestNG-PoolService-1] INFO  RestClient - --> POST /auth
07:54:38.609 [TestNG-PoolService-1] INFO  RestClient - <-- POST /auth responded 200 in 60 ms
07:54:38.612 [TestNG-PoolService-1] DEBUG BookingSteps - Payload from generated data: Booking(firstname=Haydee, lastname=Rowe, totalprice=1807, depositpaid=false, bookingdates=BookingDates(checkin=2026-10-14, checkout=2026-10-22), additionalneeds=Kebab)
07:54:38.615 [TestNG-PoolService-1] INFO  RestClient - --> POST /booking
07:54:38.689 [TestNG-PoolService-1] INFO  RestClient - <-- POST /booking responded 200 in 74 ms
07:54:38.690 [TestNG-PoolService-1] INFO  ApiAssertions - Asserting status code is 200
07:54:38.690 [TestNG-PoolService-1] INFO  ApiAssertions - Asserting content type is JSON
07:54:38.690 [TestNG-PoolService-1] INFO  ApiAssertions - Asserting body is not empty
07:54:38.722 [TestNG-PoolService-1] INFO  ApiAssertions - Asserting field 'bookingid' is present
07:54:38.722 [TestNG-PoolService-1] INFO  ApiAssertions - Asserting response time 47ms is below 30000ms
07:54:38.728 [TestNG-PoolService-1] INFO  BookingSteps - Created booking id 2099
07:54:38.733 [TestNG-PoolService-1] INFO  RestClient - --> PATCH /booking/{id}
07:54:38.793 [TestNG-PoolService-1] INFO  RestClient - <-- PATCH /booking/{id} responded 200 in 60 ms
07:54:38.800 [TestNG-PoolService-1] INFO  ApiAssertions - Asserting status code is 200
07:54:38.800 [TestNG-PoolService-1] INFO  ApiAssertions - Asserting response time 37ms is below 30000ms
07:54:38.801 [TestNG-PoolService-1] INFO  RestClient - --> GET /booking/{id}
07:54:38.859 [TestNG-PoolService-1] INFO  RestClient - <-- GET /booking/{id} responded 200 in 58 ms
07:54:38.859 [TestNG-PoolService-1] INFO  ApiAssertions - Asserting status code is 200
07:54:38.859 [TestNG-PoolService-1] INFO  ApiAssertions - Asserting content type is JSON
07:54:38.864 [TestNG-PoolService-1] INFO  ApiAssertions - Asserting body is not empty
07:54:38.873 [TestNG-PoolService-1] INFO  Hooks - Cleaning up booking 2099
07:54:38.874 [TestNG-PoolService-1] INFO  RestClient - --> DELETE /booking/{id}
07:54:38.934 [TestNG-PoolService-1] INFO  RestClient - <-- DELETE /booking/{id} responded 201 in 60 ms
07:54:38.940 [TestNG-PoolService-1] INFO  Hooks - ### SCENARIO END: Partially update booking name to "Mohamed AbdElghany" -> PASSED
