07:06:06.365 [TestNG-PoolService-1] INFO  Hooks - ### SCENARIO START: Partially update booking name to "Mohamed AbdElghany"
07:06:06.369 [TestNG-PoolService-1] INFO  Hooks - Obtaining auth token for an @auth scenario
07:06:06.370 [TestNG-PoolService-1] INFO  RestClient - --> POST /auth
07:06:06.475 [TestNG-PoolService-1] INFO  RestClient - <-- POST /auth responded 200 in 104 ms
07:06:06.477 [TestNG-PoolService-1] DEBUG BookingSteps - Payload from generated data: Booking(firstname=Bennett, lastname=Hartmann, totalprice=419, depositpaid=false, bookingdates=BookingDates(checkin=2026-09-21, checkout=2026-09-27), additionalneeds=Cheeseburger)
07:06:06.478 [TestNG-PoolService-1] INFO  RestClient - --> POST /booking
07:06:06.603 [TestNG-PoolService-1] INFO  RestClient - <-- POST /booking responded 200 in 125 ms
07:06:06.603 [TestNG-PoolService-1] INFO  ApiAssertions - Asserting status code is 200
07:06:06.603 [TestNG-PoolService-1] INFO  ApiAssertions - Asserting content type is JSON
07:06:06.604 [TestNG-PoolService-1] INFO  ApiAssertions - Asserting body is not empty
07:06:06.612 [TestNG-PoolService-1] INFO  ApiAssertions - Asserting field 'bookingid' is present
07:06:06.612 [TestNG-PoolService-1] INFO  ApiAssertions - Asserting response time 118ms is below 30000ms
07:06:06.615 [TestNG-PoolService-1] INFO  BookingSteps - Created booking id 2629
07:06:06.616 [TestNG-PoolService-1] INFO  RestClient - --> PATCH /booking/{id}
07:06:06.747 [TestNG-PoolService-1] INFO  RestClient - <-- PATCH /booking/{id} responded 200 in 131 ms
07:06:06.748 [TestNG-PoolService-1] INFO  ApiAssertions - Asserting status code is 200
07:06:06.748 [TestNG-PoolService-1] INFO  ApiAssertions - Asserting response time 124ms is below 30000ms
07:06:06.749 [TestNG-PoolService-1] INFO  RestClient - --> GET /booking/{id}
07:06:06.854 [TestNG-PoolService-1] INFO  RestClient - <-- GET /booking/{id} responded 200 in 105 ms
07:06:06.855 [TestNG-PoolService-1] INFO  ApiAssertions - Asserting status code is 200
07:06:06.855 [TestNG-PoolService-1] INFO  ApiAssertions - Asserting content type is JSON
07:06:06.855 [TestNG-PoolService-1] INFO  ApiAssertions - Asserting body is not empty
07:06:06.856 [TestNG-PoolService-1] INFO  Hooks - Cleaning up booking 2629
07:06:06.857 [TestNG-PoolService-1] INFO  RestClient - --> DELETE /booking/{id}
07:06:06.974 [TestNG-PoolService-1] INFO  RestClient - <-- DELETE /booking/{id} responded 201 in 117 ms
07:06:06.975 [TestNG-PoolService-1] INFO  Hooks - ### SCENARIO END: Partially update booking name to "Mohamed AbdElghany" -> PASSED
