13:57:17.783 [TestNG-PoolService-3] INFO  Hooks - ### SCENARIO START: Partially update booking name to "Sara Ali"
13:57:17.783 [TestNG-PoolService-3] INFO  Hooks - Obtaining auth token for an @auth scenario
13:57:17.785 [TestNG-PoolService-3] INFO  RestClient - --> POST /auth
13:57:18.141 [TestNG-PoolService-3] INFO  RestClient - <-- POST /auth responded 200 in 356 ms
13:57:18.144 [TestNG-PoolService-3] DEBUG BookingSteps - Payload from generated data: Booking(firstname=Pearlene, lastname=Shields, totalprice=884, depositpaid=true, bookingdates=BookingDates(checkin=2026-09-15, checkout=2026-09-27), additionalneeds=Mushroom Risotto)
13:57:18.145 [TestNG-PoolService-3] INFO  RestClient - --> POST /booking
13:57:18.496 [TestNG-PoolService-3] INFO  RestClient - <-- POST /booking responded 200 in 351 ms
13:57:18.496 [TestNG-PoolService-3] INFO  ApiAssertions - Asserting status code is 200
13:57:18.496 [TestNG-PoolService-3] INFO  ApiAssertions - Asserting content type is JSON
13:57:18.497 [TestNG-PoolService-3] INFO  ApiAssertions - Asserting body is not empty
13:57:18.507 [TestNG-PoolService-3] INFO  ApiAssertions - Asserting field 'bookingid' is present
13:57:18.507 [TestNG-PoolService-3] INFO  ApiAssertions - Asserting response time 341ms is below 30000ms
13:57:18.510 [TestNG-PoolService-3] INFO  BookingSteps - Created booking id 3690
13:57:18.511 [TestNG-PoolService-3] INFO  RestClient - --> PATCH /booking/{id}
13:57:18.871 [TestNG-PoolService-3] INFO  RestClient - <-- PATCH /booking/{id} responded 200 in 360 ms
13:57:18.872 [TestNG-PoolService-3] INFO  ApiAssertions - Asserting status code is 200
13:57:18.872 [TestNG-PoolService-3] INFO  ApiAssertions - Asserting response time 350ms is below 30000ms
13:57:18.874 [TestNG-PoolService-3] INFO  RestClient - --> GET /booking/{id}
13:57:19.241 [TestNG-PoolService-3] INFO  RestClient - <-- GET /booking/{id} responded 200 in 366 ms
13:57:19.241 [TestNG-PoolService-3] INFO  ApiAssertions - Asserting status code is 200
13:57:19.241 [TestNG-PoolService-3] INFO  ApiAssertions - Asserting content type is JSON
13:57:19.241 [TestNG-PoolService-3] INFO  ApiAssertions - Asserting body is not empty
13:57:19.246 [TestNG-PoolService-3] INFO  Hooks - Cleaning up booking 3690
13:57:19.247 [TestNG-PoolService-3] INFO  RestClient - --> DELETE /booking/{id}
13:57:19.594 [TestNG-PoolService-3] INFO  RestClient - <-- DELETE /booking/{id} responded 201 in 347 ms
13:57:19.595 [TestNG-PoolService-3] INFO  Hooks - ### SCENARIO END: Partially update booking name to "Sara Ali" -> PASSED
