08:02:33.809 [TestNG-PoolService-2] INFO  Hooks - ### SCENARIO START: Partially update booking name to "Mohamed AbdElghany"
08:02:33.810 [TestNG-PoolService-2] INFO  Hooks - Obtaining auth token for an @auth scenario
08:02:33.811 [TestNG-PoolService-2] INFO  RestClient - --> POST /auth
08:02:34.168 [TestNG-PoolService-2] INFO  RestClient - <-- POST /auth responded 200 in 357 ms
08:02:34.171 [TestNG-PoolService-2] DEBUG BookingSteps - Payload from generated data: Booking(firstname=Lucien, lastname=Abshire, totalprice=324, depositpaid=false, bookingdates=BookingDates(checkin=2026-10-19, checkout=2026-11-01), additionalneeds=Stinky Tofu)
08:02:34.172 [TestNG-PoolService-2] INFO  RestClient - --> POST /booking
08:02:34.531 [TestNG-PoolService-2] INFO  RestClient - <-- POST /booking responded 200 in 359 ms
08:02:34.532 [TestNG-PoolService-2] INFO  ApiAssertions - Asserting status code is 200
08:02:34.534 [TestNG-PoolService-2] INFO  ApiAssertions - Asserting content type is JSON
08:02:34.534 [TestNG-PoolService-2] INFO  ApiAssertions - Asserting body is not empty
08:02:34.549 [TestNG-PoolService-2] INFO  ApiAssertions - Asserting field 'bookingid' is present
08:02:34.549 [TestNG-PoolService-2] INFO  ApiAssertions - Asserting response time 347ms is below 30000ms
08:02:34.553 [TestNG-PoolService-2] INFO  BookingSteps - Created booking id 622
08:02:34.557 [TestNG-PoolService-2] INFO  RestClient - --> PATCH /booking/{id}
08:02:34.917 [TestNG-PoolService-2] INFO  RestClient - <-- PATCH /booking/{id} responded 200 in 360 ms
08:02:34.918 [TestNG-PoolService-2] INFO  ApiAssertions - Asserting status code is 200
08:02:34.918 [TestNG-PoolService-2] INFO  ApiAssertions - Asserting response time 351ms is below 30000ms
08:02:34.919 [TestNG-PoolService-2] INFO  RestClient - --> GET /booking/{id}
08:02:35.274 [TestNG-PoolService-2] INFO  RestClient - <-- GET /booking/{id} responded 200 in 355 ms
08:02:35.274 [TestNG-PoolService-2] INFO  ApiAssertions - Asserting status code is 200
08:02:35.274 [TestNG-PoolService-2] INFO  ApiAssertions - Asserting content type is JSON
08:02:35.275 [TestNG-PoolService-2] INFO  ApiAssertions - Asserting body is not empty
08:02:35.277 [TestNG-PoolService-2] INFO  Hooks - Cleaning up booking 622
08:02:35.278 [TestNG-PoolService-2] INFO  RestClient - --> DELETE /booking/{id}
08:02:35.626 [TestNG-PoolService-2] INFO  RestClient - <-- DELETE /booking/{id} responded 201 in 348 ms
08:02:35.626 [TestNG-PoolService-2] INFO  Hooks - ### SCENARIO END: Partially update booking name to "Mohamed AbdElghany" -> PASSED
